1762266=IfcBeam.dat
1794501=IfcBeam.dat
1814883=IfcBeam.dat
1815160=IfcBeam.dat
1815419=IfcBeam.dat
1815615=IfcBeam.dat
1822666=IfcBeam.dat
1823058=IfcBeam.dat
1823429=IfcBeam.dat
1823919=IfcBeam.dat
1824325=IfcBeam.dat
1829407=IfcBeam.dat
1829667=IfcBeam.dat
1829925=IfcBeam.dat
1831421=IfcBeam.dat
1832066=IfcBeam.dat
1832219=IfcBeam.dat
1832448=IfcBeam.dat
1832934=IfcBeam.dat
1833211=IfcBeam.dat
2408077=IfcBeam.dat
2408548=IfcBeam.dat
2408929=IfcBeam.dat
2409204=IfcBeam.dat
2409478=IfcBeam.dat
101650=IfcSlab.dat
1934711=IfcSlab.dat
1939769=IfcSlab.dat
2090909=IfcSlab.dat
2339406=IfcSlab.dat
2716395=IfcSlab.dat
36391=IfcSlab.dat
60905=IfcSlab.dat
949936=IfcSlab.dat
950072=IfcSlab.dat
950208=IfcSlab.dat
950886=IfcSlab.dat
950979=IfcSlab.dat
951371=IfcSlab.dat
951438=IfcSlab.dat
951514=IfcSlab.dat
5170=IfcWall.dat
951242=IfcWall.dat
10789=IfcWallStandardCase.dat
108705=IfcWallStandardCase.dat
108942=IfcWallStandardCase.dat
10916=IfcWallStandardCase.dat
11233=IfcWallStandardCase.dat
12124=IfcWallStandardCase.dat
12189=IfcWallStandardCase.dat
12330=IfcWallStandardCase.dat
14195=IfcWallStandardCase.dat
1482262=IfcWallStandardCase.dat
1482328=IfcWallStandardCase.dat
1482393=IfcWallStandardCase.dat
1482479=IfcWallStandardCase.dat
1482569=IfcWallStandardCase.dat
1482655=IfcWallStandardCase.dat
1482745=IfcWallStandardCase.dat
1482865=IfcWallStandardCase.dat
1482930=IfcWallStandardCase.dat
14845=IfcWallStandardCase.dat
1562019=IfcWallStandardCase.dat
1703634=IfcWallStandardCase.dat
1704221=IfcWallStandardCase.dat
1745498=IfcWallStandardCase.dat
1845112=IfcWallStandardCase.dat
1845672=IfcWallStandardCase.dat
1845775=IfcWallStandardCase.dat
1845841=IfcWallStandardCase.dat
1845949=IfcWallStandardCase.dat
1846057=IfcWallStandardCase.dat
1846123=IfcWallStandardCase.dat
1846189=IfcWallStandardCase.dat
1846255=IfcWallStandardCase.dat
1846321=IfcWallStandardCase.dat
1846387=IfcWallStandardCase.dat
1846453=IfcWallStandardCase.dat
18546=IfcWallStandardCase.dat
1914819=IfcWallStandardCase.dat
1932943=IfcWallStandardCase.dat
1933300=IfcWallStandardCase.dat
1933993=IfcWallStandardCase.dat
1938234=IfcWallStandardCase.dat
1938334=IfcWallStandardCase.dat
1938405=IfcWallStandardCase.dat
1938478=IfcWallStandardCase.dat
1938578=IfcWallStandardCase.dat
1938683=IfcWallStandardCase.dat
1938817=IfcWallStandardCase.dat
1938917=IfcWallStandardCase.dat
1938988=IfcWallStandardCase.dat
1939088=IfcWallStandardCase.dat
1939159=IfcWallStandardCase.dat
1939259=IfcWallStandardCase.dat
1939338=IfcWallStandardCase.dat
1939466=IfcWallStandardCase.dat
1939537=IfcWallStandardCase.dat
1939637=IfcWallStandardCase.dat
2293641=IfcWallStandardCase.dat
2293767=IfcWallStandardCase.dat
2383137=IfcWallStandardCase.dat
2622644=IfcWallStandardCase.dat
2722786=IfcWallStandardCase.dat
821932=IfcWallStandardCase.dat
821997=IfcWallStandardCase.dat
822062=IfcWallStandardCase.dat
822127=IfcWallStandardCase.dat
822297=IfcWallStandardCase.dat
822362=IfcWallStandardCase.dat
822427=IfcWallStandardCase.dat
822492=IfcWallStandardCase.dat
822557=IfcWallStandardCase.dat
822623=IfcWallStandardCase.dat
822689=IfcWallStandardCase.dat
88664=IfcWallStandardCase.dat
88837=IfcWallStandardCase.dat
951045=IfcWallStandardCase.dat
951617=IfcWallStandardCase.dat
951911=IfcWallStandardCase.dat
952414=IfcWallStandardCase.dat
952479=IfcWallStandardCase.dat
952544=IfcWallStandardCase.dat
952609=IfcWallStandardCase.dat
952674=IfcWallStandardCase.dat
