1569401=IfcBuildingElementProxy.dat
1574774=IfcBuildingElementProxy.dat
1581006=IfcBuildingElementProxy.dat
1581052=IfcBuildingElementProxy.dat
1581098=IfcBuildingElementProxy.dat
1581144=IfcBuildingElementProxy.dat
1581190=IfcBuildingElementProxy.dat
1581236=IfcBuildingElementProxy.dat
1581282=IfcBuildingElementProxy.dat
1581328=IfcBuildingElementProxy.dat
1581374=IfcBuildingElementProxy.dat
1581420=IfcBuildingElementProxy.dat
1581466=IfcBuildingElementProxy.dat
1581512=IfcBuildingElementProxy.dat
1581558=IfcBuildingElementProxy.dat
1581604=IfcBuildingElementProxy.dat
1581650=IfcBuildingElementProxy.dat
1581696=IfcBuildingElementProxy.dat
1581742=IfcBuildingElementProxy.dat
1581788=IfcBuildingElementProxy.dat
1582293=IfcBuildingElementProxy.dat
1582651=IfcBuildingElementProxy.dat
1582708=IfcBuildingElementProxy.dat
1582765=IfcBuildingElementProxy.dat
1582822=IfcBuildingElementProxy.dat
1582879=IfcBuildingElementProxy.dat
1582936=IfcBuildingElementProxy.dat
2171547=IfcBuildingElementProxy.dat
2186293=IfcBuildingElementProxy.dat
2241209=IfcBuildingElementProxy.dat
2241255=IfcBuildingElementProxy.dat
2241301=IfcBuildingElementProxy.dat
2291541=IfcBuildingElementProxy.dat
2291713=IfcBuildingElementProxy.dat
2339203=IfcBuildingElementProxy.dat
2342962=IfcBuildingElementProxy.dat
2343016=IfcBuildingElementProxy.dat
2343070=IfcBuildingElementProxy.dat
2343124=IfcBuildingElementProxy.dat
2343178=IfcBuildingElementProxy.dat
2343232=IfcBuildingElementProxy.dat
2344139=IfcBuildingElementProxy.dat
2344193=IfcBuildingElementProxy.dat
2344244=IfcBuildingElementProxy.dat
2344295=IfcBuildingElementProxy.dat
2345202=IfcBuildingElementProxy.dat
2345256=IfcBuildingElementProxy.dat
2345310=IfcBuildingElementProxy.dat
2345364=IfcBuildingElementProxy.dat
2345418=IfcBuildingElementProxy.dat
2345472=IfcBuildingElementProxy.dat
2345526=IfcBuildingElementProxy.dat
2345580=IfcBuildingElementProxy.dat
2345631=IfcBuildingElementProxy.dat
2345682=IfcBuildingElementProxy.dat
2345733=IfcBuildingElementProxy.dat
2345784=IfcBuildingElementProxy.dat
2345838=IfcBuildingElementProxy.dat
2345892=IfcBuildingElementProxy.dat
2345946=IfcBuildingElementProxy.dat
2346000=IfcBuildingElementProxy.dat
2346054=IfcBuildingElementProxy.dat
2346961=IfcBuildingElementProxy.dat
2347015=IfcBuildingElementProxy.dat
2347069=IfcBuildingElementProxy.dat
2347123=IfcBuildingElementProxy.dat
2347177=IfcBuildingElementProxy.dat
2347231=IfcBuildingElementProxy.dat
2347285=IfcBuildingElementProxy.dat
2348192=IfcBuildingElementProxy.dat
2349099=IfcBuildingElementProxy.dat
2350006=IfcBuildingElementProxy.dat
2350913=IfcBuildingElementProxy.dat
2352781=IfcBuildingElementProxy.dat
2352835=IfcBuildingElementProxy.dat
2352889=IfcBuildingElementProxy.dat
2353796=IfcBuildingElementProxy.dat
2353850=IfcBuildingElementProxy.dat
2353904=IfcBuildingElementProxy.dat
2353958=IfcBuildingElementProxy.dat
2354012=IfcBuildingElementProxy.dat
2354066=IfcBuildingElementProxy.dat
2354973=IfcBuildingElementProxy.dat
2355880=IfcBuildingElementProxy.dat
419026=IfcBuildingElementProxy.dat
419118=IfcBuildingElementProxy.dat
419180=IfcBuildingElementProxy.dat
419242=IfcBuildingElementProxy.dat
589923=IfcBuildingElementProxy.dat
590015=IfcBuildingElementProxy.dat
939570=IfcBuildingElementProxy.dat
939665=IfcBuildingElementProxy.dat
1086=IfcColumn.dat
1245=IfcColumn.dat
1329=IfcColumn.dat
1835678=IfcColumn.dat
1835784=IfcColumn.dat
1835868=IfcColumn.dat
1836883=IfcColumn.dat
1836993=IfcColumn.dat
1837098=IfcColumn.dat
1837182=IfcColumn.dat
1837930=IfcColumn.dat
1838540=IfcColumn.dat
1838644=IfcColumn.dat
1838727=IfcColumn.dat
2056=IfcColumn.dat
2296895=IfcColumn.dat
2297160=IfcColumn.dat
2297314=IfcColumn.dat
2297391=IfcColumn.dat
2297468=IfcColumn.dat
2297756=IfcColumn.dat
2297833=IfcColumn.dat
2298161=IfcColumn.dat
2298238=IfcColumn.dat
2298414=IfcColumn.dat
2298575=IfcColumn.dat
23553=IfcColumn.dat
26792=IfcColumn.dat
26870=IfcColumn.dat
27091=IfcColumn.dat
27302=IfcColumn.dat
27627=IfcColumn.dat
27705=IfcColumn.dat
27783=IfcColumn.dat
28106=IfcColumn.dat
28184=IfcColumn.dat
28407=IfcColumn.dat
28724=IfcColumn.dat
28945=IfcColumn.dat
29176=IfcColumn.dat
29254=IfcColumn.dat
29475=IfcColumn.dat
29745=IfcColumn.dat
30030=IfcColumn.dat
30314=IfcColumn.dat
30592=IfcColumn.dat
30893=IfcColumn.dat
31197=IfcColumn.dat
896=IfcColumn.dat
1002872=IfcDoor.dat
1002961=IfcDoor.dat
1041875=IfcDoor.dat
1064279=IfcDoor.dat
1482799=IfcDoor.dat
1482984=IfcDoor.dat
1483040=IfcDoor.dat
1483096=IfcDoor.dat
1483152=IfcDoor.dat
1483209=IfcDoor.dat
1847214=IfcDoor.dat
1847316=IfcDoor.dat
1847372=IfcDoor.dat
1847707=IfcDoor.dat
1847764=IfcDoor.dat
1847820=IfcDoor.dat
1938060=IfcDoor.dat
1943079=IfcDoor.dat
1004790=IfcFlowFitting.dat
1004891=IfcFlowFitting.dat
1005031=IfcFlowFitting.dat
1005171=IfcFlowFitting.dat
1011626=IfcFlowFitting.dat
1012860=IfcFlowFitting.dat
1012973=IfcFlowFitting.dat
101400=IfcFlowFitting.dat
1016394=IfcFlowFitting.dat
1019373=IfcFlowFitting.dat
1020571=IfcFlowFitting.dat
1023306=IfcFlowFitting.dat
104023=IfcFlowFitting.dat
106045=IfcFlowFitting.dat
1068129=IfcFlowFitting.dat
1068267=IfcFlowFitting.dat
1072545=IfcFlowFitting.dat
1072657=IfcFlowFitting.dat
1072795=IfcFlowFitting.dat
111298=IfcFlowFitting.dat
1161883=IfcFlowFitting.dat
119934=IfcFlowFitting.dat
120015=IfcFlowFitting.dat
1205940=IfcFlowFitting.dat
1209917=IfcFlowFitting.dat
1210104=IfcFlowFitting.dat
1214419=IfcFlowFitting.dat
122116=IfcFlowFitting.dat
1255991=IfcFlowFitting.dat
1256171=IfcFlowFitting.dat
1258803=IfcFlowFitting.dat
1258887=IfcFlowFitting.dat
137460=IfcFlowFitting.dat
14249=IfcFlowFitting.dat
1447385=IfcFlowFitting.dat
1447499=IfcFlowFitting.dat
1447639=IfcFlowFitting.dat
1448199=IfcFlowFitting.dat
1448313=IfcFlowFitting.dat
1448453=IfcFlowFitting.dat
1448593=IfcFlowFitting.dat
1448733=IfcFlowFitting.dat
1448873=IfcFlowFitting.dat
1449013=IfcFlowFitting.dat
1449127=IfcFlowFitting.dat
1449267=IfcFlowFitting.dat
1449407=IfcFlowFitting.dat
1449547=IfcFlowFitting.dat
1449687=IfcFlowFitting.dat
1449827=IfcFlowFitting.dat
1449941=IfcFlowFitting.dat
1450081=IfcFlowFitting.dat
1450221=IfcFlowFitting.dat
1450361=IfcFlowFitting.dat
1450501=IfcFlowFitting.dat
1450641=IfcFlowFitting.dat
1450755=IfcFlowFitting.dat
1450895=IfcFlowFitting.dat
1451035=IfcFlowFitting.dat
1451175=IfcFlowFitting.dat
1451315=IfcFlowFitting.dat
1451455=IfcFlowFitting.dat
1451569=IfcFlowFitting.dat
1451709=IfcFlowFitting.dat
1451849=IfcFlowFitting.dat
1451989=IfcFlowFitting.dat
1452129=IfcFlowFitting.dat
1452269=IfcFlowFitting.dat
1452383=IfcFlowFitting.dat
1452523=IfcFlowFitting.dat
1452663=IfcFlowFitting.dat
1452803=IfcFlowFitting.dat
1452943=IfcFlowFitting.dat
1453083=IfcFlowFitting.dat
1453197=IfcFlowFitting.dat
1453337=IfcFlowFitting.dat
1453477=IfcFlowFitting.dat
1453617=IfcFlowFitting.dat
1453757=IfcFlowFitting.dat
1453897=IfcFlowFitting.dat
1454011=IfcFlowFitting.dat
1454151=IfcFlowFitting.dat
1454291=IfcFlowFitting.dat
1454431=IfcFlowFitting.dat
1454571=IfcFlowFitting.dat
1454711=IfcFlowFitting.dat
1454825=IfcFlowFitting.dat
1454965=IfcFlowFitting.dat
1455105=IfcFlowFitting.dat
1455245=IfcFlowFitting.dat
1455385=IfcFlowFitting.dat
1455525=IfcFlowFitting.dat
1455639=IfcFlowFitting.dat
1455779=IfcFlowFitting.dat
1455919=IfcFlowFitting.dat
1456059=IfcFlowFitting.dat
1456199=IfcFlowFitting.dat
1456339=IfcFlowFitting.dat
1456453=IfcFlowFitting.dat
1456593=IfcFlowFitting.dat
1456733=IfcFlowFitting.dat
1456873=IfcFlowFitting.dat
1457013=IfcFlowFitting.dat
1457153=IfcFlowFitting.dat
1457267=IfcFlowFitting.dat
1457407=IfcFlowFitting.dat
1457547=IfcFlowFitting.dat
1457687=IfcFlowFitting.dat
1457827=IfcFlowFitting.dat
1470431=IfcFlowFitting.dat
1470545=IfcFlowFitting.dat
1470685=IfcFlowFitting.dat
1470825=IfcFlowFitting.dat
1470965=IfcFlowFitting.dat
1471105=IfcFlowFitting.dat
1471245=IfcFlowFitting.dat
1471359=IfcFlowFitting.dat
1471499=IfcFlowFitting.dat
1471639=IfcFlowFitting.dat
1471779=IfcFlowFitting.dat
1471919=IfcFlowFitting.dat
1472059=IfcFlowFitting.dat
1472173=IfcFlowFitting.dat
1472313=IfcFlowFitting.dat
1472453=IfcFlowFitting.dat
1472593=IfcFlowFitting.dat
1472733=IfcFlowFitting.dat
1472873=IfcFlowFitting.dat
1472987=IfcFlowFitting.dat
1473127=IfcFlowFitting.dat
1473267=IfcFlowFitting.dat
1473407=IfcFlowFitting.dat
1473547=IfcFlowFitting.dat
1473687=IfcFlowFitting.dat
1473801=IfcFlowFitting.dat
1473941=IfcFlowFitting.dat
1474081=IfcFlowFitting.dat
1474221=IfcFlowFitting.dat
1474361=IfcFlowFitting.dat
1474501=IfcFlowFitting.dat
1474615=IfcFlowFitting.dat
1474755=IfcFlowFitting.dat
1474895=IfcFlowFitting.dat
1475035=IfcFlowFitting.dat
1475175=IfcFlowFitting.dat
1475315=IfcFlowFitting.dat
1475429=IfcFlowFitting.dat
1475569=IfcFlowFitting.dat
1475709=IfcFlowFitting.dat
1475849=IfcFlowFitting.dat
1475989=IfcFlowFitting.dat
1476129=IfcFlowFitting.dat
1476243=IfcFlowFitting.dat
1476383=IfcFlowFitting.dat
1476523=IfcFlowFitting.dat
1476663=IfcFlowFitting.dat
1476803=IfcFlowFitting.dat
1476943=IfcFlowFitting.dat
1477057=IfcFlowFitting.dat
1477197=IfcFlowFitting.dat
1477337=IfcFlowFitting.dat
1477477=IfcFlowFitting.dat
1477617=IfcFlowFitting.dat
1477757=IfcFlowFitting.dat
1477871=IfcFlowFitting.dat
1478011=IfcFlowFitting.dat
1478151=IfcFlowFitting.dat
1478291=IfcFlowFitting.dat
1478431=IfcFlowFitting.dat
1478571=IfcFlowFitting.dat
1478685=IfcFlowFitting.dat
1478825=IfcFlowFitting.dat
1478965=IfcFlowFitting.dat
1479105=IfcFlowFitting.dat
1479245=IfcFlowFitting.dat
1479385=IfcFlowFitting.dat
1479499=IfcFlowFitting.dat
1479639=IfcFlowFitting.dat
1479779=IfcFlowFitting.dat
1479919=IfcFlowFitting.dat
1480059=IfcFlowFitting.dat
1480199=IfcFlowFitting.dat
1480313=IfcFlowFitting.dat
1480453=IfcFlowFitting.dat
1480593=IfcFlowFitting.dat
1480733=IfcFlowFitting.dat
1480873=IfcFlowFitting.dat
1481013=IfcFlowFitting.dat
1481127=IfcFlowFitting.dat
1481267=IfcFlowFitting.dat
1481407=IfcFlowFitting.dat
1481547=IfcFlowFitting.dat
1481687=IfcFlowFitting.dat
1481827=IfcFlowFitting.dat
1481910=IfcFlowFitting.dat
1481993=IfcFlowFitting.dat
1482076=IfcFlowFitting.dat
1482159=IfcFlowFitting.dat
1482242=IfcFlowFitting.dat
1482325=IfcFlowFitting.dat
1482408=IfcFlowFitting.dat
1490593=IfcFlowFitting.dat
1490676=IfcFlowFitting.dat
1490759=IfcFlowFitting.dat
1490842=IfcFlowFitting.dat
1490925=IfcFlowFitting.dat
1491542=IfcFlowFitting.dat
1491682=IfcFlowFitting.dat
1491822=IfcFlowFitting.dat
1491962=IfcFlowFitting.dat
1492102=IfcFlowFitting.dat
1492776=IfcFlowFitting.dat
1492916=IfcFlowFitting.dat
1493056=IfcFlowFitting.dat
1493196=IfcFlowFitting.dat
1493336=IfcFlowFitting.dat
1496888=IfcFlowFitting.dat
1497029=IfcFlowFitting.dat
1497169=IfcFlowFitting.dat
1586880=IfcFlowFitting.dat
1662938=IfcFlowFitting.dat
166970=IfcFlowFitting.dat
167054=IfcFlowFitting.dat
171700=IfcFlowFitting.dat
173364=IfcFlowFitting.dat
1747=IfcFlowFitting.dat
176349=IfcFlowFitting.dat
176543=IfcFlowFitting.dat
1791460=IfcFlowFitting.dat
180775=IfcFlowFitting.dat
1810333=IfcFlowFitting.dat
181044=IfcFlowFitting.dat
181307=IfcFlowFitting.dat
1816501=IfcFlowFitting.dat
181746=IfcFlowFitting.dat
1821120=IfcFlowFitting.dat
182474=IfcFlowFitting.dat
182972=IfcFlowFitting.dat
195357=IfcFlowFitting.dat
1981868=IfcFlowFitting.dat
20145=IfcFlowFitting.dat
2064733=IfcFlowFitting.dat
2122461=IfcFlowFitting.dat
2137345=IfcFlowFitting.dat
2137545=IfcFlowFitting.dat
2137979=IfcFlowFitting.dat
2138170=IfcFlowFitting.dat
2138565=IfcFlowFitting.dat
2141276=IfcFlowFitting.dat
2141924=IfcFlowFitting.dat
2142205=IfcFlowFitting.dat
2142373=IfcFlowFitting.dat
2142662=IfcFlowFitting.dat
2143530=IfcFlowFitting.dat
2146622=IfcFlowFitting.dat
2146920=IfcFlowFitting.dat
2147218=IfcFlowFitting.dat
2147516=IfcFlowFitting.dat
2147814=IfcFlowFitting.dat
2148166=IfcFlowFitting.dat
2150596=IfcFlowFitting.dat
2150858=IfcFlowFitting.dat
2151048=IfcFlowFitting.dat
2151237=IfcFlowFitting.dat
2151426=IfcFlowFitting.dat
2151677=IfcFlowFitting.dat
2151867=IfcFlowFitting.dat
2152037=IfcFlowFitting.dat
2152227=IfcFlowFitting.dat
2152335=IfcFlowFitting.dat
2152524=IfcFlowFitting.dat
2155161=IfcFlowFitting.dat
2155422=IfcFlowFitting.dat
2155780=IfcFlowFitting.dat
2156160=IfcFlowFitting.dat
2156411=IfcFlowFitting.dat
2157122=IfcFlowFitting.dat
2157483=IfcFlowFitting.dat
2157673=IfcFlowFitting.dat
2158432=IfcFlowFitting.dat
2159645=IfcFlowFitting.dat
2160689=IfcFlowFitting.dat
2160859=IfcFlowFitting.dat
2161068=IfcFlowFitting.dat
2161332=IfcFlowFitting.dat
2161502=IfcFlowFitting.dat
2161692=IfcFlowFitting.dat
2161800=IfcFlowFitting.dat
2161988=IfcFlowFitting.dat
2162096=IfcFlowFitting.dat
2162285=IfcFlowFitting.dat
2162393=IfcFlowFitting.dat
2162582=IfcFlowFitting.dat
2162690=IfcFlowFitting.dat
2162951=IfcFlowFitting.dat
2163127=IfcFlowFitting.dat
2166464=IfcFlowFitting.dat
2166715=IfcFlowFitting.dat
2176109=IfcFlowFitting.dat
2192468=IfcFlowFitting.dat
2192658=IfcFlowFitting.dat
2192847=IfcFlowFitting.dat
2193114=IfcFlowFitting.dat
2272923=IfcFlowFitting.dat
2273120=IfcFlowFitting.dat
2273516=IfcFlowFitting.dat
2273624=IfcFlowFitting.dat
2385737=IfcFlowFitting.dat
2394288=IfcFlowFitting.dat
248344=IfcFlowFitting.dat
248694=IfcFlowFitting.dat
26029=IfcFlowFitting.dat
2603724=IfcFlowFitting.dat
2614862=IfcFlowFitting.dat
2617022=IfcFlowFitting.dat
2621129=IfcFlowFitting.dat
2621235=IfcFlowFitting.dat
262134=IfcFlowFitting.dat
2621420=IfcFlowFitting.dat
2621795=IfcFlowFitting.dat
2621994=IfcFlowFitting.dat
2622147=IfcFlowFitting.dat
2622492=IfcFlowFitting.dat
2622598=IfcFlowFitting.dat
2623000=IfcFlowFitting.dat
2623195=IfcFlowFitting.dat
2623988=IfcFlowFitting.dat
2624060=IfcFlowFitting.dat
2624277=IfcFlowFitting.dat
2624646=IfcFlowFitting.dat
2624866=IfcFlowFitting.dat
2625086=IfcFlowFitting.dat
2625451=IfcFlowFitting.dat
2625671=IfcFlowFitting.dat
2625879=IfcFlowFitting.dat
2625950=IfcFlowFitting.dat
2626167=IfcFlowFitting.dat
2626315=IfcFlowFitting.dat
2626540=IfcFlowFitting.dat
2626769=IfcFlowFitting.dat
2628396=IfcFlowFitting.dat
2628601=IfcFlowFitting.dat
2628670=IfcFlowFitting.dat
2637868=IfcFlowFitting.dat
2639376=IfcFlowFitting.dat
2639484=IfcFlowFitting.dat
2639594=IfcFlowFitting.dat
2639702=IfcFlowFitting.dat
2640244=IfcFlowFitting.dat
2640352=IfcFlowFitting.dat
2640462=IfcFlowFitting.dat
2640570=IfcFlowFitting.dat
2641112=IfcFlowFitting.dat
2641220=IfcFlowFitting.dat
2641330=IfcFlowFitting.dat
2641438=IfcFlowFitting.dat
2651827=IfcFlowFitting.dat
2653090=IfcFlowFitting.dat
2656348=IfcFlowFitting.dat
266916=IfcFlowFitting.dat
2682932=IfcFlowFitting.dat
2683011=IfcFlowFitting.dat
2687276=IfcFlowFitting.dat
2691309=IfcFlowFitting.dat
2695036=IfcFlowFitting.dat
2698670=IfcFlowFitting.dat
2699221=IfcFlowFitting.dat
2699329=IfcFlowFitting.dat
2699437=IfcFlowFitting.dat
2699545=IfcFlowFitting.dat
2700093=IfcFlowFitting.dat
2700201=IfcFlowFitting.dat
2700309=IfcFlowFitting.dat
2700417=IfcFlowFitting.dat
2704085=IfcFlowFitting.dat
2704168=IfcFlowFitting.dat
2704616=IfcFlowFitting.dat
2704697=IfcFlowFitting.dat
2704776=IfcFlowFitting.dat
2707013=IfcFlowFitting.dat
2709517=IfcFlowFitting.dat
2709594=IfcFlowFitting.dat
2709681=IfcFlowFitting.dat
2709766=IfcFlowFitting.dat
2710285=IfcFlowFitting.dat
2710393=IfcFlowFitting.dat
2710503=IfcFlowFitting.dat
2710611=IfcFlowFitting.dat
271701=IfcFlowFitting.dat
2729381=IfcFlowFitting.dat
2729489=IfcFlowFitting.dat
2729599=IfcFlowFitting.dat
2729707=IfcFlowFitting.dat
2730249=IfcFlowFitting.dat
2730357=IfcFlowFitting.dat
2730467=IfcFlowFitting.dat
2730575=IfcFlowFitting.dat
2731117=IfcFlowFitting.dat
2731225=IfcFlowFitting.dat
2731335=IfcFlowFitting.dat
2731443=IfcFlowFitting.dat
2731985=IfcFlowFitting.dat
2732093=IfcFlowFitting.dat
2732203=IfcFlowFitting.dat
2732311=IfcFlowFitting.dat
2732853=IfcFlowFitting.dat
2732961=IfcFlowFitting.dat
2733071=IfcFlowFitting.dat
2733179=IfcFlowFitting.dat
2733721=IfcFlowFitting.dat
2733829=IfcFlowFitting.dat
2733939=IfcFlowFitting.dat
2734047=IfcFlowFitting.dat
2734595=IfcFlowFitting.dat
2734703=IfcFlowFitting.dat
2734811=IfcFlowFitting.dat
2734919=IfcFlowFitting.dat
2743211=IfcFlowFitting.dat
2743319=IfcFlowFitting.dat
2743689=IfcFlowFitting.dat
2743797=IfcFlowFitting.dat
2744343=IfcFlowFitting.dat
2744451=IfcFlowFitting.dat
2744821=IfcFlowFitting.dat
2744929=IfcFlowFitting.dat
2745299=IfcFlowFitting.dat
2745407=IfcFlowFitting.dat
2745777=IfcFlowFitting.dat
2745885=IfcFlowFitting.dat
2746255=IfcFlowFitting.dat
2746363=IfcFlowFitting.dat
2746733=IfcFlowFitting.dat
2746841=IfcFlowFitting.dat
2747211=IfcFlowFitting.dat
2747319=IfcFlowFitting.dat
2747861=IfcFlowFitting.dat
2747940=IfcFlowFitting.dat
2748021=IfcFlowFitting.dat
2748100=IfcFlowFitting.dat
2748517=IfcFlowFitting.dat
2748594=IfcFlowFitting.dat
2748673=IfcFlowFitting.dat
2748750=IfcFlowFitting.dat
2753723=IfcFlowFitting.dat
2754368=IfcFlowFitting.dat
2754447=IfcFlowFitting.dat
2754528=IfcFlowFitting.dat
2754607=IfcFlowFitting.dat
2756708=IfcFlowFitting.dat
2756816=IfcFlowFitting.dat
2756926=IfcFlowFitting.dat
2757034=IfcFlowFitting.dat
2757576=IfcFlowFitting.dat
2757684=IfcFlowFitting.dat
2757794=IfcFlowFitting.dat
2757902=IfcFlowFitting.dat
2773=IfcFlowFitting.dat
292371=IfcFlowFitting.dat
2930312=IfcFlowFitting.dat
2930420=IfcFlowFitting.dat
2930790=IfcFlowFitting.dat
2930898=IfcFlowFitting.dat
2940125=IfcFlowFitting.dat
2940394=IfcFlowFitting.dat
2940662=IfcFlowFitting.dat
2940770=IfcFlowFitting.dat
2940878=IfcFlowFitting.dat
2941077=IfcFlowFitting.dat
2941185=IfcFlowFitting.dat
2941293=IfcFlowFitting.dat
2960039=IfcFlowFitting.dat
3023559=IfcFlowFitting.dat
3025203=IfcFlowFitting.dat
30702=IfcFlowFitting.dat
37902=IfcFlowFitting.dat
388804=IfcFlowFitting.dat
391105=IfcFlowFitting.dat
391188=IfcFlowFitting.dat
846828=IfcFlowFitting.dat
846998=IfcFlowFitting.dat
863187=IfcFlowFitting.dat
863431=IfcFlowFitting.dat
863594=IfcFlowFitting.dat
919419=IfcFlowFitting.dat
931790=IfcFlowFitting.dat
936449=IfcFlowFitting.dat
940492=IfcFlowFitting.dat
940601=IfcFlowFitting.dat
971758=IfcFlowFitting.dat
985076=IfcFlowFitting.dat
985155=IfcFlowFitting.dat
985234=IfcFlowFitting.dat
985348=IfcFlowFitting.dat
985488=IfcFlowFitting.dat
985628=IfcFlowFitting.dat
985768=IfcFlowFitting.dat
985908=IfcFlowFitting.dat
986048=IfcFlowFitting.dat
986162=IfcFlowFitting.dat
986302=IfcFlowFitting.dat
986442=IfcFlowFitting.dat
986582=IfcFlowFitting.dat
986722=IfcFlowFitting.dat
986836=IfcFlowFitting.dat
986976=IfcFlowFitting.dat
987116=IfcFlowFitting.dat
987256=IfcFlowFitting.dat
987396=IfcFlowFitting.dat
987510=IfcFlowFitting.dat
991076=IfcFlowFitting.dat
991217=IfcFlowFitting.dat
991331=IfcFlowFitting.dat
991471=IfcFlowFitting.dat
991611=IfcFlowFitting.dat
991751=IfcFlowFitting.dat
991891=IfcFlowFitting.dat
992005=IfcFlowFitting.dat
992119=IfcFlowFitting.dat
992259=IfcFlowFitting.dat
995502=IfcFlowFitting.dat
998265=IfcFlowFitting.dat
998381=IfcFlowFitting.dat
1016544=IfcFlowSegment.dat
1016632=IfcFlowSegment.dat
1016808=IfcFlowSegment.dat
1017072=IfcFlowSegment.dat
1017160=IfcFlowSegment.dat
1017424=IfcFlowSegment.dat
1019296=IfcFlowSegment.dat
1019711=IfcFlowSegment.dat
1019976=IfcFlowSegment.dat
1020064=IfcFlowSegment.dat
1022968=IfcFlowSegment.dat
1023055=IfcFlowSegment.dat
1024871=IfcFlowSegment.dat
1024958=IfcFlowSegment.dat
1025499=IfcFlowSegment.dat
1025760=IfcFlowSegment.dat
1026289=IfcFlowSegment.dat
1026377=IfcFlowSegment.dat
1026445=IfcFlowSegment.dat
1026641=IfcFlowSegment.dat
1026729=IfcFlowSegment.dat
1026817=IfcFlowSegment.dat
1026905=IfcFlowSegment.dat
1026993=IfcFlowSegment.dat
1027005=IfcFlowSegment.dat
1027081=IfcFlowSegment.dat
1027169=IfcFlowSegment.dat
1027257=IfcFlowSegment.dat
1027304=IfcFlowSegment.dat
1027345=IfcFlowSegment.dat
1027433=IfcFlowSegment.dat
1027521=IfcFlowSegment.dat
1027609=IfcFlowSegment.dat
1027697=IfcFlowSegment.dat
1027785=IfcFlowSegment.dat
1027873=IfcFlowSegment.dat
1027961=IfcFlowSegment.dat
1028049=IfcFlowSegment.dat
1028137=IfcFlowSegment.dat
1028225=IfcFlowSegment.dat
102824=IfcFlowSegment.dat
1028313=IfcFlowSegment.dat
1028401=IfcFlowSegment.dat
1028489=IfcFlowSegment.dat
1028511=IfcFlowSegment.dat
1028577=IfcFlowSegment.dat
1028665=IfcFlowSegment.dat
1028753=IfcFlowSegment.dat
1028841=IfcFlowSegment.dat
1028929=IfcFlowSegment.dat
1029017=IfcFlowSegment.dat
1029105=IfcFlowSegment.dat
1029193=IfcFlowSegment.dat
1029281=IfcFlowSegment.dat
1029369=IfcFlowSegment.dat
1029457=IfcFlowSegment.dat
1029545=IfcFlowSegment.dat
1029633=IfcFlowSegment.dat
1029721=IfcFlowSegment.dat
1029809=IfcFlowSegment.dat
1029897=IfcFlowSegment.dat
1029985=IfcFlowSegment.dat
1030073=IfcFlowSegment.dat
1030161=IfcFlowSegment.dat
1030249=IfcFlowSegment.dat
1030337=IfcFlowSegment.dat
1030425=IfcFlowSegment.dat
1030513=IfcFlowSegment.dat
1030601=IfcFlowSegment.dat
1030689=IfcFlowSegment.dat
1030777=IfcFlowSegment.dat
1030865=IfcFlowSegment.dat
1030953=IfcFlowSegment.dat
1031041=IfcFlowSegment.dat
1031129=IfcFlowSegment.dat
1031217=IfcFlowSegment.dat
1031305=IfcFlowSegment.dat
1031393=IfcFlowSegment.dat
1031481=IfcFlowSegment.dat
1031569=IfcFlowSegment.dat
1031657=IfcFlowSegment.dat
1031745=IfcFlowSegment.dat
1031833=IfcFlowSegment.dat
1031921=IfcFlowSegment.dat
1032009=IfcFlowSegment.dat
1032097=IfcFlowSegment.dat
1032185=IfcFlowSegment.dat
1032273=IfcFlowSegment.dat
1035188=IfcFlowSegment.dat
103592=IfcFlowSegment.dat
1035960=IfcFlowSegment.dat
1036233=IfcFlowSegment.dat
103680=IfcFlowSegment.dat
103768=IfcFlowSegment.dat
1037950=IfcFlowSegment.dat
1038559=IfcFlowSegment.dat
103856=IfcFlowSegment.dat
1038646=IfcFlowSegment.dat
1038733=IfcFlowSegment.dat
1038994=IfcFlowSegment.dat
103944=IfcFlowSegment.dat
1040299=IfcFlowSegment.dat
1040908=IfcFlowSegment.dat
1041082=IfcFlowSegment.dat
1042561=IfcFlowSegment.dat
1047239=IfcFlowSegment.dat
1047327=IfcFlowSegment.dat
1047415=IfcFlowSegment.dat
1047503=IfcFlowSegment.dat
1047591=IfcFlowSegment.dat
1047679=IfcFlowSegment.dat
1047767=IfcFlowSegment.dat
1047855=IfcFlowSegment.dat
1047943=IfcFlowSegment.dat
1048031=IfcFlowSegment.dat
1048119=IfcFlowSegment.dat
1048207=IfcFlowSegment.dat
1048295=IfcFlowSegment.dat
1048383=IfcFlowSegment.dat
1048471=IfcFlowSegment.dat
1048559=IfcFlowSegment.dat
1048647=IfcFlowSegment.dat
1048735=IfcFlowSegment.dat
1048823=IfcFlowSegment.dat
1048911=IfcFlowSegment.dat
1049087=IfcFlowSegment.dat
1049175=IfcFlowSegment.dat
1049263=IfcFlowSegment.dat
1049351=IfcFlowSegment.dat
1049439=IfcFlowSegment.dat
1049527=IfcFlowSegment.dat
1049615=IfcFlowSegment.dat
1049703=IfcFlowSegment.dat
1049791=IfcFlowSegment.dat
1049879=IfcFlowSegment.dat
1049967=IfcFlowSegment.dat
1050055=IfcFlowSegment.dat
1050143=IfcFlowSegment.dat
1050231=IfcFlowSegment.dat
1050319=IfcFlowSegment.dat
1050407=IfcFlowSegment.dat
1050495=IfcFlowSegment.dat
1050583=IfcFlowSegment.dat
1050671=IfcFlowSegment.dat
1050759=IfcFlowSegment.dat
1050847=IfcFlowSegment.dat
1050935=IfcFlowSegment.dat
1051023=IfcFlowSegment.dat
1051111=IfcFlowSegment.dat
1051199=IfcFlowSegment.dat
1051287=IfcFlowSegment.dat
1051375=IfcFlowSegment.dat
1051463=IfcFlowSegment.dat
1051551=IfcFlowSegment.dat
1051639=IfcFlowSegment.dat
1051727=IfcFlowSegment.dat
1051815=IfcFlowSegment.dat
1051903=IfcFlowSegment.dat
1051991=IfcFlowSegment.dat
1052079=IfcFlowSegment.dat
1052167=IfcFlowSegment.dat
1052255=IfcFlowSegment.dat
1052343=IfcFlowSegment.dat
1052431=IfcFlowSegment.dat
1052519=IfcFlowSegment.dat
1052607=IfcFlowSegment.dat
1052695=IfcFlowSegment.dat
1052783=IfcFlowSegment.dat
1052871=IfcFlowSegment.dat
1052959=IfcFlowSegment.dat
1053047=IfcFlowSegment.dat
1053135=IfcFlowSegment.dat
1053223=IfcFlowSegment.dat
1053311=IfcFlowSegment.dat
1053399=IfcFlowSegment.dat
1053487=IfcFlowSegment.dat
1053575=IfcFlowSegment.dat
1053663=IfcFlowSegment.dat
1053751=IfcFlowSegment.dat
1053839=IfcFlowSegment.dat
106135=IfcFlowSegment.dat
106223=IfcFlowSegment.dat
106399=IfcFlowSegment.dat
1064311=IfcFlowSegment.dat
106487=IfcFlowSegment.dat
1065315=IfcFlowSegment.dat
106631=IfcFlowSegment.dat
106663=IfcFlowSegment.dat
106965=IfcFlowSegment.dat
107222=IfcFlowSegment.dat
1073945=IfcFlowSegment.dat
1074033=IfcFlowSegment.dat
1074121=IfcFlowSegment.dat
1074209=IfcFlowSegment.dat
1074561=IfcFlowSegment.dat
1074649=IfcFlowSegment.dat
1074737=IfcFlowSegment.dat
1074825=IfcFlowSegment.dat
1075177=IfcFlowSegment.dat
1075265=IfcFlowSegment.dat
1075353=IfcFlowSegment.dat
1075441=IfcFlowSegment.dat
1075529=IfcFlowSegment.dat
1075617=IfcFlowSegment.dat
1075705=IfcFlowSegment.dat
1075793=IfcFlowSegment.dat
1075877=IfcFlowSegment.dat
1075961=IfcFlowSegment.dat
1076213=IfcFlowSegment.dat
1076297=IfcFlowSegment.dat
1076549=IfcFlowSegment.dat
1076633=IfcFlowSegment.dat
109152=IfcFlowSegment.dat
1094479=IfcFlowSegment.dat
1102904=IfcFlowSegment.dat
1103078=IfcFlowSegment.dat
1103426=IfcFlowSegment.dat
1103600=IfcFlowSegment.dat
1105770=IfcFlowSegment.dat
1106050=IfcFlowSegment.dat
111080=IfcFlowSegment.dat
1113085=IfcFlowSegment.dat
1113259=IfcFlowSegment.dat
1113607=IfcFlowSegment.dat
1114303=IfcFlowSegment.dat
1115173=IfcFlowSegment.dat
111637=IfcFlowSegment.dat
114670=IfcFlowSegment.dat
116001=IfcFlowSegment.dat
117316=IfcFlowSegment.dat
117404=IfcFlowSegment.dat
1180921=IfcFlowSegment.dat
1181176=IfcFlowSegment.dat
118280=IfcFlowSegment.dat
1184377=IfcFlowSegment.dat
1193359=IfcFlowSegment.dat
1193624=IfcFlowSegment.dat
1205504=IfcFlowSegment.dat
1205792=IfcFlowSegment.dat
1206330=IfcFlowSegment.dat
1206873=IfcFlowSegment.dat
1207288=IfcFlowSegment.dat
1208848=IfcFlowSegment.dat
1209038=IfcFlowSegment.dat
1209738=IfcFlowSegment.dat
1210204=IfcFlowSegment.dat
1214240=IfcFlowSegment.dat
1215190=IfcFlowSegment.dat
1216129=IfcFlowSegment.dat
1217462=IfcFlowSegment.dat
1217938=IfcFlowSegment.dat
1219981=IfcFlowSegment.dat
1221332=IfcFlowSegment.dat
1222059=IfcFlowSegment.dat
122541=IfcFlowSegment.dat
1229656=IfcFlowSegment.dat
1236065=IfcFlowSegment.dat
1236154=IfcFlowSegment.dat
1249401=IfcFlowSegment.dat
1249501=IfcFlowSegment.dat
1260735=IfcFlowSegment.dat
1260819=IfcFlowSegment.dat
1260903=IfcFlowSegment.dat
1260987=IfcFlowSegment.dat
1261071=IfcFlowSegment.dat
1261155=IfcFlowSegment.dat
1262667=IfcFlowSegment.dat
1262751=IfcFlowSegment.dat
1262835=IfcFlowSegment.dat
1262919=IfcFlowSegment.dat
1263007=IfcFlowSegment.dat
1263091=IfcFlowSegment.dat
1263179=IfcFlowSegment.dat
1263263=IfcFlowSegment.dat
1263351=IfcFlowSegment.dat
1263435=IfcFlowSegment.dat
1263523=IfcFlowSegment.dat
1263607=IfcFlowSegment.dat
1263695=IfcFlowSegment.dat
1263832=IfcFlowSegment.dat
1263920=IfcFlowSegment.dat
1264057=IfcFlowSegment.dat
1264145=IfcFlowSegment.dat
1264282=IfcFlowSegment.dat
1264370=IfcFlowSegment.dat
1264507=IfcFlowSegment.dat
1264595=IfcFlowSegment.dat
1264732=IfcFlowSegment.dat
1265497=IfcFlowSegment.dat
1265585=IfcFlowSegment.dat
1265669=IfcFlowSegment.dat
1265753=IfcFlowSegment.dat
1265837=IfcFlowSegment.dat
1265925=IfcFlowSegment.dat
1266009=IfcFlowSegment.dat
1266097=IfcFlowSegment.dat
1266181=IfcFlowSegment.dat
1266269=IfcFlowSegment.dat
1266353=IfcFlowSegment.dat
1266441=IfcFlowSegment.dat
1266525=IfcFlowSegment.dat
1266613=IfcFlowSegment.dat
1269155=IfcFlowSegment.dat
1269243=IfcFlowSegment.dat
1271785=IfcFlowSegment.dat
1271873=IfcFlowSegment.dat
1274391=IfcFlowSegment.dat
1274479=IfcFlowSegment.dat
1277045=IfcFlowSegment.dat
1277133=IfcFlowSegment.dat
1279699=IfcFlowSegment.dat
1279787=IfcFlowSegment.dat
1279871=IfcFlowSegment.dat
1279955=IfcFlowSegment.dat
1280039=IfcFlowSegment.dat
128006=IfcFlowSegment.dat
1280123=IfcFlowSegment.dat
1280211=IfcFlowSegment.dat
1280295=IfcFlowSegment.dat
1280383=IfcFlowSegment.dat
1280467=IfcFlowSegment.dat
1280555=IfcFlowSegment.dat
1280639=IfcFlowSegment.dat
1280727=IfcFlowSegment.dat
1280811=IfcFlowSegment.dat
1280899=IfcFlowSegment.dat
1283441=IfcFlowSegment.dat
1283529=IfcFlowSegment.dat
1286071=IfcFlowSegment.dat
1286159=IfcFlowSegment.dat
1288319=IfcFlowSegment.dat
1288677=IfcFlowSegment.dat
1288765=IfcFlowSegment.dat
1289353=IfcFlowSegment.dat
1291331=IfcFlowSegment.dat
1291419=IfcFlowSegment.dat
1294636=IfcFlowSegment.dat
1294724=IfcFlowSegment.dat
1294812=IfcFlowSegment.dat
1294896=IfcFlowSegment.dat
1294984=IfcFlowSegment.dat
1295068=IfcFlowSegment.dat
1295156=IfcFlowSegment.dat
1295240=IfcFlowSegment.dat
1295328=IfcFlowSegment.dat
1295412=IfcFlowSegment.dat
1295500=IfcFlowSegment.dat
1295584=IfcFlowSegment.dat
1295672=IfcFlowSegment.dat
1295756=IfcFlowSegment.dat
1295844=IfcFlowSegment.dat
129783=IfcFlowSegment.dat
1298386=IfcFlowSegment.dat
1298474=IfcFlowSegment.dat
1301016=IfcFlowSegment.dat
1301104=IfcFlowSegment.dat
1303622=IfcFlowSegment.dat
1303710=IfcFlowSegment.dat
130389=IfcFlowSegment.dat
1306276=IfcFlowSegment.dat
1306364=IfcFlowSegment.dat
1309581=IfcFlowSegment.dat
1309669=IfcFlowSegment.dat
1309757=IfcFlowSegment.dat
1312275=IfcFlowSegment.dat
1312363=IfcFlowSegment.dat
1314905=IfcFlowSegment.dat
1314993=IfcFlowSegment.dat
1317511=IfcFlowSegment.dat
1317599=IfcFlowSegment.dat
1320165=IfcFlowSegment.dat
1320253=IfcFlowSegment.dat
1320=IfcFlowSegment.dat
1322819=IfcFlowSegment.dat
1322907=IfcFlowSegment.dat
1322995=IfcFlowSegment.dat
1323079=IfcFlowSegment.dat
1323167=IfcFlowSegment.dat
1323251=IfcFlowSegment.dat
1323339=IfcFlowSegment.dat
1323423=IfcFlowSegment.dat
1323511=IfcFlowSegment.dat
1323595=IfcFlowSegment.dat
1323683=IfcFlowSegment.dat
1323767=IfcFlowSegment.dat
1323855=IfcFlowSegment.dat
1323943=IfcFlowSegment.dat
1324027=IfcFlowSegment.dat
1324115=IfcFlowSegment.dat
1324199=IfcFlowSegment.dat
1324287=IfcFlowSegment.dat
1324371=IfcFlowSegment.dat
1324459=IfcFlowSegment.dat
1324543=IfcFlowSegment.dat
1324631=IfcFlowSegment.dat
1324715=IfcFlowSegment.dat
1324803=IfcFlowSegment.dat
1324887=IfcFlowSegment.dat
1324975=IfcFlowSegment.dat
1325059=IfcFlowSegment.dat
1325147=IfcFlowSegment.dat
1325231=IfcFlowSegment.dat
1325319=IfcFlowSegment.dat
1325403=IfcFlowSegment.dat
1325491=IfcFlowSegment.dat
1325575=IfcFlowSegment.dat
1325663=IfcFlowSegment.dat
1325747=IfcFlowSegment.dat
1325835=IfcFlowSegment.dat
1325923=IfcFlowSegment.dat
1326007=IfcFlowSegment.dat
1326095=IfcFlowSegment.dat
1326179=IfcFlowSegment.dat
1326267=IfcFlowSegment.dat
1326351=IfcFlowSegment.dat
1326439=IfcFlowSegment.dat
1326523=IfcFlowSegment.dat
1326611=IfcFlowSegment.dat
1326695=IfcFlowSegment.dat
1326783=IfcFlowSegment.dat
1326867=IfcFlowSegment.dat
1326955=IfcFlowSegment.dat
1329497=IfcFlowSegment.dat
1329585=IfcFlowSegment.dat
1332127=IfcFlowSegment.dat
1332215=IfcFlowSegment.dat
1334733=IfcFlowSegment.dat
1334821=IfcFlowSegment.dat
1337387=IfcFlowSegment.dat
1337475=IfcFlowSegment.dat
1340046=IfcFlowSegment.dat
1340134=IfcFlowSegment.dat
1340222=IfcFlowSegment.dat
1340306=IfcFlowSegment.dat
1340394=IfcFlowSegment.dat
1340478=IfcFlowSegment.dat
1340566=IfcFlowSegment.dat
1340650=IfcFlowSegment.dat
1340738=IfcFlowSegment.dat
1340822=IfcFlowSegment.dat
1340905=IfcFlowSegment.dat
1340910=IfcFlowSegment.dat
1340994=IfcFlowSegment.dat
1340995=IfcFlowSegment.dat
1341082=IfcFlowSegment.dat
1341166=IfcFlowSegment.dat
1341254=IfcFlowSegment.dat
1341730=IfcFlowSegment.dat
1342738=IfcFlowSegment.dat
1343796=IfcFlowSegment.dat
1343884=IfcFlowSegment.dat
1346426=IfcFlowSegment.dat
1346514=IfcFlowSegment.dat
134769=IfcFlowSegment.dat
1349032=IfcFlowSegment.dat
1349120=IfcFlowSegment.dat
1351686=IfcFlowSegment.dat
1351774=IfcFlowSegment.dat
1354345=IfcFlowSegment.dat
1354433=IfcFlowSegment.dat
1354521=IfcFlowSegment.dat
1354605=IfcFlowSegment.dat
1354693=IfcFlowSegment.dat
1354777=IfcFlowSegment.dat
1354865=IfcFlowSegment.dat
1354949=IfcFlowSegment.dat
1355037=IfcFlowSegment.dat
1355121=IfcFlowSegment.dat
1355209=IfcFlowSegment.dat
1355293=IfcFlowSegment.dat
1355381=IfcFlowSegment.dat
1355465=IfcFlowSegment.dat
1355553=IfcFlowSegment.dat
1358095=IfcFlowSegment.dat
1358183=IfcFlowSegment.dat
1360725=IfcFlowSegment.dat
1360813=IfcFlowSegment.dat
1363331=IfcFlowSegment.dat
1363419=IfcFlowSegment.dat
1365985=IfcFlowSegment.dat
1366073=IfcFlowSegment.dat
1368639=IfcFlowSegment.dat
1368727=IfcFlowSegment.dat
1368815=IfcFlowSegment.dat
1368899=IfcFlowSegment.dat
1368987=IfcFlowSegment.dat
1369071=IfcFlowSegment.dat
1369159=IfcFlowSegment.dat
1369243=IfcFlowSegment.dat
1369331=IfcFlowSegment.dat
1369415=IfcFlowSegment.dat
1369503=IfcFlowSegment.dat
1369587=IfcFlowSegment.dat
1369675=IfcFlowSegment.dat
1369759=IfcFlowSegment.dat
1369847=IfcFlowSegment.dat
1372389=IfcFlowSegment.dat
1372477=IfcFlowSegment.dat
137381=IfcFlowSegment.dat
1375019=IfcFlowSegment.dat
1375107=IfcFlowSegment.dat
137554=IfcFlowSegment.dat
137642=IfcFlowSegment.dat
1377625=IfcFlowSegment.dat
1377713=IfcFlowSegment.dat
137818=IfcFlowSegment.dat
1380279=IfcFlowSegment.dat
1380367=IfcFlowSegment.dat
1382933=IfcFlowSegment.dat
1383021=IfcFlowSegment.dat
1383105=IfcFlowSegment.dat
1383189=IfcFlowSegment.dat
1383273=IfcFlowSegment.dat
1383357=IfcFlowSegment.dat
1383441=IfcFlowSegment.dat
1383525=IfcFlowSegment.dat
1383613=IfcFlowSegment.dat
1383697=IfcFlowSegment.dat
1383785=IfcFlowSegment.dat
1383869=IfcFlowSegment.dat
1384614=IfcFlowSegment.dat
1384751=IfcFlowSegment.dat
1384839=IfcFlowSegment.dat
1388193=IfcFlowSegment.dat
1388281=IfcFlowSegment.dat
1391635=IfcFlowSegment.dat
1391723=IfcFlowSegment.dat
1395188=IfcFlowSegment.dat
1395272=IfcFlowSegment.dat
1395356=IfcFlowSegment.dat
1395440=IfcFlowSegment.dat
1395524=IfcFlowSegment.dat
1395608=IfcFlowSegment.dat
1395696=IfcFlowSegment.dat
1395780=IfcFlowSegment.dat
1395868=IfcFlowSegment.dat
1395952=IfcFlowSegment.dat
1396040=IfcFlowSegment.dat
1396124=IfcFlowSegment.dat
1396212=IfcFlowSegment.dat
1396296=IfcFlowSegment.dat
1396384=IfcFlowSegment.dat
1396468=IfcFlowSegment.dat
1396556=IfcFlowSegment.dat
1396640=IfcFlowSegment.dat
1396728=IfcFlowSegment.dat
1400082=IfcFlowSegment.dat
1400170=IfcFlowSegment.dat
1403524=IfcFlowSegment.dat
1403612=IfcFlowSegment.dat
1407077=IfcFlowSegment.dat
1407165=IfcFlowSegment.dat
1410362=IfcFlowSegment.dat
1410450=IfcFlowSegment.dat
1413743=IfcFlowSegment.dat
1413831=IfcFlowSegment.dat
1413919=IfcFlowSegment.dat
1414003=IfcFlowSegment.dat
1414091=IfcFlowSegment.dat
1414175=IfcFlowSegment.dat
1414263=IfcFlowSegment.dat
1414347=IfcFlowSegment.dat
1414435=IfcFlowSegment.dat
1414519=IfcFlowSegment.dat
1414607=IfcFlowSegment.dat
1414691=IfcFlowSegment.dat
1414779=IfcFlowSegment.dat
1414863=IfcFlowSegment.dat
1414951=IfcFlowSegment.dat
1418305=IfcFlowSegment.dat
1418393=IfcFlowSegment.dat
1421747=IfcFlowSegment.dat
1421835=IfcFlowSegment.dat
1425300=IfcFlowSegment.dat
1425388=IfcFlowSegment.dat
1428585=IfcFlowSegment.dat
1428673=IfcFlowSegment.dat
1431966=IfcFlowSegment.dat
1432054=IfcFlowSegment.dat
1432566=IfcFlowSegment.dat
1432650=IfcFlowSegment.dat
1432738=IfcFlowSegment.dat
1432822=IfcFlowSegment.dat
1432910=IfcFlowSegment.dat
1432994=IfcFlowSegment.dat
1433082=IfcFlowSegment.dat
1433166=IfcFlowSegment.dat
1433254=IfcFlowSegment.dat
1433338=IfcFlowSegment.dat
1433426=IfcFlowSegment.dat
1433510=IfcFlowSegment.dat
1433598=IfcFlowSegment.dat
1433682=IfcFlowSegment.dat
1433770=IfcFlowSegment.dat
1433854=IfcFlowSegment.dat
1433942=IfcFlowSegment.dat
1434026=IfcFlowSegment.dat
1434114=IfcFlowSegment.dat
1434198=IfcFlowSegment.dat
1434286=IfcFlowSegment.dat
1434370=IfcFlowSegment.dat
1434458=IfcFlowSegment.dat
1434542=IfcFlowSegment.dat
1447=IfcFlowSegment.dat
1478585=IfcFlowSegment.dat
1498405=IfcFlowSegment.dat
1500165=IfcFlowSegment.dat
1514501=IfcFlowSegment.dat
1545135=IfcFlowSegment.dat
157352=IfcFlowSegment.dat
157671=IfcFlowSegment.dat
158556=IfcFlowSegment.dat
159630=IfcFlowSegment.dat
160375=IfcFlowSegment.dat
1612477=IfcFlowSegment.dat
1616015=IfcFlowSegment.dat
1641947=IfcFlowSegment.dat
164853=IfcFlowSegment.dat
164953=IfcFlowSegment.dat
1683839=IfcFlowSegment.dat
1700331=IfcFlowSegment.dat
171688=IfcFlowSegment.dat
174283=IfcFlowSegment.dat
1751342=IfcFlowSegment.dat
176038=IfcFlowSegment.dat
178463=IfcFlowSegment.dat
1784708=IfcFlowSegment.dat
17916=IfcFlowSegment.dat
1793884=IfcFlowSegment.dat
18010=IfcFlowSegment.dat
180875=IfcFlowSegment.dat
1815029=IfcFlowSegment.dat
1815565=IfcFlowSegment.dat
1819050=IfcFlowSegment.dat
1821562=IfcFlowSegment.dat
1838121=IfcFlowSegment.dat
1841763=IfcFlowSegment.dat
1845282=IfcFlowSegment.dat
1863376=IfcFlowSegment.dat
1866933=IfcFlowSegment.dat
1877317=IfcFlowSegment.dat
1879487=IfcFlowSegment.dat
1880072=IfcFlowSegment.dat
1884947=IfcFlowSegment.dat
1896642=IfcFlowSegment.dat
1897124=IfcFlowSegment.dat
1965851=IfcFlowSegment.dat
1977395=IfcFlowSegment.dat
1977546=IfcFlowSegment.dat
1977830=IfcFlowSegment.dat
1983275=IfcFlowSegment.dat
20328=IfcFlowSegment.dat
2135916=IfcFlowSegment.dat
2136011=IfcFlowSegment.dat
2136106=IfcFlowSegment.dat
2137090=IfcFlowSegment.dat
2137185=IfcFlowSegment.dat
2137658=IfcFlowSegment.dat
2138303=IfcFlowSegment.dat
2138681=IfcFlowSegment.dat
2138775=IfcFlowSegment.dat
2138869=IfcFlowSegment.dat
2139249=IfcFlowSegment.dat
2139=IfcFlowSegment.dat
2140812=IfcFlowSegment.dat
2140907=IfcFlowSegment.dat
2141002=IfcFlowSegment.dat
2141097=IfcFlowSegment.dat
2142058=IfcFlowSegment.dat
2145571=IfcFlowSegment.dat
2145869=IfcFlowSegment.dat
2145964=IfcFlowSegment.dat
2146059=IfcFlowSegment.dat
2146154=IfcFlowSegment.dat
2146249=IfcFlowSegment.dat
2146344=IfcFlowSegment.dat
2146439=IfcFlowSegment.dat
2146534=IfcFlowSegment.dat
2146737=IfcFlowSegment.dat
2146832=IfcFlowSegment.dat
2147035=IfcFlowSegment.dat
2147130=IfcFlowSegment.dat
2147333=IfcFlowSegment.dat
2147428=IfcFlowSegment.dat
2147631=IfcFlowSegment.dat
2147726=IfcFlowSegment.dat
2150353=IfcFlowSegment.dat
2150448=IfcFlowSegment.dat
2150708=IfcFlowSegment.dat
2150960=IfcFlowSegment.dat
2151149=IfcFlowSegment.dat
2151338=IfcFlowSegment.dat
2151527=IfcFlowSegment.dat
2151741=IfcFlowSegment.dat
2151779=IfcFlowSegment.dat
2152139=IfcFlowSegment.dat
2152436=IfcFlowSegment.dat
2155262=IfcFlowSegment.dat
2155977=IfcFlowSegment.dat
2156072=IfcFlowSegment.dat
2156261=IfcFlowSegment.dat
2156513=IfcFlowSegment.dat
2156860=IfcFlowSegment.dat
2157238=IfcFlowSegment.dat
2157333=IfcFlowSegment.dat
2157585=IfcFlowSegment.dat
2157774=IfcFlowSegment.dat
2158249=IfcFlowSegment.dat
2158344=IfcFlowSegment.dat
2158547=IfcFlowSegment.dat
2158642=IfcFlowSegment.dat
2158737=IfcFlowSegment.dat
2158832=IfcFlowSegment.dat
2158927=IfcFlowSegment.dat
2159022=IfcFlowSegment.dat
2159117=IfcFlowSegment.dat
2159212=IfcFlowSegment.dat
2159307=IfcFlowSegment.dat
2159402=IfcFlowSegment.dat
2159496=IfcFlowSegment.dat
2159747=IfcFlowSegment.dat
2160411=IfcFlowSegment.dat
2160506=IfcFlowSegment.dat
2160601=IfcFlowSegment.dat
2160962=IfcFlowSegment.dat
2161604=IfcFlowSegment.dat
2161901=IfcFlowSegment.dat
2162197=IfcFlowSegment.dat
2162494=IfcFlowSegment.dat
2162791=IfcFlowSegment.dat
2163521=IfcFlowSegment.dat
2166566=IfcFlowSegment.dat
2166817=IfcFlowSegment.dat
2166911=IfcFlowSegment.dat
2167292=IfcFlowSegment.dat
2192287=IfcFlowSegment.dat
2192568=IfcFlowSegment.dat
2205654=IfcFlowSegment.dat
2242056=IfcFlowSegment.dat
2272631=IfcFlowSegment.dat
2272749=IfcFlowSegment.dat
2272842=IfcFlowSegment.dat
2273039=IfcFlowSegment.dat
2273237=IfcFlowSegment.dat
2273342=IfcFlowSegment.dat
2273435=IfcFlowSegment.dat
2273744=IfcFlowSegment.dat
2306874=IfcFlowSegment.dat
2307569=IfcFlowSegment.dat
2385587=IfcFlowSegment.dat
2385839=IfcFlowSegment.dat
243569=IfcFlowSegment.dat
243657=IfcFlowSegment.dat
248440=IfcFlowSegment.dat
248615=IfcFlowSegment.dat
254020=IfcFlowSegment.dat
2545825=IfcFlowSegment.dat
2618281=IfcFlowSegment.dat
2620969=IfcFlowSegment.dat
2621533=IfcFlowSegment.dat
2622249=IfcFlowSegment.dat
262227=IfcFlowSegment.dat
2622344=IfcFlowSegment.dat
2622713=IfcFlowSegment.dat
2622810=IfcFlowSegment.dat
2623295=IfcFlowSegment.dat
2623362=IfcFlowSegment.dat
2623427=IfcFlowSegment.dat
2623494=IfcFlowSegment.dat
2623568=IfcFlowSegment.dat
2623642=IfcFlowSegment.dat
2623709=IfcFlowSegment.dat
2623778=IfcFlowSegment.dat
2624367=IfcFlowSegment.dat
2624436=IfcFlowSegment.dat
2625172=IfcFlowSegment.dat
2625241=IfcFlowSegment.dat
2625748=IfcFlowSegment.dat
2625817=IfcFlowSegment.dat
2626257=IfcFlowSegment.dat
2628334=IfcFlowSegment.dat
2628470=IfcFlowSegment.dat
2628539=IfcFlowSegment.dat
2638296=IfcFlowSegment.dat
2638951=IfcFlowSegment.dat
2639039=IfcFlowSegment.dat
2639127=IfcFlowSegment.dat
2639211=IfcFlowSegment.dat
2639295=IfcFlowSegment.dat
2639819=IfcFlowSegment.dat
2639907=IfcFlowSegment.dat
2639995=IfcFlowSegment.dat
2640079=IfcFlowSegment.dat
2640163=IfcFlowSegment.dat
2640687=IfcFlowSegment.dat
2640775=IfcFlowSegment.dat
2640863=IfcFlowSegment.dat
2640947=IfcFlowSegment.dat
2641031=IfcFlowSegment.dat
2648499=IfcFlowSegment.dat
2648587=IfcFlowSegment.dat
267012=IfcFlowSegment.dat
2681875=IfcFlowSegment.dat
2681970=IfcFlowSegment.dat
2682064=IfcFlowSegment.dat
2682159=IfcFlowSegment.dat
2682254=IfcFlowSegment.dat
2682435=IfcFlowSegment.dat
2682523=IfcFlowSegment.dat
2682691=IfcFlowSegment.dat
2683099=IfcFlowSegment.dat
2683187=IfcFlowSegment.dat
2683275=IfcFlowSegment.dat
2691429=IfcFlowSegment.dat
2698790=IfcFlowSegment.dat
2698878=IfcFlowSegment.dat
2698966=IfcFlowSegment.dat
2699054=IfcFlowSegment.dat
2699142=IfcFlowSegment.dat
2699662=IfcFlowSegment.dat
2699750=IfcFlowSegment.dat
2699838=IfcFlowSegment.dat
2699926=IfcFlowSegment.dat
2700014=IfcFlowSegment.dat
2700534=IfcFlowSegment.dat
2700622=IfcFlowSegment.dat
2700710=IfcFlowSegment.dat
2704260=IfcFlowSegment.dat
2704354=IfcFlowSegment.dat
2704444=IfcFlowSegment.dat
2704534=IfcFlowSegment.dat
2704867=IfcFlowSegment.dat
2709262=IfcFlowSegment.dat
2709348=IfcFlowSegment.dat
2709436=IfcFlowSegment.dat
2709860=IfcFlowSegment.dat
2709948=IfcFlowSegment.dat
2710036=IfcFlowSegment.dat
2710120=IfcFlowSegment.dat
2710204=IfcFlowSegment.dat
2711772=IfcFlowSegment.dat
271797=IfcFlowSegment.dat
2728956=IfcFlowSegment.dat
2729044=IfcFlowSegment.dat
2729132=IfcFlowSegment.dat
2729216=IfcFlowSegment.dat
2729300=IfcFlowSegment.dat
2729824=IfcFlowSegment.dat
2729912=IfcFlowSegment.dat
2730000=IfcFlowSegment.dat
2730084=IfcFlowSegment.dat
2730168=IfcFlowSegment.dat
2730692=IfcFlowSegment.dat
2730780=IfcFlowSegment.dat
2730868=IfcFlowSegment.dat
2730952=IfcFlowSegment.dat
2731036=IfcFlowSegment.dat
2731560=IfcFlowSegment.dat
2731648=IfcFlowSegment.dat
2731736=IfcFlowSegment.dat
2731820=IfcFlowSegment.dat
2731904=IfcFlowSegment.dat
2732428=IfcFlowSegment.dat
2732516=IfcFlowSegment.dat
2732604=IfcFlowSegment.dat
2732688=IfcFlowSegment.dat
2732772=IfcFlowSegment.dat
2733296=IfcFlowSegment.dat
2733384=IfcFlowSegment.dat
2733472=IfcFlowSegment.dat
2733556=IfcFlowSegment.dat
2733640=IfcFlowSegment.dat
2734164=IfcFlowSegment.dat
2734252=IfcFlowSegment.dat
2734340=IfcFlowSegment.dat
2734428=IfcFlowSegment.dat
2734516=IfcFlowSegment.dat
2742958=IfcFlowSegment.dat
2743046=IfcFlowSegment.dat
2743130=IfcFlowSegment.dat
2743436=IfcFlowSegment.dat
2743524=IfcFlowSegment.dat
2743608=IfcFlowSegment.dat
2743914=IfcFlowSegment.dat
2744002=IfcFlowSegment.dat
2744090=IfcFlowSegment.dat
2744178=IfcFlowSegment.dat
2744262=IfcFlowSegment.dat
2744568=IfcFlowSegment.dat
2744656=IfcFlowSegment.dat
2744740=IfcFlowSegment.dat
2745046=IfcFlowSegment.dat
2745134=IfcFlowSegment.dat
2745218=IfcFlowSegment.dat
2745524=IfcFlowSegment.dat
2745612=IfcFlowSegment.dat
2745696=IfcFlowSegment.dat
2746002=IfcFlowSegment.dat
2746090=IfcFlowSegment.dat
2746174=IfcFlowSegment.dat
2746480=IfcFlowSegment.dat
2746568=IfcFlowSegment.dat
2746652=IfcFlowSegment.dat
2746958=IfcFlowSegment.dat
2747046=IfcFlowSegment.dat
2747130=IfcFlowSegment.dat
2747436=IfcFlowSegment.dat
2747524=IfcFlowSegment.dat
2747612=IfcFlowSegment.dat
2747696=IfcFlowSegment.dat
2747780=IfcFlowSegment.dat
2748188=IfcFlowSegment.dat
2748274=IfcFlowSegment.dat
2748356=IfcFlowSegment.dat
2748438=IfcFlowSegment.dat
2753822=IfcFlowSegment.dat
2753916=IfcFlowSegment.dat
2754010=IfcFlowSegment.dat
2754104=IfcFlowSegment.dat
2754194=IfcFlowSegment.dat
2754284=IfcFlowSegment.dat
2756283=IfcFlowSegment.dat
2756371=IfcFlowSegment.dat
2756459=IfcFlowSegment.dat
2756543=IfcFlowSegment.dat
2756627=IfcFlowSegment.dat
2757151=IfcFlowSegment.dat
2757239=IfcFlowSegment.dat
2757327=IfcFlowSegment.dat
2757411=IfcFlowSegment.dat
2757495=IfcFlowSegment.dat
2880152=IfcFlowSegment.dat
2930059=IfcFlowSegment.dat
2930147=IfcFlowSegment.dat
2930231=IfcFlowSegment.dat
2930537=IfcFlowSegment.dat
2930625=IfcFlowSegment.dat
2930709=IfcFlowSegment.dat
2934976=IfcFlowSegment.dat
2935069=IfcFlowSegment.dat
2935158=IfcFlowSegment.dat
2940222=IfcFlowSegment.dat
2940311=IfcFlowSegment.dat
2940490=IfcFlowSegment.dat
2940579=IfcFlowSegment.dat
2940994=IfcFlowSegment.dat
2984072=IfcFlowSegment.dat
299358=IfcFlowSegment.dat
3016086=IfcFlowSegment.dat
3023060=IfcFlowSegment.dat
3024284=IfcFlowSegment.dat
30795=IfcFlowSegment.dat
3090=IfcFlowSegment.dat
38001=IfcFlowSegment.dat
384128=IfcFlowSegment.dat
388903=IfcFlowSegment.dat
388997=IfcFlowSegment.dat
563146=IfcFlowSegment.dat
748175=IfcFlowSegment.dat
797061=IfcFlowSegment.dat
838815=IfcFlowSegment.dat
842255=IfcFlowSegment.dat
846918=IfcFlowSegment.dat
863354=IfcFlowSegment.dat
924567=IfcFlowSegment.dat
925351=IfcFlowSegment.dat
925439=IfcFlowSegment.dat
925527=IfcFlowSegment.dat
925615=IfcFlowSegment.dat
925703=IfcFlowSegment.dat
925791=IfcFlowSegment.dat
925879=IfcFlowSegment.dat
925967=IfcFlowSegment.dat
926055=IfcFlowSegment.dat
926143=IfcFlowSegment.dat
926231=IfcFlowSegment.dat
926319=IfcFlowSegment.dat
926407=IfcFlowSegment.dat
926495=IfcFlowSegment.dat
926583=IfcFlowSegment.dat
926671=IfcFlowSegment.dat
926759=IfcFlowSegment.dat
926847=IfcFlowSegment.dat
926935=IfcFlowSegment.dat
927023=IfcFlowSegment.dat
927111=IfcFlowSegment.dat
927199=IfcFlowSegment.dat
927287=IfcFlowSegment.dat
927375=IfcFlowSegment.dat
927463=IfcFlowSegment.dat
927551=IfcFlowSegment.dat
927639=IfcFlowSegment.dat
927727=IfcFlowSegment.dat
927815=IfcFlowSegment.dat
931910=IfcFlowSegment.dat
931998=IfcFlowSegment.dat
932086=IfcFlowSegment.dat
932174=IfcFlowSegment.dat
932262=IfcFlowSegment.dat
932350=IfcFlowSegment.dat
932438=IfcFlowSegment.dat
940718=IfcFlowSegment.dat
940806=IfcFlowSegment.dat
940894=IfcFlowSegment.dat
940982=IfcFlowSegment.dat
941070=IfcFlowSegment.dat
941153=IfcFlowSegment.dat
941240=IfcFlowSegment.dat
941323=IfcFlowSegment.dat
941410=IfcFlowSegment.dat
941493=IfcFlowSegment.dat
941580=IfcFlowSegment.dat
941663=IfcFlowSegment.dat
941750=IfcFlowSegment.dat
941833=IfcFlowSegment.dat
941920=IfcFlowSegment.dat
942004=IfcFlowSegment.dat
942092=IfcFlowSegment.dat
942176=IfcFlowSegment.dat
942264=IfcFlowSegment.dat
942348=IfcFlowSegment.dat
942436=IfcFlowSegment.dat
942520=IfcFlowSegment.dat
942608=IfcFlowSegment.dat
942692=IfcFlowSegment.dat
942780=IfcFlowSegment.dat
942864=IfcFlowSegment.dat
942952=IfcFlowSegment.dat
943036=IfcFlowSegment.dat
943124=IfcFlowSegment.dat
943208=IfcFlowSegment.dat
943296=IfcFlowSegment.dat
943380=IfcFlowSegment.dat
943468=IfcFlowSegment.dat
943552=IfcFlowSegment.dat
943640=IfcFlowSegment.dat
943724=IfcFlowSegment.dat
943812=IfcFlowSegment.dat
943896=IfcFlowSegment.dat
943980=IfcFlowSegment.dat
944064=IfcFlowSegment.dat
944152=IfcFlowSegment.dat
944236=IfcFlowSegment.dat
944324=IfcFlowSegment.dat
944408=IfcFlowSegment.dat
944496=IfcFlowSegment.dat
944580=IfcFlowSegment.dat
944668=IfcFlowSegment.dat
944752=IfcFlowSegment.dat
944840=IfcFlowSegment.dat
944924=IfcFlowSegment.dat
945012=IfcFlowSegment.dat
945096=IfcFlowSegment.dat
945184=IfcFlowSegment.dat
945268=IfcFlowSegment.dat
945356=IfcFlowSegment.dat
945440=IfcFlowSegment.dat
945528=IfcFlowSegment.dat
945612=IfcFlowSegment.dat
945747=IfcFlowSegment.dat
945831=IfcFlowSegment.dat
945915=IfcFlowSegment.dat
945999=IfcFlowSegment.dat
946083=IfcFlowSegment.dat
946167=IfcFlowSegment.dat
946251=IfcFlowSegment.dat
946335=IfcFlowSegment.dat
946419=IfcFlowSegment.dat
946503=IfcFlowSegment.dat
946587=IfcFlowSegment.dat
946675=IfcFlowSegment.dat
946759=IfcFlowSegment.dat
947904=IfcFlowSegment.dat
947992=IfcFlowSegment.dat
948080=IfcFlowSegment.dat
949397=IfcFlowSegment.dat
968809=IfcFlowSegment.dat
968907=IfcFlowSegment.dat
971474=IfcFlowSegment.dat
1000018=IfcFlowTerminal.dat
1000086=IfcFlowTerminal.dat
735818=IfcFlowTerminal.dat
735888=IfcFlowTerminal.dat
735958=IfcFlowTerminal.dat
736028=IfcFlowTerminal.dat
736098=IfcFlowTerminal.dat
736168=IfcFlowTerminal.dat
736238=IfcFlowTerminal.dat
736308=IfcFlowTerminal.dat
736378=IfcFlowTerminal.dat
736448=IfcFlowTerminal.dat
736518=IfcFlowTerminal.dat
736588=IfcFlowTerminal.dat
736658=IfcFlowTerminal.dat
736728=IfcFlowTerminal.dat
736798=IfcFlowTerminal.dat
736868=IfcFlowTerminal.dat
736938=IfcFlowTerminal.dat
737008=IfcFlowTerminal.dat
737078=IfcFlowTerminal.dat
737148=IfcFlowTerminal.dat
737218=IfcFlowTerminal.dat
737288=IfcFlowTerminal.dat
737358=IfcFlowTerminal.dat
737428=IfcFlowTerminal.dat
737498=IfcFlowTerminal.dat
737568=IfcFlowTerminal.dat
737638=IfcFlowTerminal.dat
737708=IfcFlowTerminal.dat
737778=IfcFlowTerminal.dat
737848=IfcFlowTerminal.dat
737918=IfcFlowTerminal.dat
737988=IfcFlowTerminal.dat
738058=IfcFlowTerminal.dat
738128=IfcFlowTerminal.dat
738198=IfcFlowTerminal.dat
738268=IfcFlowTerminal.dat
738338=IfcFlowTerminal.dat
738408=IfcFlowTerminal.dat
738478=IfcFlowTerminal.dat
738548=IfcFlowTerminal.dat
738618=IfcFlowTerminal.dat
738688=IfcFlowTerminal.dat
738758=IfcFlowTerminal.dat
738828=IfcFlowTerminal.dat
738898=IfcFlowTerminal.dat
738968=IfcFlowTerminal.dat
739038=IfcFlowTerminal.dat
739108=IfcFlowTerminal.dat
739178=IfcFlowTerminal.dat
739248=IfcFlowTerminal.dat
739318=IfcFlowTerminal.dat
739388=IfcFlowTerminal.dat
739458=IfcFlowTerminal.dat
739528=IfcFlowTerminal.dat
739598=IfcFlowTerminal.dat
739668=IfcFlowTerminal.dat
739738=IfcFlowTerminal.dat
739808=IfcFlowTerminal.dat
739878=IfcFlowTerminal.dat
739948=IfcFlowTerminal.dat
740018=IfcFlowTerminal.dat
740088=IfcFlowTerminal.dat
740158=IfcFlowTerminal.dat
740228=IfcFlowTerminal.dat
740298=IfcFlowTerminal.dat
740368=IfcFlowTerminal.dat
767388=IfcFlowTerminal.dat
767458=IfcFlowTerminal.dat
767528=IfcFlowTerminal.dat
767598=IfcFlowTerminal.dat
767668=IfcFlowTerminal.dat
767738=IfcFlowTerminal.dat
768998=IfcFlowTerminal.dat
769068=IfcFlowTerminal.dat
769138=IfcFlowTerminal.dat
769208=IfcFlowTerminal.dat
769278=IfcFlowTerminal.dat
769348=IfcFlowTerminal.dat
769418=IfcFlowTerminal.dat
769488=IfcFlowTerminal.dat
769558=IfcFlowTerminal.dat
769628=IfcFlowTerminal.dat
769698=IfcFlowTerminal.dat
769768=IfcFlowTerminal.dat
769838=IfcFlowTerminal.dat
769908=IfcFlowTerminal.dat
769978=IfcFlowTerminal.dat
770048=IfcFlowTerminal.dat
770118=IfcFlowTerminal.dat
770188=IfcFlowTerminal.dat
770258=IfcFlowTerminal.dat
770328=IfcFlowTerminal.dat
770398=IfcFlowTerminal.dat
770468=IfcFlowTerminal.dat
770538=IfcFlowTerminal.dat
770608=IfcFlowTerminal.dat
770678=IfcFlowTerminal.dat
770748=IfcFlowTerminal.dat
770818=IfcFlowTerminal.dat
770888=IfcFlowTerminal.dat
770958=IfcFlowTerminal.dat
771028=IfcFlowTerminal.dat
771098=IfcFlowTerminal.dat
771168=IfcFlowTerminal.dat
771238=IfcFlowTerminal.dat
771308=IfcFlowTerminal.dat
771378=IfcFlowTerminal.dat
771448=IfcFlowTerminal.dat
771518=IfcFlowTerminal.dat
771588=IfcFlowTerminal.dat
771658=IfcFlowTerminal.dat
771728=IfcFlowTerminal.dat
771798=IfcFlowTerminal.dat
771868=IfcFlowTerminal.dat
771938=IfcFlowTerminal.dat
772008=IfcFlowTerminal.dat
772078=IfcFlowTerminal.dat
772148=IfcFlowTerminal.dat
772218=IfcFlowTerminal.dat
772288=IfcFlowTerminal.dat
772358=IfcFlowTerminal.dat
772428=IfcFlowTerminal.dat
772498=IfcFlowTerminal.dat
772568=IfcFlowTerminal.dat
772638=IfcFlowTerminal.dat
772708=IfcFlowTerminal.dat
772778=IfcFlowTerminal.dat
772848=IfcFlowTerminal.dat
772918=IfcFlowTerminal.dat
772988=IfcFlowTerminal.dat
773058=IfcFlowTerminal.dat
773128=IfcFlowTerminal.dat
773198=IfcFlowTerminal.dat
773268=IfcFlowTerminal.dat
773338=IfcFlowTerminal.dat
773408=IfcFlowTerminal.dat
773478=IfcFlowTerminal.dat
773548=IfcFlowTerminal.dat
773618=IfcFlowTerminal.dat
773688=IfcFlowTerminal.dat
773758=IfcFlowTerminal.dat
773828=IfcFlowTerminal.dat
773898=IfcFlowTerminal.dat
773968=IfcFlowTerminal.dat
774038=IfcFlowTerminal.dat
774108=IfcFlowTerminal.dat
774178=IfcFlowTerminal.dat
774248=IfcFlowTerminal.dat
774318=IfcFlowTerminal.dat
774388=IfcFlowTerminal.dat
774458=IfcFlowTerminal.dat
774528=IfcFlowTerminal.dat
774598=IfcFlowTerminal.dat
774668=IfcFlowTerminal.dat
774738=IfcFlowTerminal.dat
774808=IfcFlowTerminal.dat
774878=IfcFlowTerminal.dat
774948=IfcFlowTerminal.dat
775018=IfcFlowTerminal.dat
775088=IfcFlowTerminal.dat
775158=IfcFlowTerminal.dat
775228=IfcFlowTerminal.dat
775298=IfcFlowTerminal.dat
775368=IfcFlowTerminal.dat
775438=IfcFlowTerminal.dat
775508=IfcFlowTerminal.dat
775578=IfcFlowTerminal.dat
775648=IfcFlowTerminal.dat
775718=IfcFlowTerminal.dat
775788=IfcFlowTerminal.dat
775858=IfcFlowTerminal.dat
775928=IfcFlowTerminal.dat
775998=IfcFlowTerminal.dat
776068=IfcFlowTerminal.dat
776138=IfcFlowTerminal.dat
776208=IfcFlowTerminal.dat
776278=IfcFlowTerminal.dat
776348=IfcFlowTerminal.dat
776418=IfcFlowTerminal.dat
776488=IfcFlowTerminal.dat
776558=IfcFlowTerminal.dat
776628=IfcFlowTerminal.dat
776698=IfcFlowTerminal.dat
776768=IfcFlowTerminal.dat
776838=IfcFlowTerminal.dat
776908=IfcFlowTerminal.dat
776978=IfcFlowTerminal.dat
777048=IfcFlowTerminal.dat
777118=IfcFlowTerminal.dat
777188=IfcFlowTerminal.dat
777258=IfcFlowTerminal.dat
777328=IfcFlowTerminal.dat
777398=IfcFlowTerminal.dat
777468=IfcFlowTerminal.dat
777538=IfcFlowTerminal.dat
777608=IfcFlowTerminal.dat
777678=IfcFlowTerminal.dat
777748=IfcFlowTerminal.dat
777818=IfcFlowTerminal.dat
777888=IfcFlowTerminal.dat
777958=IfcFlowTerminal.dat
778028=IfcFlowTerminal.dat
778098=IfcFlowTerminal.dat
778168=IfcFlowTerminal.dat
778238=IfcFlowTerminal.dat
778308=IfcFlowTerminal.dat
778378=IfcFlowTerminal.dat
778448=IfcFlowTerminal.dat
778518=IfcFlowTerminal.dat
778588=IfcFlowTerminal.dat
778658=IfcFlowTerminal.dat
778728=IfcFlowTerminal.dat
778798=IfcFlowTerminal.dat
778868=IfcFlowTerminal.dat
778938=IfcFlowTerminal.dat
779008=IfcFlowTerminal.dat
779078=IfcFlowTerminal.dat
779148=IfcFlowTerminal.dat
779218=IfcFlowTerminal.dat
779288=IfcFlowTerminal.dat
779358=IfcFlowTerminal.dat
779428=IfcFlowTerminal.dat
779498=IfcFlowTerminal.dat
779568=IfcFlowTerminal.dat
779638=IfcFlowTerminal.dat
779708=IfcFlowTerminal.dat
779778=IfcFlowTerminal.dat
779848=IfcFlowTerminal.dat
779918=IfcFlowTerminal.dat
779988=IfcFlowTerminal.dat
780058=IfcFlowTerminal.dat
780128=IfcFlowTerminal.dat
780198=IfcFlowTerminal.dat
780268=IfcFlowTerminal.dat
780338=IfcFlowTerminal.dat
780408=IfcFlowTerminal.dat
780478=IfcFlowTerminal.dat
780548=IfcFlowTerminal.dat
780618=IfcFlowTerminal.dat
780688=IfcFlowTerminal.dat
780758=IfcFlowTerminal.dat
780828=IfcFlowTerminal.dat
780898=IfcFlowTerminal.dat
780968=IfcFlowTerminal.dat
781038=IfcFlowTerminal.dat
781108=IfcFlowTerminal.dat
781178=IfcFlowTerminal.dat
781248=IfcFlowTerminal.dat
781318=IfcFlowTerminal.dat
781388=IfcFlowTerminal.dat
781458=IfcFlowTerminal.dat
781528=IfcFlowTerminal.dat
781598=IfcFlowTerminal.dat
781668=IfcFlowTerminal.dat
781738=IfcFlowTerminal.dat
781808=IfcFlowTerminal.dat
781878=IfcFlowTerminal.dat
781948=IfcFlowTerminal.dat
782018=IfcFlowTerminal.dat
782088=IfcFlowTerminal.dat
782158=IfcFlowTerminal.dat
782228=IfcFlowTerminal.dat
782298=IfcFlowTerminal.dat
782368=IfcFlowTerminal.dat
782438=IfcFlowTerminal.dat
782508=IfcFlowTerminal.dat
782578=IfcFlowTerminal.dat
782648=IfcFlowTerminal.dat
782718=IfcFlowTerminal.dat
782788=IfcFlowTerminal.dat
782858=IfcFlowTerminal.dat
782928=IfcFlowTerminal.dat
782998=IfcFlowTerminal.dat
783068=IfcFlowTerminal.dat
783138=IfcFlowTerminal.dat
783208=IfcFlowTerminal.dat
783278=IfcFlowTerminal.dat
783348=IfcFlowTerminal.dat
783418=IfcFlowTerminal.dat
783488=IfcFlowTerminal.dat
783558=IfcFlowTerminal.dat
783628=IfcFlowTerminal.dat
783698=IfcFlowTerminal.dat
783768=IfcFlowTerminal.dat
783838=IfcFlowTerminal.dat
783908=IfcFlowTerminal.dat
783978=IfcFlowTerminal.dat
784048=IfcFlowTerminal.dat
784118=IfcFlowTerminal.dat
784188=IfcFlowTerminal.dat
784258=IfcFlowTerminal.dat
784328=IfcFlowTerminal.dat
784398=IfcFlowTerminal.dat
784468=IfcFlowTerminal.dat
784538=IfcFlowTerminal.dat
784608=IfcFlowTerminal.dat
784678=IfcFlowTerminal.dat
784748=IfcFlowTerminal.dat
784818=IfcFlowTerminal.dat
784888=IfcFlowTerminal.dat
784958=IfcFlowTerminal.dat
785028=IfcFlowTerminal.dat
785098=IfcFlowTerminal.dat
785168=IfcFlowTerminal.dat
785238=IfcFlowTerminal.dat
785308=IfcFlowTerminal.dat
785378=IfcFlowTerminal.dat
785448=IfcFlowTerminal.dat
785518=IfcFlowTerminal.dat
785588=IfcFlowTerminal.dat
785658=IfcFlowTerminal.dat
785728=IfcFlowTerminal.dat
785798=IfcFlowTerminal.dat
785868=IfcFlowTerminal.dat
785938=IfcFlowTerminal.dat
786008=IfcFlowTerminal.dat
786078=IfcFlowTerminal.dat
786148=IfcFlowTerminal.dat
786218=IfcFlowTerminal.dat
786288=IfcFlowTerminal.dat
786358=IfcFlowTerminal.dat
786428=IfcFlowTerminal.dat
786498=IfcFlowTerminal.dat
786568=IfcFlowTerminal.dat
786638=IfcFlowTerminal.dat
786708=IfcFlowTerminal.dat
786778=IfcFlowTerminal.dat
786848=IfcFlowTerminal.dat
786918=IfcFlowTerminal.dat
786988=IfcFlowTerminal.dat
787058=IfcFlowTerminal.dat
787128=IfcFlowTerminal.dat
787198=IfcFlowTerminal.dat
787268=IfcFlowTerminal.dat
787338=IfcFlowTerminal.dat
787408=IfcFlowTerminal.dat
787478=IfcFlowTerminal.dat
787548=IfcFlowTerminal.dat
787618=IfcFlowTerminal.dat
787688=IfcFlowTerminal.dat
787758=IfcFlowTerminal.dat
787828=IfcFlowTerminal.dat
787898=IfcFlowTerminal.dat
787968=IfcFlowTerminal.dat
788038=IfcFlowTerminal.dat
788108=IfcFlowTerminal.dat
788178=IfcFlowTerminal.dat
788248=IfcFlowTerminal.dat
788318=IfcFlowTerminal.dat
788388=IfcFlowTerminal.dat
788458=IfcFlowTerminal.dat
788528=IfcFlowTerminal.dat
788598=IfcFlowTerminal.dat
788668=IfcFlowTerminal.dat
788738=IfcFlowTerminal.dat
788808=IfcFlowTerminal.dat
788878=IfcFlowTerminal.dat
788948=IfcFlowTerminal.dat
789018=IfcFlowTerminal.dat
789088=IfcFlowTerminal.dat
789158=IfcFlowTerminal.dat
789228=IfcFlowTerminal.dat
789298=IfcFlowTerminal.dat
789368=IfcFlowTerminal.dat
789438=IfcFlowTerminal.dat
789508=IfcFlowTerminal.dat
789578=IfcFlowTerminal.dat
789648=IfcFlowTerminal.dat
789718=IfcFlowTerminal.dat
789788=IfcFlowTerminal.dat
789858=IfcFlowTerminal.dat
789928=IfcFlowTerminal.dat
789998=IfcFlowTerminal.dat
790068=IfcFlowTerminal.dat
790138=IfcFlowTerminal.dat
790208=IfcFlowTerminal.dat
790278=IfcFlowTerminal.dat
790348=IfcFlowTerminal.dat
790418=IfcFlowTerminal.dat
790488=IfcFlowTerminal.dat
790558=IfcFlowTerminal.dat
790628=IfcFlowTerminal.dat
790698=IfcFlowTerminal.dat
790768=IfcFlowTerminal.dat
790838=IfcFlowTerminal.dat
790908=IfcFlowTerminal.dat
790978=IfcFlowTerminal.dat
791048=IfcFlowTerminal.dat
791118=IfcFlowTerminal.dat
791188=IfcFlowTerminal.dat
791258=IfcFlowTerminal.dat
791328=IfcFlowTerminal.dat
791398=IfcFlowTerminal.dat
791468=IfcFlowTerminal.dat
783021=IfcMember.dat
783203=IfcMember.dat
950455=IfcMember.dat
950702=IfcMember.dat
2481841=IfcRailing.dat
2486648=IfcRailing.dat
2550519=IfcRailing.dat
2557656=IfcRailing.dat
782575=IfcStairFlight.dat
942941=IfcStairFlight.dat
945917=IfcStairFlight.dat
948722=IfcStairFlight.dat
949800=IfcStairFlight.dat
