1102=IfcBeam.dat
12338=IfcBeam.dat
12679=IfcBeam.dat
12791=IfcBeam.dat
12895=IfcBeam.dat
13007=IfcBeam.dat
1301=IfcBeam.dat
15727=IfcBeam.dat
16071=IfcBeam.dat
16169=IfcBeam.dat
16859=IfcBeam.dat
1762266=IfcBeam.dat
1774644=IfcBeam.dat
1776737=IfcBeam.dat
1782258=IfcBeam.dat
1785842=IfcBeam.dat
1789239=IfcBeam.dat
1794306=IfcBeam.dat
1795576=IfcBeam.dat
1809113=IfcBeam.dat
1809215=IfcBeam.dat
1809308=IfcBeam.dat
1809433=IfcBeam.dat
1809716=IfcBeam.dat
1809799=IfcBeam.dat
1809892=IfcBeam.dat
1809986=IfcBeam.dat
1810185=IfcBeam.dat
1810269=IfcBeam.dat
1810353=IfcBeam.dat
1810562=IfcBeam.dat
1810646=IfcBeam.dat
1810730=IfcBeam.dat
1811477=IfcBeam.dat
1811560=IfcBeam.dat
1811708=IfcBeam.dat
1811903=IfcBeam.dat
1811987=IfcBeam.dat
1812081=IfcBeam.dat
1821888=IfcBeam.dat
1830869=IfcBeam.dat
1841858=IfcBeam.dat
1842985=IfcBeam.dat
19599=IfcBeam.dat
2127397=IfcBeam.dat
2131195=IfcBeam.dat
2133760=IfcBeam.dat
2134078=IfcBeam.dat
23488=IfcBeam.dat
23605=IfcBeam.dat
23722=IfcBeam.dat
23801=IfcBeam.dat
23899=IfcBeam.dat
23978=IfcBeam.dat
2402469=IfcBeam.dat
2402705=IfcBeam.dat
2402904=IfcBeam.dat
2403086=IfcBeam.dat
2403341=IfcBeam.dat
2403637=IfcBeam.dat
2403973=IfcBeam.dat
2404080=IfcBeam.dat
2404315=IfcBeam.dat
2404542=IfcBeam.dat
2405032=IfcBeam.dat
2405289=IfcBeam.dat
2405511=IfcBeam.dat
2405701=IfcBeam.dat
24057=IfcBeam.dat
2405806=IfcBeam.dat
2405900=IfcBeam.dat
2406081=IfcBeam.dat
24136=IfcBeam.dat
24215=IfcBeam.dat
24332=IfcBeam.dat
24468=IfcBeam.dat
24604=IfcBeam.dat
24717=IfcBeam.dat
24796=IfcBeam.dat
24875=IfcBeam.dat
24974=IfcBeam.dat
25073=IfcBeam.dat
2510=IfcBeam.dat
25154=IfcBeam.dat
25233=IfcBeam.dat
25350=IfcBeam.dat
2672640=IfcBeam.dat
2676094=IfcBeam.dat
2676347=IfcBeam.dat
2676556=IfcBeam.dat
2676799=IfcBeam.dat
2694544=IfcBeam.dat
2694661=IfcBeam.dat
2694759=IfcBeam.dat
2694838=IfcBeam.dat
2694936=IfcBeam.dat
2695015=IfcBeam.dat
2695094=IfcBeam.dat
2695173=IfcBeam.dat
2695271=IfcBeam.dat
2695388=IfcBeam.dat
2695524=IfcBeam.dat
2695660=IfcBeam.dat
2695773=IfcBeam.dat
2695852=IfcBeam.dat
2695931=IfcBeam.dat
2696030=IfcBeam.dat
2696129=IfcBeam.dat
2696297=IfcBeam.dat
2696376=IfcBeam.dat
2696493=IfcBeam.dat
2702895=IfcBeam.dat
2704982=IfcBeam.dat
2705065=IfcBeam.dat
2706501=IfcBeam.dat
2706785=IfcBeam.dat
2707140=IfcBeam.dat
2707380=IfcBeam.dat
2707595=IfcBeam.dat
2707832=IfcBeam.dat
2708043=IfcBeam.dat
2708330=IfcBeam.dat
2708708=IfcBeam.dat
2708843=IfcBeam.dat
2709128=IfcBeam.dat
2709284=IfcBeam.dat
2709462=IfcBeam.dat
2709553=IfcBeam.dat
2709677=IfcBeam.dat
2709781=IfcBeam.dat
2711763=IfcBeam.dat
2712081=IfcBeam.dat
27133=IfcBeam.dat
2726076=IfcBeam.dat
2726767=IfcBeam.dat
2726964=IfcBeam.dat
2727064=IfcBeam.dat
2727319=IfcBeam.dat
2727605=IfcBeam.dat
2727819=IfcBeam.dat
30011=IfcBeam.dat
30102=IfcBeam.dat
31048=IfcBeam.dat
31237=IfcBeam.dat
31373=IfcBeam.dat
31454=IfcBeam.dat
31538=IfcBeam.dat
31666=IfcBeam.dat
31877=IfcBeam.dat
32011=IfcBeam.dat
32142=IfcBeam.dat
32275=IfcBeam.dat
32488=IfcBeam.dat
32579=IfcBeam.dat
32668=IfcBeam.dat
32749=IfcBeam.dat
32852=IfcBeam.dat
32946=IfcBeam.dat
33028=IfcBeam.dat
33129=IfcBeam.dat
3577=IfcBeam.dat
37145=IfcBeam.dat
37246=IfcBeam.dat
37346=IfcBeam.dat
37446=IfcBeam.dat
37605=IfcBeam.dat
37819=IfcBeam.dat
142840=IfcSlab.dat
1574852=IfcSlab.dat
1703368=IfcSlab.dat
20355=IfcSlab.dat
2401339=IfcSlab.dat
2711012=IfcSlab.dat
2716330=IfcSlab.dat
2726308=IfcSlab.dat
36391=IfcSlab.dat
36631=IfcSlab.dat
1704537=IfcWall.dat
2386336=IfcWall.dat
4791=IfcWall.dat
10522=IfcWallStandardCase.dat
10576=IfcWallStandardCase.dat
10789=IfcWallStandardCase.dat
10916=IfcWallStandardCase.dat
10977=IfcWallStandardCase.dat
11233=IfcWallStandardCase.dat
11368=IfcWallStandardCase.dat
11485=IfcWallStandardCase.dat
11737=IfcWallStandardCase.dat
11799=IfcWallStandardCase.dat
12124=IfcWallStandardCase.dat
12189=IfcWallStandardCase.dat
12590=IfcWallStandardCase.dat
12655=IfcWallStandardCase.dat
13595=IfcWallStandardCase.dat
14585=IfcWallStandardCase.dat
1482196=IfcWallStandardCase.dat
1482328=IfcWallStandardCase.dat
14845=IfcWallStandardCase.dat
1660994=IfcWallStandardCase.dat
1703481=IfcWallStandardCase.dat
1703567=IfcWallStandardCase.dat
1703634=IfcWallStandardCase.dat
1703701=IfcWallStandardCase.dat
1703779=IfcWallStandardCase.dat
1703855=IfcWallStandardCase.dat
1703930=IfcWallStandardCase.dat
1704044=IfcWallStandardCase.dat
1704135=IfcWallStandardCase.dat
1704221=IfcWallStandardCase.dat
1704305=IfcWallStandardCase.dat
1704396=IfcWallStandardCase.dat
1704624=IfcWallStandardCase.dat
1704714=IfcWallStandardCase.dat
1704823=IfcWallStandardCase.dat
1704907=IfcWallStandardCase.dat
1704995=IfcWallStandardCase.dat
1705062=IfcWallStandardCase.dat
1705157=IfcWallStandardCase.dat
1705250=IfcWallStandardCase.dat
1705728=IfcWallStandardCase.dat
1745059=IfcWallStandardCase.dat
1745297=IfcWallStandardCase.dat
1745498=IfcWallStandardCase.dat
1749841=IfcWallStandardCase.dat
17775=IfcWallStandardCase.dat
1796330=IfcWallStandardCase.dat
1796525=IfcWallStandardCase.dat
1796590=IfcWallStandardCase.dat
1796655=IfcWallStandardCase.dat
1796720=IfcWallStandardCase.dat
1796785=IfcWallStandardCase.dat
1796850=IfcWallStandardCase.dat
1796915=IfcWallStandardCase.dat
1796980=IfcWallStandardCase.dat
1797056=IfcWallStandardCase.dat
1797132=IfcWallStandardCase.dat
1797206=IfcWallStandardCase.dat
1797280=IfcWallStandardCase.dat
1797345=IfcWallStandardCase.dat
1797410=IfcWallStandardCase.dat
1797475=IfcWallStandardCase.dat
1797540=IfcWallStandardCase.dat
1797605=IfcWallStandardCase.dat
1797670=IfcWallStandardCase.dat
1797735=IfcWallStandardCase.dat
1797800=IfcWallStandardCase.dat
18473=IfcWallStandardCase.dat
1920377=IfcWallStandardCase.dat
2155940=IfcWallStandardCase.dat
2160789=IfcWallStandardCase.dat
2160860=IfcWallStandardCase.dat
2161010=IfcWallStandardCase.dat
2161083=IfcWallStandardCase.dat
2161220=IfcWallStandardCase.dat
2161293=IfcWallStandardCase.dat
2219008=IfcWallStandardCase.dat
2221811=IfcWallStandardCase.dat
2305703=IfcWallStandardCase.dat
2305967=IfcWallStandardCase.dat
2309091=IfcWallStandardCase.dat
2310035=IfcWallStandardCase.dat
2384015=IfcWallStandardCase.dat
2386409=IfcWallStandardCase.dat
2386483=IfcWallStandardCase.dat
24470=IfcWallStandardCase.dat
24543=IfcWallStandardCase.dat
24618=IfcWallStandardCase.dat
250869=IfcWallStandardCase.dat
250963=IfcWallStandardCase.dat
251025=IfcWallStandardCase.dat
251087=IfcWallStandardCase.dat
251149=IfcWallStandardCase.dat
251211=IfcWallStandardCase.dat
251273=IfcWallStandardCase.dat
251335=IfcWallStandardCase.dat
251397=IfcWallStandardCase.dat
251459=IfcWallStandardCase.dat
2622311=IfcWallStandardCase.dat
2622443=IfcWallStandardCase.dat
2670244=IfcWallStandardCase.dat
2670424=IfcWallStandardCase.dat
2670536=IfcWallStandardCase.dat
2716607=IfcWallStandardCase.dat
2716860=IfcWallStandardCase.dat
2720183=IfcWallStandardCase.dat
2720307=IfcWallStandardCase.dat
2720379=IfcWallStandardCase.dat
2720443=IfcWallStandardCase.dat
2720537=IfcWallStandardCase.dat
2745005=IfcWallStandardCase.dat
2756776=IfcWallStandardCase.dat
2756839=IfcWallStandardCase.dat
2757110=IfcWallStandardCase.dat
28767=IfcWallStandardCase.dat
36917=IfcWallStandardCase.dat
370686=IfcWallStandardCase.dat
370766=IfcWallStandardCase.dat
370850=IfcWallStandardCase.dat
370934=IfcWallStandardCase.dat
370997=IfcWallStandardCase.dat
371081=IfcWallStandardCase.dat
371171=IfcWallStandardCase.dat
371251=IfcWallStandardCase.dat
371331=IfcWallStandardCase.dat
371394=IfcWallStandardCase.dat
371457=IfcWallStandardCase.dat
371520=IfcWallStandardCase.dat
371583=IfcWallStandardCase.dat
371646=IfcWallStandardCase.dat
371709=IfcWallStandardCase.dat
371772=IfcWallStandardCase.dat
371835=IfcWallStandardCase.dat
371918=IfcWallStandardCase.dat
372002=IfcWallStandardCase.dat
372084=IfcWallStandardCase.dat
372166=IfcWallStandardCase.dat
372252=IfcWallStandardCase.dat
372334=IfcWallStandardCase.dat
372420=IfcWallStandardCase.dat
372504=IfcWallStandardCase.dat
372578=IfcWallStandardCase.dat
372641=IfcWallStandardCase.dat
372721=IfcWallStandardCase.dat
372784=IfcWallStandardCase.dat
372847=IfcWallStandardCase.dat
372929=IfcWallStandardCase.dat
373019=IfcWallStandardCase.dat
373101=IfcWallStandardCase.dat
373181=IfcWallStandardCase.dat
373263=IfcWallStandardCase.dat
373355=IfcWallStandardCase.dat
373437=IfcWallStandardCase.dat
373517=IfcWallStandardCase.dat
373609=IfcWallStandardCase.dat
373693=IfcWallStandardCase.dat
373775=IfcWallStandardCase.dat
373857=IfcWallStandardCase.dat
373941=IfcWallStandardCase.dat
374025=IfcWallStandardCase.dat
374109=IfcWallStandardCase.dat
374191=IfcWallStandardCase.dat
374275=IfcWallStandardCase.dat
374355=IfcWallStandardCase.dat
374439=IfcWallStandardCase.dat
374523=IfcWallStandardCase.dat
374603=IfcWallStandardCase.dat
374683=IfcWallStandardCase.dat
374763=IfcWallStandardCase.dat
374826=IfcWallStandardCase.dat
374906=IfcWallStandardCase.dat
374969=IfcWallStandardCase.dat
375033=IfcWallStandardCase.dat
375098=IfcWallStandardCase.dat
375163=IfcWallStandardCase.dat
375228=IfcWallStandardCase.dat
375310=IfcWallStandardCase.dat
375373=IfcWallStandardCase.dat
375436=IfcWallStandardCase.dat
375500=IfcWallStandardCase.dat
375565=IfcWallStandardCase.dat
375637=IfcWallStandardCase.dat
375701=IfcWallStandardCase.dat
375765=IfcWallStandardCase.dat
375830=IfcWallStandardCase.dat
4542=IfcWallStandardCase.dat
4605=IfcWallStandardCase.dat
4670=IfcWallStandardCase.dat
4735=IfcWallStandardCase.dat
4800=IfcWallStandardCase.dat
4872=IfcWallStandardCase.dat
4937=IfcWallStandardCase.dat
5002=IfcWallStandardCase.dat
5067=IfcWallStandardCase.dat
5132=IfcWallStandardCase.dat
5197=IfcWallStandardCase.dat
52250=IfcWallStandardCase.dat
5262=IfcWallStandardCase.dat
5327=IfcWallStandardCase.dat
5392=IfcWallStandardCase.dat
5457=IfcWallStandardCase.dat
5522=IfcWallStandardCase.dat
798258=IfcWallStandardCase.dat
798331=IfcWallStandardCase.dat
798406=IfcWallStandardCase.dat
798470=IfcWallStandardCase.dat
798534=IfcWallStandardCase.dat
801399=IfcWallStandardCase.dat
802238=IfcWallStandardCase.dat
803340=IfcWallStandardCase.dat
