1257786=IfcBuildingElementProxy.dat
1515003=IfcBuildingElementProxy.dat
1515149=IfcBuildingElementProxy.dat
1565829=IfcBuildingElementProxy.dat
1612384=IfcBuildingElementProxy.dat
1638559=IfcBuildingElementProxy.dat
1795681=IfcBuildingElementProxy.dat
1876370=IfcBuildingElementProxy.dat
1876611=IfcBuildingElementProxy.dat
1880130=IfcBuildingElementProxy.dat
1895934=IfcBuildingElementProxy.dat
1896175=IfcBuildingElementProxy.dat
1896360=IfcBuildingElementProxy.dat
1896545=IfcBuildingElementProxy.dat
1896786=IfcBuildingElementProxy.dat
1897212=IfcBuildingElementProxy.dat
1898810=IfcBuildingElementProxy.dat
1898990=IfcBuildingElementProxy.dat
1899228=IfcBuildingElementProxy.dat
1902344=IfcBuildingElementProxy.dat
1929892=IfcBuildingElementProxy.dat
1982918=IfcBuildingElementProxy.dat
1983010=IfcBuildingElementProxy.dat
1983110=IfcBuildingElementProxy.dat
2355875=IfcBuildingElementProxy.dat
2356073=IfcBuildingElementProxy.dat
2524450=IfcBuildingElementProxy.dat
253349=IfcBuildingElementProxy.dat
253483=IfcBuildingElementProxy.dat
253524=IfcBuildingElementProxy.dat
253565=IfcBuildingElementProxy.dat
2714529=IfcBuildingElementProxy.dat
2716697=IfcBuildingElementProxy.dat
2716741=IfcBuildingElementProxy.dat
2716784=IfcBuildingElementProxy.dat
2984347=IfcBuildingElementProxy.dat
3003545=IfcBuildingElementProxy.dat
3003768=IfcBuildingElementProxy.dat
3004214=IfcBuildingElementProxy.dat
3004273=IfcBuildingElementProxy.dat
1665=IfcColumn.dat
1705623=IfcColumn.dat
1766233=IfcColumn.dat
1766340=IfcColumn.dat
1766423=IfcColumn.dat
1836289=IfcColumn.dat
1836477=IfcColumn.dat
1836582=IfcColumn.dat
1838035=IfcColumn.dat
21221=IfcColumn.dat
21563=IfcColumn.dat
2161=IfcColumn.dat
21957=IfcColumn.dat
22582=IfcColumn.dat
2410046=IfcColumn.dat
2711271=IfcColumn.dat
2718972=IfcColumn.dat
370215=IfcColumn.dat
47847=IfcColumn.dat
48060=IfcColumn.dat
48277=IfcColumn.dat
48466=IfcColumn.dat
48635=IfcColumn.dat
48796=IfcColumn.dat
48979=IfcColumn.dat
49152=IfcColumn.dat
49232=IfcColumn.dat
49306=IfcColumn.dat
49485=IfcColumn.dat
49708=IfcColumn.dat
49899=IfcColumn.dat
50062=IfcColumn.dat
50279=IfcColumn.dat
50353=IfcColumn.dat
50536=IfcColumn.dat
50755=IfcColumn.dat
50916=IfcColumn.dat
51096=IfcColumn.dat
51171=IfcColumn.dat
51234=IfcColumn.dat
51315=IfcColumn.dat
51374=IfcColumn.dat
51531=IfcColumn.dat
51623=IfcColumn.dat
51770=IfcColumn.dat
51851=IfcColumn.dat
2740827=IfcCovering.dat
2740978=IfcCovering.dat
1002872=IfcDoor.dat
1002961=IfcDoor.dat
1041875=IfcDoor.dat
1064279=IfcDoor.dat
1108607=IfcDoor.dat
1169212=IfcDoor.dat
1174552=IfcDoor.dat
1179893=IfcDoor.dat
1179982=IfcDoor.dat
1180034=IfcDoor.dat
1180087=IfcDoor.dat
1185391=IfcDoor.dat
1185480=IfcDoor.dat
1185534=IfcDoor.dat
1185588=IfcDoor.dat
1185642=IfcDoor.dat
1185696=IfcDoor.dat
1185749=IfcDoor.dat
1224558=IfcDoor.dat
1263403=IfcDoor.dat
1268748=IfcDoor.dat
1268837=IfcDoor.dat
1274142=IfcDoor.dat
1274231=IfcDoor.dat
1279536=IfcDoor.dat
1284876=IfcDoor.dat
1290216=IfcDoor.dat
1290271=IfcDoor.dat
1290325=IfcDoor.dat
1295631=IfcDoor.dat
1295720=IfcDoor.dat
1295774=IfcDoor.dat
1528471=IfcDoor.dat
1705784=IfcDoor.dat
1705841=IfcDoor.dat
1705898=IfcDoor.dat
1705955=IfcDoor.dat
1706012=IfcDoor.dat
1706069=IfcDoor.dat
1744879=IfcDoor.dat
1744972=IfcDoor.dat
1745115=IfcDoor.dat
1745172=IfcDoor.dat
1745229=IfcDoor.dat
1920247=IfcDoor.dat
2718099=IfcDoor.dat
101400=IfcFlowFitting.dat
1019373=IfcFlowFitting.dat
1020571=IfcFlowFitting.dat
102570=IfcFlowFitting.dat
1072545=IfcFlowFitting.dat
1072657=IfcFlowFitting.dat
107500=IfcFlowFitting.dat
108858=IfcFlowFitting.dat
108937=IfcFlowFitting.dat
1103953=IfcFlowFitting.dat
110814=IfcFlowFitting.dat
111546=IfcFlowFitting.dat
111917=IfcFlowFitting.dat
111998=IfcFlowFitting.dat
112427=IfcFlowFitting.dat
112506=IfcFlowFitting.dat
1141336=IfcFlowFitting.dat
117138=IfcFlowFitting.dat
11896=IfcFlowFitting.dat
1207182=IfcFlowFitting.dat
1207467=IfcFlowFitting.dat
1207729=IfcFlowFitting.dat
1207837=IfcFlowFitting.dat
1207924=IfcFlowFitting.dat
1208474=IfcFlowFitting.dat
1208753=IfcFlowFitting.dat
1209917=IfcFlowFitting.dat
1210104=IfcFlowFitting.dat
1212543=IfcFlowFitting.dat
1213583=IfcFlowFitting.dat
1213767=IfcFlowFitting.dat
1214135=IfcFlowFitting.dat
1214419=IfcFlowFitting.dat
1215369=IfcFlowFitting.dat
1215548=IfcFlowFitting.dat
1215744=IfcFlowFitting.dat
1216034=IfcFlowFitting.dat
1216218=IfcFlowFitting.dat
1216504=IfcFlowFitting.dat
1216904=IfcFlowFitting.dat
1218402=IfcFlowFitting.dat
1218679=IfcFlowFitting.dat
1218927=IfcFlowFitting.dat
1219090=IfcFlowFitting.dat
1219193=IfcFlowFitting.dat
1220069=IfcFlowFitting.dat
1220219=IfcFlowFitting.dat
1220677=IfcFlowFitting.dat
123935=IfcFlowFitting.dat
1255991=IfcFlowFitting.dat
1256171=IfcFlowFitting.dat
1256479=IfcFlowFitting.dat
1256558=IfcFlowFitting.dat
1256639=IfcFlowFitting.dat
1257015=IfcFlowFitting.dat
1257106=IfcFlowFitting.dat
1257490=IfcFlowFitting.dat
1257682=IfcFlowFitting.dat
1258054=IfcFlowFitting.dat
1258142=IfcFlowFitting.dat
1258426=IfcFlowFitting.dat
1258517=IfcFlowFitting.dat
1258715=IfcFlowFitting.dat
1258803=IfcFlowFitting.dat
1351=IfcFlowFitting.dat
138582=IfcFlowFitting.dat
140603=IfcFlowFitting.dat
140856=IfcFlowFitting.dat
158433=IfcFlowFitting.dat
1586880=IfcFlowFitting.dat
1590565=IfcFlowFitting.dat
1615922=IfcFlowFitting.dat
1616995=IfcFlowFitting.dat
1617103=IfcFlowFitting.dat
162828=IfcFlowFitting.dat
1642583=IfcFlowFitting.dat
1642690=IfcFlowFitting.dat
1684636=IfcFlowFitting.dat
173364=IfcFlowFitting.dat
177597=IfcFlowFitting.dat
1799060=IfcFlowFitting.dat
1799360=IfcFlowFitting.dat
1802768=IfcFlowFitting.dat
1802939=IfcFlowFitting.dat
1803139=IfcFlowFitting.dat
1803303=IfcFlowFitting.dat
1805610=IfcFlowFitting.dat
180775=IfcFlowFitting.dat
1808044=IfcFlowFitting.dat
1808124=IfcFlowFitting.dat
1808743=IfcFlowFitting.dat
1808938=IfcFlowFitting.dat
1809216=IfcFlowFitting.dat
1809303=IfcFlowFitting.dat
1809485=IfcFlowFitting.dat
181746=IfcFlowFitting.dat
1828481=IfcFlowFitting.dat
182972=IfcFlowFitting.dat
1839154=IfcFlowFitting.dat
1839587=IfcFlowFitting.dat
1839656=IfcFlowFitting.dat
1841601=IfcFlowFitting.dat
1841677=IfcFlowFitting.dat
1841933=IfcFlowFitting.dat
1842010=IfcFlowFitting.dat
1843057=IfcFlowFitting.dat
1843138=IfcFlowFitting.dat
1843219=IfcFlowFitting.dat
187026=IfcFlowFitting.dat
190198=IfcFlowFitting.dat
190660=IfcFlowFitting.dat
1983445=IfcFlowFitting.dat
1983526=IfcFlowFitting.dat
1983690=IfcFlowFitting.dat
1985711=IfcFlowFitting.dat
1985790=IfcFlowFitting.dat
2135600=IfcFlowFitting.dat
2136806=IfcFlowFitting.dat
2143530=IfcFlowFitting.dat
2148166=IfcFlowFitting.dat
2148529=IfcFlowFitting.dat
2174079=IfcFlowFitting.dat
218930=IfcFlowFitting.dat
2194719=IfcFlowFitting.dat
2211373=IfcFlowFitting.dat
223865=IfcFlowFitting.dat
2243400=IfcFlowFitting.dat
2291674=IfcFlowFitting.dat
233586=IfcFlowFitting.dat
2355583=IfcFlowFitting.dat
2355777=IfcFlowFitting.dat
2356228=IfcFlowFitting.dat
2356388=IfcFlowFitting.dat
2356490=IfcFlowFitting.dat
2359856=IfcFlowFitting.dat
2361749=IfcFlowFitting.dat
2362014=IfcFlowFitting.dat
2362118=IfcFlowFitting.dat
2362206=IfcFlowFitting.dat
2362469=IfcFlowFitting.dat
2362685=IfcFlowFitting.dat
2362881=IfcFlowFitting.dat
2363271=IfcFlowFitting.dat
2363450=IfcFlowFitting.dat
2363629=IfcFlowFitting.dat
2363777=IfcFlowFitting.dat
2364071=IfcFlowFitting.dat
2364522=IfcFlowFitting.dat
2364790=IfcFlowFitting.dat
2365004=IfcFlowFitting.dat
2365093=IfcFlowFitting.dat
2365288=IfcFlowFitting.dat
2369185=IfcFlowFitting.dat
2369374=IfcFlowFitting.dat
2369661=IfcFlowFitting.dat
2369947=IfcFlowFitting.dat
2376267=IfcFlowFitting.dat
2376931=IfcFlowFitting.dat
238518=IfcFlowFitting.dat
238607=IfcFlowFitting.dat
2532322=IfcFlowFitting.dat
2637868=IfcFlowFitting.dat
2656893=IfcFlowFitting.dat
2657001=IfcFlowFitting.dat
2657111=IfcFlowFitting.dat
2657219=IfcFlowFitting.dat
2657761=IfcFlowFitting.dat
2657869=IfcFlowFitting.dat
2657979=IfcFlowFitting.dat
2658087=IfcFlowFitting.dat
2658629=IfcFlowFitting.dat
2658737=IfcFlowFitting.dat
2658847=IfcFlowFitting.dat
2658955=IfcFlowFitting.dat
2659497=IfcFlowFitting.dat
2659605=IfcFlowFitting.dat
2659715=IfcFlowFitting.dat
2659823=IfcFlowFitting.dat
2660365=IfcFlowFitting.dat
2660473=IfcFlowFitting.dat
2660583=IfcFlowFitting.dat
2660691=IfcFlowFitting.dat
2661231=IfcFlowFitting.dat
2661341=IfcFlowFitting.dat
2661449=IfcFlowFitting.dat
273575=IfcFlowFitting.dat
273655=IfcFlowFitting.dat
273823=IfcFlowFitting.dat
273902=IfcFlowFitting.dat
274149=IfcFlowFitting.dat
274310=IfcFlowFitting.dat
274471=IfcFlowFitting.dat
274724=IfcFlowFitting.dat
274803=IfcFlowFitting.dat
276702=IfcFlowFitting.dat
276782=IfcFlowFitting.dat
277028=IfcFlowFitting.dat
277104=IfcFlowFitting.dat
277605=IfcFlowFitting.dat
277681=IfcFlowFitting.dat
278012=IfcFlowFitting.dat
278088=IfcFlowFitting.dat
278164=IfcFlowFitting.dat
278240=IfcFlowFitting.dat
278744=IfcFlowFitting.dat
278820=IfcFlowFitting.dat
279066=IfcFlowFitting.dat
279142=IfcFlowFitting.dat
279303=IfcFlowFitting.dat
279549=IfcFlowFitting.dat
279625=IfcFlowFitting.dat
279786=IfcFlowFitting.dat
279862=IfcFlowFitting.dat
281596=IfcFlowFitting.dat
281674=IfcFlowFitting.dat
283213=IfcFlowFitting.dat
283291=IfcFlowFitting.dat
283538=IfcFlowFitting.dat
283784=IfcFlowFitting.dat
283860=IfcFlowFitting.dat
286249=IfcFlowFitting.dat
286326=IfcFlowFitting.dat
286402=IfcFlowFitting.dat
286562=IfcFlowFitting.dat
288010=IfcFlowFitting.dat
288189=IfcFlowFitting.dat
288349=IfcFlowFitting.dat
288509=IfcFlowFitting.dat
288752=IfcFlowFitting.dat
289249=IfcFlowFitting.dat
289409=IfcFlowFitting.dat
289569=IfcFlowFitting.dat
289729=IfcFlowFitting.dat
289974=IfcFlowFitting.dat
290220=IfcFlowFitting.dat
290296=IfcFlowFitting.dat
290455=IfcFlowFitting.dat
2906229=IfcFlowFitting.dat
290952=IfcFlowFitting.dat
291112=IfcFlowFitting.dat
2911429=IfcFlowFitting.dat
2912132=IfcFlowFitting.dat
291272=IfcFlowFitting.dat
291432=IfcFlowFitting.dat
291590=IfcFlowFitting.dat
292087=IfcFlowFitting.dat
292247=IfcFlowFitting.dat
292407=IfcFlowFitting.dat
292567=IfcFlowFitting.dat
292812=IfcFlowFitting.dat
292973=IfcFlowFitting.dat
293134=IfcFlowFitting.dat
2952151=IfcFlowFitting.dat
2952259=IfcFlowFitting.dat
2952369=IfcFlowFitting.dat
2952477=IfcFlowFitting.dat
295443=IfcFlowFitting.dat
295691=IfcFlowFitting.dat
295767=IfcFlowFitting.dat
2960306=IfcFlowFitting.dat
2960504=IfcFlowFitting.dat
2960778=IfcFlowFitting.dat
2961277=IfcFlowFitting.dat
2961562=IfcFlowFitting.dat
2961653=IfcFlowFitting.dat
2962522=IfcFlowFitting.dat
2962783=IfcFlowFitting.dat
2963111=IfcFlowFitting.dat
2963603=IfcFlowFitting.dat
2963696=IfcFlowFitting.dat
2964176=IfcFlowFitting.dat
2964268=IfcFlowFitting.dat
2964658=IfcFlowFitting.dat
2964845=IfcFlowFitting.dat
2964938=IfcFlowFitting.dat
2965514=IfcFlowFitting.dat
2965605=IfcFlowFitting.dat
2965694=IfcFlowFitting.dat
2965785=IfcFlowFitting.dat
2966165=IfcFlowFitting.dat
2966256=IfcFlowFitting.dat
2966537=IfcFlowFitting.dat
2966628=IfcFlowFitting.dat
2966721=IfcFlowFitting.dat
2967022=IfcFlowFitting.dat
2967313=IfcFlowFitting.dat
2967600=IfcFlowFitting.dat
2967849=IfcFlowFitting.dat
2967944=IfcFlowFitting.dat
2968302=IfcFlowFitting.dat
2983599=IfcFlowFitting.dat
2983784=IfcFlowFitting.dat
2983867=IfcFlowFitting.dat
2984409=IfcFlowFitting.dat
2984517=IfcFlowFitting.dat
2984627=IfcFlowFitting.dat
2984735=IfcFlowFitting.dat
2986957=IfcFlowFitting.dat
2986969=IfcFlowFitting.dat
2987037=IfcFlowFitting.dat
2987076=IfcFlowFitting.dat
2987167=IfcFlowFitting.dat
2987759=IfcFlowFitting.dat
2987850=IfcFlowFitting.dat
2987939=IfcFlowFitting.dat
2988030=IfcFlowFitting.dat
3003688=IfcFlowFitting.dat
3003911=IfcFlowFitting.dat
3004416=IfcFlowFitting.dat
3004767=IfcFlowFitting.dat
3004931=IfcFlowFitting.dat
3005095=IfcFlowFitting.dat
3005882=IfcFlowFitting.dat
3005959=IfcFlowFitting.dat
3006712=IfcFlowFitting.dat
3006789=IfcFlowFitting.dat
3007296=IfcFlowFitting.dat
3007372=IfcFlowFitting.dat
3007448=IfcFlowFitting.dat
3007524=IfcFlowFitting.dat
3016264=IfcFlowFitting.dat
3040005=IfcFlowFitting.dat
3040281=IfcFlowFitting.dat
3061935=IfcFlowFitting.dat
3062014=IfcFlowFitting.dat
3062361=IfcFlowFitting.dat
3062438=IfcFlowFitting.dat
3063163=IfcFlowFitting.dat
336874=IfcFlowFitting.dat
383941=IfcFlowFitting.dat
499325=IfcFlowFitting.dat
659762=IfcFlowFitting.dat
790=IfcFlowFitting.dat
831773=IfcFlowFitting.dat
877807=IfcFlowFitting.dat
877931=IfcFlowFitting.dat
878045=IfcFlowFitting.dat
878185=IfcFlowFitting.dat
878299=IfcFlowFitting.dat
878439=IfcFlowFitting.dat
878553=IfcFlowFitting.dat
878693=IfcFlowFitting.dat
878807=IfcFlowFitting.dat
878947=IfcFlowFitting.dat
879061=IfcFlowFitting.dat
879201=IfcFlowFitting.dat
879315=IfcFlowFitting.dat
879455=IfcFlowFitting.dat
879569=IfcFlowFitting.dat
879709=IfcFlowFitting.dat
879823=IfcFlowFitting.dat
879963=IfcFlowFitting.dat
880077=IfcFlowFitting.dat
883517=IfcFlowFitting.dat
886938=IfcFlowFitting.dat
890892=IfcFlowFitting.dat
891007=IfcFlowFitting.dat
893875=IfcFlowFitting.dat
893949=IfcFlowFitting.dat
894415=IfcFlowFitting.dat
896385=IfcFlowFitting.dat
901632=IfcFlowFitting.dat
904697=IfcFlowFitting.dat
905623=IfcFlowFitting.dat
910886=IfcFlowFitting.dat
927810=IfcFlowFitting.dat
929721=IfcFlowFitting.dat
929801=IfcFlowFitting.dat
929969=IfcFlowFitting.dat
930048=IfcFlowFitting.dat
930386=IfcFlowFitting.dat
930465=IfcFlowFitting.dat
930967=IfcFlowFitting.dat
931043=IfcFlowFitting.dat
931374=IfcFlowFitting.dat
931450=IfcFlowFitting.dat
931526=IfcFlowFitting.dat
931602=IfcFlowFitting.dat
932106=IfcFlowFitting.dat
932182=IfcFlowFitting.dat
932428=IfcFlowFitting.dat
932504=IfcFlowFitting.dat
932665=IfcFlowFitting.dat
932911=IfcFlowFitting.dat
932987=IfcFlowFitting.dat
933148=IfcFlowFitting.dat
933224=IfcFlowFitting.dat
934958=IfcFlowFitting.dat
935036=IfcFlowFitting.dat
936575=IfcFlowFitting.dat
936653=IfcFlowFitting.dat
936900=IfcFlowFitting.dat
937146=IfcFlowFitting.dat
937222=IfcFlowFitting.dat
937553=IfcFlowFitting.dat
937629=IfcFlowFitting.dat
937705=IfcFlowFitting.dat
937866=IfcFlowFitting.dat
938367=IfcFlowFitting.dat
938527=IfcFlowFitting.dat
938687=IfcFlowFitting.dat
938847=IfcFlowFitting.dat
939092=IfcFlowFitting.dat
939593=IfcFlowFitting.dat
939753=IfcFlowFitting.dat
939913=IfcFlowFitting.dat
940073=IfcFlowFitting.dat
940318=IfcFlowFitting.dat
940564=IfcFlowFitting.dat
940640=IfcFlowFitting.dat
940801=IfcFlowFitting.dat
941302=IfcFlowFitting.dat
941462=IfcFlowFitting.dat
941622=IfcFlowFitting.dat
941782=IfcFlowFitting.dat
941942=IfcFlowFitting.dat
942443=IfcFlowFitting.dat
942603=IfcFlowFitting.dat
942763=IfcFlowFitting.dat
942923=IfcFlowFitting.dat
943168=IfcFlowFitting.dat
943329=IfcFlowFitting.dat
943490=IfcFlowFitting.dat
945799=IfcFlowFitting.dat
946047=IfcFlowFitting.dat
946123=IfcFlowFitting.dat
946284=IfcFlowFitting.dat
946785=IfcFlowFitting.dat
946945=IfcFlowFitting.dat
947105=IfcFlowFitting.dat
947265=IfcFlowFitting.dat
947599=IfcFlowFitting.dat
947675=IfcFlowFitting.dat
952817=IfcFlowFitting.dat
958943=IfcFlowFitting.dat
959292=IfcFlowFitting.dat
959552=IfcFlowFitting.dat
959728=IfcFlowFitting.dat
960002=IfcFlowFitting.dat
960889=IfcFlowFitting.dat
961429=IfcFlowFitting.dat
961793=IfcFlowFitting.dat
962389=IfcFlowFitting.dat
962635=IfcFlowFitting.dat
962828=IfcFlowFitting.dat
963020=IfcFlowFitting.dat
964488=IfcFlowFitting.dat
964649=IfcFlowFitting.dat
964751=IfcFlowFitting.dat
964912=IfcFlowFitting.dat
965170=IfcFlowFitting.dat
968254=IfcFlowFitting.dat
968435=IfcFlowFitting.dat
980309=IfcFlowFitting.dat
9924=IfcFlowFitting.dat
10017=IfcFlowSegment.dat
101357=IfcFlowSegment.dat
1016808=IfcFlowSegment.dat
1023055=IfcFlowSegment.dat
1024871=IfcFlowSegment.dat
1027739=IfcFlowSegment.dat
1028137=IfcFlowSegment.dat
102824=IfcFlowSegment.dat
1031235=IfcFlowSegment.dat
1032625=IfcFlowSegment.dat
1032713=IfcFlowSegment.dat
1038733=IfcFlowSegment.dat
1039255=IfcFlowSegment.dat
1039951=IfcFlowSegment.dat
1040386=IfcFlowSegment.dat
1040908=IfcFlowSegment.dat
1042561=IfcFlowSegment.dat
1042648=IfcFlowSegment.dat
1053751=IfcFlowSegment.dat
1054543=IfcFlowSegment.dat
1063006=IfcFlowSegment.dat
106311=IfcFlowSegment.dat
1064311=IfcFlowSegment.dat
106663=IfcFlowSegment.dat
1074649=IfcFlowSegment.dat
1075877=IfcFlowSegment.dat
1077137=IfcFlowSegment.dat
108517=IfcFlowSegment.dat
108689=IfcFlowSegment.dat
108777=IfcFlowSegment.dat
108952=IfcFlowSegment.dat
1103513=IfcFlowSegment.dat
1103600=IfcFlowSegment.dat
1104639=IfcFlowSegment.dat
1105335=IfcFlowSegment.dat
1105770=IfcFlowSegment.dat
110904=IfcFlowSegment.dat
110992=IfcFlowSegment.dat
111080=IfcFlowSegment.dat
111168=IfcFlowSegment.dat
1113085=IfcFlowSegment.dat
1113433=IfcFlowSegment.dat
1113868=IfcFlowSegment.dat
1117609=IfcFlowSegment.dat
1117696=IfcFlowSegment.dat
1117783=IfcFlowSegment.dat
111896=IfcFlowSegment.dat
112086=IfcFlowSegment.dat
112170=IfcFlowSegment.dat
112258=IfcFlowSegment.dat
1143=IfcFlowSegment.dat
114853=IfcFlowSegment.dat
114941=IfcFlowSegment.dat
115029=IfcFlowSegment.dat
115117=IfcFlowSegment.dat
116001=IfcFlowSegment.dat
1165=IfcFlowSegment.dat
1166686=IfcFlowSegment.dat
117228=IfcFlowSegment.dat
1173738=IfcFlowSegment.dat
1181176=IfcFlowSegment.dat
1185676=IfcFlowSegment.dat
1205504=IfcFlowSegment.dat
1205792=IfcFlowSegment.dat
1206330=IfcFlowSegment.dat
1206425=IfcFlowSegment.dat
1206778=IfcFlowSegment.dat
1206873=IfcFlowSegment.dat
1207288=IfcFlowSegment.dat
1208038=IfcFlowSegment.dat
1208133=IfcFlowSegment.dat
1208228=IfcFlowSegment.dat
1208323=IfcFlowSegment.dat
1208574=IfcFlowSegment.dat
1208848=IfcFlowSegment.dat
1208943=IfcFlowSegment.dat
1209038=IfcFlowSegment.dat
1209453=IfcFlowSegment.dat
1209643=IfcFlowSegment.dat
1209738=IfcFlowSegment.dat
1210204=IfcFlowSegment.dat
1214240=IfcFlowSegment.dat
1215190=IfcFlowSegment.dat
1215855=IfcFlowSegment.dat
1216129=IfcFlowSegment.dat
1216816=IfcFlowSegment.dat
1217462=IfcFlowSegment.dat
1217938=IfcFlowSegment.dat
1218125=IfcFlowSegment.dat
1218312=IfcFlowSegment.dat
1218499=IfcFlowSegment.dat
1219786=IfcFlowSegment.dat
1219886=IfcFlowSegment.dat
1219981=IfcFlowSegment.dat
1220319=IfcFlowSegment.dat
1220415=IfcFlowSegment.dat
1221332=IfcFlowSegment.dat
1222059=IfcFlowSegment.dat
1223120=IfcFlowSegment.dat
122454=IfcFlowSegment.dat
1229373=IfcFlowSegment.dat
1229656=IfcFlowSegment.dat
123063=IfcFlowSegment.dat
1233247=IfcFlowSegment.dat
1234876=IfcFlowSegment.dat
1235797=IfcFlowSegment.dat
1236065=IfcFlowSegment.dat
1236154=IfcFlowSegment.dat
1241499=IfcFlowSegment.dat
124188=IfcFlowSegment.dat
124407=IfcFlowSegment.dat
1245866=IfcFlowSegment.dat
1245954=IfcFlowSegment.dat
1256090=IfcFlowSegment.dat
1256307=IfcFlowSegment.dat
1256398=IfcFlowSegment.dat
1256731=IfcFlowSegment.dat
1256828=IfcFlowSegment.dat
1257203=IfcFlowSegment.dat
1257302=IfcFlowSegment.dat
1257857=IfcFlowSegment.dat
1258238=IfcFlowSegment.dat
1259077=IfcFlowSegment.dat
1269418=IfcFlowSegment.dat
1279955=IfcFlowSegment.dat
1289353=IfcFlowSegment.dat
130133=IfcFlowSegment.dat
1320=IfcFlowSegment.dat
1323767=IfcFlowSegment.dat
1340995=IfcFlowSegment.dat
137906=IfcFlowSegment.dat
137990=IfcFlowSegment.dat
138076=IfcFlowSegment.dat
138243=IfcFlowSegment.dat
138327=IfcFlowSegment.dat
138415=IfcFlowSegment.dat
138503=IfcFlowSegment.dat
140689=IfcFlowSegment.dat
140777=IfcFlowSegment.dat
140946=IfcFlowSegment.dat
141030=IfcFlowSegment.dat
145540=IfcFlowSegment.dat
1478139=IfcFlowSegment.dat
1514412=IfcFlowSegment.dat
153665=IfcFlowSegment.dat
1545135=IfcFlowSegment.dat
1556997=IfcFlowSegment.dat
1557081=IfcFlowSegment.dat
1557417=IfcFlowSegment.dat
1558257=IfcFlowSegment.dat
1558509=IfcFlowSegment.dat
1558593=IfcFlowSegment.dat
1558677=IfcFlowSegment.dat
1559601=IfcFlowSegment.dat
1562793=IfcFlowSegment.dat
156595=IfcFlowSegment.dat
157352=IfcFlowSegment.dat
157671=IfcFlowSegment.dat
157767=IfcFlowSegment.dat
158856=IfcFlowSegment.dat
159630=IfcFlowSegment.dat
160274=IfcFlowSegment.dat
160375=IfcFlowSegment.dat
1609384=IfcFlowSegment.dat
1612477=IfcFlowSegment.dat
1616513=IfcFlowSegment.dat
162675=IfcFlowSegment.dat
1638652=IfcFlowSegment.dat
1641947=IfcFlowSegment.dat
164853=IfcFlowSegment.dat
164953=IfcFlowSegment.dat
1682900=IfcFlowSegment.dat
171011=IfcFlowSegment.dat
171688=IfcFlowSegment.dat
1726985=IfcFlowSegment.dat
1737872=IfcFlowSegment.dat
174283=IfcFlowSegment.dat
1750821=IfcFlowSegment.dat
175149=IfcFlowSegment.dat
175566=IfcFlowSegment.dat
176038=IfcFlowSegment.dat
1765572=IfcFlowSegment.dat
1784448=IfcFlowSegment.dat
178463=IfcFlowSegment.dat
178659=IfcFlowSegment.dat
179434=IfcFlowSegment.dat
1795760=IfcFlowSegment.dat
1799175=IfcFlowSegment.dat
1799271=IfcFlowSegment.dat
1799456=IfcFlowSegment.dat
1807838=IfcFlowSegment.dat
1809033=IfcFlowSegment.dat
1809128=IfcFlowSegment.dat
1809397=IfcFlowSegment.dat
1809682=IfcFlowSegment.dat
1809750=IfcFlowSegment.dat
1814441=IfcFlowSegment.dat
1817269=IfcFlowSegment.dat
1817452=IfcFlowSegment.dat
1817748=IfcFlowSegment.dat
1819050=IfcFlowSegment.dat
1821562=IfcFlowSegment.dat
1824445=IfcFlowSegment.dat
1830223=IfcFlowSegment.dat
1831384=IfcFlowSegment.dat
1832384=IfcFlowSegment.dat
1835435=IfcFlowSegment.dat
1836151=IfcFlowSegment.dat
1837706=IfcFlowSegment.dat
1838966=IfcFlowSegment.dat
1839249=IfcFlowSegment.dat
1839314=IfcFlowSegment.dat
1839381=IfcFlowSegment.dat
1841439=IfcFlowSegment.dat
1841525=IfcFlowSegment.dat
1841763=IfcFlowSegment.dat
1841853=IfcFlowSegment.dat
1842792=IfcFlowSegment.dat
1842883=IfcFlowSegment.dat
1842975=IfcFlowSegment.dat
1845282=IfcFlowSegment.dat
1866933=IfcFlowSegment.dat
1877317=IfcFlowSegment.dat
1888938=IfcFlowSegment.dat
1895789=IfcFlowSegment.dat
1896031=IfcFlowSegment.dat
1896272=IfcFlowSegment.dat
1896457=IfcFlowSegment.dat
1896642=IfcFlowSegment.dat
1896883=IfcFlowSegment.dat
1897305=IfcFlowSegment.dat
1898903=IfcFlowSegment.dat
1899083=IfcFlowSegment.dat
1899327=IfcFlowSegment.dat
1902441=IfcFlowSegment.dat
1929984=IfcFlowSegment.dat
1937518=IfcFlowSegment.dat
1977395=IfcFlowSegment.dat
1983184=IfcFlowSegment.dat
1983275=IfcFlowSegment.dat
1983364=IfcFlowSegment.dat
1983613=IfcFlowSegment.dat
2026711=IfcFlowSegment.dat
2049104=IfcFlowSegment.dat
2050261=IfcFlowSegment.dat
2073765=IfcFlowSegment.dat
2129866=IfcFlowSegment.dat
2135432=IfcFlowSegment.dat
2135521=IfcFlowSegment.dat
2136202=IfcFlowSegment.dat
2136623=IfcFlowSegment.dat
2142770=IfcFlowSegment.dat
2142893=IfcFlowSegment.dat
2143175=IfcFlowSegment.dat
2143269=IfcFlowSegment.dat
2157964=IfcFlowSegment.dat
2168037=IfcFlowSegment.dat
2217953=IfcFlowSegment.dat
2243488=IfcFlowSegment.dat
2273237=IfcFlowSegment.dat
2276719=IfcFlowSegment.dat
2283267=IfcFlowSegment.dat
2342818=IfcFlowSegment.dat
2349521=IfcFlowSegment.dat
2355274=IfcFlowSegment.dat
2355689=IfcFlowSegment.dat
2355972=IfcFlowSegment.dat
2362976=IfcFlowSegment.dat
2363075=IfcFlowSegment.dat
2363886=IfcFlowSegment.dat
2363982=IfcFlowSegment.dat
2364166=IfcFlowSegment.dat
2368996=IfcFlowSegment.dat
2369283=IfcFlowSegment.dat
2369473=IfcFlowSegment.dat
2369758=IfcFlowSegment.dat
2522433=IfcFlowSegment.dat
2639995=IfcFlowSegment.dat
2656468=IfcFlowSegment.dat
2656556=IfcFlowSegment.dat
2656644=IfcFlowSegment.dat
2656728=IfcFlowSegment.dat
2656812=IfcFlowSegment.dat
2657336=IfcFlowSegment.dat
2657424=IfcFlowSegment.dat
2657512=IfcFlowSegment.dat
2657596=IfcFlowSegment.dat
2657680=IfcFlowSegment.dat
2658204=IfcFlowSegment.dat
2658292=IfcFlowSegment.dat
2658380=IfcFlowSegment.dat
2658464=IfcFlowSegment.dat
2658548=IfcFlowSegment.dat
2659072=IfcFlowSegment.dat
2659160=IfcFlowSegment.dat
2659248=IfcFlowSegment.dat
2659332=IfcFlowSegment.dat
2659416=IfcFlowSegment.dat
2659940=IfcFlowSegment.dat
2660028=IfcFlowSegment.dat
2660116=IfcFlowSegment.dat
2660200=IfcFlowSegment.dat
2660284=IfcFlowSegment.dat
2660808=IfcFlowSegment.dat
2660896=IfcFlowSegment.dat
2660984=IfcFlowSegment.dat
2661068=IfcFlowSegment.dat
2661152=IfcFlowSegment.dat
2698878=IfcFlowSegment.dat
271895=IfcFlowSegment.dat
272015=IfcFlowSegment.dat
272100=IfcFlowSegment.dat
272185=IfcFlowSegment.dat
272270=IfcFlowSegment.dat
272360=IfcFlowSegment.dat
2732688=IfcFlowSegment.dat
2735212=IfcFlowSegment.dat
273746=IfcFlowSegment.dat
273989=IfcFlowSegment.dat
274074=IfcFlowSegment.dat
274235=IfcFlowSegment.dat
274396=IfcFlowSegment.dat
274557=IfcFlowSegment.dat
274647=IfcFlowSegment.dat
2767188=IfcFlowSegment.dat
276868=IfcFlowSegment.dat
276953=IfcFlowSegment.dat
277190=IfcFlowSegment.dat
277275=IfcFlowSegment.dat
2773056=IfcFlowSegment.dat
277360=IfcFlowSegment.dat
277445=IfcFlowSegment.dat
277530=IfcFlowSegment.dat
277767=IfcFlowSegment.dat
277852=IfcFlowSegment.dat
277937=IfcFlowSegment.dat
278107=IfcFlowSegment.dat
278326=IfcFlowSegment.dat
278411=IfcFlowSegment.dat
278498=IfcFlowSegment.dat
278584=IfcFlowSegment.dat
278669=IfcFlowSegment.dat
278906=IfcFlowSegment.dat
278991=IfcFlowSegment.dat
279228=IfcFlowSegment.dat
279389=IfcFlowSegment.dat
279474=IfcFlowSegment.dat
279711=IfcFlowSegment.dat
279950=IfcFlowSegment.dat
283378=IfcFlowSegment.dat
283463=IfcFlowSegment.dat
283624=IfcFlowSegment.dat
283709=IfcFlowSegment.dat
283946=IfcFlowSegment.dat
284032=IfcFlowSegment.dat
284117=IfcFlowSegment.dat
286488=IfcFlowSegment.dat
286648=IfcFlowSegment.dat
286734=IfcFlowSegment.dat
286818=IfcFlowSegment.dat
286903=IfcFlowSegment.dat
286988=IfcFlowSegment.dat
2870733=IfcFlowSegment.dat
288114=IfcFlowSegment.dat
2881853=IfcFlowSegment.dat
288274=IfcFlowSegment.dat
288434=IfcFlowSegment.dat
288594=IfcFlowSegment.dat
288679=IfcFlowSegment.dat
2888208=IfcFlowSegment.dat
288838=IfcFlowSegment.dat
288922=IfcFlowSegment.dat
289006=IfcFlowSegment.dat
289090=IfcFlowSegment.dat
289174=IfcFlowSegment.dat
289334=IfcFlowSegment.dat
289494=IfcFlowSegment.dat
289654=IfcFlowSegment.dat
289814=IfcFlowSegment.dat
289899=IfcFlowSegment.dat
290060=IfcFlowSegment.dat
290145=IfcFlowSegment.dat
290382=IfcFlowSegment.dat
290541=IfcFlowSegment.dat
290625=IfcFlowSegment.dat
290709=IfcFlowSegment.dat
290793=IfcFlowSegment.dat
290877=IfcFlowSegment.dat
291037=IfcFlowSegment.dat
2911348=IfcFlowSegment.dat
2911525=IfcFlowSegment.dat
291197=IfcFlowSegment.dat
291357=IfcFlowSegment.dat
291517=IfcFlowSegment.dat
291676=IfcFlowSegment.dat
291760=IfcFlowSegment.dat
291844=IfcFlowSegment.dat
291928=IfcFlowSegment.dat
292012=IfcFlowSegment.dat
292172=IfcFlowSegment.dat
2922768=IfcFlowSegment.dat
292332=IfcFlowSegment.dat
292492=IfcFlowSegment.dat
292652=IfcFlowSegment.dat
292737=IfcFlowSegment.dat
292898=IfcFlowSegment.dat
293059=IfcFlowSegment.dat
293224=IfcFlowSegment.dat
293309=IfcFlowSegment.dat
2951726=IfcFlowSegment.dat
2951814=IfcFlowSegment.dat
2951902=IfcFlowSegment.dat
2951986=IfcFlowSegment.dat
2952070=IfcFlowSegment.dat
295531=IfcFlowSegment.dat
295616=IfcFlowSegment.dat
2960216=IfcFlowSegment.dat
2960892=IfcFlowSegment.dat
2960988=IfcFlowSegment.dat
2961086=IfcFlowSegment.dat
2961374=IfcFlowSegment.dat
2961472=IfcFlowSegment.dat
2962434=IfcFlowSegment.dat
2963217=IfcFlowSegment.dat
2963314=IfcFlowSegment.dat
2963413=IfcFlowSegment.dat
2963793=IfcFlowSegment.dat
2963889=IfcFlowSegment.dat
2963987=IfcFlowSegment.dat
2964364=IfcFlowSegment.dat
2964461=IfcFlowSegment.dat
2965035=IfcFlowSegment.dat
2965131=IfcFlowSegment.dat
2965227=IfcFlowSegment.dat
2965325=IfcFlowSegment.dat
2965424=IfcFlowSegment.dat
2965881=IfcFlowSegment.dat
2965977=IfcFlowSegment.dat
2966075=IfcFlowSegment.dat
2966352=IfcFlowSegment.dat
2966448=IfcFlowSegment.dat
2966831=IfcFlowSegment.dat
2967122=IfcFlowSegment.dat
2967411=IfcFlowSegment.dat
2967698=IfcFlowSegment.dat
2968040=IfcFlowSegment.dat
2982370=IfcFlowSegment.dat
2983705=IfcFlowSegment.dat
2983984=IfcFlowSegment.dat
2984072=IfcFlowSegment.dat
2984160=IfcFlowSegment.dat
2984244=IfcFlowSegment.dat
2984328=IfcFlowSegment.dat
2987280=IfcFlowSegment.dat
2987376=IfcFlowSegment.dat
2987472=IfcFlowSegment.dat
2987570=IfcFlowSegment.dat
2987669=IfcFlowSegment.dat
3003611=IfcFlowSegment.dat
3003834=IfcFlowSegment.dat
3004339=IfcFlowSegment.dat
3004508=IfcFlowSegment.dat
3004599=IfcFlowSegment.dat
3004686=IfcFlowSegment.dat
3004854=IfcFlowSegment.dat
3005018=IfcFlowSegment.dat
3005468=IfcFlowSegment.dat
3005648=IfcFlowSegment.dat
3006220=IfcFlowSegment.dat
3006307=IfcFlowSegment.dat
3006481=IfcFlowSegment.dat
3006876=IfcFlowSegment.dat
3006962=IfcFlowSegment.dat
3007048=IfcFlowSegment.dat
3007134=IfcFlowSegment.dat
3007220=IfcFlowSegment.dat
3018017=IfcFlowSegment.dat
3024682=IfcFlowSegment.dat
3025553=IfcFlowSegment.dat
3061403=IfcFlowSegment.dat
3061676=IfcFlowSegment.dat
3061767=IfcFlowSegment.dat
3061854=IfcFlowSegment.dat
3062101=IfcFlowSegment.dat
3062191=IfcFlowSegment.dat
3062281=IfcFlowSegment.dat
3062522=IfcFlowSegment.dat
327144=IfcFlowSegment.dat
336793=IfcFlowSegment.dat
336967=IfcFlowSegment.dat
379014=IfcFlowSegment.dat
384037=IfcFlowSegment.dat
448379=IfcFlowSegment.dat
485=IfcFlowSegment.dat
499581=IfcFlowSegment.dat
524636=IfcFlowSegment.dat
581=IfcFlowSegment.dat
65696=IfcFlowSegment.dat
664974=IfcFlowSegment.dat
7951=IfcFlowSegment.dat
8045=IfcFlowSegment.dat
869144=IfcFlowSegment.dat
869232=IfcFlowSegment.dat
869320=IfcFlowSegment.dat
869408=IfcFlowSegment.dat
869496=IfcFlowSegment.dat
869584=IfcFlowSegment.dat
869672=IfcFlowSegment.dat
869760=IfcFlowSegment.dat
869848=IfcFlowSegment.dat
869936=IfcFlowSegment.dat
870024=IfcFlowSegment.dat
870112=IfcFlowSegment.dat
870200=IfcFlowSegment.dat
870288=IfcFlowSegment.dat
870372=IfcFlowSegment.dat
870456=IfcFlowSegment.dat
870540=IfcFlowSegment.dat
870624=IfcFlowSegment.dat
870708=IfcFlowSegment.dat
870792=IfcFlowSegment.dat
870876=IfcFlowSegment.dat
870960=IfcFlowSegment.dat
871044=IfcFlowSegment.dat
871128=IfcFlowSegment.dat
871212=IfcFlowSegment.dat
871296=IfcFlowSegment.dat
871380=IfcFlowSegment.dat
871464=IfcFlowSegment.dat
871548=IfcFlowSegment.dat
871632=IfcFlowSegment.dat
871716=IfcFlowSegment.dat
871800=IfcFlowSegment.dat
871884=IfcFlowSegment.dat
871968=IfcFlowSegment.dat
872052=IfcFlowSegment.dat
872136=IfcFlowSegment.dat
872220=IfcFlowSegment.dat
872304=IfcFlowSegment.dat
872388=IfcFlowSegment.dat
872472=IfcFlowSegment.dat
872556=IfcFlowSegment.dat
872640=IfcFlowSegment.dat
872724=IfcFlowSegment.dat
872808=IfcFlowSegment.dat
872892=IfcFlowSegment.dat
872976=IfcFlowSegment.dat
873060=IfcFlowSegment.dat
873144=IfcFlowSegment.dat
873228=IfcFlowSegment.dat
873312=IfcFlowSegment.dat
873396=IfcFlowSegment.dat
873480=IfcFlowSegment.dat
873564=IfcFlowSegment.dat
873648=IfcFlowSegment.dat
873736=IfcFlowSegment.dat
873824=IfcFlowSegment.dat
878=IfcFlowSegment.dat
893205=IfcFlowSegment.dat
893272=IfcFlowSegment.dat
893337=IfcFlowSegment.dat
893409=IfcFlowSegment.dat
893474=IfcFlowSegment.dat
893539=IfcFlowSegment.dat
893669=IfcFlowSegment.dat
894029=IfcFlowSegment.dat
894094=IfcFlowSegment.dat
894159=IfcFlowSegment.dat
894794=IfcFlowSegment.dat
894859=IfcFlowSegment.dat
896305=IfcFlowSegment.dat
901469=IfcFlowSegment.dat
901555=IfcFlowSegment.dat
902315=IfcFlowSegment.dat
902406=IfcFlowSegment.dat
902493=IfcFlowSegment.dat
903595=IfcFlowSegment.dat
903686=IfcFlowSegment.dat
903773=IfcFlowSegment.dat
903860=IfcFlowSegment.dat
903949=IfcFlowSegment.dat
904786=IfcFlowSegment.dat
904875=IfcFlowSegment.dat
928332=IfcFlowSegment.dat
928417=IfcFlowSegment.dat
928506=IfcFlowSegment.dat
929892=IfcFlowSegment.dat
930135=IfcFlowSegment.dat
930220=IfcFlowSegment.dat
930309=IfcFlowSegment.dat
930552=IfcFlowSegment.dat
930637=IfcFlowSegment.dat
930722=IfcFlowSegment.dat
930807=IfcFlowSegment.dat
930892=IfcFlowSegment.dat
931129=IfcFlowSegment.dat
931214=IfcFlowSegment.dat
931299=IfcFlowSegment.dat
931688=IfcFlowSegment.dat
931773=IfcFlowSegment.dat
931860=IfcFlowSegment.dat
931946=IfcFlowSegment.dat
932031=IfcFlowSegment.dat
932268=IfcFlowSegment.dat
932353=IfcFlowSegment.dat
932590=IfcFlowSegment.dat
932751=IfcFlowSegment.dat
932836=IfcFlowSegment.dat
933073=IfcFlowSegment.dat
933312=IfcFlowSegment.dat
936740=IfcFlowSegment.dat
936825=IfcFlowSegment.dat
936986=IfcFlowSegment.dat
937071=IfcFlowSegment.dat
937308=IfcFlowSegment.dat
937393=IfcFlowSegment.dat
937478=IfcFlowSegment.dat
937791=IfcFlowSegment.dat
937952=IfcFlowSegment.dat
938037=IfcFlowSegment.dat
938122=IfcFlowSegment.dat
938207=IfcFlowSegment.dat
938292=IfcFlowSegment.dat
938452=IfcFlowSegment.dat
938612=IfcFlowSegment.dat
938772=IfcFlowSegment.dat
938932=IfcFlowSegment.dat
939017=IfcFlowSegment.dat
939178=IfcFlowSegment.dat
939263=IfcFlowSegment.dat
939348=IfcFlowSegment.dat
939433=IfcFlowSegment.dat
939518=IfcFlowSegment.dat
939678=IfcFlowSegment.dat
939838=IfcFlowSegment.dat
939998=IfcFlowSegment.dat
940158=IfcFlowSegment.dat
940243=IfcFlowSegment.dat
940404=IfcFlowSegment.dat
940489=IfcFlowSegment.dat
940726=IfcFlowSegment.dat
940887=IfcFlowSegment.dat
940972=IfcFlowSegment.dat
941057=IfcFlowSegment.dat
941142=IfcFlowSegment.dat
941227=IfcFlowSegment.dat
941387=IfcFlowSegment.dat
941547=IfcFlowSegment.dat
941707=IfcFlowSegment.dat
941867=IfcFlowSegment.dat
942028=IfcFlowSegment.dat
942113=IfcFlowSegment.dat
942198=IfcFlowSegment.dat
942283=IfcFlowSegment.dat
942368=IfcFlowSegment.dat
942528=IfcFlowSegment.dat
942688=IfcFlowSegment.dat
942848=IfcFlowSegment.dat
943008=IfcFlowSegment.dat
943093=IfcFlowSegment.dat
943254=IfcFlowSegment.dat
943415=IfcFlowSegment.dat
943580=IfcFlowSegment.dat
943665=IfcFlowSegment.dat
943=IfcFlowSegment.dat
945887=IfcFlowSegment.dat
945972=IfcFlowSegment.dat
946209=IfcFlowSegment.dat
946370=IfcFlowSegment.dat
946455=IfcFlowSegment.dat
946540=IfcFlowSegment.dat
946625=IfcFlowSegment.dat
946710=IfcFlowSegment.dat
946870=IfcFlowSegment.dat
947030=IfcFlowSegment.dat
947190=IfcFlowSegment.dat
947350=IfcFlowSegment.dat
947435=IfcFlowSegment.dat
947520=IfcFlowSegment.dat
948686=IfcFlowSegment.dat
948780=IfcFlowSegment.dat
952214=IfcFlowSegment.dat
952305=IfcFlowSegment.dat
954577=IfcFlowSegment.dat
954911=IfcFlowSegment.dat
954995=IfcFlowSegment.dat
955079=IfcFlowSegment.dat
955163=IfcFlowSegment.dat
955247=IfcFlowSegment.dat
957820=IfcFlowSegment.dat
957916=IfcFlowSegment.dat
958012=IfcFlowSegment.dat
958108=IfcFlowSegment.dat
958210=IfcFlowSegment.dat
958306=IfcFlowSegment.dat
958401=IfcFlowSegment.dat
958501=IfcFlowSegment.dat
958597=IfcFlowSegment.dat
958693=IfcFlowSegment.dat
958793=IfcFlowSegment.dat
959043=IfcFlowSegment.dat
959138=IfcFlowSegment.dat
959392=IfcFlowSegment.dat
960102=IfcFlowSegment.dat
960198=IfcFlowSegment.dat
960294=IfcFlowSegment.dat
960395=IfcFlowSegment.dat
960496=IfcFlowSegment.dat
960597=IfcFlowSegment.dat
960700=IfcFlowSegment.dat
960988=IfcFlowSegment.dat
961084=IfcFlowSegment.dat
961181=IfcFlowSegment.dat
961278=IfcFlowSegment.dat
961530=IfcFlowSegment.dat
961907=IfcFlowSegment.dat
962008=IfcFlowSegment.dat
962104=IfcFlowSegment.dat
962200=IfcFlowSegment.dat
962296=IfcFlowSegment.dat
962484=IfcFlowSegment.dat
962735=IfcFlowSegment.dat
962927=IfcFlowSegment.dat
963119=IfcFlowSegment.dat
963215=IfcFlowSegment.dat
963317=IfcFlowSegment.dat
963413=IfcFlowSegment.dat
963527=IfcFlowSegment.dat
963622=IfcFlowSegment.dat
963718=IfcFlowSegment.dat
963814=IfcFlowSegment.dat
963912=IfcFlowSegment.dat
964012=IfcFlowSegment.dat
964109=IfcFlowSegment.dat
964204=IfcFlowSegment.dat
964299=IfcFlowSegment.dat
965012=IfcFlowSegment.dat
967787=IfcFlowSegment.dat
968068=IfcFlowSegment.dat
968164=IfcFlowSegment.dat
968531=IfcFlowSegment.dat
980129=IfcFlowSegment.dat
982164=IfcFlowSegment.dat
982260=IfcFlowSegment.dat
982450=IfcFlowSegment.dat
1000018=IfcFlowTerminal.dat
1000086=IfcFlowTerminal.dat
1871055=IfcFlowTerminal.dat
1922988=IfcFlowTerminal.dat
1925601=IfcFlowTerminal.dat
1929063=IfcFlowTerminal.dat
1929136=IfcFlowTerminal.dat
1929209=IfcFlowTerminal.dat
1929282=IfcFlowTerminal.dat
1929355=IfcFlowTerminal.dat
1929432=IfcFlowTerminal.dat
1930070=IfcFlowTerminal.dat
1930136=IfcFlowTerminal.dat
1930202=IfcFlowTerminal.dat
1930268=IfcFlowTerminal.dat
1930334=IfcFlowTerminal.dat
1930400=IfcFlowTerminal.dat
1930582=IfcFlowTerminal.dat
1930684=IfcFlowTerminal.dat
1930754=IfcFlowTerminal.dat
1930823=IfcFlowTerminal.dat
1930999=IfcFlowTerminal.dat
1931107=IfcFlowTerminal.dat
1931180=IfcFlowTerminal.dat
1931253=IfcFlowTerminal.dat
1931326=IfcFlowTerminal.dat
2370037=IfcFlowTerminal.dat
242013=IfcFlowTerminal.dat
251510=IfcFlowTerminal.dat
251577=IfcFlowTerminal.dat
740438=IfcFlowTerminal.dat
740508=IfcFlowTerminal.dat
740578=IfcFlowTerminal.dat
740648=IfcFlowTerminal.dat
740718=IfcFlowTerminal.dat
740788=IfcFlowTerminal.dat
740858=IfcFlowTerminal.dat
740928=IfcFlowTerminal.dat
740998=IfcFlowTerminal.dat
741068=IfcFlowTerminal.dat
741138=IfcFlowTerminal.dat
741208=IfcFlowTerminal.dat
741278=IfcFlowTerminal.dat
741348=IfcFlowTerminal.dat
741418=IfcFlowTerminal.dat
741488=IfcFlowTerminal.dat
741558=IfcFlowTerminal.dat
741628=IfcFlowTerminal.dat
741698=IfcFlowTerminal.dat
741768=IfcFlowTerminal.dat
741838=IfcFlowTerminal.dat
741908=IfcFlowTerminal.dat
741978=IfcFlowTerminal.dat
742048=IfcFlowTerminal.dat
742118=IfcFlowTerminal.dat
742188=IfcFlowTerminal.dat
742258=IfcFlowTerminal.dat
742328=IfcFlowTerminal.dat
742398=IfcFlowTerminal.dat
742468=IfcFlowTerminal.dat
742538=IfcFlowTerminal.dat
742608=IfcFlowTerminal.dat
742678=IfcFlowTerminal.dat
742748=IfcFlowTerminal.dat
742818=IfcFlowTerminal.dat
742888=IfcFlowTerminal.dat
742958=IfcFlowTerminal.dat
743028=IfcFlowTerminal.dat
743098=IfcFlowTerminal.dat
743168=IfcFlowTerminal.dat
2717979=IfcMember.dat
2718010=IfcMember.dat
2812981=IfcRailing.dat
2817992=IfcRailing.dat
2818041=IfcRailing.dat
2818143=IfcRailing.dat
2818223=IfcRailing.dat
2717948=IfcStairFlight.dat
2718798=IfcWindow.dat
