1569401=IfcBuildingElementProxy.dat
1574774=IfcBuildingElementProxy.dat
1574904=IfcBuildingElementProxy.dat
1574950=IfcBuildingElementProxy.dat
1574996=IfcBuildingElementProxy.dat
1575042=IfcBuildingElementProxy.dat
1580362=IfcBuildingElementProxy.dat
1580408=IfcBuildingElementProxy.dat
1580454=IfcBuildingElementProxy.dat
1580500=IfcBuildingElementProxy.dat
1580546=IfcBuildingElementProxy.dat
1580592=IfcBuildingElementProxy.dat
1580638=IfcBuildingElementProxy.dat
1580684=IfcBuildingElementProxy.dat
1580730=IfcBuildingElementProxy.dat
1580776=IfcBuildingElementProxy.dat
1580822=IfcBuildingElementProxy.dat
1580868=IfcBuildingElementProxy.dat
1580914=IfcBuildingElementProxy.dat
1580960=IfcBuildingElementProxy.dat
1582293=IfcBuildingElementProxy.dat
1582366=IfcBuildingElementProxy.dat
1582423=IfcBuildingElementProxy.dat
1582480=IfcBuildingElementProxy.dat
1582537=IfcBuildingElementProxy.dat
1582594=IfcBuildingElementProxy.dat
1876370=IfcBuildingElementProxy.dat
1899228=IfcBuildingElementProxy.dat
2171547=IfcBuildingElementProxy.dat
2186293=IfcBuildingElementProxy.dat
2291541=IfcBuildingElementProxy.dat
2307672=IfcBuildingElementProxy.dat
2307750=IfcBuildingElementProxy.dat
2307804=IfcBuildingElementProxy.dat
2307858=IfcBuildingElementProxy.dat
2307912=IfcBuildingElementProxy.dat
2307966=IfcBuildingElementProxy.dat
2308020=IfcBuildingElementProxy.dat
2308927=IfcBuildingElementProxy.dat
2308981=IfcBuildingElementProxy.dat
2309035=IfcBuildingElementProxy.dat
2309089=IfcBuildingElementProxy.dat
2309143=IfcBuildingElementProxy.dat
2309197=IfcBuildingElementProxy.dat
2309251=IfcBuildingElementProxy.dat
2319444=IfcBuildingElementProxy.dat
2319513=IfcBuildingElementProxy.dat
2329706=IfcBuildingElementProxy.dat
2329757=IfcBuildingElementProxy.dat
2329811=IfcBuildingElementProxy.dat
2329865=IfcBuildingElementProxy.dat
2329919=IfcBuildingElementProxy.dat
2329973=IfcBuildingElementProxy.dat
2330027=IfcBuildingElementProxy.dat
2330081=IfcBuildingElementProxy.dat
2330132=IfcBuildingElementProxy.dat
2330186=IfcBuildingElementProxy.dat
2330240=IfcBuildingElementProxy.dat
2330294=IfcBuildingElementProxy.dat
2330348=IfcBuildingElementProxy.dat
2330402=IfcBuildingElementProxy.dat
2330456=IfcBuildingElementProxy.dat
2339203=IfcBuildingElementProxy.dat
2339599=IfcBuildingElementProxy.dat
2339653=IfcBuildingElementProxy.dat
2340557=IfcBuildingElementProxy.dat
2340611=IfcBuildingElementProxy.dat
2340665=IfcBuildingElementProxy.dat
2340719=IfcBuildingElementProxy.dat
2340773=IfcBuildingElementProxy.dat
2340827=IfcBuildingElementProxy.dat
2340881=IfcBuildingElementProxy.dat
2341788=IfcBuildingElementProxy.dat
2341842=IfcBuildingElementProxy.dat
2342746=IfcBuildingElementProxy.dat
2342800=IfcBuildingElementProxy.dat
2342854=IfcBuildingElementProxy.dat
2342908=IfcBuildingElementProxy.dat
2351820=IfcBuildingElementProxy.dat
2352727=IfcBuildingElementProxy.dat
282557=IfcBuildingElementProxy.dat
282692=IfcBuildingElementProxy.dat
282754=IfcBuildingElementProxy.dat
282816=IfcBuildingElementProxy.dat
505963=IfcBuildingElementProxy.dat
506055=IfcBuildingElementProxy.dat
589923=IfcBuildingElementProxy.dat
590015=IfcBuildingElementProxy.dat
1086=IfcColumn.dat
1245=IfcColumn.dat
1329=IfcColumn.dat
1413=IfcColumn.dat
1497=IfcColumn.dat
1563199=IfcColumn.dat
1581=IfcColumn.dat
1665=IfcColumn.dat
1705623=IfcColumn.dat
1766233=IfcColumn.dat
1766340=IfcColumn.dat
1766423=IfcColumn.dat
1835868=IfcColumn.dat
1835953=IfcColumn.dat
1836037=IfcColumn.dat
1836121=IfcColumn.dat
1836205=IfcColumn.dat
1836289=IfcColumn.dat
1836477=IfcColumn.dat
1836582=IfcColumn.dat
1836778=IfcColumn.dat
1836883=IfcColumn.dat
1836993=IfcColumn.dat
1837434=IfcColumn.dat
1838035=IfcColumn.dat
1838140=IfcColumn.dat
1838246=IfcColumn.dat
1838351=IfcColumn.dat
1838435=IfcColumn.dat
1842790=IfcColumn.dat
21221=IfcColumn.dat
21563=IfcColumn.dat
2161=IfcColumn.dat
21957=IfcColumn.dat
22281=IfcColumn.dat
22582=IfcColumn.dat
2266=IfcColumn.dat
22827=IfcColumn.dat
2294283=IfcColumn.dat
2294456=IfcColumn.dat
2294572=IfcColumn.dat
2294714=IfcColumn.dat
2294862=IfcColumn.dat
2295022=IfcColumn.dat
2295099=IfcColumn.dat
2295259=IfcColumn.dat
2295577=IfcColumn.dat
2295741=IfcColumn.dat
2295909=IfcColumn.dat
2295986=IfcColumn.dat
2296146=IfcColumn.dat
2296306=IfcColumn.dat
2296474=IfcColumn.dat
2296612=IfcColumn.dat
2296757=IfcColumn.dat
2297314=IfcColumn.dat
2297545=IfcColumn.dat
2297679=IfcColumn.dat
23170=IfcColumn.dat
23475=IfcColumn.dat
23553=IfcColumn.dat
23877=IfcColumn.dat
23955=IfcColumn.dat
24033=IfcColumn.dat
2410046=IfcColumn.dat
24352=IfcColumn.dat
24545=IfcColumn.dat
24766=IfcColumn.dat
2476=IfcColumn.dat
25019=IfcColumn.dat
25212=IfcColumn.dat
25290=IfcColumn.dat
25529=IfcColumn.dat
25607=IfcColumn.dat
2560=IfcColumn.dat
25791=IfcColumn.dat
25998=IfcColumn.dat
26180=IfcColumn.dat
26258=IfcColumn.dat
26521=IfcColumn.dat
26599=IfcColumn.dat
2718972=IfcColumn.dat
369253=IfcColumn.dat
369386=IfcColumn.dat
369519=IfcColumn.dat
369858=IfcColumn.dat
50279=IfcColumn.dat
1064279=IfcDoor.dat
1108607=IfcDoor.dat
1169212=IfcDoor.dat
1268748=IfcDoor.dat
1705784=IfcDoor.dat
1705841=IfcDoor.dat
1705898=IfcDoor.dat
1705955=IfcDoor.dat
1706012=IfcDoor.dat
1706069=IfcDoor.dat
1744879=IfcDoor.dat
1744972=IfcDoor.dat
1745115=IfcDoor.dat
1745172=IfcDoor.dat
1745229=IfcDoor.dat
1847214=IfcDoor.dat
1847876=IfcDoor.dat
1847932=IfcDoor.dat
1847988=IfcDoor.dat
1920247=IfcDoor.dat
1938060=IfcDoor.dat
1004790=IfcFlowFitting.dat
1004891=IfcFlowFitting.dat
1005171=IfcFlowFitting.dat
1012860=IfcFlowFitting.dat
101400=IfcFlowFitting.dat
1016394=IfcFlowFitting.dat
1019040=IfcFlowFitting.dat
1019373=IfcFlowFitting.dat
1020571=IfcFlowFitting.dat
1023306=IfcFlowFitting.dat
1025359=IfcFlowFitting.dat
1025468=IfcFlowFitting.dat
103596=IfcFlowFitting.dat
1041792=IfcFlowFitting.dat
1045799=IfcFlowFitting.dat
1059291=IfcFlowFitting.dat
1063865=IfcFlowFitting.dat
1064650=IfcFlowFitting.dat
1064758=IfcFlowFitting.dat
1068129=IfcFlowFitting.dat
1068267=IfcFlowFitting.dat
1069290=IfcFlowFitting.dat
1072545=IfcFlowFitting.dat
1072657=IfcFlowFitting.dat
1072795=IfcFlowFitting.dat
1073297=IfcFlowFitting.dat
107500=IfcFlowFitting.dat
108251=IfcFlowFitting.dat
108858=IfcFlowFitting.dat
108937=IfcFlowFitting.dat
110814=IfcFlowFitting.dat
1112997=IfcFlowFitting.dat
111546=IfcFlowFitting.dat
111917=IfcFlowFitting.dat
111998=IfcFlowFitting.dat
112427=IfcFlowFitting.dat
112506=IfcFlowFitting.dat
1128907=IfcFlowFitting.dat
1137458=IfcFlowFitting.dat
1141336=IfcFlowFitting.dat
114675=IfcFlowFitting.dat
1163865=IfcFlowFitting.dat
117138=IfcFlowFitting.dat
11896=IfcFlowFitting.dat
1209917=IfcFlowFitting.dat
1210104=IfcFlowFitting.dat
1210393=IfcFlowFitting.dat
1210682=IfcFlowFitting.dat
1210969=IfcFlowFitting.dat
1211161=IfcFlowFitting.dat
1211793=IfcFlowFitting.dat
1212084=IfcFlowFitting.dat
1217362=IfcFlowFitting.dat
1217651=IfcFlowFitting.dat
1217841=IfcFlowFitting.dat
1218026=IfcFlowFitting.dat
1218215=IfcFlowFitting.dat
1218402=IfcFlowFitting.dat
1219193=IfcFlowFitting.dat
1255991=IfcFlowFitting.dat
1351=IfcFlowFitting.dat
138582=IfcFlowFitting.dat
140603=IfcFlowFitting.dat
140856=IfcFlowFitting.dat
141868=IfcFlowFitting.dat
14249=IfcFlowFitting.dat
1435989=IfcFlowFitting.dat
1436103=IfcFlowFitting.dat
1436243=IfcFlowFitting.dat
1436383=IfcFlowFitting.dat
1436523=IfcFlowFitting.dat
1436663=IfcFlowFitting.dat
1436803=IfcFlowFitting.dat
1436917=IfcFlowFitting.dat
1437057=IfcFlowFitting.dat
1437197=IfcFlowFitting.dat
1437337=IfcFlowFitting.dat
1437477=IfcFlowFitting.dat
1437617=IfcFlowFitting.dat
1437731=IfcFlowFitting.dat
1437871=IfcFlowFitting.dat
1438011=IfcFlowFitting.dat
1438151=IfcFlowFitting.dat
1438291=IfcFlowFitting.dat
1438405=IfcFlowFitting.dat
1438545=IfcFlowFitting.dat
1438685=IfcFlowFitting.dat
1438825=IfcFlowFitting.dat
1438965=IfcFlowFitting.dat
1439105=IfcFlowFitting.dat
1439219=IfcFlowFitting.dat
1439359=IfcFlowFitting.dat
1439499=IfcFlowFitting.dat
1439639=IfcFlowFitting.dat
1439779=IfcFlowFitting.dat
1439919=IfcFlowFitting.dat
1440059=IfcFlowFitting.dat
1440199=IfcFlowFitting.dat
1440339=IfcFlowFitting.dat
1440479=IfcFlowFitting.dat
1440619=IfcFlowFitting.dat
1440733=IfcFlowFitting.dat
1440873=IfcFlowFitting.dat
1441013=IfcFlowFitting.dat
1441153=IfcFlowFitting.dat
1441293=IfcFlowFitting.dat
1441433=IfcFlowFitting.dat
1441547=IfcFlowFitting.dat
1441687=IfcFlowFitting.dat
1441827=IfcFlowFitting.dat
1441967=IfcFlowFitting.dat
1442107=IfcFlowFitting.dat
1442247=IfcFlowFitting.dat
1442361=IfcFlowFitting.dat
1442501=IfcFlowFitting.dat
1442641=IfcFlowFitting.dat
1442781=IfcFlowFitting.dat
1442921=IfcFlowFitting.dat
1443061=IfcFlowFitting.dat
1443175=IfcFlowFitting.dat
1443315=IfcFlowFitting.dat
1443455=IfcFlowFitting.dat
1443595=IfcFlowFitting.dat
1443735=IfcFlowFitting.dat
1443875=IfcFlowFitting.dat
1443989=IfcFlowFitting.dat
1444129=IfcFlowFitting.dat
1444269=IfcFlowFitting.dat
1444409=IfcFlowFitting.dat
1444549=IfcFlowFitting.dat
1444689=IfcFlowFitting.dat
1444803=IfcFlowFitting.dat
1444943=IfcFlowFitting.dat
1445083=IfcFlowFitting.dat
1445223=IfcFlowFitting.dat
1445363=IfcFlowFitting.dat
1445503=IfcFlowFitting.dat
1445617=IfcFlowFitting.dat
1445757=IfcFlowFitting.dat
1445871=IfcFlowFitting.dat
1446011=IfcFlowFitting.dat
1446151=IfcFlowFitting.dat
1446291=IfcFlowFitting.dat
1446431=IfcFlowFitting.dat
1446571=IfcFlowFitting.dat
1446685=IfcFlowFitting.dat
1446825=IfcFlowFitting.dat
1446965=IfcFlowFitting.dat
1447105=IfcFlowFitting.dat
1447245=IfcFlowFitting.dat
1447779=IfcFlowFitting.dat
1447919=IfcFlowFitting.dat
1448059=IfcFlowFitting.dat
1457967=IfcFlowFitting.dat
1458081=IfcFlowFitting.dat
1458221=IfcFlowFitting.dat
1458361=IfcFlowFitting.dat
1458501=IfcFlowFitting.dat
1458641=IfcFlowFitting.dat
1458781=IfcFlowFitting.dat
1458895=IfcFlowFitting.dat
1459035=IfcFlowFitting.dat
1459175=IfcFlowFitting.dat
1459315=IfcFlowFitting.dat
1459455=IfcFlowFitting.dat
1459595=IfcFlowFitting.dat
1459709=IfcFlowFitting.dat
1459849=IfcFlowFitting.dat
1459989=IfcFlowFitting.dat
1460129=IfcFlowFitting.dat
1460269=IfcFlowFitting.dat
1460409=IfcFlowFitting.dat
1460523=IfcFlowFitting.dat
1460663=IfcFlowFitting.dat
1460803=IfcFlowFitting.dat
1460943=IfcFlowFitting.dat
1461083=IfcFlowFitting.dat
1461223=IfcFlowFitting.dat
1461337=IfcFlowFitting.dat
1461477=IfcFlowFitting.dat
1461617=IfcFlowFitting.dat
1461757=IfcFlowFitting.dat
1461897=IfcFlowFitting.dat
1462037=IfcFlowFitting.dat
1462151=IfcFlowFitting.dat
1462291=IfcFlowFitting.dat
1462431=IfcFlowFitting.dat
1462571=IfcFlowFitting.dat
1462711=IfcFlowFitting.dat
1462851=IfcFlowFitting.dat
1462965=IfcFlowFitting.dat
1463105=IfcFlowFitting.dat
1463245=IfcFlowFitting.dat
1463385=IfcFlowFitting.dat
1463525=IfcFlowFitting.dat
1463665=IfcFlowFitting.dat
1463779=IfcFlowFitting.dat
1463919=IfcFlowFitting.dat
1464059=IfcFlowFitting.dat
1464199=IfcFlowFitting.dat
1464339=IfcFlowFitting.dat
1464479=IfcFlowFitting.dat
1464593=IfcFlowFitting.dat
1464733=IfcFlowFitting.dat
1464873=IfcFlowFitting.dat
1465013=IfcFlowFitting.dat
1465153=IfcFlowFitting.dat
1465293=IfcFlowFitting.dat
1465407=IfcFlowFitting.dat
1465547=IfcFlowFitting.dat
1465687=IfcFlowFitting.dat
1465827=IfcFlowFitting.dat
1465967=IfcFlowFitting.dat
1466107=IfcFlowFitting.dat
1466221=IfcFlowFitting.dat
1466361=IfcFlowFitting.dat
1466501=IfcFlowFitting.dat
1466641=IfcFlowFitting.dat
1466781=IfcFlowFitting.dat
1466921=IfcFlowFitting.dat
1467035=IfcFlowFitting.dat
1467175=IfcFlowFitting.dat
1467315=IfcFlowFitting.dat
1467455=IfcFlowFitting.dat
1467595=IfcFlowFitting.dat
1467735=IfcFlowFitting.dat
1467849=IfcFlowFitting.dat
1467989=IfcFlowFitting.dat
1468103=IfcFlowFitting.dat
1468243=IfcFlowFitting.dat
1468383=IfcFlowFitting.dat
1468523=IfcFlowFitting.dat
1468663=IfcFlowFitting.dat
1468803=IfcFlowFitting.dat
1468917=IfcFlowFitting.dat
1469057=IfcFlowFitting.dat
1469197=IfcFlowFitting.dat
1469337=IfcFlowFitting.dat
1469477=IfcFlowFitting.dat
1469617=IfcFlowFitting.dat
1469731=IfcFlowFitting.dat
1469871=IfcFlowFitting.dat
1470011=IfcFlowFitting.dat
1470151=IfcFlowFitting.dat
1470291=IfcFlowFitting.dat
1482491=IfcFlowFitting.dat
1482574=IfcFlowFitting.dat
1482657=IfcFlowFitting.dat
1482740=IfcFlowFitting.dat
1482823=IfcFlowFitting.dat
1482906=IfcFlowFitting.dat
1482989=IfcFlowFitting.dat
1483072=IfcFlowFitting.dat
1483155=IfcFlowFitting.dat
1483238=IfcFlowFitting.dat
1483321=IfcFlowFitting.dat
1483404=IfcFlowFitting.dat
1483487=IfcFlowFitting.dat
1486338=IfcFlowFitting.dat
1486454=IfcFlowFitting.dat
1486594=IfcFlowFitting.dat
1486734=IfcFlowFitting.dat
1486874=IfcFlowFitting.dat
1486957=IfcFlowFitting.dat
1489808=IfcFlowFitting.dat
1489924=IfcFlowFitting.dat
1490064=IfcFlowFitting.dat
1490204=IfcFlowFitting.dat
1490344=IfcFlowFitting.dat
1490427=IfcFlowFitting.dat
1490510=IfcFlowFitting.dat
1566244=IfcFlowFitting.dat
1566358=IfcFlowFitting.dat
1566498=IfcFlowFitting.dat
1566638=IfcFlowFitting.dat
1566778=IfcFlowFitting.dat
1566918=IfcFlowFitting.dat
1567058=IfcFlowFitting.dat
1567198=IfcFlowFitting.dat
1567312=IfcFlowFitting.dat
1567452=IfcFlowFitting.dat
1567592=IfcFlowFitting.dat
1567732=IfcFlowFitting.dat
1567872=IfcFlowFitting.dat
1568012=IfcFlowFitting.dat
1568126=IfcFlowFitting.dat
1568266=IfcFlowFitting.dat
1568406=IfcFlowFitting.dat
1568546=IfcFlowFitting.dat
1568686=IfcFlowFitting.dat
1568826=IfcFlowFitting.dat
1569080=IfcFlowFitting.dat
1569220=IfcFlowFitting.dat
1569360=IfcFlowFitting.dat
1569500=IfcFlowFitting.dat
1569640=IfcFlowFitting.dat
1569780=IfcFlowFitting.dat
1570034=IfcFlowFitting.dat
1570174=IfcFlowFitting.dat
1570314=IfcFlowFitting.dat
1570454=IfcFlowFitting.dat
1570594=IfcFlowFitting.dat
1570734=IfcFlowFitting.dat
1570874=IfcFlowFitting.dat
1570988=IfcFlowFitting.dat
1571128=IfcFlowFitting.dat
1571268=IfcFlowFitting.dat
1571408=IfcFlowFitting.dat
1571548=IfcFlowFitting.dat
1571688=IfcFlowFitting.dat
1571828=IfcFlowFitting.dat
1571942=IfcFlowFitting.dat
1572082=IfcFlowFitting.dat
1572222=IfcFlowFitting.dat
1572362=IfcFlowFitting.dat
1572502=IfcFlowFitting.dat
1572642=IfcFlowFitting.dat
1572782=IfcFlowFitting.dat
1572896=IfcFlowFitting.dat
1573036=IfcFlowFitting.dat
1573176=IfcFlowFitting.dat
1573316=IfcFlowFitting.dat
1573456=IfcFlowFitting.dat
1573596=IfcFlowFitting.dat
1573710=IfcFlowFitting.dat
1573850=IfcFlowFitting.dat
1573990=IfcFlowFitting.dat
1574130=IfcFlowFitting.dat
1574270=IfcFlowFitting.dat
1574410=IfcFlowFitting.dat
1577912=IfcFlowFitting.dat
1578054=IfcFlowFitting.dat
1578194=IfcFlowFitting.dat
1578334=IfcFlowFitting.dat
1578474=IfcFlowFitting.dat
1578614=IfcFlowFitting.dat
1578754=IfcFlowFitting.dat
1578837=IfcFlowFitting.dat
1578920=IfcFlowFitting.dat
1581858=IfcFlowFitting.dat
1586880=IfcFlowFitting.dat
1588279=IfcFlowFitting.dat
1588363=IfcFlowFitting.dat
1590565=IfcFlowFitting.dat
1591695=IfcFlowFitting.dat
1594401=IfcFlowFitting.dat
1596779=IfcFlowFitting.dat
1599674=IfcFlowFitting.dat
1603234=IfcFlowFitting.dat
1604588=IfcFlowFitting.dat
1609295=IfcFlowFitting.dat
1615922=IfcFlowFitting.dat
1655036=IfcFlowFitting.dat
1662938=IfcFlowFitting.dat
1663150=IfcFlowFitting.dat
1663261=IfcFlowFitting.dat
1684636=IfcFlowFitting.dat
16955=IfcFlowFitting.dat
1705507=IfcFlowFitting.dat
1712458=IfcFlowFitting.dat
1712747=IfcFlowFitting.dat
1712946=IfcFlowFitting.dat
171700=IfcFlowFitting.dat
1719782=IfcFlowFitting.dat
1726864=IfcFlowFitting.dat
1727064=IfcFlowFitting.dat
1727263=IfcFlowFitting.dat
1727462=IfcFlowFitting.dat
1727661=IfcFlowFitting.dat
1727860=IfcFlowFitting.dat
173364=IfcFlowFitting.dat
1733894=IfcFlowFitting.dat
1747=IfcFlowFitting.dat
175466=IfcFlowFitting.dat
176543=IfcFlowFitting.dat
176918=IfcFlowFitting.dat
17823=IfcFlowFitting.dat
180775=IfcFlowFitting.dat
181307=IfcFlowFitting.dat
181746=IfcFlowFitting.dat
1821120=IfcFlowFitting.dat
1821631=IfcFlowFitting.dat
1822260=IfcFlowFitting.dat
182474=IfcFlowFitting.dat
1827025=IfcFlowFitting.dat
182972=IfcFlowFitting.dat
1839587=IfcFlowFitting.dat
1840571=IfcFlowFitting.dat
1840639=IfcFlowFitting.dat
1841221=IfcFlowFitting.dat
1841362=IfcFlowFitting.dat
190660=IfcFlowFitting.dat
1933098=IfcFlowFitting.dat
200054=IfcFlowFitting.dat
204751=IfcFlowFitting.dat
2048541=IfcFlowFitting.dat
2049261=IfcFlowFitting.dat
2049743=IfcFlowFitting.dat
209510=IfcFlowFitting.dat
2100266=IfcFlowFitting.dat
21080=IfcFlowFitting.dat
2125299=IfcFlowFitting.dat
2125783=IfcFlowFitting.dat
2131674=IfcFlowFitting.dat
2135600=IfcFlowFitting.dat
2136504=IfcFlowFitting.dat
2136806=IfcFlowFitting.dat
2136990=IfcFlowFitting.dat
2137345=IfcFlowFitting.dat
2139592=IfcFlowFitting.dat
2139856=IfcFlowFitting.dat
2140332=IfcFlowFitting.dat
2140711=IfcFlowFitting.dat
214207=IfcFlowFitting.dat
2143530=IfcFlowFitting.dat
2144208=IfcFlowFitting.dat
2144696=IfcFlowFitting.dat
2145754=IfcFlowFitting.dat
2148013=IfcFlowFitting.dat
2148166=IfcFlowFitting.dat
2148529=IfcFlowFitting.dat
2148710=IfcFlowFitting.dat
2148971=IfcFlowFitting.dat
2149160=IfcFlowFitting.dat
2149420=IfcFlowFitting.dat
2150061=IfcFlowFitting.dat
2150596=IfcFlowFitting.dat
2150858=IfcFlowFitting.dat
2152037=IfcFlowFitting.dat
2152632=IfcFlowFitting.dat
2152881=IfcFlowFitting.dat
2153058=IfcFlowFitting.dat
2153224=IfcFlowFitting.dat
2153414=IfcFlowFitting.dat
2153522=IfcFlowFitting.dat
2153711=IfcFlowFitting.dat
2153900=IfcFlowFitting.dat
2154070=IfcFlowFitting.dat
2154260=IfcFlowFitting.dat
2154368=IfcFlowFitting.dat
2154629=IfcFlowFitting.dat
2154795=IfcFlowFitting.dat
2155057=IfcFlowFitting.dat
2155780=IfcFlowFitting.dat
2156411=IfcFlowFitting.dat
2156663=IfcFlowFitting.dat
2164082=IfcFlowFitting.dat
2164474=IfcFlowFitting.dat
2164911=IfcFlowFitting.dat
2165087=IfcFlowFitting.dat
2165396=IfcFlowFitting.dat
2165599=IfcFlowFitting.dat
2165714=IfcFlowFitting.dat
2166022=IfcFlowFitting.dat
2166297=IfcFlowFitting.dat
2166464=IfcFlowFitting.dat
2167191=IfcFlowFitting.dat
2167452=IfcFlowFitting.dat
2167746=IfcFlowFitting.dat
218930=IfcFlowFitting.dat
223865=IfcFlowFitting.dat
228562=IfcFlowFitting.dat
233497=IfcFlowFitting.dat
233586=IfcFlowFitting.dat
238518=IfcFlowFitting.dat
238607=IfcFlowFitting.dat
2392063=IfcFlowFitting.dat
2393244=IfcFlowFitting.dat
2394288=IfcFlowFitting.dat
2395063=IfcFlowFitting.dat
243473=IfcFlowFitting.dat
2477=IfcFlowFitting.dat
2603724=IfcFlowFitting.dat
2614862=IfcFlowFitting.dat
2615040=IfcFlowFitting.dat
2615565=IfcFlowFitting.dat
2615635=IfcFlowFitting.dat
2615704=IfcFlowFitting.dat
2615909=IfcFlowFitting.dat
2616114=IfcFlowFitting.dat
2616183=IfcFlowFitting.dat
2616252=IfcFlowFitting.dat
2616322=IfcFlowFitting.dat
2616430=IfcFlowFitting.dat
2616705=IfcFlowFitting.dat
2617022=IfcFlowFitting.dat
2617208=IfcFlowFitting.dat
2617703=IfcFlowFitting.dat
2617799=IfcFlowFitting.dat
2618090=IfcFlowFitting.dat
2618185=IfcFlowFitting.dat
2618404=IfcFlowFitting.dat
2618571=IfcFlowFitting.dat
2618935=IfcFlowFitting.dat
2619044=IfcFlowFitting.dat
2619629=IfcFlowFitting.dat
2619849=IfcFlowFitting.dat
2620207=IfcFlowFitting.dat
2620427=IfcFlowFitting.dat
2620570=IfcFlowFitting.dat
2620748=IfcFlowFitting.dat
2620854=IfcFlowFitting.dat
2621129=IfcFlowFitting.dat
2621235=IfcFlowFitting.dat
2627067=IfcFlowFitting.dat
2627420=IfcFlowFitting.dat
2627490=IfcFlowFitting.dat
2627557=IfcFlowFitting.dat
2627843=IfcFlowFitting.dat
2628050=IfcFlowFitting.dat
2628120=IfcFlowFitting.dat
2628190=IfcFlowFitting.dat
2633299=IfcFlowFitting.dat
2637868=IfcFlowFitting.dat
2638709=IfcFlowFitting.dat
2638788=IfcFlowFitting.dat
2638865=IfcFlowFitting.dat
2641980=IfcFlowFitting.dat
2642088=IfcFlowFitting.dat
2642198=IfcFlowFitting.dat
2642306=IfcFlowFitting.dat
2642848=IfcFlowFitting.dat
2642956=IfcFlowFitting.dat
2643066=IfcFlowFitting.dat
2643174=IfcFlowFitting.dat
2643716=IfcFlowFitting.dat
2643824=IfcFlowFitting.dat
2643934=IfcFlowFitting.dat
2644042=IfcFlowFitting.dat
2644584=IfcFlowFitting.dat
2644692=IfcFlowFitting.dat
2644802=IfcFlowFitting.dat
2644910=IfcFlowFitting.dat
2645452=IfcFlowFitting.dat
2645560=IfcFlowFitting.dat
2645670=IfcFlowFitting.dat
2645778=IfcFlowFitting.dat
2646320=IfcFlowFitting.dat
2646428=IfcFlowFitting.dat
2646538=IfcFlowFitting.dat
2646646=IfcFlowFitting.dat
2647188=IfcFlowFitting.dat
2647296=IfcFlowFitting.dat
2647406=IfcFlowFitting.dat
2647514=IfcFlowFitting.dat
2648056=IfcFlowFitting.dat
2648164=IfcFlowFitting.dat
2648274=IfcFlowFitting.dat
2648382=IfcFlowFitting.dat
2656893=IfcFlowFitting.dat
2657001=IfcFlowFitting.dat
2657111=IfcFlowFitting.dat
2657219=IfcFlowFitting.dat
2657761=IfcFlowFitting.dat
2657869=IfcFlowFitting.dat
2657979=IfcFlowFitting.dat
2658087=IfcFlowFitting.dat
2658629=IfcFlowFitting.dat
2658737=IfcFlowFitting.dat
2658847=IfcFlowFitting.dat
2658955=IfcFlowFitting.dat
2659497=IfcFlowFitting.dat
2659605=IfcFlowFitting.dat
2659715=IfcFlowFitting.dat
2659823=IfcFlowFitting.dat
2660365=IfcFlowFitting.dat
2660473=IfcFlowFitting.dat
2660583=IfcFlowFitting.dat
2660691=IfcFlowFitting.dat
2661231=IfcFlowFitting.dat
2661341=IfcFlowFitting.dat
2661449=IfcFlowFitting.dat
2661991=IfcFlowFitting.dat
2662099=IfcFlowFitting.dat
2662209=IfcFlowFitting.dat
2662317=IfcFlowFitting.dat
2662859=IfcFlowFitting.dat
2662967=IfcFlowFitting.dat
2663077=IfcFlowFitting.dat
2663185=IfcFlowFitting.dat
2663727=IfcFlowFitting.dat
2663835=IfcFlowFitting.dat
2663945=IfcFlowFitting.dat
2664053=IfcFlowFitting.dat
2666667=IfcFlowFitting.dat
2666745=IfcFlowFitting.dat
2666822=IfcFlowFitting.dat
2666899=IfcFlowFitting.dat
2667406=IfcFlowFitting.dat
2667483=IfcFlowFitting.dat
2667560=IfcFlowFitting.dat
2667637=IfcFlowFitting.dat
2668150=IfcFlowFitting.dat
2668258=IfcFlowFitting.dat
2668368=IfcFlowFitting.dat
2668476=IfcFlowFitting.dat
2669018=IfcFlowFitting.dat
2669126=IfcFlowFitting.dat
2669236=IfcFlowFitting.dat
2669344=IfcFlowFitting.dat
2669886=IfcFlowFitting.dat
2669994=IfcFlowFitting.dat
2670104=IfcFlowFitting.dat
2670212=IfcFlowFitting.dat
2672979=IfcFlowFitting.dat
2677517=IfcFlowFitting.dat
2677628=IfcFlowFitting.dat
2681644=IfcFlowFitting.dat
2681755=IfcFlowFitting.dat
2682772=IfcFlowFitting.dat
2682851=IfcFlowFitting.dat
2711153=IfcFlowFitting.dat
2711261=IfcFlowFitting.dat
2711371=IfcFlowFitting.dat
2711479=IfcFlowFitting.dat
2712021=IfcFlowFitting.dat
2712129=IfcFlowFitting.dat
2712239=IfcFlowFitting.dat
2712347=IfcFlowFitting.dat
2712889=IfcFlowFitting.dat
2712997=IfcFlowFitting.dat
2713107=IfcFlowFitting.dat
2713215=IfcFlowFitting.dat
2713757=IfcFlowFitting.dat
2713865=IfcFlowFitting.dat
2713975=IfcFlowFitting.dat
2714083=IfcFlowFitting.dat
2714625=IfcFlowFitting.dat
2714733=IfcFlowFitting.dat
2714843=IfcFlowFitting.dat
2714951=IfcFlowFitting.dat
2715493=IfcFlowFitting.dat
2715601=IfcFlowFitting.dat
2715711=IfcFlowFitting.dat
2715819=IfcFlowFitting.dat
2716361=IfcFlowFitting.dat
2716469=IfcFlowFitting.dat
2716579=IfcFlowFitting.dat
2716687=IfcFlowFitting.dat
2717229=IfcFlowFitting.dat
2717337=IfcFlowFitting.dat
2717447=IfcFlowFitting.dat
2717555=IfcFlowFitting.dat
2718097=IfcFlowFitting.dat
2718205=IfcFlowFitting.dat
2718315=IfcFlowFitting.dat
2718423=IfcFlowFitting.dat
2718965=IfcFlowFitting.dat
2719073=IfcFlowFitting.dat
2719183=IfcFlowFitting.dat
2719291=IfcFlowFitting.dat
2719833=IfcFlowFitting.dat
2719941=IfcFlowFitting.dat
2720051=IfcFlowFitting.dat
2720159=IfcFlowFitting.dat
2720701=IfcFlowFitting.dat
2720809=IfcFlowFitting.dat
2720919=IfcFlowFitting.dat
2721027=IfcFlowFitting.dat
2721569=IfcFlowFitting.dat
2721677=IfcFlowFitting.dat
2721787=IfcFlowFitting.dat
2721895=IfcFlowFitting.dat
2722437=IfcFlowFitting.dat
2722545=IfcFlowFitting.dat
2722655=IfcFlowFitting.dat
2722763=IfcFlowFitting.dat
2723305=IfcFlowFitting.dat
2723413=IfcFlowFitting.dat
2723523=IfcFlowFitting.dat
2723631=IfcFlowFitting.dat
2724173=IfcFlowFitting.dat
2724281=IfcFlowFitting.dat
2724391=IfcFlowFitting.dat
2724499=IfcFlowFitting.dat
2725041=IfcFlowFitting.dat
2725149=IfcFlowFitting.dat
2725259=IfcFlowFitting.dat
2725367=IfcFlowFitting.dat
2725909=IfcFlowFitting.dat
2726017=IfcFlowFitting.dat
2726127=IfcFlowFitting.dat
2726235=IfcFlowFitting.dat
2726777=IfcFlowFitting.dat
2726885=IfcFlowFitting.dat
2726995=IfcFlowFitting.dat
2727103=IfcFlowFitting.dat
2727645=IfcFlowFitting.dat
2727753=IfcFlowFitting.dat
2727863=IfcFlowFitting.dat
2727971=IfcFlowFitting.dat
2728513=IfcFlowFitting.dat
2728621=IfcFlowFitting.dat
2728731=IfcFlowFitting.dat
2728839=IfcFlowFitting.dat
2735461=IfcFlowFitting.dat
2735540=IfcFlowFitting.dat
2735621=IfcFlowFitting.dat
2735700=IfcFlowFitting.dat
2736041=IfcFlowFitting.dat
2736149=IfcFlowFitting.dat
2736519=IfcFlowFitting.dat
2736627=IfcFlowFitting.dat
2736997=IfcFlowFitting.dat
2737105=IfcFlowFitting.dat
2737475=IfcFlowFitting.dat
2737583=IfcFlowFitting.dat
2737953=IfcFlowFitting.dat
2738061=IfcFlowFitting.dat
2738431=IfcFlowFitting.dat
2738539=IfcFlowFitting.dat
2738909=IfcFlowFitting.dat
2739017=IfcFlowFitting.dat
2739387=IfcFlowFitting.dat
2739495=IfcFlowFitting.dat
2739865=IfcFlowFitting.dat
2739973=IfcFlowFitting.dat
2740343=IfcFlowFitting.dat
2740451=IfcFlowFitting.dat
2740821=IfcFlowFitting.dat
2740929=IfcFlowFitting.dat
2741299=IfcFlowFitting.dat
2741407=IfcFlowFitting.dat
274149=IfcFlowFitting.dat
2741777=IfcFlowFitting.dat
2741885=IfcFlowFitting.dat
2742255=IfcFlowFitting.dat
2742363=IfcFlowFitting.dat
2742733=IfcFlowFitting.dat
2742841=IfcFlowFitting.dat
274310=IfcFlowFitting.dat
274471=IfcFlowFitting.dat
276702=IfcFlowFitting.dat
276782=IfcFlowFitting.dat
277028=IfcFlowFitting.dat
277104=IfcFlowFitting.dat
2918684=IfcFlowFitting.dat
2952151=IfcFlowFitting.dat
2952259=IfcFlowFitting.dat
2952369=IfcFlowFitting.dat
2952477=IfcFlowFitting.dat
2970294=IfcFlowFitting.dat
2975243=IfcFlowFitting.dat
2979247=IfcFlowFitting.dat
2979792=IfcFlowFitting.dat
2979900=IfcFlowFitting.dat
2980010=IfcFlowFitting.dat
2980118=IfcFlowFitting.dat
2980660=IfcFlowFitting.dat
2980768=IfcFlowFitting.dat
2980878=IfcFlowFitting.dat
2980986=IfcFlowFitting.dat
2981528=IfcFlowFitting.dat
2981636=IfcFlowFitting.dat
2981746=IfcFlowFitting.dat
2981854=IfcFlowFitting.dat
2983599=IfcFlowFitting.dat
2983784=IfcFlowFitting.dat
2983867=IfcFlowFitting.dat
2984409=IfcFlowFitting.dat
2984517=IfcFlowFitting.dat
2984627=IfcFlowFitting.dat
2984735=IfcFlowFitting.dat
2986957=IfcFlowFitting.dat
2987037=IfcFlowFitting.dat
2987296=IfcFlowFitting.dat
2987693=IfcFlowFitting.dat
2989845=IfcFlowFitting.dat
3002=IfcFlowFitting.dat
3024366=IfcFlowFitting.dat
3025865=IfcFlowFitting.dat
3026605=IfcFlowFitting.dat
3027368=IfcFlowFitting.dat
3027662=IfcFlowFitting.dat
3029837=IfcFlowFitting.dat
336874=IfcFlowFitting.dat
345594=IfcFlowFitting.dat
355=IfcFlowFitting.dat
383941=IfcFlowFitting.dat
499325=IfcFlowFitting.dat
659762=IfcFlowFitting.dat
686689=IfcFlowFitting.dat
686858=IfcFlowFitting.dat
704911=IfcFlowFitting.dat
706742=IfcFlowFitting.dat
723805=IfcFlowFitting.dat
7836=IfcFlowFitting.dat
78756=IfcFlowFitting.dat
790=IfcFlowFitting.dat
81276=IfcFlowFitting.dat
850385=IfcFlowFitting.dat
853774=IfcFlowFitting.dat
853855=IfcFlowFitting.dat
857266=IfcFlowFitting.dat
867936=IfcFlowFitting.dat
877807=IfcFlowFitting.dat
877931=IfcFlowFitting.dat
878045=IfcFlowFitting.dat
878185=IfcFlowFitting.dat
878299=IfcFlowFitting.dat
878439=IfcFlowFitting.dat
878553=IfcFlowFitting.dat
878693=IfcFlowFitting.dat
878807=IfcFlowFitting.dat
878947=IfcFlowFitting.dat
879061=IfcFlowFitting.dat
879201=IfcFlowFitting.dat
879315=IfcFlowFitting.dat
879455=IfcFlowFitting.dat
879569=IfcFlowFitting.dat
879709=IfcFlowFitting.dat
879823=IfcFlowFitting.dat
879963=IfcFlowFitting.dat
880077=IfcFlowFitting.dat
883517=IfcFlowFitting.dat
886938=IfcFlowFitting.dat
890892=IfcFlowFitting.dat
891007=IfcFlowFitting.dat
894415=IfcFlowFitting.dat
898450=IfcFlowFitting.dat
898564=IfcFlowFitting.dat
898680=IfcFlowFitting.dat
898796=IfcFlowFitting.dat
898938=IfcFlowFitting.dat
902478=IfcFlowFitting.dat
906047=IfcFlowFitting.dat
909558=IfcFlowFitting.dat
913169=IfcFlowFitting.dat
917481=IfcFlowFitting.dat
920947=IfcFlowFitting.dat
921064=IfcFlowFitting.dat
924632=IfcFlowFitting.dat
924776=IfcFlowFitting.dat
924918=IfcFlowFitting.dat
925060=IfcFlowFitting.dat
925202=IfcFlowFitting.dat
971758=IfcFlowFitting.dat
9924=IfcFlowFitting.dat
100028=IfcFlowSegment.dat
100117=IfcFlowSegment.dat
10017=IfcFlowSegment.dat
1010=IfcFlowSegment.dat
101357=IfcFlowSegment.dat
1016544=IfcFlowSegment.dat
1016632=IfcFlowSegment.dat
1016720=IfcFlowSegment.dat
1016808=IfcFlowSegment.dat
1016896=IfcFlowSegment.dat
1016984=IfcFlowSegment.dat
1017072=IfcFlowSegment.dat
1017160=IfcFlowSegment.dat
1017248=IfcFlowSegment.dat
1017336=IfcFlowSegment.dat
1017424=IfcFlowSegment.dat
1017512=IfcFlowSegment.dat
1017600=IfcFlowSegment.dat
1017688=IfcFlowSegment.dat
1017776=IfcFlowSegment.dat
1017864=IfcFlowSegment.dat
1017952=IfcFlowSegment.dat
1018040=IfcFlowSegment.dat
1018128=IfcFlowSegment.dat
1018216=IfcFlowSegment.dat
1018304=IfcFlowSegment.dat
1018392=IfcFlowSegment.dat
1018480=IfcFlowSegment.dat
1018568=IfcFlowSegment.dat
1018656=IfcFlowSegment.dat
1018744=IfcFlowSegment.dat
1018832=IfcFlowSegment.dat
1018920=IfcFlowSegment.dat
1019008=IfcFlowSegment.dat
1019096=IfcFlowSegment.dat
1019184=IfcFlowSegment.dat
1019272=IfcFlowSegment.dat
1019296=IfcFlowSegment.dat
1019360=IfcFlowSegment.dat
1019448=IfcFlowSegment.dat
1019536=IfcFlowSegment.dat
1019711=IfcFlowSegment.dat
1019712=IfcFlowSegment.dat
1019800=IfcFlowSegment.dat
1019888=IfcFlowSegment.dat
1019976=IfcFlowSegment.dat
1020064=IfcFlowSegment.dat
1020152=IfcFlowSegment.dat
1020240=IfcFlowSegment.dat
1020328=IfcFlowSegment.dat
1020407=IfcFlowSegment.dat
1020416=IfcFlowSegment.dat
1020504=IfcFlowSegment.dat
1020592=IfcFlowSegment.dat
1020680=IfcFlowSegment.dat
1020768=IfcFlowSegment.dat
1020856=IfcFlowSegment.dat
1020944=IfcFlowSegment.dat
1021032=IfcFlowSegment.dat
1021120=IfcFlowSegment.dat
1021208=IfcFlowSegment.dat
1021384=IfcFlowSegment.dat
1023055=IfcFlowSegment.dat
1025585=IfcFlowSegment.dat
1025760=IfcFlowSegment.dat
1025761=IfcFlowSegment.dat
1025849=IfcFlowSegment.dat
1025937=IfcFlowSegment.dat
1026025=IfcFlowSegment.dat
1026113=IfcFlowSegment.dat
1026201=IfcFlowSegment.dat
1026377=IfcFlowSegment.dat
1026465=IfcFlowSegment.dat
1026553=IfcFlowSegment.dat
1027304=IfcFlowSegment.dat
1027391=IfcFlowSegment.dat
1027478=IfcFlowSegment.dat
1027652=IfcFlowSegment.dat
1027739=IfcFlowSegment.dat
1028137=IfcFlowSegment.dat
1028250=IfcFlowSegment.dat
1029207=IfcFlowSegment.dat
1029294=IfcFlowSegment.dat
1029545=IfcFlowSegment.dat
1031235=IfcFlowSegment.dat
1032273=IfcFlowSegment.dat
1032361=IfcFlowSegment.dat
1032449=IfcFlowSegment.dat
1032537=IfcFlowSegment.dat
1032625=IfcFlowSegment.dat
1032713=IfcFlowSegment.dat
1032801=IfcFlowSegment.dat
1032889=IfcFlowSegment.dat
1032977=IfcFlowSegment.dat
1033065=IfcFlowSegment.dat
1033153=IfcFlowSegment.dat
1033241=IfcFlowSegment.dat
1033329=IfcFlowSegment.dat
1033417=IfcFlowSegment.dat
1033505=IfcFlowSegment.dat
1033593=IfcFlowSegment.dat
1033681=IfcFlowSegment.dat
1033769=IfcFlowSegment.dat
1033857=IfcFlowSegment.dat
1033945=IfcFlowSegment.dat
1034033=IfcFlowSegment.dat
1034121=IfcFlowSegment.dat
1034209=IfcFlowSegment.dat
1034297=IfcFlowSegment.dat
1034385=IfcFlowSegment.dat
1034473=IfcFlowSegment.dat
1034561=IfcFlowSegment.dat
1034649=IfcFlowSegment.dat
1034737=IfcFlowSegment.dat
1034825=IfcFlowSegment.dat
1034913=IfcFlowSegment.dat
1035001=IfcFlowSegment.dat
1035089=IfcFlowSegment.dat
1035177=IfcFlowSegment.dat
1035265=IfcFlowSegment.dat
1035353=IfcFlowSegment.dat
1035441=IfcFlowSegment.dat
1035529=IfcFlowSegment.dat
1035617=IfcFlowSegment.dat
1035705=IfcFlowSegment.dat
1035793=IfcFlowSegment.dat
1035881=IfcFlowSegment.dat
1035960=IfcFlowSegment.dat
1035969=IfcFlowSegment.dat
1036057=IfcFlowSegment.dat
1036145=IfcFlowSegment.dat
1036233=IfcFlowSegment.dat
1036321=IfcFlowSegment.dat
1036409=IfcFlowSegment.dat
1036497=IfcFlowSegment.dat
1036585=IfcFlowSegment.dat
1036673=IfcFlowSegment.dat
1036761=IfcFlowSegment.dat
1036849=IfcFlowSegment.dat
1036937=IfcFlowSegment.dat
1037025=IfcFlowSegment.dat
1037113=IfcFlowSegment.dat
1037201=IfcFlowSegment.dat
1037289=IfcFlowSegment.dat
1037377=IfcFlowSegment.dat
1037465=IfcFlowSegment.dat
1037553=IfcFlowSegment.dat
1037641=IfcFlowSegment.dat
103768=IfcFlowSegment.dat
1037729=IfcFlowSegment.dat
1037817=IfcFlowSegment.dat
1038646=IfcFlowSegment.dat
1038733=IfcFlowSegment.dat
1039516=IfcFlowSegment.dat
1039603=IfcFlowSegment.dat
1039690=IfcFlowSegment.dat
1039951=IfcFlowSegment.dat
1040299=IfcFlowSegment.dat
1040386=IfcFlowSegment.dat
1040473=IfcFlowSegment.dat
1040560=IfcFlowSegment.dat
1040647=IfcFlowSegment.dat
1040734=IfcFlowSegment.dat
1040821=IfcFlowSegment.dat
1040908=IfcFlowSegment.dat
1041082=IfcFlowSegment.dat
1042648=IfcFlowSegment.dat
1045919=IfcFlowSegment.dat
1046007=IfcFlowSegment.dat
1046095=IfcFlowSegment.dat
1046183=IfcFlowSegment.dat
1046271=IfcFlowSegment.dat
1046359=IfcFlowSegment.dat
1046447=IfcFlowSegment.dat
1046535=IfcFlowSegment.dat
1046623=IfcFlowSegment.dat
1046711=IfcFlowSegment.dat
1046799=IfcFlowSegment.dat
1046887=IfcFlowSegment.dat
1046975=IfcFlowSegment.dat
1047063=IfcFlowSegment.dat
1047151=IfcFlowSegment.dat
1049087=IfcFlowSegment.dat
1053751=IfcFlowSegment.dat
1053927=IfcFlowSegment.dat
1054015=IfcFlowSegment.dat
1054103=IfcFlowSegment.dat
1054191=IfcFlowSegment.dat
1054279=IfcFlowSegment.dat
1054367=IfcFlowSegment.dat
1054455=IfcFlowSegment.dat
1054543=IfcFlowSegment.dat
1054631=IfcFlowSegment.dat
1054719=IfcFlowSegment.dat
106311=IfcFlowSegment.dat
1063955=IfcFlowSegment.dat
1064043=IfcFlowSegment.dat
1064131=IfcFlowSegment.dat
1064219=IfcFlowSegment.dat
1064307=IfcFlowSegment.dat
1064395=IfcFlowSegment.dat
1064483=IfcFlowSegment.dat
1064571=IfcFlowSegment.dat
1064875=IfcFlowSegment.dat
106487=IfcFlowSegment.dat
1064963=IfcFlowSegment.dat
1065051=IfcFlowSegment.dat
1065139=IfcFlowSegment.dat
1065227=IfcFlowSegment.dat
1065315=IfcFlowSegment.dat
106575=IfcFlowSegment.dat
106631=IfcFlowSegment.dat
106663=IfcFlowSegment.dat
106751=IfcFlowSegment.dat
106965=IfcFlowSegment.dat
1073417=IfcFlowSegment.dat
1073505=IfcFlowSegment.dat
1073593=IfcFlowSegment.dat
1073681=IfcFlowSegment.dat
1073769=IfcFlowSegment.dat
1073857=IfcFlowSegment.dat
1075877=IfcFlowSegment.dat
1075961=IfcFlowSegment.dat
1076045=IfcFlowSegment.dat
1076129=IfcFlowSegment.dat
1076213=IfcFlowSegment.dat
1076297=IfcFlowSegment.dat
1076381=IfcFlowSegment.dat
1076465=IfcFlowSegment.dat
1076549=IfcFlowSegment.dat
1076633=IfcFlowSegment.dat
1076717=IfcFlowSegment.dat
1076801=IfcFlowSegment.dat
1076885=IfcFlowSegment.dat
1076969=IfcFlowSegment.dat
1077053=IfcFlowSegment.dat
1077137=IfcFlowSegment.dat
1077221=IfcFlowSegment.dat
1077305=IfcFlowSegment.dat
1077389=IfcFlowSegment.dat
1077473=IfcFlowSegment.dat
1077557=IfcFlowSegment.dat
1077641=IfcFlowSegment.dat
1077725=IfcFlowSegment.dat
1077809=IfcFlowSegment.dat
1077897=IfcFlowSegment.dat
1078=IfcFlowSegment.dat
1080439=IfcFlowSegment.dat
1080527=IfcFlowSegment.dat
1083045=IfcFlowSegment.dat
1083133=IfcFlowSegment.dat
108341=IfcFlowSegment.dat
108429=IfcFlowSegment.dat
108517=IfcFlowSegment.dat
1085651=IfcFlowSegment.dat
1085739=IfcFlowSegment.dat
108601=IfcFlowSegment.dat
108689=IfcFlowSegment.dat
108777=IfcFlowSegment.dat
1088253=IfcFlowSegment.dat
1088341=IfcFlowSegment.dat
108952=IfcFlowSegment.dat
1090892=IfcFlowSegment.dat
1090980=IfcFlowSegment.dat
1093531=IfcFlowSegment.dat
1093619=IfcFlowSegment.dat
1093703=IfcFlowSegment.dat
1093791=IfcFlowSegment.dat
1093875=IfcFlowSegment.dat
1093963=IfcFlowSegment.dat
1094047=IfcFlowSegment.dat
1094135=IfcFlowSegment.dat
1094219=IfcFlowSegment.dat
1094307=IfcFlowSegment.dat
1094391=IfcFlowSegment.dat
1094479=IfcFlowSegment.dat
1094567=IfcFlowSegment.dat
1097109=IfcFlowSegment.dat
1097197=IfcFlowSegment.dat
1099715=IfcFlowSegment.dat
1099803=IfcFlowSegment.dat
1102321=IfcFlowSegment.dat
1102409=IfcFlowSegment.dat
1103513=IfcFlowSegment.dat
1103600=IfcFlowSegment.dat
1104117=IfcFlowSegment.dat
1104204=IfcFlowSegment.dat
1104639=IfcFlowSegment.dat
1104923=IfcFlowSegment.dat
1104987=IfcFlowSegment.dat
1105011=IfcFlowSegment.dat
1105335=IfcFlowSegment.dat
1105770=IfcFlowSegment.dat
1107562=IfcFlowSegment.dat
1107650=IfcFlowSegment.dat
1107734=IfcFlowSegment.dat
1107822=IfcFlowSegment.dat
1107906=IfcFlowSegment.dat
1107994=IfcFlowSegment.dat
1108078=IfcFlowSegment.dat
1108166=IfcFlowSegment.dat
1108250=IfcFlowSegment.dat
1108338=IfcFlowSegment.dat
1108422=IfcFlowSegment.dat
1108510=IfcFlowSegment.dat
1108598=IfcFlowSegment.dat
110904=IfcFlowSegment.dat
110992=IfcFlowSegment.dat
111080=IfcFlowSegment.dat
1111140=IfcFlowSegment.dat
1111228=IfcFlowSegment.dat
111168=IfcFlowSegment.dat
1113433=IfcFlowSegment.dat
1113694=IfcFlowSegment.dat
1113746=IfcFlowSegment.dat
1113834=IfcFlowSegment.dat
1113868=IfcFlowSegment.dat
1114042=IfcFlowSegment.dat
1114390=IfcFlowSegment.dat
1116352=IfcFlowSegment.dat
1116440=IfcFlowSegment.dat
1117609=IfcFlowSegment.dat
1117870=IfcFlowSegment.dat
1118954=IfcFlowSegment.dat
111896=IfcFlowSegment.dat
1119042=IfcFlowSegment.dat
1120132=IfcFlowSegment.dat
112086=IfcFlowSegment.dat
112141=IfcFlowSegment.dat
1121593=IfcFlowSegment.dat
1121681=IfcFlowSegment.dat
112170=IfcFlowSegment.dat
112258=IfcFlowSegment.dat
112346=IfcFlowSegment.dat
1124232=IfcFlowSegment.dat
1124320=IfcFlowSegment.dat
1124404=IfcFlowSegment.dat
1124492=IfcFlowSegment.dat
1124576=IfcFlowSegment.dat
1124664=IfcFlowSegment.dat
1124748=IfcFlowSegment.dat
1124836=IfcFlowSegment.dat
1124920=IfcFlowSegment.dat
1125008=IfcFlowSegment.dat
1125092=IfcFlowSegment.dat
1125180=IfcFlowSegment.dat
1125268=IfcFlowSegment.dat
1127810=IfcFlowSegment.dat
1127898=IfcFlowSegment.dat
1130416=IfcFlowSegment.dat
1130504=IfcFlowSegment.dat
1133022=IfcFlowSegment.dat
1133110=IfcFlowSegment.dat
1135624=IfcFlowSegment.dat
1135712=IfcFlowSegment.dat
1138263=IfcFlowSegment.dat
1138351=IfcFlowSegment.dat
1140902=IfcFlowSegment.dat
1140990=IfcFlowSegment.dat
1141074=IfcFlowSegment.dat
1141162=IfcFlowSegment.dat
1141246=IfcFlowSegment.dat
1141334=IfcFlowSegment.dat
1141418=IfcFlowSegment.dat
1141506=IfcFlowSegment.dat
1141590=IfcFlowSegment.dat
1141678=IfcFlowSegment.dat
1141762=IfcFlowSegment.dat
1141850=IfcFlowSegment.dat
1141938=IfcFlowSegment.dat
1143=IfcFlowSegment.dat
1144456=IfcFlowSegment.dat
1144544=IfcFlowSegment.dat
114501=IfcFlowSegment.dat
1147062=IfcFlowSegment.dat
1147150=IfcFlowSegment.dat
114765=IfcFlowSegment.dat
114853=IfcFlowSegment.dat
114941=IfcFlowSegment.dat
1149664=IfcFlowSegment.dat
1149752=IfcFlowSegment.dat
115029=IfcFlowSegment.dat
115117=IfcFlowSegment.dat
1152303=IfcFlowSegment.dat
1152391=IfcFlowSegment.dat
1154942=IfcFlowSegment.dat
1155030=IfcFlowSegment.dat
1155114=IfcFlowSegment.dat
1155202=IfcFlowSegment.dat
1155286=IfcFlowSegment.dat
1155374=IfcFlowSegment.dat
1155458=IfcFlowSegment.dat
1155546=IfcFlowSegment.dat
1155630=IfcFlowSegment.dat
1155718=IfcFlowSegment.dat
1155802=IfcFlowSegment.dat
1155890=IfcFlowSegment.dat
1155978=IfcFlowSegment.dat
1158520=IfcFlowSegment.dat
1158604=IfcFlowSegment.dat
116001=IfcFlowSegment.dat
1161122=IfcFlowSegment.dat
1161210=IfcFlowSegment.dat
1163728=IfcFlowSegment.dat
1163816=IfcFlowSegment.dat
1163987=IfcFlowSegment.dat
1166330=IfcFlowSegment.dat
1166418=IfcFlowSegment.dat
1168969=IfcFlowSegment.dat
1169057=IfcFlowSegment.dat
1171608=IfcFlowSegment.dat
1171696=IfcFlowSegment.dat
1171780=IfcFlowSegment.dat
1171868=IfcFlowSegment.dat
1171952=IfcFlowSegment.dat
1172040=IfcFlowSegment.dat
1172124=IfcFlowSegment.dat
1172212=IfcFlowSegment.dat
117228=IfcFlowSegment.dat
1172296=IfcFlowSegment.dat
1172384=IfcFlowSegment.dat
1172468=IfcFlowSegment.dat
1172556=IfcFlowSegment.dat
1172644=IfcFlowSegment.dat
1172728=IfcFlowSegment.dat
1172812=IfcFlowSegment.dat
1172896=IfcFlowSegment.dat
1172984=IfcFlowSegment.dat
1173068=IfcFlowSegment.dat
1173156=IfcFlowSegment.dat
1173240=IfcFlowSegment.dat
1173328=IfcFlowSegment.dat
1173412=IfcFlowSegment.dat
1173500=IfcFlowSegment.dat
1173584=IfcFlowSegment.dat
1174864=IfcFlowSegment.dat
1177415=IfcFlowSegment.dat
1178695=IfcFlowSegment.dat
1181176=IfcFlowSegment.dat
1181246=IfcFlowSegment.dat
1182526=IfcFlowSegment.dat
1185040=IfcFlowSegment.dat
1185676=IfcFlowSegment.dat
1186299=IfcFlowSegment.dat
1188817=IfcFlowSegment.dat
1190076=IfcFlowSegment.dat
1192594=IfcFlowSegment.dat
1193359=IfcFlowSegment.dat
1193443=IfcFlowSegment.dat
1193527=IfcFlowSegment.dat
1193611=IfcFlowSegment.dat
1193695=IfcFlowSegment.dat
1193783=IfcFlowSegment.dat
1193867=IfcFlowSegment.dat
1193955=IfcFlowSegment.dat
1194039=IfcFlowSegment.dat
1194127=IfcFlowSegment.dat
1194211=IfcFlowSegment.dat
1194299=IfcFlowSegment.dat
1194383=IfcFlowSegment.dat
1194471=IfcFlowSegment.dat
1194555=IfcFlowSegment.dat
1194643=IfcFlowSegment.dat
1194727=IfcFlowSegment.dat
1194815=IfcFlowSegment.dat
1194899=IfcFlowSegment.dat
1194987=IfcFlowSegment.dat
1195071=IfcFlowSegment.dat
1195159=IfcFlowSegment.dat
1195243=IfcFlowSegment.dat
1195331=IfcFlowSegment.dat
1195419=IfcFlowSegment.dat
1197961=IfcFlowSegment.dat
1198045=IfcFlowSegment.dat
11989=IfcFlowSegment.dat
1200563=IfcFlowSegment.dat
1200651=IfcFlowSegment.dat
1200735=IfcFlowSegment.dat
1200823=IfcFlowSegment.dat
1200907=IfcFlowSegment.dat
1200995=IfcFlowSegment.dat
1201079=IfcFlowSegment.dat
1201167=IfcFlowSegment.dat
1201251=IfcFlowSegment.dat
1201339=IfcFlowSegment.dat
1203890=IfcFlowSegment.dat
1203978=IfcFlowSegment.dat
1205504=IfcFlowSegment.dat
1205792=IfcFlowSegment.dat
1206330=IfcFlowSegment.dat
1206425=IfcFlowSegment.dat
1206529=IfcFlowSegment.dat
1206617=IfcFlowSegment.dat
1206873=IfcFlowSegment.dat
1207288=IfcFlowSegment.dat
1208133=IfcFlowSegment.dat
1208323=IfcFlowSegment.dat
1209038=IfcFlowSegment.dat
1209131=IfcFlowSegment.dat
1209219=IfcFlowSegment.dat
1209643=IfcFlowSegment.dat
1209738=IfcFlowSegment.dat
1210204=IfcFlowSegment.dat
1210493=IfcFlowSegment.dat
1210782=IfcFlowSegment.dat
1211602=IfcFlowSegment.dat
1211737=IfcFlowSegment.dat
1211825=IfcFlowSegment.dat
1211893=IfcFlowSegment.dat
1214240=IfcFlowSegment.dat
1214343=IfcFlowSegment.dat
1214431=IfcFlowSegment.dat
1214519=IfcFlowSegment.dat
1214603=IfcFlowSegment.dat
1214687=IfcFlowSegment.dat
1214771=IfcFlowSegment.dat
1214859=IfcFlowSegment.dat
1214943=IfcFlowSegment.dat
1215031=IfcFlowSegment.dat
1215115=IfcFlowSegment.dat
1215190=IfcFlowSegment.dat
1215203=IfcFlowSegment.dat
1215287=IfcFlowSegment.dat
1215375=IfcFlowSegment.dat
1215459=IfcFlowSegment.dat
1215547=IfcFlowSegment.dat
1216129=IfcFlowSegment.dat
1217175=IfcFlowSegment.dat
1217462=IfcFlowSegment.dat
1217751=IfcFlowSegment.dat
1217938=IfcFlowSegment.dat
1218098=IfcFlowSegment.dat
1218125=IfcFlowSegment.dat
1218186=IfcFlowSegment.dat
1218312=IfcFlowSegment.dat
1218499=IfcFlowSegment.dat
1219786=IfcFlowSegment.dat
1219886=IfcFlowSegment.dat
1219981=IfcFlowSegment.dat
1220737=IfcFlowSegment.dat
1220825=IfcFlowSegment.dat
1223120=IfcFlowSegment.dat
1223211=IfcFlowSegment.dat
1223339=IfcFlowSegment.dat
1223427=IfcFlowSegment.dat
122454=IfcFlowSegment.dat
122541=IfcFlowSegment.dat
1225657=IfcFlowSegment.dat
1225945=IfcFlowSegment.dat
1226033=IfcFlowSegment.dat
1228551=IfcFlowSegment.dat
1228639=IfcFlowSegment.dat
1228723=IfcFlowSegment.dat
1228807=IfcFlowSegment.dat
1228895=IfcFlowSegment.dat
1228979=IfcFlowSegment.dat
1229067=IfcFlowSegment.dat
1229151=IfcFlowSegment.dat
1229239=IfcFlowSegment.dat
1229323=IfcFlowSegment.dat
1229373=IfcFlowSegment.dat
1229411=IfcFlowSegment.dat
1229495=IfcFlowSegment.dat
1229583=IfcFlowSegment.dat
1229667=IfcFlowSegment.dat
1229755=IfcFlowSegment.dat
1229839=IfcFlowSegment.dat
1229927=IfcFlowSegment.dat
1230011=IfcFlowSegment.dat
1230099=IfcFlowSegment.dat
1230183=IfcFlowSegment.dat
1230271=IfcFlowSegment.dat
1230355=IfcFlowSegment.dat
1230443=IfcFlowSegment.dat
1230527=IfcFlowSegment.dat
1230615=IfcFlowSegment.dat
1230699=IfcFlowSegment.dat
1230783=IfcFlowSegment.dat
1230867=IfcFlowSegment.dat
1230951=IfcFlowSegment.dat
1231039=IfcFlowSegment.dat
1231123=IfcFlowSegment.dat
1231211=IfcFlowSegment.dat
1231295=IfcFlowSegment.dat
1231383=IfcFlowSegment.dat
1231467=IfcFlowSegment.dat
1231555=IfcFlowSegment.dat
1231639=IfcFlowSegment.dat
1231727=IfcFlowSegment.dat
1231811=IfcFlowSegment.dat
1231899=IfcFlowSegment.dat
1231983=IfcFlowSegment.dat
1232067=IfcFlowSegment.dat
1232151=IfcFlowSegment.dat
1232235=IfcFlowSegment.dat
1232323=IfcFlowSegment.dat
1232407=IfcFlowSegment.dat
1232491=IfcFlowSegment.dat
1232575=IfcFlowSegment.dat
1232663=IfcFlowSegment.dat
1232747=IfcFlowSegment.dat
1232835=IfcFlowSegment.dat
1232919=IfcFlowSegment.dat
1233007=IfcFlowSegment.dat
1233091=IfcFlowSegment.dat
1233179=IfcFlowSegment.dat
1233247=IfcFlowSegment.dat
1233263=IfcFlowSegment.dat
1233351=IfcFlowSegment.dat
1235797=IfcFlowSegment.dat
1235902=IfcFlowSegment.dat
1235990=IfcFlowSegment.dat
1236154=IfcFlowSegment.dat
1238541=IfcFlowSegment.dat
123855=IfcFlowSegment.dat
1238629=IfcFlowSegment.dat
1241143=IfcFlowSegment.dat
1241231=IfcFlowSegment.dat
1241499=IfcFlowSegment.dat
124188=IfcFlowSegment.dat
1243749=IfcFlowSegment.dat
1243837=IfcFlowSegment.dat
124407=IfcFlowSegment.dat
1245866=IfcFlowSegment.dat
1246355=IfcFlowSegment.dat
1246443=IfcFlowSegment.dat
1246531=IfcFlowSegment.dat
1246615=IfcFlowSegment.dat
1246699=IfcFlowSegment.dat
1246783=IfcFlowSegment.dat
1246871=IfcFlowSegment.dat
1246955=IfcFlowSegment.dat
1247043=IfcFlowSegment.dat
1247127=IfcFlowSegment.dat
1247215=IfcFlowSegment.dat
1247299=IfcFlowSegment.dat
1247387=IfcFlowSegment.dat
1247471=IfcFlowSegment.dat
1247559=IfcFlowSegment.dat
1250110=IfcFlowSegment.dat
1250198=IfcFlowSegment.dat
1250720=IfcFlowSegment.dat
1252749=IfcFlowSegment.dat
1252837=IfcFlowSegment.dat
1255351=IfcFlowSegment.dat
1255439=IfcFlowSegment.dat
1257957=IfcFlowSegment.dat
1258045=IfcFlowSegment.dat
1259077=IfcFlowSegment.dat
1260563=IfcFlowSegment.dat
1260651=IfcFlowSegment.dat
1261239=IfcFlowSegment.dat
1261323=IfcFlowSegment.dat
1261407=IfcFlowSegment.dat
1261491=IfcFlowSegment.dat
1261575=IfcFlowSegment.dat
1261659=IfcFlowSegment.dat
1261743=IfcFlowSegment.dat
1261827=IfcFlowSegment.dat
1261911=IfcFlowSegment.dat
1261995=IfcFlowSegment.dat
1262079=IfcFlowSegment.dat
1262163=IfcFlowSegment.dat
1262247=IfcFlowSegment.dat
1262331=IfcFlowSegment.dat
1262415=IfcFlowSegment.dat
1262499=IfcFlowSegment.dat
1262583=IfcFlowSegment.dat
1263523=IfcFlowSegment.dat
126470=IfcFlowSegment.dat
1288319=IfcFlowSegment.dat
1289353=IfcFlowSegment.dat
130133=IfcFlowSegment.dat
1340995=IfcFlowSegment.dat
1341730=IfcFlowSegment.dat
134769=IfcFlowSegment.dat
137730=IfcFlowSegment.dat
137818=IfcFlowSegment.dat
138243=IfcFlowSegment.dat
138327=IfcFlowSegment.dat
138415=IfcFlowSegment.dat
138503=IfcFlowSegment.dat
140689=IfcFlowSegment.dat
140777=IfcFlowSegment.dat
140946=IfcFlowSegment.dat
141030=IfcFlowSegment.dat
141118=IfcFlowSegment.dat
1432142=IfcFlowSegment.dat
1432226=IfcFlowSegment.dat
1432310=IfcFlowSegment.dat
1432394=IfcFlowSegment.dat
1432478=IfcFlowSegment.dat
1447=IfcFlowSegment.dat
145540=IfcFlowSegment.dat
149165=IfcFlowSegment.dat
1497261=IfcFlowSegment.dat
1497349=IfcFlowSegment.dat
1497437=IfcFlowSegment.dat
1497525=IfcFlowSegment.dat
1497613=IfcFlowSegment.dat
1497701=IfcFlowSegment.dat
1497789=IfcFlowSegment.dat
1497877=IfcFlowSegment.dat
1497965=IfcFlowSegment.dat
1498053=IfcFlowSegment.dat
1498141=IfcFlowSegment.dat
1498229=IfcFlowSegment.dat
1498317=IfcFlowSegment.dat
1498405=IfcFlowSegment.dat
1498493=IfcFlowSegment.dat
1498581=IfcFlowSegment.dat
1498669=IfcFlowSegment.dat
1498757=IfcFlowSegment.dat
1498845=IfcFlowSegment.dat
1498933=IfcFlowSegment.dat
1499021=IfcFlowSegment.dat
1499109=IfcFlowSegment.dat
1499197=IfcFlowSegment.dat
1499285=IfcFlowSegment.dat
1499373=IfcFlowSegment.dat
1499461=IfcFlowSegment.dat
1499549=IfcFlowSegment.dat
1499637=IfcFlowSegment.dat
1499725=IfcFlowSegment.dat
1499813=IfcFlowSegment.dat
1499901=IfcFlowSegment.dat
1499989=IfcFlowSegment.dat
1500077=IfcFlowSegment.dat
1500165=IfcFlowSegment.dat
1500253=IfcFlowSegment.dat
1500341=IfcFlowSegment.dat
1500429=IfcFlowSegment.dat
1500517=IfcFlowSegment.dat
1500605=IfcFlowSegment.dat
1500693=IfcFlowSegment.dat
1500781=IfcFlowSegment.dat
1500869=IfcFlowSegment.dat
1500957=IfcFlowSegment.dat
1501045=IfcFlowSegment.dat
1501133=IfcFlowSegment.dat
1501221=IfcFlowSegment.dat
1501309=IfcFlowSegment.dat
1501397=IfcFlowSegment.dat
1501485=IfcFlowSegment.dat
1501573=IfcFlowSegment.dat
1501661=IfcFlowSegment.dat
1501749=IfcFlowSegment.dat
1501837=IfcFlowSegment.dat
1501925=IfcFlowSegment.dat
1502013=IfcFlowSegment.dat
1502101=IfcFlowSegment.dat
1502189=IfcFlowSegment.dat
1503596=IfcFlowSegment.dat
1506138=IfcFlowSegment.dat
1507545=IfcFlowSegment.dat
1510087=IfcFlowSegment.dat
1511494=IfcFlowSegment.dat
1514036=IfcFlowSegment.dat
1514501=IfcFlowSegment.dat
1515419=IfcFlowSegment.dat
1517903=IfcFlowSegment.dat
1519286=IfcFlowSegment.dat
1521746=IfcFlowSegment.dat
1523129=IfcFlowSegment.dat
1525589=IfcFlowSegment.dat
1526972=IfcFlowSegment.dat
1529432=IfcFlowSegment.dat
1530825=IfcFlowSegment.dat
1533309=IfcFlowSegment.dat
1534702=IfcFlowSegment.dat
153492=IfcFlowSegment.dat
1537186=IfcFlowSegment.dat
1538579=IfcFlowSegment.dat
1539=IfcFlowSegment.dat
1541063=IfcFlowSegment.dat
1542456=IfcFlowSegment.dat
1544964=IfcFlowSegment.dat
1545135=IfcFlowSegment.dat
1546381=IfcFlowSegment.dat
1548947=IfcFlowSegment.dat
1550364=IfcFlowSegment.dat
1552930=IfcFlowSegment.dat
1554347=IfcFlowSegment.dat
1556913=IfcFlowSegment.dat
1556997=IfcFlowSegment.dat
1557081=IfcFlowSegment.dat
1557165=IfcFlowSegment.dat
1557249=IfcFlowSegment.dat
1557333=IfcFlowSegment.dat
1557417=IfcFlowSegment.dat
1557501=IfcFlowSegment.dat
1557585=IfcFlowSegment.dat
1557669=IfcFlowSegment.dat
1557753=IfcFlowSegment.dat
1557837=IfcFlowSegment.dat
1557921=IfcFlowSegment.dat
1558005=IfcFlowSegment.dat
1558089=IfcFlowSegment.dat
1558173=IfcFlowSegment.dat
1558257=IfcFlowSegment.dat
1558341=IfcFlowSegment.dat
1558425=IfcFlowSegment.dat
1558509=IfcFlowSegment.dat
1558593=IfcFlowSegment.dat
1558677=IfcFlowSegment.dat
1558761=IfcFlowSegment.dat
1558845=IfcFlowSegment.dat
1558929=IfcFlowSegment.dat
1559013=IfcFlowSegment.dat
1559097=IfcFlowSegment.dat
1559181=IfcFlowSegment.dat
1559265=IfcFlowSegment.dat
1559349=IfcFlowSegment.dat
1559433=IfcFlowSegment.dat
1559517=IfcFlowSegment.dat
1559601=IfcFlowSegment.dat
1559685=IfcFlowSegment.dat
1559769=IfcFlowSegment.dat
1559853=IfcFlowSegment.dat
1559937=IfcFlowSegment.dat
1560021=IfcFlowSegment.dat
1560105=IfcFlowSegment.dat
1560189=IfcFlowSegment.dat
1560273=IfcFlowSegment.dat
1560357=IfcFlowSegment.dat
1560441=IfcFlowSegment.dat
1560525=IfcFlowSegment.dat
1560609=IfcFlowSegment.dat
1560693=IfcFlowSegment.dat
1560777=IfcFlowSegment.dat
1560861=IfcFlowSegment.dat
1560945=IfcFlowSegment.dat
1561029=IfcFlowSegment.dat
1561113=IfcFlowSegment.dat
1561197=IfcFlowSegment.dat
1561281=IfcFlowSegment.dat
1561365=IfcFlowSegment.dat
1561449=IfcFlowSegment.dat
1561533=IfcFlowSegment.dat
1561617=IfcFlowSegment.dat
1561701=IfcFlowSegment.dat
1561785=IfcFlowSegment.dat
1561869=IfcFlowSegment.dat
1561953=IfcFlowSegment.dat
1562037=IfcFlowSegment.dat
1562121=IfcFlowSegment.dat
1562205=IfcFlowSegment.dat
1562289=IfcFlowSegment.dat
1562373=IfcFlowSegment.dat
1562457=IfcFlowSegment.dat
1562541=IfcFlowSegment.dat
1562625=IfcFlowSegment.dat
1562709=IfcFlowSegment.dat
1562793=IfcFlowSegment.dat
1562877=IfcFlowSegment.dat
1562961=IfcFlowSegment.dat
1563045=IfcFlowSegment.dat
1563129=IfcFlowSegment.dat
1563213=IfcFlowSegment.dat
1563297=IfcFlowSegment.dat
1563381=IfcFlowSegment.dat
1563465=IfcFlowSegment.dat
1563549=IfcFlowSegment.dat
1563633=IfcFlowSegment.dat
1563717=IfcFlowSegment.dat
1563801=IfcFlowSegment.dat
1563885=IfcFlowSegment.dat
1563969=IfcFlowSegment.dat
1564053=IfcFlowSegment.dat
1564137=IfcFlowSegment.dat
1564221=IfcFlowSegment.dat
1564305=IfcFlowSegment.dat
1564389=IfcFlowSegment.dat
1564473=IfcFlowSegment.dat
1564557=IfcFlowSegment.dat
1564641=IfcFlowSegment.dat
1564725=IfcFlowSegment.dat
1564809=IfcFlowSegment.dat
1564893=IfcFlowSegment.dat
1564977=IfcFlowSegment.dat
1565061=IfcFlowSegment.dat
1565145=IfcFlowSegment.dat
1565229=IfcFlowSegment.dat
1565313=IfcFlowSegment.dat
1565397=IfcFlowSegment.dat
1565481=IfcFlowSegment.dat
1565565=IfcFlowSegment.dat
1565649=IfcFlowSegment.dat
1565733=IfcFlowSegment.dat
1565817=IfcFlowSegment.dat
1565901=IfcFlowSegment.dat
1565989=IfcFlowSegment.dat
1566077=IfcFlowSegment.dat
1566165=IfcFlowSegment.dat
157671=IfcFlowSegment.dat
158556=IfcFlowSegment.dat
158756=IfcFlowSegment.dat
1591790=IfcFlowSegment.dat
159630=IfcFlowSegment.dat
159730=IfcFlowSegment.dat
160274=IfcFlowSegment.dat
1603359=IfcFlowSegment.dat
160375=IfcFlowSegment.dat
1609384=IfcFlowSegment.dat
1617590=IfcFlowSegment.dat
162675=IfcFlowSegment.dat
1641947=IfcFlowSegment.dat
164853=IfcFlowSegment.dat
164953=IfcFlowSegment.dat
165601=IfcFlowSegment.dat
1656060=IfcFlowSegment.dat
1688653=IfcFlowSegment.dat
1698148=IfcFlowSegment.dat
1700248=IfcFlowSegment.dat
17071=IfcFlowSegment.dat
171688=IfcFlowSegment.dat
1719929=IfcFlowSegment.dat
1720017=IfcFlowSegment.dat
1726985=IfcFlowSegment.dat
1727184=IfcFlowSegment.dat
1727383=IfcFlowSegment.dat
1727582=IfcFlowSegment.dat
1727781=IfcFlowSegment.dat
1737872=IfcFlowSegment.dat
174283=IfcFlowSegment.dat
1746263=IfcFlowSegment.dat
1750821=IfcFlowSegment.dat
176038=IfcFlowSegment.dat
1771144=IfcFlowSegment.dat
1784448=IfcFlowSegment.dat
178463=IfcFlowSegment.dat
1784708=IfcFlowSegment.dat
1785816=IfcFlowSegment.dat
178659=IfcFlowSegment.dat
17916=IfcFlowSegment.dat
179434=IfcFlowSegment.dat
1814441=IfcFlowSegment.dat
1820126=IfcFlowSegment.dat
1821562=IfcFlowSegment.dat
1831384=IfcFlowSegment.dat
1832384=IfcFlowSegment.dat
1836151=IfcFlowSegment.dat
1838121=IfcFlowSegment.dat
1839314=IfcFlowSegment.dat
1840365=IfcFlowSegment.dat
1840717=IfcFlowSegment.dat
1844231=IfcFlowSegment.dat
1846169=IfcFlowSegment.dat
1848=IfcFlowSegment.dat
1849040=IfcFlowSegment.dat
1858686=IfcFlowSegment.dat
1863376=IfcFlowSegment.dat
1864587=IfcFlowSegment.dat
1866933=IfcFlowSegment.dat
1877317=IfcFlowSegment.dat
1884947=IfcFlowSegment.dat
1888938=IfcFlowSegment.dat
1896642=IfcFlowSegment.dat
1899327=IfcFlowSegment.dat
1899735=IfcFlowSegment.dat
1915546=IfcFlowSegment.dat
1994820=IfcFlowSegment.dat
1996=IfcFlowSegment.dat
20234=IfcFlowSegment.dat
2026711=IfcFlowSegment.dat
2045832=IfcFlowSegment.dat
2048374=IfcFlowSegment.dat
2048462=IfcFlowSegment.dat
2048940=IfcFlowSegment.dat
2049022=IfcFlowSegment.dat
2049104=IfcFlowSegment.dat
2049186=IfcFlowSegment.dat
2049404=IfcFlowSegment.dat
2049492=IfcFlowSegment.dat
2049576=IfcFlowSegment.dat
2049664=IfcFlowSegment.dat
2065=IfcFlowSegment.dat
2073765=IfcFlowSegment.dat
2122581=IfcFlowSegment.dat
2125132=IfcFlowSegment.dat
2125220=IfcFlowSegment.dat
2125444=IfcFlowSegment.dat
2125532=IfcFlowSegment.dat
2125616=IfcFlowSegment.dat
2125704=IfcFlowSegment.dat
2125928=IfcFlowSegment.dat
2126014=IfcFlowSegment.dat
2126096=IfcFlowSegment.dat
2129866=IfcFlowSegment.dat
2131798=IfcFlowSegment.dat
2131906=IfcFlowSegment.dat
2135432=IfcFlowSegment.dat
2135521=IfcFlowSegment.dat
2135695=IfcFlowSegment.dat
2135821=IfcFlowSegment.dat
2136202=IfcFlowSegment.dat
2136315=IfcFlowSegment.dat
2136623=IfcFlowSegment.dat
2136718=IfcFlowSegment.dat
2138775=IfcFlowSegment.dat
2138964=IfcFlowSegment.dat
2139059=IfcFlowSegment.dat
2139154=IfcFlowSegment.dat
2139249=IfcFlowSegment.dat
2139344=IfcFlowSegment.dat
2139439=IfcFlowSegment.dat
2139959=IfcFlowSegment.dat
2139=IfcFlowSegment.dat
2140054=IfcFlowSegment.dat
2140149=IfcFlowSegment.dat
2140244=IfcFlowSegment.dat
2140433=IfcFlowSegment.dat
2140528=IfcFlowSegment.dat
2140623=IfcFlowSegment.dat
2142475=IfcFlowSegment.dat
2142770=IfcFlowSegment.dat
2142893=IfcFlowSegment.dat
2142987=IfcFlowSegment.dat
2143081=IfcFlowSegment.dat
2143175=IfcFlowSegment.dat
2143269=IfcFlowSegment.dat
2143646=IfcFlowSegment.dat
2143741=IfcFlowSegment.dat
2143836=IfcFlowSegment.dat
2143930=IfcFlowSegment.dat
2144025=IfcFlowSegment.dat
2144120=IfcFlowSegment.dat
2144323=IfcFlowSegment.dat
2144418=IfcFlowSegment.dat
2144513=IfcFlowSegment.dat
2144608=IfcFlowSegment.dat
2144811=IfcFlowSegment.dat
2144906=IfcFlowSegment.dat
2145001=IfcFlowSegment.dat
2145096=IfcFlowSegment.dat
2145191=IfcFlowSegment.dat
2145286=IfcFlowSegment.dat
2145381=IfcFlowSegment.dat
2145476=IfcFlowSegment.dat
2145571=IfcFlowSegment.dat
2145666=IfcFlowSegment.dat
2148268=IfcFlowSegment.dat
2148822=IfcFlowSegment.dat
2149073=IfcFlowSegment.dat
2149261=IfcFlowSegment.dat
2149531=IfcFlowSegment.dat
2149626=IfcFlowSegment.dat
2149721=IfcFlowSegment.dat
2149816=IfcFlowSegment.dat
2149911=IfcFlowSegment.dat
2150163=IfcFlowSegment.dat
2150258=IfcFlowSegment.dat
2152436=IfcFlowSegment.dat
2152733=IfcFlowSegment.dat
2153326=IfcFlowSegment.dat
2153623=IfcFlowSegment.dat
2153812=IfcFlowSegment.dat
2154172=IfcFlowSegment.dat
2154469=IfcFlowSegment.dat
2154897=IfcFlowSegment.dat
2155535=IfcFlowSegment.dat
2155630=IfcFlowSegment.dat
2155882=IfcFlowSegment.dat
2156765=IfcFlowSegment.dat
2157869=IfcFlowSegment.dat
2157964=IfcFlowSegment.dat
2158059=IfcFlowSegment.dat
2158154=IfcFlowSegment.dat
2159402=IfcFlowSegment.dat
2159936=IfcFlowSegment.dat
2160126=IfcFlowSegment.dat
2160316=IfcFlowSegment.dat
2163238=IfcFlowSegment.dat
2163333=IfcFlowSegment.dat
2163427=IfcFlowSegment.dat
2164183=IfcFlowSegment.dat
2164278=IfcFlowSegment.dat
2164589=IfcFlowSegment.dat
2165200=IfcFlowSegment.dat
2165511=IfcFlowSegment.dat
2165826=IfcFlowSegment.dat
2166137=IfcFlowSegment.dat
2167292=IfcFlowSegment.dat
2167563=IfcFlowSegment.dat
2167658=IfcFlowSegment.dat
2167847=IfcFlowSegment.dat
2204=IfcFlowSegment.dat
2271=IfcFlowSegment.dat
2276719=IfcFlowSegment.dat
2277565=IfcFlowSegment.dat
2282620=IfcFlowSegment.dat
2283267=IfcFlowSegment.dat
2342818=IfcFlowSegment.dat
2349521=IfcFlowSegment.dat
238700=IfcFlowSegment.dat
238784=IfcFlowSegment.dat
243569=IfcFlowSegment.dat
2565=IfcFlowSegment.dat
2614711=IfcFlowSegment.dat
2615150=IfcFlowSegment.dat
2615219=IfcFlowSegment.dat
2615286=IfcFlowSegment.dat
2615355=IfcFlowSegment.dat
2615778=IfcFlowSegment.dat
2615847=IfcFlowSegment.dat
2615983=IfcFlowSegment.dat
2616052=IfcFlowSegment.dat
2616545=IfcFlowSegment.dat
2617321=IfcFlowSegment.dat
2617416=IfcFlowSegment.dat
2617513=IfcFlowSegment.dat
2617901=IfcFlowSegment.dat
2618281=IfcFlowSegment.dat
2618673=IfcFlowSegment.dat
2619350=IfcFlowSegment.dat
2619419=IfcFlowSegment.dat
2619928=IfcFlowSegment.dat
2619997=IfcFlowSegment.dat
2623362=IfcFlowSegment.dat
2626857=IfcFlowSegment.dat
2627143=IfcFlowSegment.dat
2627210=IfcFlowSegment.dat
2627633=IfcFlowSegment.dat
2627919=IfcFlowSegment.dat
2627988=IfcFlowSegment.dat
2633395=IfcFlowSegment.dat
2633479=IfcFlowSegment.dat
2633561=IfcFlowSegment.dat
2633643=IfcFlowSegment.dat
2633725=IfcFlowSegment.dat
2633807=IfcFlowSegment.dat
2633889=IfcFlowSegment.dat
2638296=IfcFlowSegment.dat
2638382=IfcFlowSegment.dat
2638468=IfcFlowSegment.dat
2638550=IfcFlowSegment.dat
2638632=IfcFlowSegment.dat
2639995=IfcFlowSegment.dat
2641555=IfcFlowSegment.dat
2641643=IfcFlowSegment.dat
2641731=IfcFlowSegment.dat
2641815=IfcFlowSegment.dat
2641899=IfcFlowSegment.dat
2642423=IfcFlowSegment.dat
2642511=IfcFlowSegment.dat
2642599=IfcFlowSegment.dat
2642683=IfcFlowSegment.dat
2642767=IfcFlowSegment.dat
2643291=IfcFlowSegment.dat
2643379=IfcFlowSegment.dat
2643467=IfcFlowSegment.dat
2643551=IfcFlowSegment.dat
2643635=IfcFlowSegment.dat
2644159=IfcFlowSegment.dat
2644247=IfcFlowSegment.dat
2644335=IfcFlowSegment.dat
2644419=IfcFlowSegment.dat
2644503=IfcFlowSegment.dat
2645027=IfcFlowSegment.dat
2645115=IfcFlowSegment.dat
2645203=IfcFlowSegment.dat
2645287=IfcFlowSegment.dat
2645371=IfcFlowSegment.dat
2645895=IfcFlowSegment.dat
2645983=IfcFlowSegment.dat
2646071=IfcFlowSegment.dat
2646155=IfcFlowSegment.dat
2646239=IfcFlowSegment.dat
2646763=IfcFlowSegment.dat
2646851=IfcFlowSegment.dat
2646939=IfcFlowSegment.dat
2647023=IfcFlowSegment.dat
2647107=IfcFlowSegment.dat
2647631=IfcFlowSegment.dat
2647719=IfcFlowSegment.dat
2647807=IfcFlowSegment.dat
2647891=IfcFlowSegment.dat
2647975=IfcFlowSegment.dat
2656468=IfcFlowSegment.dat
2656556=IfcFlowSegment.dat
2656644=IfcFlowSegment.dat
2656728=IfcFlowSegment.dat
2656812=IfcFlowSegment.dat
2657336=IfcFlowSegment.dat
2657424=IfcFlowSegment.dat
2657512=IfcFlowSegment.dat
2657596=IfcFlowSegment.dat
2657680=IfcFlowSegment.dat
2658204=IfcFlowSegment.dat
2658292=IfcFlowSegment.dat
2658380=IfcFlowSegment.dat
2658464=IfcFlowSegment.dat
2658548=IfcFlowSegment.dat
2659072=IfcFlowSegment.dat
2659160=IfcFlowSegment.dat
2659248=IfcFlowSegment.dat
2659332=IfcFlowSegment.dat
2659416=IfcFlowSegment.dat
2659940=IfcFlowSegment.dat
2660028=IfcFlowSegment.dat
2660116=IfcFlowSegment.dat
2660200=IfcFlowSegment.dat
2660284=IfcFlowSegment.dat
2660808=IfcFlowSegment.dat
2660896=IfcFlowSegment.dat
2660984=IfcFlowSegment.dat
2661068=IfcFlowSegment.dat
2661152=IfcFlowSegment.dat
2661566=IfcFlowSegment.dat
2661654=IfcFlowSegment.dat
2661742=IfcFlowSegment.dat
2661826=IfcFlowSegment.dat
2661910=IfcFlowSegment.dat
2662434=IfcFlowSegment.dat
2662522=IfcFlowSegment.dat
2662610=IfcFlowSegment.dat
2662694=IfcFlowSegment.dat
2662778=IfcFlowSegment.dat
2663302=IfcFlowSegment.dat
2663390=IfcFlowSegment.dat
2663478=IfcFlowSegment.dat
2663562=IfcFlowSegment.dat
2663646=IfcFlowSegment.dat
2664166=IfcFlowSegment.dat
2664252=IfcFlowSegment.dat
2664338=IfcFlowSegment.dat
2664424=IfcFlowSegment.dat
2664510=IfcFlowSegment.dat
2666983=IfcFlowSegment.dat
2667069=IfcFlowSegment.dat
2667155=IfcFlowSegment.dat
2667241=IfcFlowSegment.dat
2667327=IfcFlowSegment.dat
2667725=IfcFlowSegment.dat
2667813=IfcFlowSegment.dat
2667901=IfcFlowSegment.dat
2667985=IfcFlowSegment.dat
2668069=IfcFlowSegment.dat
2668593=IfcFlowSegment.dat
2668681=IfcFlowSegment.dat
2668769=IfcFlowSegment.dat
2668853=IfcFlowSegment.dat
2668937=IfcFlowSegment.dat
2669461=IfcFlowSegment.dat
2669549=IfcFlowSegment.dat
2669637=IfcFlowSegment.dat
2669721=IfcFlowSegment.dat
2669805=IfcFlowSegment.dat
2673100=IfcFlowSegment.dat
2673188=IfcFlowSegment.dat
2673276=IfcFlowSegment.dat
2673364=IfcFlowSegment.dat
2673448=IfcFlowSegment.dat
2673532=IfcFlowSegment.dat
2682347=IfcFlowSegment.dat
2682435=IfcFlowSegment.dat
2682607=IfcFlowSegment.dat
2698878=IfcFlowSegment.dat
2710728=IfcFlowSegment.dat
2710816=IfcFlowSegment.dat
2710904=IfcFlowSegment.dat
2710988=IfcFlowSegment.dat
2711072=IfcFlowSegment.dat
2711596=IfcFlowSegment.dat
2711684=IfcFlowSegment.dat
2711772=IfcFlowSegment.dat
2711856=IfcFlowSegment.dat
2711940=IfcFlowSegment.dat
2712464=IfcFlowSegment.dat
2712552=IfcFlowSegment.dat
2712640=IfcFlowSegment.dat
2712724=IfcFlowSegment.dat
2712808=IfcFlowSegment.dat
2713332=IfcFlowSegment.dat
2713420=IfcFlowSegment.dat
2713508=IfcFlowSegment.dat
2713592=IfcFlowSegment.dat
2713676=IfcFlowSegment.dat
2714200=IfcFlowSegment.dat
2714288=IfcFlowSegment.dat
2714376=IfcFlowSegment.dat
2714460=IfcFlowSegment.dat
2714544=IfcFlowSegment.dat
2715068=IfcFlowSegment.dat
2715156=IfcFlowSegment.dat
2715244=IfcFlowSegment.dat
2715328=IfcFlowSegment.dat
2715412=IfcFlowSegment.dat
2715936=IfcFlowSegment.dat
2716024=IfcFlowSegment.dat
2716112=IfcFlowSegment.dat
2716196=IfcFlowSegment.dat
2716280=IfcFlowSegment.dat
2716804=IfcFlowSegment.dat
2716892=IfcFlowSegment.dat
2716980=IfcFlowSegment.dat
2717064=IfcFlowSegment.dat
2717148=IfcFlowSegment.dat
2717672=IfcFlowSegment.dat
2717760=IfcFlowSegment.dat
2717848=IfcFlowSegment.dat
2717932=IfcFlowSegment.dat
2718016=IfcFlowSegment.dat
2718540=IfcFlowSegment.dat
2718628=IfcFlowSegment.dat
2718716=IfcFlowSegment.dat
2718800=IfcFlowSegment.dat
2718884=IfcFlowSegment.dat
271895=IfcFlowSegment.dat
2719408=IfcFlowSegment.dat
2719496=IfcFlowSegment.dat
2719584=IfcFlowSegment.dat
2719668=IfcFlowSegment.dat
2719752=IfcFlowSegment.dat
272015=IfcFlowSegment.dat
2720276=IfcFlowSegment.dat
2720364=IfcFlowSegment.dat
2720452=IfcFlowSegment.dat
2720536=IfcFlowSegment.dat
2720620=IfcFlowSegment.dat
272100=IfcFlowSegment.dat
2721144=IfcFlowSegment.dat
2721232=IfcFlowSegment.dat
2721320=IfcFlowSegment.dat
2721404=IfcFlowSegment.dat
2721488=IfcFlowSegment.dat
272185=IfcFlowSegment.dat
2722012=IfcFlowSegment.dat
2722100=IfcFlowSegment.dat
2722188=IfcFlowSegment.dat
2722272=IfcFlowSegment.dat
2722356=IfcFlowSegment.dat
2722880=IfcFlowSegment.dat
2722968=IfcFlowSegment.dat
2723056=IfcFlowSegment.dat
2723140=IfcFlowSegment.dat
2723224=IfcFlowSegment.dat
2723748=IfcFlowSegment.dat
2723836=IfcFlowSegment.dat
2723924=IfcFlowSegment.dat
2724008=IfcFlowSegment.dat
2724092=IfcFlowSegment.dat
2724616=IfcFlowSegment.dat
2724704=IfcFlowSegment.dat
2724792=IfcFlowSegment.dat
2724876=IfcFlowSegment.dat
2724960=IfcFlowSegment.dat
2725484=IfcFlowSegment.dat
2725572=IfcFlowSegment.dat
2725660=IfcFlowSegment.dat
2725744=IfcFlowSegment.dat
2725828=IfcFlowSegment.dat
2726352=IfcFlowSegment.dat
2726440=IfcFlowSegment.dat
2726528=IfcFlowSegment.dat
2726612=IfcFlowSegment.dat
2726696=IfcFlowSegment.dat
2727220=IfcFlowSegment.dat
2727308=IfcFlowSegment.dat
2727396=IfcFlowSegment.dat
2727480=IfcFlowSegment.dat
2727564=IfcFlowSegment.dat
2728088=IfcFlowSegment.dat
2728176=IfcFlowSegment.dat
2728264=IfcFlowSegment.dat
2728348=IfcFlowSegment.dat
2728432=IfcFlowSegment.dat
2735036=IfcFlowSegment.dat
2735124=IfcFlowSegment.dat
2735212=IfcFlowSegment.dat
2735296=IfcFlowSegment.dat
2735380=IfcFlowSegment.dat
2735788=IfcFlowSegment.dat
2735876=IfcFlowSegment.dat
2735960=IfcFlowSegment.dat
2736266=IfcFlowSegment.dat
2736354=IfcFlowSegment.dat
2736438=IfcFlowSegment.dat
2736744=IfcFlowSegment.dat
2736832=IfcFlowSegment.dat
2736916=IfcFlowSegment.dat
2737222=IfcFlowSegment.dat
2737310=IfcFlowSegment.dat
2737394=IfcFlowSegment.dat
2737700=IfcFlowSegment.dat
2737788=IfcFlowSegment.dat
2737872=IfcFlowSegment.dat
2738178=IfcFlowSegment.dat
2738266=IfcFlowSegment.dat
2738350=IfcFlowSegment.dat
2738656=IfcFlowSegment.dat
2738744=IfcFlowSegment.dat
2738828=IfcFlowSegment.dat
2739134=IfcFlowSegment.dat
2739222=IfcFlowSegment.dat
2739306=IfcFlowSegment.dat
2739612=IfcFlowSegment.dat
2739700=IfcFlowSegment.dat
2739784=IfcFlowSegment.dat
273989=IfcFlowSegment.dat
2740090=IfcFlowSegment.dat
2740178=IfcFlowSegment.dat
2740262=IfcFlowSegment.dat
2740568=IfcFlowSegment.dat
2740656=IfcFlowSegment.dat
2740740=IfcFlowSegment.dat
274074=IfcFlowSegment.dat
2741046=IfcFlowSegment.dat
2741134=IfcFlowSegment.dat
2741218=IfcFlowSegment.dat
2741524=IfcFlowSegment.dat
2741612=IfcFlowSegment.dat
2741696=IfcFlowSegment.dat
2742002=IfcFlowSegment.dat
2742090=IfcFlowSegment.dat
2742174=IfcFlowSegment.dat
274235=IfcFlowSegment.dat
2742480=IfcFlowSegment.dat
2742568=IfcFlowSegment.dat
2742652=IfcFlowSegment.dat
274396=IfcFlowSegment.dat
276868=IfcFlowSegment.dat
276953=IfcFlowSegment.dat
278107=IfcFlowSegment.dat
288594=IfcFlowSegment.dat
2941798=IfcFlowSegment.dat
2951726=IfcFlowSegment.dat
2951814=IfcFlowSegment.dat
2951902=IfcFlowSegment.dat
2951986=IfcFlowSegment.dat
2952070=IfcFlowSegment.dat
2974990=IfcFlowSegment.dat
2975078=IfcFlowSegment.dat
2975162=IfcFlowSegment.dat
2979367=IfcFlowSegment.dat
2979455=IfcFlowSegment.dat
2979543=IfcFlowSegment.dat
2979627=IfcFlowSegment.dat
2979711=IfcFlowSegment.dat
2980235=IfcFlowSegment.dat
2980323=IfcFlowSegment.dat
2980411=IfcFlowSegment.dat
2980495=IfcFlowSegment.dat
2980579=IfcFlowSegment.dat
2981103=IfcFlowSegment.dat
2981191=IfcFlowSegment.dat
2981279=IfcFlowSegment.dat
2981363=IfcFlowSegment.dat
2981447=IfcFlowSegment.dat
2982370=IfcFlowSegment.dat
2983705=IfcFlowSegment.dat
2983984=IfcFlowSegment.dat
2984072=IfcFlowSegment.dat
2984160=IfcFlowSegment.dat
2984244=IfcFlowSegment.dat
2984328=IfcFlowSegment.dat
2984855=IfcFlowSegment.dat
2987123=IfcFlowSegment.dat
2987213=IfcFlowSegment.dat
3024284=IfcFlowSegment.dat
3024682=IfcFlowSegment.dat
3027454=IfcFlowSegment.dat
327144=IfcFlowSegment.dat
336793=IfcFlowSegment.dat
336967=IfcFlowSegment.dat
35239=IfcFlowSegment.dat
379014=IfcFlowSegment.dat
384037=IfcFlowSegment.dat
475559=IfcFlowSegment.dat
485=IfcFlowSegment.dat
499581=IfcFlowSegment.dat
524636=IfcFlowSegment.dat
581=IfcFlowSegment.dat
65696=IfcFlowSegment.dat
664974=IfcFlowSegment.dat
686779=IfcFlowSegment.dat
686951=IfcFlowSegment.dat
6948=IfcFlowSegment.dat
703031=IfcFlowSegment.dat
703118=IfcFlowSegment.dat
7084=IfcFlowSegment.dat
713185=IfcFlowSegment.dat
713267=IfcFlowSegment.dat
713513=IfcFlowSegment.dat
713677=IfcFlowSegment.dat
713759=IfcFlowSegment.dat
713841=IfcFlowSegment.dat
73806=IfcFlowSegment.dat
78855=IfcFlowSegment.dat
7951=IfcFlowSegment.dat
8045=IfcFlowSegment.dat
81194=IfcFlowSegment.dat
846918=IfcFlowSegment.dat
847086=IfcFlowSegment.dat
850475=IfcFlowSegment.dat
853943=IfcFlowSegment.dat
863517=IfcFlowSegment.dat
869144=IfcFlowSegment.dat
869232=IfcFlowSegment.dat
869320=IfcFlowSegment.dat
869408=IfcFlowSegment.dat
869496=IfcFlowSegment.dat
869584=IfcFlowSegment.dat
869672=IfcFlowSegment.dat
869760=IfcFlowSegment.dat
869848=IfcFlowSegment.dat
869936=IfcFlowSegment.dat
870024=IfcFlowSegment.dat
870112=IfcFlowSegment.dat
870200=IfcFlowSegment.dat
870288=IfcFlowSegment.dat
870372=IfcFlowSegment.dat
870456=IfcFlowSegment.dat
870540=IfcFlowSegment.dat
870624=IfcFlowSegment.dat
870708=IfcFlowSegment.dat
870792=IfcFlowSegment.dat
870876=IfcFlowSegment.dat
870960=IfcFlowSegment.dat
871044=IfcFlowSegment.dat
871128=IfcFlowSegment.dat
871212=IfcFlowSegment.dat
871296=IfcFlowSegment.dat
871380=IfcFlowSegment.dat
871464=IfcFlowSegment.dat
871548=IfcFlowSegment.dat
871632=IfcFlowSegment.dat
871716=IfcFlowSegment.dat
871800=IfcFlowSegment.dat
871884=IfcFlowSegment.dat
871968=IfcFlowSegment.dat
872052=IfcFlowSegment.dat
872136=IfcFlowSegment.dat
872220=IfcFlowSegment.dat
872304=IfcFlowSegment.dat
872388=IfcFlowSegment.dat
872472=IfcFlowSegment.dat
872556=IfcFlowSegment.dat
872640=IfcFlowSegment.dat
872724=IfcFlowSegment.dat
872808=IfcFlowSegment.dat
872892=IfcFlowSegment.dat
872976=IfcFlowSegment.dat
873060=IfcFlowSegment.dat
873144=IfcFlowSegment.dat
873228=IfcFlowSegment.dat
873312=IfcFlowSegment.dat
873396=IfcFlowSegment.dat
873480=IfcFlowSegment.dat
873564=IfcFlowSegment.dat
873648=IfcFlowSegment.dat
873736=IfcFlowSegment.dat
873824=IfcFlowSegment.dat
892652=IfcFlowSegment.dat
893669=IfcFlowSegment.dat
894565=IfcFlowSegment.dat
894653=IfcFlowSegment.dat
894741=IfcFlowSegment.dat
894829=IfcFlowSegment.dat
894917=IfcFlowSegment.dat
895005=IfcFlowSegment.dat
895093=IfcFlowSegment.dat
895181=IfcFlowSegment.dat
895269=IfcFlowSegment.dat
895357=IfcFlowSegment.dat
895445=IfcFlowSegment.dat
895533=IfcFlowSegment.dat
895553=IfcFlowSegment.dat
895621=IfcFlowSegment.dat
895709=IfcFlowSegment.dat
895793=IfcFlowSegment.dat
895876=IfcFlowSegment.dat
895959=IfcFlowSegment.dat
896042=IfcFlowSegment.dat
896129=IfcFlowSegment.dat
896265=IfcFlowSegment.dat
896349=IfcFlowSegment.dat
896433=IfcFlowSegment.dat
896517=IfcFlowSegment.dat
896601=IfcFlowSegment.dat
896685=IfcFlowSegment.dat
896769=IfcFlowSegment.dat
896853=IfcFlowSegment.dat
896937=IfcFlowSegment.dat
897021=IfcFlowSegment.dat
897105=IfcFlowSegment.dat
897189=IfcFlowSegment.dat
897273=IfcFlowSegment.dat
897357=IfcFlowSegment.dat
897441=IfcFlowSegment.dat
897525=IfcFlowSegment.dat
897609=IfcFlowSegment.dat
897693=IfcFlowSegment.dat
897777=IfcFlowSegment.dat
897861=IfcFlowSegment.dat
897945=IfcFlowSegment.dat
898029=IfcFlowSegment.dat
898113=IfcFlowSegment.dat
898284=IfcFlowSegment.dat
898371=IfcFlowSegment.dat
928332=IfcFlowSegment.dat
930135=IfcFlowSegment.dat
943=IfcFlowSegment.dat
968907=IfcFlowSegment.dat
971574=IfcFlowSegment.dat
1000018=IfcFlowTerminal.dat
1000086=IfcFlowTerminal.dat
1010490=IfcFlowTerminal.dat
1010558=IfcFlowTerminal.dat
1010626=IfcFlowTerminal.dat
1015522=IfcFlowTerminal.dat
1015590=IfcFlowTerminal.dat
1015658=IfcFlowTerminal.dat
709122=IfcFlowTerminal.dat
712309=IfcFlowTerminal.dat
712421=IfcFlowTerminal.dat
712487=IfcFlowTerminal.dat
712553=IfcFlowTerminal.dat
712619=IfcFlowTerminal.dat
712685=IfcFlowTerminal.dat
712817=IfcFlowTerminal.dat
712883=IfcFlowTerminal.dat
712949=IfcFlowTerminal.dat
713015=IfcFlowTerminal.dat
723917=IfcFlowTerminal.dat
723988=IfcFlowTerminal.dat
724058=IfcFlowTerminal.dat
724128=IfcFlowTerminal.dat
724198=IfcFlowTerminal.dat
724268=IfcFlowTerminal.dat
724338=IfcFlowTerminal.dat
724408=IfcFlowTerminal.dat
724478=IfcFlowTerminal.dat
724548=IfcFlowTerminal.dat
724618=IfcFlowTerminal.dat
724688=IfcFlowTerminal.dat
724758=IfcFlowTerminal.dat
724828=IfcFlowTerminal.dat
724898=IfcFlowTerminal.dat
724968=IfcFlowTerminal.dat
725038=IfcFlowTerminal.dat
725108=IfcFlowTerminal.dat
725178=IfcFlowTerminal.dat
725248=IfcFlowTerminal.dat
725318=IfcFlowTerminal.dat
725388=IfcFlowTerminal.dat
725458=IfcFlowTerminal.dat
725528=IfcFlowTerminal.dat
725598=IfcFlowTerminal.dat
725668=IfcFlowTerminal.dat
725738=IfcFlowTerminal.dat
725808=IfcFlowTerminal.dat
725878=IfcFlowTerminal.dat
725948=IfcFlowTerminal.dat
726018=IfcFlowTerminal.dat
726088=IfcFlowTerminal.dat
726158=IfcFlowTerminal.dat
726228=IfcFlowTerminal.dat
726298=IfcFlowTerminal.dat
726368=IfcFlowTerminal.dat
726438=IfcFlowTerminal.dat
726508=IfcFlowTerminal.dat
726578=IfcFlowTerminal.dat
726648=IfcFlowTerminal.dat
726718=IfcFlowTerminal.dat
726788=IfcFlowTerminal.dat
726858=IfcFlowTerminal.dat
726928=IfcFlowTerminal.dat
726998=IfcFlowTerminal.dat
727068=IfcFlowTerminal.dat
727138=IfcFlowTerminal.dat
727208=IfcFlowTerminal.dat
727278=IfcFlowTerminal.dat
727348=IfcFlowTerminal.dat
727418=IfcFlowTerminal.dat
727488=IfcFlowTerminal.dat
727558=IfcFlowTerminal.dat
727628=IfcFlowTerminal.dat
727698=IfcFlowTerminal.dat
727768=IfcFlowTerminal.dat
727838=IfcFlowTerminal.dat
727908=IfcFlowTerminal.dat
727978=IfcFlowTerminal.dat
728048=IfcFlowTerminal.dat
728118=IfcFlowTerminal.dat
728188=IfcFlowTerminal.dat
728258=IfcFlowTerminal.dat
728328=IfcFlowTerminal.dat
728398=IfcFlowTerminal.dat
728468=IfcFlowTerminal.dat
728538=IfcFlowTerminal.dat
728608=IfcFlowTerminal.dat
728678=IfcFlowTerminal.dat
728748=IfcFlowTerminal.dat
728818=IfcFlowTerminal.dat
728888=IfcFlowTerminal.dat
728958=IfcFlowTerminal.dat
729028=IfcFlowTerminal.dat
729098=IfcFlowTerminal.dat
729168=IfcFlowTerminal.dat
729238=IfcFlowTerminal.dat
729308=IfcFlowTerminal.dat
729378=IfcFlowTerminal.dat
729448=IfcFlowTerminal.dat
729518=IfcFlowTerminal.dat
729588=IfcFlowTerminal.dat
729658=IfcFlowTerminal.dat
729728=IfcFlowTerminal.dat
729798=IfcFlowTerminal.dat
729868=IfcFlowTerminal.dat
729938=IfcFlowTerminal.dat
730008=IfcFlowTerminal.dat
730078=IfcFlowTerminal.dat
730148=IfcFlowTerminal.dat
730218=IfcFlowTerminal.dat
730288=IfcFlowTerminal.dat
730358=IfcFlowTerminal.dat
730428=IfcFlowTerminal.dat
730498=IfcFlowTerminal.dat
730568=IfcFlowTerminal.dat
730638=IfcFlowTerminal.dat
730708=IfcFlowTerminal.dat
730778=IfcFlowTerminal.dat
730848=IfcFlowTerminal.dat
730918=IfcFlowTerminal.dat
730988=IfcFlowTerminal.dat
731058=IfcFlowTerminal.dat
731128=IfcFlowTerminal.dat
731198=IfcFlowTerminal.dat
731268=IfcFlowTerminal.dat
731338=IfcFlowTerminal.dat
731408=IfcFlowTerminal.dat
731478=IfcFlowTerminal.dat
731548=IfcFlowTerminal.dat
731618=IfcFlowTerminal.dat
731688=IfcFlowTerminal.dat
731758=IfcFlowTerminal.dat
731828=IfcFlowTerminal.dat
731968=IfcFlowTerminal.dat
732038=IfcFlowTerminal.dat
732108=IfcFlowTerminal.dat
732178=IfcFlowTerminal.dat
732248=IfcFlowTerminal.dat
732318=IfcFlowTerminal.dat
732388=IfcFlowTerminal.dat
732458=IfcFlowTerminal.dat
732528=IfcFlowTerminal.dat
732598=IfcFlowTerminal.dat
732668=IfcFlowTerminal.dat
732738=IfcFlowTerminal.dat
732808=IfcFlowTerminal.dat
732878=IfcFlowTerminal.dat
732948=IfcFlowTerminal.dat
733018=IfcFlowTerminal.dat
733088=IfcFlowTerminal.dat
733158=IfcFlowTerminal.dat
733228=IfcFlowTerminal.dat
733298=IfcFlowTerminal.dat
733368=IfcFlowTerminal.dat
733438=IfcFlowTerminal.dat
733508=IfcFlowTerminal.dat
733578=IfcFlowTerminal.dat
733648=IfcFlowTerminal.dat
733718=IfcFlowTerminal.dat
733788=IfcFlowTerminal.dat
733928=IfcFlowTerminal.dat
733998=IfcFlowTerminal.dat
734068=IfcFlowTerminal.dat
734138=IfcFlowTerminal.dat
734208=IfcFlowTerminal.dat
734278=IfcFlowTerminal.dat
734348=IfcFlowTerminal.dat
734418=IfcFlowTerminal.dat
734488=IfcFlowTerminal.dat
734558=IfcFlowTerminal.dat
734628=IfcFlowTerminal.dat
734698=IfcFlowTerminal.dat
734768=IfcFlowTerminal.dat
734838=IfcFlowTerminal.dat
734908=IfcFlowTerminal.dat
734978=IfcFlowTerminal.dat
735048=IfcFlowTerminal.dat
735118=IfcFlowTerminal.dat
735188=IfcFlowTerminal.dat
735258=IfcFlowTerminal.dat
735328=IfcFlowTerminal.dat
735398=IfcFlowTerminal.dat
735468=IfcFlowTerminal.dat
735538=IfcFlowTerminal.dat
735608=IfcFlowTerminal.dat
735678=IfcFlowTerminal.dat
735748=IfcFlowTerminal.dat
740438=IfcFlowTerminal.dat
740508=IfcFlowTerminal.dat
740578=IfcFlowTerminal.dat
740648=IfcFlowTerminal.dat
740718=IfcFlowTerminal.dat
740788=IfcFlowTerminal.dat
740858=IfcFlowTerminal.dat
740928=IfcFlowTerminal.dat
740998=IfcFlowTerminal.dat
741068=IfcFlowTerminal.dat
741138=IfcFlowTerminal.dat
741208=IfcFlowTerminal.dat
741278=IfcFlowTerminal.dat
741348=IfcFlowTerminal.dat
741418=IfcFlowTerminal.dat
741488=IfcFlowTerminal.dat
741558=IfcFlowTerminal.dat
741628=IfcFlowTerminal.dat
741698=IfcFlowTerminal.dat
741768=IfcFlowTerminal.dat
741838=IfcFlowTerminal.dat
741908=IfcFlowTerminal.dat
741978=IfcFlowTerminal.dat
742048=IfcFlowTerminal.dat
742118=IfcFlowTerminal.dat
742188=IfcFlowTerminal.dat
742258=IfcFlowTerminal.dat
742328=IfcFlowTerminal.dat
742398=IfcFlowTerminal.dat
742468=IfcFlowTerminal.dat
742538=IfcFlowTerminal.dat
742608=IfcFlowTerminal.dat
742678=IfcFlowTerminal.dat
742748=IfcFlowTerminal.dat
742818=IfcFlowTerminal.dat
742888=IfcFlowTerminal.dat
742958=IfcFlowTerminal.dat
743028=IfcFlowTerminal.dat
743098=IfcFlowTerminal.dat
743168=IfcFlowTerminal.dat
743238=IfcFlowTerminal.dat
743308=IfcFlowTerminal.dat
743378=IfcFlowTerminal.dat
743448=IfcFlowTerminal.dat
743518=IfcFlowTerminal.dat
743588=IfcFlowTerminal.dat
743658=IfcFlowTerminal.dat
743728=IfcFlowTerminal.dat
743798=IfcFlowTerminal.dat
743868=IfcFlowTerminal.dat
743938=IfcFlowTerminal.dat
744008=IfcFlowTerminal.dat
744078=IfcFlowTerminal.dat
744148=IfcFlowTerminal.dat
744218=IfcFlowTerminal.dat
744288=IfcFlowTerminal.dat
744358=IfcFlowTerminal.dat
744428=IfcFlowTerminal.dat
744498=IfcFlowTerminal.dat
744568=IfcFlowTerminal.dat
744638=IfcFlowTerminal.dat
744708=IfcFlowTerminal.dat
744778=IfcFlowTerminal.dat
744848=IfcFlowTerminal.dat
744918=IfcFlowTerminal.dat
744988=IfcFlowTerminal.dat
745058=IfcFlowTerminal.dat
745128=IfcFlowTerminal.dat
745198=IfcFlowTerminal.dat
745268=IfcFlowTerminal.dat
745338=IfcFlowTerminal.dat
745408=IfcFlowTerminal.dat
745478=IfcFlowTerminal.dat
745548=IfcFlowTerminal.dat
745618=IfcFlowTerminal.dat
745688=IfcFlowTerminal.dat
745758=IfcFlowTerminal.dat
745828=IfcFlowTerminal.dat
745898=IfcFlowTerminal.dat
745968=IfcFlowTerminal.dat
746038=IfcFlowTerminal.dat
746108=IfcFlowTerminal.dat
746178=IfcFlowTerminal.dat
746248=IfcFlowTerminal.dat
746318=IfcFlowTerminal.dat
746388=IfcFlowTerminal.dat
746458=IfcFlowTerminal.dat
746528=IfcFlowTerminal.dat
746598=IfcFlowTerminal.dat
746668=IfcFlowTerminal.dat
746738=IfcFlowTerminal.dat
746808=IfcFlowTerminal.dat
746878=IfcFlowTerminal.dat
746948=IfcFlowTerminal.dat
747018=IfcFlowTerminal.dat
747088=IfcFlowTerminal.dat
747158=IfcFlowTerminal.dat
747228=IfcFlowTerminal.dat
747298=IfcFlowTerminal.dat
747368=IfcFlowTerminal.dat
747438=IfcFlowTerminal.dat
747508=IfcFlowTerminal.dat
747578=IfcFlowTerminal.dat
747648=IfcFlowTerminal.dat
747718=IfcFlowTerminal.dat
747788=IfcFlowTerminal.dat
747858=IfcFlowTerminal.dat
747928=IfcFlowTerminal.dat
747998=IfcFlowTerminal.dat
748068=IfcFlowTerminal.dat
748138=IfcFlowTerminal.dat
748208=IfcFlowTerminal.dat
748278=IfcFlowTerminal.dat
748348=IfcFlowTerminal.dat
748418=IfcFlowTerminal.dat
748488=IfcFlowTerminal.dat
748558=IfcFlowTerminal.dat
748628=IfcFlowTerminal.dat
748698=IfcFlowTerminal.dat
748768=IfcFlowTerminal.dat
748838=IfcFlowTerminal.dat
748908=IfcFlowTerminal.dat
748978=IfcFlowTerminal.dat
749048=IfcFlowTerminal.dat
749118=IfcFlowTerminal.dat
749188=IfcFlowTerminal.dat
749258=IfcFlowTerminal.dat
749328=IfcFlowTerminal.dat
749398=IfcFlowTerminal.dat
749468=IfcFlowTerminal.dat
749538=IfcFlowTerminal.dat
749608=IfcFlowTerminal.dat
749678=IfcFlowTerminal.dat
749748=IfcFlowTerminal.dat
749818=IfcFlowTerminal.dat
749888=IfcFlowTerminal.dat
749958=IfcFlowTerminal.dat
750028=IfcFlowTerminal.dat
750098=IfcFlowTerminal.dat
750168=IfcFlowTerminal.dat
750238=IfcFlowTerminal.dat
750308=IfcFlowTerminal.dat
750378=IfcFlowTerminal.dat
750448=IfcFlowTerminal.dat
750518=IfcFlowTerminal.dat
750588=IfcFlowTerminal.dat
750658=IfcFlowTerminal.dat
750728=IfcFlowTerminal.dat
750798=IfcFlowTerminal.dat
750868=IfcFlowTerminal.dat
750938=IfcFlowTerminal.dat
751008=IfcFlowTerminal.dat
751078=IfcFlowTerminal.dat
751148=IfcFlowTerminal.dat
751218=IfcFlowTerminal.dat
751288=IfcFlowTerminal.dat
751358=IfcFlowTerminal.dat
751428=IfcFlowTerminal.dat
751498=IfcFlowTerminal.dat
751568=IfcFlowTerminal.dat
751638=IfcFlowTerminal.dat
751708=IfcFlowTerminal.dat
751778=IfcFlowTerminal.dat
751848=IfcFlowTerminal.dat
751918=IfcFlowTerminal.dat
751988=IfcFlowTerminal.dat
752058=IfcFlowTerminal.dat
752128=IfcFlowTerminal.dat
752198=IfcFlowTerminal.dat
752268=IfcFlowTerminal.dat
752338=IfcFlowTerminal.dat
752408=IfcFlowTerminal.dat
752478=IfcFlowTerminal.dat
752548=IfcFlowTerminal.dat
752618=IfcFlowTerminal.dat
752688=IfcFlowTerminal.dat
752758=IfcFlowTerminal.dat
752828=IfcFlowTerminal.dat
752898=IfcFlowTerminal.dat
752968=IfcFlowTerminal.dat
753038=IfcFlowTerminal.dat
753108=IfcFlowTerminal.dat
753178=IfcFlowTerminal.dat
753248=IfcFlowTerminal.dat
753318=IfcFlowTerminal.dat
753388=IfcFlowTerminal.dat
753458=IfcFlowTerminal.dat
753528=IfcFlowTerminal.dat
753598=IfcFlowTerminal.dat
753668=IfcFlowTerminal.dat
753738=IfcFlowTerminal.dat
753808=IfcFlowTerminal.dat
753878=IfcFlowTerminal.dat
753948=IfcFlowTerminal.dat
754018=IfcFlowTerminal.dat
754088=IfcFlowTerminal.dat
754158=IfcFlowTerminal.dat
754228=IfcFlowTerminal.dat
754298=IfcFlowTerminal.dat
754368=IfcFlowTerminal.dat
754438=IfcFlowTerminal.dat
754508=IfcFlowTerminal.dat
754578=IfcFlowTerminal.dat
754648=IfcFlowTerminal.dat
754718=IfcFlowTerminal.dat
754788=IfcFlowTerminal.dat
754858=IfcFlowTerminal.dat
754928=IfcFlowTerminal.dat
754998=IfcFlowTerminal.dat
755068=IfcFlowTerminal.dat
755138=IfcFlowTerminal.dat
755208=IfcFlowTerminal.dat
755278=IfcFlowTerminal.dat
755348=IfcFlowTerminal.dat
755418=IfcFlowTerminal.dat
755488=IfcFlowTerminal.dat
755558=IfcFlowTerminal.dat
755628=IfcFlowTerminal.dat
755698=IfcFlowTerminal.dat
755768=IfcFlowTerminal.dat
755838=IfcFlowTerminal.dat
755908=IfcFlowTerminal.dat
755978=IfcFlowTerminal.dat
756048=IfcFlowTerminal.dat
756118=IfcFlowTerminal.dat
756188=IfcFlowTerminal.dat
756258=IfcFlowTerminal.dat
756328=IfcFlowTerminal.dat
756398=IfcFlowTerminal.dat
756468=IfcFlowTerminal.dat
756538=IfcFlowTerminal.dat
756608=IfcFlowTerminal.dat
756678=IfcFlowTerminal.dat
756748=IfcFlowTerminal.dat
756818=IfcFlowTerminal.dat
756888=IfcFlowTerminal.dat
756958=IfcFlowTerminal.dat
757028=IfcFlowTerminal.dat
757098=IfcFlowTerminal.dat
757168=IfcFlowTerminal.dat
757238=IfcFlowTerminal.dat
757308=IfcFlowTerminal.dat
757378=IfcFlowTerminal.dat
757448=IfcFlowTerminal.dat
757518=IfcFlowTerminal.dat
757588=IfcFlowTerminal.dat
757658=IfcFlowTerminal.dat
757728=IfcFlowTerminal.dat
757798=IfcFlowTerminal.dat
757868=IfcFlowTerminal.dat
757938=IfcFlowTerminal.dat
758008=IfcFlowTerminal.dat
758078=IfcFlowTerminal.dat
758148=IfcFlowTerminal.dat
758218=IfcFlowTerminal.dat
758288=IfcFlowTerminal.dat
758358=IfcFlowTerminal.dat
758428=IfcFlowTerminal.dat
758498=IfcFlowTerminal.dat
758568=IfcFlowTerminal.dat
758638=IfcFlowTerminal.dat
758708=IfcFlowTerminal.dat
758778=IfcFlowTerminal.dat
758848=IfcFlowTerminal.dat
758918=IfcFlowTerminal.dat
758988=IfcFlowTerminal.dat
759058=IfcFlowTerminal.dat
759128=IfcFlowTerminal.dat
759198=IfcFlowTerminal.dat
759268=IfcFlowTerminal.dat
759338=IfcFlowTerminal.dat
759408=IfcFlowTerminal.dat
759478=IfcFlowTerminal.dat
759548=IfcFlowTerminal.dat
759618=IfcFlowTerminal.dat
759688=IfcFlowTerminal.dat
759758=IfcFlowTerminal.dat
759828=IfcFlowTerminal.dat
759898=IfcFlowTerminal.dat
759968=IfcFlowTerminal.dat
760038=IfcFlowTerminal.dat
760108=IfcFlowTerminal.dat
760178=IfcFlowTerminal.dat
760248=IfcFlowTerminal.dat
760318=IfcFlowTerminal.dat
760388=IfcFlowTerminal.dat
760458=IfcFlowTerminal.dat
760528=IfcFlowTerminal.dat
760598=IfcFlowTerminal.dat
760668=IfcFlowTerminal.dat
760738=IfcFlowTerminal.dat
760808=IfcFlowTerminal.dat
760878=IfcFlowTerminal.dat
760948=IfcFlowTerminal.dat
761018=IfcFlowTerminal.dat
761088=IfcFlowTerminal.dat
761158=IfcFlowTerminal.dat
761228=IfcFlowTerminal.dat
761298=IfcFlowTerminal.dat
761368=IfcFlowTerminal.dat
761438=IfcFlowTerminal.dat
761508=IfcFlowTerminal.dat
761578=IfcFlowTerminal.dat
761648=IfcFlowTerminal.dat
761718=IfcFlowTerminal.dat
761788=IfcFlowTerminal.dat
761858=IfcFlowTerminal.dat
761928=IfcFlowTerminal.dat
761998=IfcFlowTerminal.dat
762068=IfcFlowTerminal.dat
762138=IfcFlowTerminal.dat
762208=IfcFlowTerminal.dat
762278=IfcFlowTerminal.dat
762348=IfcFlowTerminal.dat
762418=IfcFlowTerminal.dat
762488=IfcFlowTerminal.dat
762558=IfcFlowTerminal.dat
762628=IfcFlowTerminal.dat
762698=IfcFlowTerminal.dat
762768=IfcFlowTerminal.dat
762838=IfcFlowTerminal.dat
762908=IfcFlowTerminal.dat
762978=IfcFlowTerminal.dat
763048=IfcFlowTerminal.dat
763118=IfcFlowTerminal.dat
763188=IfcFlowTerminal.dat
763258=IfcFlowTerminal.dat
763328=IfcFlowTerminal.dat
763398=IfcFlowTerminal.dat
763468=IfcFlowTerminal.dat
763538=IfcFlowTerminal.dat
763608=IfcFlowTerminal.dat
763678=IfcFlowTerminal.dat
763748=IfcFlowTerminal.dat
763818=IfcFlowTerminal.dat
763888=IfcFlowTerminal.dat
763958=IfcFlowTerminal.dat
764028=IfcFlowTerminal.dat
764098=IfcFlowTerminal.dat
764168=IfcFlowTerminal.dat
764238=IfcFlowTerminal.dat
764308=IfcFlowTerminal.dat
764378=IfcFlowTerminal.dat
764448=IfcFlowTerminal.dat
764518=IfcFlowTerminal.dat
764588=IfcFlowTerminal.dat
764658=IfcFlowTerminal.dat
764728=IfcFlowTerminal.dat
764798=IfcFlowTerminal.dat
764868=IfcFlowTerminal.dat
764938=IfcFlowTerminal.dat
765008=IfcFlowTerminal.dat
765078=IfcFlowTerminal.dat
765148=IfcFlowTerminal.dat
765218=IfcFlowTerminal.dat
765288=IfcFlowTerminal.dat
765358=IfcFlowTerminal.dat
765428=IfcFlowTerminal.dat
765498=IfcFlowTerminal.dat
765568=IfcFlowTerminal.dat
765638=IfcFlowTerminal.dat
765708=IfcFlowTerminal.dat
765778=IfcFlowTerminal.dat
765848=IfcFlowTerminal.dat
765918=IfcFlowTerminal.dat
765988=IfcFlowTerminal.dat
766058=IfcFlowTerminal.dat
766128=IfcFlowTerminal.dat
766198=IfcFlowTerminal.dat
766268=IfcFlowTerminal.dat
766338=IfcFlowTerminal.dat
766408=IfcFlowTerminal.dat
766478=IfcFlowTerminal.dat
766548=IfcFlowTerminal.dat
766618=IfcFlowTerminal.dat
766688=IfcFlowTerminal.dat
766758=IfcFlowTerminal.dat
766828=IfcFlowTerminal.dat
766898=IfcFlowTerminal.dat
766968=IfcFlowTerminal.dat
767038=IfcFlowTerminal.dat
767108=IfcFlowTerminal.dat
767178=IfcFlowTerminal.dat
767248=IfcFlowTerminal.dat
767318=IfcFlowTerminal.dat
767808=IfcFlowTerminal.dat
767878=IfcFlowTerminal.dat
767948=IfcFlowTerminal.dat
768018=IfcFlowTerminal.dat
768088=IfcFlowTerminal.dat
768158=IfcFlowTerminal.dat
768228=IfcFlowTerminal.dat
768298=IfcFlowTerminal.dat
768368=IfcFlowTerminal.dat
768438=IfcFlowTerminal.dat
768508=IfcFlowTerminal.dat
768578=IfcFlowTerminal.dat
768648=IfcFlowTerminal.dat
768718=IfcFlowTerminal.dat
768788=IfcFlowTerminal.dat
768858=IfcFlowTerminal.dat
768928=IfcFlowTerminal.dat
793839=IfcFlowTerminal.dat
796981=IfcFlowTerminal.dat
986622=IfcFlowTerminal.dat
986758=IfcFlowTerminal.dat
986894=IfcFlowTerminal.dat
776115=IfcMember.dat
776306=IfcMember.dat
783021=IfcMember.dat
783203=IfcMember.dat
2472106=IfcRailing.dat
2477034=IfcRailing.dat
2481841=IfcRailing.dat
2486648=IfcRailing.dat
775660=IfcStairFlight.dat
