11561=IfcBeam.dat
12338=IfcBeam.dat
1301=IfcBeam.dat
15727=IfcBeam.dat
16071=IfcBeam.dat
16859=IfcBeam.dat
17215=IfcBeam.dat
1754725=IfcBeam.dat
1755238=IfcBeam.dat
1755696=IfcBeam.dat
1756152=IfcBeam.dat
1756385=IfcBeam.dat
1756751=IfcBeam.dat
1756998=IfcBeam.dat
1757273=IfcBeam.dat
1757822=IfcBeam.dat
1757929=IfcBeam.dat
1758104=IfcBeam.dat
1758437=IfcBeam.dat
1758692=IfcBeam.dat
1758953=IfcBeam.dat
1759287=IfcBeam.dat
1759498=IfcBeam.dat
1759869=IfcBeam.dat
1760097=IfcBeam.dat
1760432=IfcBeam.dat
1760643=IfcBeam.dat
1760898=IfcBeam.dat
1761072=IfcBeam.dat
1761272=IfcBeam.dat
1761454=IfcBeam.dat
1761647=IfcBeam.dat
1761814=IfcBeam.dat
1761989=IfcBeam.dat
1762182=IfcBeam.dat
1762266=IfcBeam.dat
1763163=IfcBeam.dat
1763926=IfcBeam.dat
1764161=IfcBeam.dat
1764875=IfcBeam.dat
1765177=IfcBeam.dat
1767346=IfcBeam.dat
1767549=IfcBeam.dat
1767987=IfcBeam.dat
1768363=IfcBeam.dat
1768621=IfcBeam.dat
1769562=IfcBeam.dat
1769721=IfcBeam.dat
1769905=IfcBeam.dat
1770250=IfcBeam.dat
1770612=IfcBeam.dat
1770816=IfcBeam.dat
1770992=IfcBeam.dat
1771252=IfcBeam.dat
1771358=IfcBeam.dat
1771605=IfcBeam.dat
1771973=IfcBeam.dat
1772187=IfcBeam.dat
1772453=IfcBeam.dat
1772726=IfcBeam.dat
1773041=IfcBeam.dat
1773125=IfcBeam.dat
1773367=IfcBeam.dat
1773594=IfcBeam.dat
1773880=IfcBeam.dat
1774074=IfcBeam.dat
1774274=IfcBeam.dat
1774448=IfcBeam.dat
1774551=IfcBeam.dat
1774644=IfcBeam.dat
1774782=IfcBeam.dat
1775133=IfcBeam.dat
1775227=IfcBeam.dat
1775401=IfcBeam.dat
1775549=IfcBeam.dat
1775651=IfcBeam.dat
1775851=IfcBeam.dat
1776183=IfcBeam.dat
1776420=IfcBeam.dat
1776635=IfcBeam.dat
1776737=IfcBeam.dat
1777076=IfcBeam.dat
1777569=IfcBeam.dat
1777906=IfcBeam.dat
1778529=IfcBeam.dat
1778835=IfcBeam.dat
1779026=IfcBeam.dat
1779459=IfcBeam.dat
1779665=IfcBeam.dat
1779871=IfcBeam.dat
1779991=IfcBeam.dat
1780434=IfcBeam.dat
1780869=IfcBeam.dat
1780971=IfcBeam.dat
1781142=IfcBeam.dat
1781555=IfcBeam.dat
1781864=IfcBeam.dat
1781966=IfcBeam.dat
1782173=IfcBeam.dat
1782258=IfcBeam.dat
1782373=IfcBeam.dat
1782457=IfcBeam.dat
1782559=IfcBeam.dat
1782765=IfcBeam.dat
1782866=IfcBeam.dat
1783221=IfcBeam.dat
1783608=IfcBeam.dat
1783710=IfcBeam.dat
1784061=IfcBeam.dat
1784342=IfcBeam.dat
1784443=IfcBeam.dat
1784990=IfcBeam.dat
1785326=IfcBeam.dat
1785740=IfcBeam.dat
1785842=IfcBeam.dat
1786085=IfcBeam.dat
1786329=IfcBeam.dat
1786596=IfcBeam.dat
1786853=IfcBeam.dat
1787381=IfcBeam.dat
1787625=IfcBeam.dat
1787831=IfcBeam.dat
1788016=IfcBeam.dat
1788182=IfcBeam.dat
1788284=IfcBeam.dat
1788427=IfcBeam.dat
1788603=IfcBeam.dat
1788767=IfcBeam.dat
1788850=IfcBeam.dat
1788952=IfcBeam.dat
1789053=IfcBeam.dat
1789155=IfcBeam.dat
1789239=IfcBeam.dat
1789322=IfcBeam.dat
1789405=IfcBeam.dat
1789488=IfcBeam.dat
1789589=IfcBeam.dat
1789673=IfcBeam.dat
1789908=IfcBeam.dat
1790078=IfcBeam.dat
1790344=IfcBeam.dat
1790562=IfcBeam.dat
1790693=IfcBeam.dat
1790834=IfcBeam.dat
1791012=IfcBeam.dat
1791348=IfcBeam.dat
1791462=IfcBeam.dat
1791644=IfcBeam.dat
1791809=IfcBeam.dat
1791911=IfcBeam.dat
1792130=IfcBeam.dat
1792214=IfcBeam.dat
1792519=IfcBeam.dat
1792684=IfcBeam.dat
1792797=IfcBeam.dat
1792893=IfcBeam.dat
1793105=IfcBeam.dat
1793317=IfcBeam.dat
1793534=IfcBeam.dat
1793812=IfcBeam.dat
1793975=IfcBeam.dat
1794058=IfcBeam.dat
1794141=IfcBeam.dat
1794224=IfcBeam.dat
1794306=IfcBeam.dat
1794389=IfcBeam.dat
1794501=IfcBeam.dat
1794595=IfcBeam.dat
1794679=IfcBeam.dat
1794761=IfcBeam.dat
1794844=IfcBeam.dat
1794928=IfcBeam.dat
1795012=IfcBeam.dat
1795096=IfcBeam.dat
1795328=IfcBeam.dat
1795493=IfcBeam.dat
1795576=IfcBeam.dat
1795658=IfcBeam.dat
1795947=IfcBeam.dat
1796243=IfcBeam.dat
1796418=IfcBeam.dat
1796613=IfcBeam.dat
1797143=IfcBeam.dat
1797649=IfcBeam.dat
1797825=IfcBeam.dat
1798115=IfcBeam.dat
1798415=IfcBeam.dat
1798715=IfcBeam.dat
1799105=IfcBeam.dat
1799457=IfcBeam.dat
1799737=IfcBeam.dat
1799928=IfcBeam.dat
1808699=IfcBeam.dat
1808943=IfcBeam.dat
1830149=IfcBeam.dat
1839366=IfcBeam.dat
1841030=IfcBeam.dat
1841205=IfcBeam.dat
1844774=IfcBeam.dat
136641=IfcSlab.dat
137959=IfcSlab.dat
139206=IfcSlab.dat
139291=IfcSlab.dat
139373=IfcSlab.dat
139483=IfcSlab.dat
139613=IfcSlab.dat
139712=IfcSlab.dat
139803=IfcSlab.dat
139896=IfcSlab.dat
139991=IfcSlab.dat
140086=IfcSlab.dat
140177=IfcSlab.dat
140268=IfcSlab.dat
140363=IfcSlab.dat
140454=IfcSlab.dat
140545=IfcSlab.dat
140691=IfcSlab.dat
140920=IfcSlab.dat
141134=IfcSlab.dat
141266=IfcSlab.dat
141385=IfcSlab.dat
141652=IfcSlab.dat
141796=IfcSlab.dat
141928=IfcSlab.dat
142068=IfcSlab.dat
1703048=IfcSlab.dat
1703167=IfcSlab.dat
1703287=IfcSlab.dat
1749064=IfcSlab.dat
1749131=IfcSlab.dat
1749222=IfcSlab.dat
1749313=IfcSlab.dat
19142=IfcSlab.dat
19285=IfcSlab.dat
1929805=IfcSlab.dat
19440=IfcSlab.dat
1954459=IfcSlab.dat
1955235=IfcSlab.dat
19553=IfcSlab.dat
1956036=IfcSlab.dat
19667=IfcSlab.dat
19789=IfcSlab.dat
20031=IfcSlab.dat
20625=IfcSlab.dat
2234339=IfcSlab.dat
2292334=IfcSlab.dat
2292415=IfcSlab.dat
2292496=IfcSlab.dat
2292840=IfcSlab.dat
2293212=IfcSlab.dat
2356094=IfcSlab.dat
2356189=IfcSlab.dat
2383273=IfcSlab.dat
2389214=IfcSlab.dat
789699=IfcSlab.dat
789831=IfcSlab.dat
796746=IfcSlab.dat
796878=IfcSlab.dat
803857=IfcSlab.dat
803989=IfcSlab.dat
811000=IfcSlab.dat
811132=IfcSlab.dat
820911=IfcSlab.dat
821295=IfcSlab.dat
88181=IfcSlab.dat
147166=IfcWall.dat
17345=IfcWall.dat
17583=IfcWall.dat
18126=IfcWall.dat
1957873=IfcWall.dat
1958881=IfcWall.dat
1959374=IfcWall.dat
1960018=IfcWall.dat
1960227=IfcWall.dat
1960355=IfcWall.dat
1960876=IfcWall.dat
1961556=IfcWall.dat
1961749=IfcWall.dat
1961861=IfcWall.dat
1961971=IfcWall.dat
1962195=IfcWall.dat
1962303=IfcWall.dat
1962492=IfcWall.dat
1962701=IfcWall.dat
1962976=IfcWall.dat
1963088=IfcWall.dat
1963200=IfcWall.dat
1963328=IfcWall.dat
1963467=IfcWall.dat
1964081=IfcWall.dat
1964193=IfcWall.dat
1964546=IfcWall.dat
1965063=IfcWall.dat
1965272=IfcWall.dat
1965380=IfcWall.dat
1965902=IfcWall.dat
1966113=IfcWall.dat
1966303=IfcWall.dat
1966511=IfcWall.dat
1966643=IfcWall.dat
1967829=IfcWall.dat
1968670=IfcWall.dat
1968786=IfcWall.dat
1968896=IfcWall.dat
1969008=IfcWall.dat
1969120=IfcWall.dat
1969232=IfcWall.dat
1969342=IfcWall.dat
1969456=IfcWall.dat
1969828=IfcWall.dat
1969936=IfcWall.dat
1970044=IfcWall.dat
1970490=IfcWall.dat
1970940=IfcWall.dat
1971052=IfcWall.dat
1971818=IfcWall.dat
1972011=IfcWall.dat
1972141=IfcWall.dat
1972253=IfcWall.dat
1972786=IfcWall.dat
1972916=IfcWall.dat
1973028=IfcWall.dat
1973140=IfcWall.dat
1973252=IfcWall.dat
1973604=IfcWall.dat
1973886=IfcWall.dat
1974257=IfcWall.dat
1974613=IfcWall.dat
1974802=IfcWall.dat
2015333=IfcWall.dat
2107930=IfcWall.dat
2228790=IfcWall.dat
2368575=IfcWall.dat
2386336=IfcWall.dat
2410183=IfcWall.dat
323=IfcWall.dat
4791=IfcWall.dat
4955=IfcWall.dat
5170=IfcWall.dat
567=IfcWall.dat
7574=IfcWall.dat
82372=IfcWall.dat
10062=IfcWallStandardCase.dat
10159=IfcWallStandardCase.dat
10262=IfcWallStandardCase.dat
10327=IfcWallStandardCase.dat
10392=IfcWallStandardCase.dat
10423=IfcWallStandardCase.dat
10457=IfcWallStandardCase.dat
10522=IfcWallStandardCase.dat
10576=IfcWallStandardCase.dat
10587=IfcWallStandardCase.dat
10652=IfcWallStandardCase.dat
10717=IfcWallStandardCase.dat
10782=IfcWallStandardCase.dat
10847=IfcWallStandardCase.dat
108705=IfcWallStandardCase.dat
108942=IfcWallStandardCase.dat
10912=IfcWallStandardCase.dat
10977=IfcWallStandardCase.dat
11042=IfcWallStandardCase.dat
11188=IfcWallStandardCase.dat
11233=IfcWallStandardCase.dat
11302=IfcWallStandardCase.dat
11368=IfcWallStandardCase.dat
11463=IfcWallStandardCase.dat
11577=IfcWallStandardCase.dat
11643=IfcWallStandardCase.dat
11734=IfcWallStandardCase.dat
11737=IfcWallStandardCase.dat
11799=IfcWallStandardCase.dat
11864=IfcWallStandardCase.dat
11929=IfcWallStandardCase.dat
11994=IfcWallStandardCase.dat
12029=IfcWallStandardCase.dat
12059=IfcWallStandardCase.dat
12124=IfcWallStandardCase.dat
12189=IfcWallStandardCase.dat
12254=IfcWallStandardCase.dat
12330=IfcWallStandardCase.dat
12395=IfcWallStandardCase.dat
12460=IfcWallStandardCase.dat
12525=IfcWallStandardCase.dat
12590=IfcWallStandardCase.dat
12655=IfcWallStandardCase.dat
12720=IfcWallStandardCase.dat
12785=IfcWallStandardCase.dat
12850=IfcWallStandardCase.dat
12916=IfcWallStandardCase.dat
12982=IfcWallStandardCase.dat
13047=IfcWallStandardCase.dat
13112=IfcWallStandardCase.dat
13242=IfcWallStandardCase.dat
13307=IfcWallStandardCase.dat
13372=IfcWallStandardCase.dat
13460=IfcWallStandardCase.dat
13525=IfcWallStandardCase.dat
13590=IfcWallStandardCase.dat
13655=IfcWallStandardCase.dat
13720=IfcWallStandardCase.dat
13785=IfcWallStandardCase.dat
13892=IfcWallStandardCase.dat
13985=IfcWallStandardCase.dat
14053=IfcWallStandardCase.dat
14065=IfcWallStandardCase.dat
14130=IfcWallStandardCase.dat
14195=IfcWallStandardCase.dat
14198=IfcWallStandardCase.dat
14260=IfcWallStandardCase.dat
14325=IfcWallStandardCase.dat
14390=IfcWallStandardCase.dat
14455=IfcWallStandardCase.dat
14520=IfcWallStandardCase.dat
14585=IfcWallStandardCase.dat
14650=IfcWallStandardCase.dat
14715=IfcWallStandardCase.dat
14780=IfcWallStandardCase.dat
1482328=IfcWallStandardCase.dat
14845=IfcWallStandardCase.dat
14910=IfcWallStandardCase.dat
14975=IfcWallStandardCase.dat
15040=IfcWallStandardCase.dat
15105=IfcWallStandardCase.dat
15271=IfcWallStandardCase.dat
15336=IfcWallStandardCase.dat
15401=IfcWallStandardCase.dat
15466=IfcWallStandardCase.dat
15507=IfcWallStandardCase.dat
15531=IfcWallStandardCase.dat
15596=IfcWallStandardCase.dat
1563270=IfcWallStandardCase.dat
1563336=IfcWallStandardCase.dat
1563429=IfcWallStandardCase.dat
1563516=IfcWallStandardCase.dat
1563582=IfcWallStandardCase.dat
1563648=IfcWallStandardCase.dat
1563714=IfcWallStandardCase.dat
1563801=IfcWallStandardCase.dat
1563867=IfcWallStandardCase.dat
1563934=IfcWallStandardCase.dat
15661=IfcWallStandardCase.dat
15726=IfcWallStandardCase.dat
15791=IfcWallStandardCase.dat
15856=IfcWallStandardCase.dat
15921=IfcWallStandardCase.dat
15986=IfcWallStandardCase.dat
16051=IfcWallStandardCase.dat
16116=IfcWallStandardCase.dat
16181=IfcWallStandardCase.dat
16246=IfcWallStandardCase.dat
16311=IfcWallStandardCase.dat
16413=IfcWallStandardCase.dat
16527=IfcWallStandardCase.dat
16623=IfcWallStandardCase.dat
16709=IfcWallStandardCase.dat
16797=IfcWallStandardCase.dat
16886=IfcWallStandardCase.dat
16972=IfcWallStandardCase.dat
17038=IfcWallStandardCase.dat
1704221=IfcWallStandardCase.dat
17103=IfcWallStandardCase.dat
17168=IfcWallStandardCase.dat
17233=IfcWallStandardCase.dat
17418=IfcWallStandardCase.dat
1745297=IfcWallStandardCase.dat
1745364=IfcWallStandardCase.dat
1745431=IfcWallStandardCase.dat
1745498=IfcWallStandardCase.dat
1749379=IfcWallStandardCase.dat
1749445=IfcWallStandardCase.dat
1749511=IfcWallStandardCase.dat
1749577=IfcWallStandardCase.dat
1749643=IfcWallStandardCase.dat
1749709=IfcWallStandardCase.dat
1749775=IfcWallStandardCase.dat
1749841=IfcWallStandardCase.dat
17673=IfcWallStandardCase.dat
17789=IfcWallStandardCase.dat
1796525=IfcWallStandardCase.dat
18200=IfcWallStandardCase.dat
18333=IfcWallStandardCase.dat
1845606=IfcWallStandardCase.dat
18480=IfcWallStandardCase.dat
18546=IfcWallStandardCase.dat
18652=IfcWallStandardCase.dat
18795=IfcWallStandardCase.dat
18912=IfcWallStandardCase.dat
19009=IfcWallStandardCase.dat
1914657=IfcWallStandardCase.dat
1914731=IfcWallStandardCase.dat
1920377=IfcWallStandardCase.dat
1932943=IfcWallStandardCase.dat
1934263=IfcWallStandardCase.dat
1957450=IfcWallStandardCase.dat
1957573=IfcWallStandardCase.dat
1957676=IfcWallStandardCase.dat
1957743=IfcWallStandardCase.dat
1957950=IfcWallStandardCase.dat
1958031=IfcWallStandardCase.dat
1958114=IfcWallStandardCase.dat
1958195=IfcWallStandardCase.dat
1958276=IfcWallStandardCase.dat
1958359=IfcWallStandardCase.dat
1958442=IfcWallStandardCase.dat
1958517=IfcWallStandardCase.dat
1958600=IfcWallStandardCase.dat
1958673=IfcWallStandardCase.dat
1958751=IfcWallStandardCase.dat
1958963=IfcWallStandardCase.dat
1959030=IfcWallStandardCase.dat
1959106=IfcWallStandardCase.dat
1959189=IfcWallStandardCase.dat
1959264=IfcWallStandardCase.dat
1959455=IfcWallStandardCase.dat
1959538=IfcWallStandardCase.dat
1959616=IfcWallStandardCase.dat
1959683=IfcWallStandardCase.dat
1959750=IfcWallStandardCase.dat
1959817=IfcWallStandardCase.dat
1959884=IfcWallStandardCase.dat
1960098=IfcWallStandardCase.dat
1960436=IfcWallStandardCase.dat
1960518=IfcWallStandardCase.dat
1960600=IfcWallStandardCase.dat
1960682=IfcWallStandardCase.dat
1960763=IfcWallStandardCase.dat
1960956=IfcWallStandardCase.dat
1961035=IfcWallStandardCase.dat
1961117=IfcWallStandardCase.dat
1961199=IfcWallStandardCase.dat
1961281=IfcWallStandardCase.dat
1961362=IfcWallStandardCase.dat
1961443=IfcWallStandardCase.dat
1961636=IfcWallStandardCase.dat
1962383=IfcWallStandardCase.dat
1962572=IfcWallStandardCase.dat
1962782=IfcWallStandardCase.dat
1962863=IfcWallStandardCase.dat
1963547=IfcWallStandardCase.dat
1963628=IfcWallStandardCase.dat
1963709=IfcWallStandardCase.dat
1963790=IfcWallStandardCase.dat
1963871=IfcWallStandardCase.dat
1963952=IfcWallStandardCase.dat
1964273=IfcWallStandardCase.dat
1964354=IfcWallStandardCase.dat
1964435=IfcWallStandardCase.dat
1964624=IfcWallStandardCase.dat
1964706=IfcWallStandardCase.dat
1964788=IfcWallStandardCase.dat
1964869=IfcWallStandardCase.dat
1964950=IfcWallStandardCase.dat
1965143=IfcWallStandardCase.dat
1965458=IfcWallStandardCase.dat
1965540=IfcWallStandardCase.dat
1965622=IfcWallStandardCase.dat
1965704=IfcWallStandardCase.dat
1965785=IfcWallStandardCase.dat
1965982=IfcWallStandardCase.dat
1966382=IfcWallStandardCase.dat
1966723=IfcWallStandardCase.dat
1966802=IfcWallStandardCase.dat
1966884=IfcWallStandardCase.dat
1966964=IfcWallStandardCase.dat
1967046=IfcWallStandardCase.dat
1967127=IfcWallStandardCase.dat
1967209=IfcWallStandardCase.dat
1967291=IfcWallStandardCase.dat
1967373=IfcWallStandardCase.dat
1967455=IfcWallStandardCase.dat
1967537=IfcWallStandardCase.dat
1967618=IfcWallStandardCase.dat
1967700=IfcWallStandardCase.dat
1967907=IfcWallStandardCase.dat
1967989=IfcWallStandardCase.dat
1968071=IfcWallStandardCase.dat
1968153=IfcWallStandardCase.dat
1968235=IfcWallStandardCase.dat
1968316=IfcWallStandardCase.dat
1968397=IfcWallStandardCase.dat
1968478=IfcWallStandardCase.dat
1968559=IfcWallStandardCase.dat
1969534=IfcWallStandardCase.dat
1969616=IfcWallStandardCase.dat
1969697=IfcWallStandardCase.dat
1970125=IfcWallStandardCase.dat
1970207=IfcWallStandardCase.dat
1970289=IfcWallStandardCase.dat
1970371=IfcWallStandardCase.dat
1970570=IfcWallStandardCase.dat
1970651=IfcWallStandardCase.dat
1970732=IfcWallStandardCase.dat
1970813=IfcWallStandardCase.dat
1971130=IfcWallStandardCase.dat
1971212=IfcWallStandardCase.dat
1971294=IfcWallStandardCase.dat
1971376=IfcWallStandardCase.dat
1971458=IfcWallStandardCase.dat
1971539=IfcWallStandardCase.dat
1971620=IfcWallStandardCase.dat
1971701=IfcWallStandardCase.dat
1971898=IfcWallStandardCase.dat
1972333=IfcWallStandardCase.dat
1972414=IfcWallStandardCase.dat
1972495=IfcWallStandardCase.dat
1972576=IfcWallStandardCase.dat
1972657=IfcWallStandardCase.dat
1973332=IfcWallStandardCase.dat
1973414=IfcWallStandardCase.dat
1973495=IfcWallStandardCase.dat
1973685=IfcWallStandardCase.dat
1973757=IfcWallStandardCase.dat
1973966=IfcWallStandardCase.dat
1974047=IfcWallStandardCase.dat
1974128=IfcWallStandardCase.dat
1974338=IfcWallStandardCase.dat
1974419=IfcWallStandardCase.dat
1974500=IfcWallStandardCase.dat
1974685=IfcWallStandardCase.dat
20941=IfcWallStandardCase.dat
2145752=IfcWallStandardCase.dat
2155866=IfcWallStandardCase.dat
22029=IfcWallStandardCase.dat
2221748=IfcWallStandardCase.dat
2222199=IfcWallStandardCase.dat
2228861=IfcWallStandardCase.dat
2235026=IfcWallStandardCase.dat
2240424=IfcWallStandardCase.dat
2241100=IfcWallStandardCase.dat
2241382=IfcWallStandardCase.dat
2242068=IfcWallStandardCase.dat
2242212=IfcWallStandardCase.dat
2242896=IfcWallStandardCase.dat
2291773=IfcWallStandardCase.dat
2291840=IfcWallStandardCase.dat
2291907=IfcWallStandardCase.dat
2291974=IfcWallStandardCase.dat
2292048=IfcWallStandardCase.dat
2292115=IfcWallStandardCase.dat
2292182=IfcWallStandardCase.dat
2292249=IfcWallStandardCase.dat
2292562=IfcWallStandardCase.dat
2292638=IfcWallStandardCase.dat
2292705=IfcWallStandardCase.dat
2292772=IfcWallStandardCase.dat
2292906=IfcWallStandardCase.dat
2293012=IfcWallStandardCase.dat
2293078=IfcWallStandardCase.dat
2293144=IfcWallStandardCase.dat
2293278=IfcWallStandardCase.dat
2293344=IfcWallStandardCase.dat
2293410=IfcWallStandardCase.dat
2293476=IfcWallStandardCase.dat
2293543=IfcWallStandardCase.dat
2305243=IfcWallStandardCase.dat
2305703=IfcWallStandardCase.dat
2307234=IfcWallStandardCase.dat
2310035=IfcWallStandardCase.dat
2368648=IfcWallStandardCase.dat
2383016=IfcWallStandardCase.dat
2386409=IfcWallStandardCase.dat
2386483=IfcWallStandardCase.dat
252745=IfcWallStandardCase.dat
2616607=IfcWallStandardCase.dat
2742746=IfcWallStandardCase.dat
2743502=IfcWallStandardCase.dat
2743628=IfcWallStandardCase.dat
2744627=IfcWallStandardCase.dat
29344=IfcWallStandardCase.dat
375310=IfcWallStandardCase.dat
5248=IfcWallStandardCase.dat
5367=IfcWallStandardCase.dat
62856=IfcWallStandardCase.dat
62922=IfcWallStandardCase.dat
62987=IfcWallStandardCase.dat
63052=IfcWallStandardCase.dat
63117=IfcWallStandardCase.dat
63182=IfcWallStandardCase.dat
63247=IfcWallStandardCase.dat
639=IfcWallStandardCase.dat
66063=IfcWallStandardCase.dat
66129=IfcWallStandardCase.dat
66195=IfcWallStandardCase.dat
66269=IfcWallStandardCase.dat
66336=IfcWallStandardCase.dat
66403=IfcWallStandardCase.dat
66470=IfcWallStandardCase.dat
66536=IfcWallStandardCase.dat
66602=IfcWallStandardCase.dat
66668=IfcWallStandardCase.dat
66734=IfcWallStandardCase.dat
66800=IfcWallStandardCase.dat
66865=IfcWallStandardCase.dat
66930=IfcWallStandardCase.dat
66995=IfcWallStandardCase.dat
67060=IfcWallStandardCase.dat
67133=IfcWallStandardCase.dat
67198=IfcWallStandardCase.dat
67264=IfcWallStandardCase.dat
67330=IfcWallStandardCase.dat
67395=IfcWallStandardCase.dat
70554=IfcWallStandardCase.dat
70643=IfcWallStandardCase.dat
70709=IfcWallStandardCase.dat
70799=IfcWallStandardCase.dat
71314=IfcWallStandardCase.dat
71418=IfcWallStandardCase.dat
714=IfcWallStandardCase.dat
71512=IfcWallStandardCase.dat
71604=IfcWallStandardCase.dat
71700=IfcWallStandardCase.dat
71790=IfcWallStandardCase.dat
71856=IfcWallStandardCase.dat
71946=IfcWallStandardCase.dat
72126=IfcWallStandardCase.dat
72220=IfcWallStandardCase.dat
72311=IfcWallStandardCase.dat
72398=IfcWallStandardCase.dat
72485=IfcWallStandardCase.dat
72576=IfcWallStandardCase.dat
72659=IfcWallStandardCase.dat
72746=IfcWallStandardCase.dat
72829=IfcWallStandardCase.dat
72925=IfcWallStandardCase.dat
73015=IfcWallStandardCase.dat
73081=IfcWallStandardCase.dat
73171=IfcWallStandardCase.dat
73260=IfcWallStandardCase.dat
73349=IfcWallStandardCase.dat
73433=IfcWallStandardCase.dat
7639=IfcWallStandardCase.dat
76658=IfcWallStandardCase.dat
76749=IfcWallStandardCase.dat
76834=IfcWallStandardCase.dat
76927=IfcWallStandardCase.dat
77022=IfcWallStandardCase.dat
77111=IfcWallStandardCase.dat
77204=IfcWallStandardCase.dat
77299=IfcWallStandardCase.dat
77390=IfcWallStandardCase.dat
77479=IfcWallStandardCase.dat
77562=IfcWallStandardCase.dat
77645=IfcWallStandardCase.dat
77747=IfcWallStandardCase.dat
77832=IfcWallStandardCase.dat
7784=IfcWallStandardCase.dat
77925=IfcWallStandardCase.dat
78027=IfcWallStandardCase.dat
78110=IfcWallStandardCase.dat
78195=IfcWallStandardCase.dat
78282=IfcWallStandardCase.dat
78371=IfcWallStandardCase.dat
78462=IfcWallStandardCase.dat
7849=IfcWallStandardCase.dat
78553=IfcWallStandardCase.dat
78651=IfcWallStandardCase.dat
78734=IfcWallStandardCase.dat
78828=IfcWallStandardCase.dat
7914=IfcWallStandardCase.dat
79600=IfcWallStandardCase.dat
79665=IfcWallStandardCase.dat
79731=IfcWallStandardCase.dat
79799=IfcWallStandardCase.dat
7979=IfcWallStandardCase.dat
79866=IfcWallStandardCase.dat
79932=IfcWallStandardCase.dat
8044=IfcWallStandardCase.dat
80665=IfcWallStandardCase.dat
80730=IfcWallStandardCase.dat
80795=IfcWallStandardCase.dat
80860=IfcWallStandardCase.dat
80926=IfcWallStandardCase.dat
80992=IfcWallStandardCase.dat
81057=IfcWallStandardCase.dat
8109=IfcWallStandardCase.dat
81122=IfcWallStandardCase.dat
81204=IfcWallStandardCase.dat
8174=IfcWallStandardCase.dat
82172=IfcWallStandardCase.dat
82245=IfcWallStandardCase.dat
8239=IfcWallStandardCase.dat
82437=IfcWallStandardCase.dat
82502=IfcWallStandardCase.dat
82567=IfcWallStandardCase.dat
82632=IfcWallStandardCase.dat
8305=IfcWallStandardCase.dat
83316=IfcWallStandardCase.dat
83382=IfcWallStandardCase.dat
83448=IfcWallStandardCase.dat
83513=IfcWallStandardCase.dat
83578=IfcWallStandardCase.dat
83643=IfcWallStandardCase.dat
83708=IfcWallStandardCase.dat
8370=IfcWallStandardCase.dat
83773=IfcWallStandardCase.dat
83838=IfcWallStandardCase.dat
8435=IfcWallStandardCase.dat
8500=IfcWallStandardCase.dat
8565=IfcWallStandardCase.dat
8630=IfcWallStandardCase.dat
8696=IfcWallStandardCase.dat
8785=IfcWallStandardCase.dat
88664=IfcWallStandardCase.dat
8874=IfcWallStandardCase.dat
88837=IfcWallStandardCase.dat
8940=IfcWallStandardCase.dat
9005=IfcWallStandardCase.dat
9070=IfcWallStandardCase.dat
9135=IfcWallStandardCase.dat
9200=IfcWallStandardCase.dat
9265=IfcWallStandardCase.dat
9330=IfcWallStandardCase.dat
9395=IfcWallStandardCase.dat
9460=IfcWallStandardCase.dat
9525=IfcWallStandardCase.dat
953485=IfcWallStandardCase.dat
9590=IfcWallStandardCase.dat
9655=IfcWallStandardCase.dat
9720=IfcWallStandardCase.dat
9785=IfcWallStandardCase.dat
9850=IfcWallStandardCase.dat
9915=IfcWallStandardCase.dat
9980=IfcWallStandardCase.dat
