1798309=IfcBuildingElementProxy.dat
1798492=IfcBuildingElementProxy.dat
1805529=IfcBuildingElementProxy.dat
1943551=IfcBuildingElementProxy.dat
1944081=IfcBuildingElementProxy.dat
1944151=IfcBuildingElementProxy.dat
1944197=IfcBuildingElementProxy.dat
1944243=IfcBuildingElementProxy.dat
1944289=IfcBuildingElementProxy.dat
1944335=IfcBuildingElementProxy.dat
1944381=IfcBuildingElementProxy.dat
1944427=IfcBuildingElementProxy.dat
1944473=IfcBuildingElementProxy.dat
1944519=IfcBuildingElementProxy.dat
1944565=IfcBuildingElementProxy.dat
1944611=IfcBuildingElementProxy.dat
1944657=IfcBuildingElementProxy.dat
1944703=IfcBuildingElementProxy.dat
1944749=IfcBuildingElementProxy.dat
1944795=IfcBuildingElementProxy.dat
1944841=IfcBuildingElementProxy.dat
1944887=IfcBuildingElementProxy.dat
1944933=IfcBuildingElementProxy.dat
1944979=IfcBuildingElementProxy.dat
1945025=IfcBuildingElementProxy.dat
1945071=IfcBuildingElementProxy.dat
1945117=IfcBuildingElementProxy.dat
1945163=IfcBuildingElementProxy.dat
1945209=IfcBuildingElementProxy.dat
1945255=IfcBuildingElementProxy.dat
1945301=IfcBuildingElementProxy.dat
1945347=IfcBuildingElementProxy.dat
1945393=IfcBuildingElementProxy.dat
1945439=IfcBuildingElementProxy.dat
1945485=IfcBuildingElementProxy.dat
1945531=IfcBuildingElementProxy.dat
1945577=IfcBuildingElementProxy.dat
1945623=IfcBuildingElementProxy.dat
1945669=IfcBuildingElementProxy.dat
1945715=IfcBuildingElementProxy.dat
1945761=IfcBuildingElementProxy.dat
1945807=IfcBuildingElementProxy.dat
1945853=IfcBuildingElementProxy.dat
1945899=IfcBuildingElementProxy.dat
1945945=IfcBuildingElementProxy.dat
1945991=IfcBuildingElementProxy.dat
1946037=IfcBuildingElementProxy.dat
1946083=IfcBuildingElementProxy.dat
1946129=IfcBuildingElementProxy.dat
1946175=IfcBuildingElementProxy.dat
1946221=IfcBuildingElementProxy.dat
1946267=IfcBuildingElementProxy.dat
1946313=IfcBuildingElementProxy.dat
1946359=IfcBuildingElementProxy.dat
1946405=IfcBuildingElementProxy.dat
1946451=IfcBuildingElementProxy.dat
1946497=IfcBuildingElementProxy.dat
1946543=IfcBuildingElementProxy.dat
1946589=IfcBuildingElementProxy.dat
1946635=IfcBuildingElementProxy.dat
1946681=IfcBuildingElementProxy.dat
1946727=IfcBuildingElementProxy.dat
1946773=IfcBuildingElementProxy.dat
1946819=IfcBuildingElementProxy.dat
1946865=IfcBuildingElementProxy.dat
1946911=IfcBuildingElementProxy.dat
1946957=IfcBuildingElementProxy.dat
1947003=IfcBuildingElementProxy.dat
1947049=IfcBuildingElementProxy.dat
1947095=IfcBuildingElementProxy.dat
1947141=IfcBuildingElementProxy.dat
1947187=IfcBuildingElementProxy.dat
1947233=IfcBuildingElementProxy.dat
1947279=IfcBuildingElementProxy.dat
1947325=IfcBuildingElementProxy.dat
1947371=IfcBuildingElementProxy.dat
1947417=IfcBuildingElementProxy.dat
1947463=IfcBuildingElementProxy.dat
1947509=IfcBuildingElementProxy.dat
1947555=IfcBuildingElementProxy.dat
1947601=IfcBuildingElementProxy.dat
1947647=IfcBuildingElementProxy.dat
1947693=IfcBuildingElementProxy.dat
1947739=IfcBuildingElementProxy.dat
1947785=IfcBuildingElementProxy.dat
1947831=IfcBuildingElementProxy.dat
1947877=IfcBuildingElementProxy.dat
1947923=IfcBuildingElementProxy.dat
1947969=IfcBuildingElementProxy.dat
1948015=IfcBuildingElementProxy.dat
1948061=IfcBuildingElementProxy.dat
1948107=IfcBuildingElementProxy.dat
1948153=IfcBuildingElementProxy.dat
1948199=IfcBuildingElementProxy.dat
1948245=IfcBuildingElementProxy.dat
1948291=IfcBuildingElementProxy.dat
1948337=IfcBuildingElementProxy.dat
1948383=IfcBuildingElementProxy.dat
1948429=IfcBuildingElementProxy.dat
1948475=IfcBuildingElementProxy.dat
1948567=IfcBuildingElementProxy.dat
1948613=IfcBuildingElementProxy.dat
1948659=IfcBuildingElementProxy.dat
1948705=IfcBuildingElementProxy.dat
1948751=IfcBuildingElementProxy.dat
1948797=IfcBuildingElementProxy.dat
1948843=IfcBuildingElementProxy.dat
1948889=IfcBuildingElementProxy.dat
1948935=IfcBuildingElementProxy.dat
1948981=IfcBuildingElementProxy.dat
1949027=IfcBuildingElementProxy.dat
1949073=IfcBuildingElementProxy.dat
1949119=IfcBuildingElementProxy.dat
1949165=IfcBuildingElementProxy.dat
1949211=IfcBuildingElementProxy.dat
1949257=IfcBuildingElementProxy.dat
1949303=IfcBuildingElementProxy.dat
1949349=IfcBuildingElementProxy.dat
1949395=IfcBuildingElementProxy.dat
1949441=IfcBuildingElementProxy.dat
1949487=IfcBuildingElementProxy.dat
1949533=IfcBuildingElementProxy.dat
1949579=IfcBuildingElementProxy.dat
1949625=IfcBuildingElementProxy.dat
1949671=IfcBuildingElementProxy.dat
1949717=IfcBuildingElementProxy.dat
1949763=IfcBuildingElementProxy.dat
1949809=IfcBuildingElementProxy.dat
1949855=IfcBuildingElementProxy.dat
1949901=IfcBuildingElementProxy.dat
1949947=IfcBuildingElementProxy.dat
1949993=IfcBuildingElementProxy.dat
1950039=IfcBuildingElementProxy.dat
1950085=IfcBuildingElementProxy.dat
1950131=IfcBuildingElementProxy.dat
1950177=IfcBuildingElementProxy.dat
1950223=IfcBuildingElementProxy.dat
1950269=IfcBuildingElementProxy.dat
1950315=IfcBuildingElementProxy.dat
1950361=IfcBuildingElementProxy.dat
1950407=IfcBuildingElementProxy.dat
1950453=IfcBuildingElementProxy.dat
1950499=IfcBuildingElementProxy.dat
1950545=IfcBuildingElementProxy.dat
1950591=IfcBuildingElementProxy.dat
1950637=IfcBuildingElementProxy.dat
1950683=IfcBuildingElementProxy.dat
1950729=IfcBuildingElementProxy.dat
1950775=IfcBuildingElementProxy.dat
1950821=IfcBuildingElementProxy.dat
1950867=IfcBuildingElementProxy.dat
1950913=IfcBuildingElementProxy.dat
1950959=IfcBuildingElementProxy.dat
1951005=IfcBuildingElementProxy.dat
1951051=IfcBuildingElementProxy.dat
1951097=IfcBuildingElementProxy.dat
1951143=IfcBuildingElementProxy.dat
1951189=IfcBuildingElementProxy.dat
1951235=IfcBuildingElementProxy.dat
1951281=IfcBuildingElementProxy.dat
1951327=IfcBuildingElementProxy.dat
1951373=IfcBuildingElementProxy.dat
1951419=IfcBuildingElementProxy.dat
1951465=IfcBuildingElementProxy.dat
1951511=IfcBuildingElementProxy.dat
1951557=IfcBuildingElementProxy.dat
1951603=IfcBuildingElementProxy.dat
1951649=IfcBuildingElementProxy.dat
1951695=IfcBuildingElementProxy.dat
1951741=IfcBuildingElementProxy.dat
1951787=IfcBuildingElementProxy.dat
1951833=IfcBuildingElementProxy.dat
1951879=IfcBuildingElementProxy.dat
1951925=IfcBuildingElementProxy.dat
1951971=IfcBuildingElementProxy.dat
1952017=IfcBuildingElementProxy.dat
1952063=IfcBuildingElementProxy.dat
1952109=IfcBuildingElementProxy.dat
1952155=IfcBuildingElementProxy.dat
1952201=IfcBuildingElementProxy.dat
1952247=IfcBuildingElementProxy.dat
1952293=IfcBuildingElementProxy.dat
1952339=IfcBuildingElementProxy.dat
1952385=IfcBuildingElementProxy.dat
1952431=IfcBuildingElementProxy.dat
1952477=IfcBuildingElementProxy.dat
1952523=IfcBuildingElementProxy.dat
1952569=IfcBuildingElementProxy.dat
1952615=IfcBuildingElementProxy.dat
1952661=IfcBuildingElementProxy.dat
1952707=IfcBuildingElementProxy.dat
1952753=IfcBuildingElementProxy.dat
1952799=IfcBuildingElementProxy.dat
1952845=IfcBuildingElementProxy.dat
1952891=IfcBuildingElementProxy.dat
1952937=IfcBuildingElementProxy.dat
1952983=IfcBuildingElementProxy.dat
1953029=IfcBuildingElementProxy.dat
1953075=IfcBuildingElementProxy.dat
1953121=IfcBuildingElementProxy.dat
1953167=IfcBuildingElementProxy.dat
1953213=IfcBuildingElementProxy.dat
1953259=IfcBuildingElementProxy.dat
1953305=IfcBuildingElementProxy.dat
1953351=IfcBuildingElementProxy.dat
1953397=IfcBuildingElementProxy.dat
1953443=IfcBuildingElementProxy.dat
1953489=IfcBuildingElementProxy.dat
1953535=IfcBuildingElementProxy.dat
1953581=IfcBuildingElementProxy.dat
1953627=IfcBuildingElementProxy.dat
1953673=IfcBuildingElementProxy.dat
1953719=IfcBuildingElementProxy.dat
1953765=IfcBuildingElementProxy.dat
1953811=IfcBuildingElementProxy.dat
1953857=IfcBuildingElementProxy.dat
1953903=IfcBuildingElementProxy.dat
1953949=IfcBuildingElementProxy.dat
1953995=IfcBuildingElementProxy.dat
1954041=IfcBuildingElementProxy.dat
1954087=IfcBuildingElementProxy.dat
1954133=IfcBuildingElementProxy.dat
1954179=IfcBuildingElementProxy.dat
1954225=IfcBuildingElementProxy.dat
1954271=IfcBuildingElementProxy.dat
1954317=IfcBuildingElementProxy.dat
1954363=IfcBuildingElementProxy.dat
1974869=IfcBuildingElementProxy.dat
1974915=IfcBuildingElementProxy.dat
1974961=IfcBuildingElementProxy.dat
282557=IfcBuildingElementProxy.dat
282692=IfcBuildingElementProxy.dat
282754=IfcBuildingElementProxy.dat
282816=IfcBuildingElementProxy.dat
419026=IfcBuildingElementProxy.dat
419118=IfcBuildingElementProxy.dat
419180=IfcBuildingElementProxy.dat
419242=IfcBuildingElementProxy.dat
679815=IfcBuildingElementProxy.dat
679907=IfcBuildingElementProxy.dat
769217=IfcBuildingElementProxy.dat
769310=IfcBuildingElementProxy.dat
1086=IfcColumn.dat
1245=IfcColumn.dat
1329=IfcColumn.dat
1413=IfcColumn.dat
1497=IfcColumn.dat
1562515=IfcColumn.dat
1563199=IfcColumn.dat
1581=IfcColumn.dat
1705623=IfcColumn.dat
1749913=IfcColumn.dat
1749983=IfcColumn.dat
1750047=IfcColumn.dat
1750090=IfcColumn.dat
1750132=IfcColumn.dat
1750174=IfcColumn.dat
1750216=IfcColumn.dat
1750258=IfcColumn.dat
1750300=IfcColumn.dat
1750342=IfcColumn.dat
1750384=IfcColumn.dat
1750426=IfcColumn.dat
1750490=IfcColumn.dat
1750556=IfcColumn.dat
1750620=IfcColumn.dat
1750685=IfcColumn.dat
1750774=IfcColumn.dat
1750817=IfcColumn.dat
1750859=IfcColumn.dat
1750923=IfcColumn.dat
1750966=IfcColumn.dat
1751008=IfcColumn.dat
1751050=IfcColumn.dat
1751092=IfcColumn.dat
1751134=IfcColumn.dat
1751176=IfcColumn.dat
1751218=IfcColumn.dat
1751260=IfcColumn.dat
1751302=IfcColumn.dat
1751344=IfcColumn.dat
1751386=IfcColumn.dat
1751428=IfcColumn.dat
1751470=IfcColumn.dat
1751512=IfcColumn.dat
1751554=IfcColumn.dat
1751596=IfcColumn.dat
1751638=IfcColumn.dat
1751680=IfcColumn.dat
1751722=IfcColumn.dat
1751764=IfcColumn.dat
1751806=IfcColumn.dat
1751848=IfcColumn.dat
1751890=IfcColumn.dat
1751932=IfcColumn.dat
1751974=IfcColumn.dat
1752016=IfcColumn.dat
1752058=IfcColumn.dat
1752100=IfcColumn.dat
1752142=IfcColumn.dat
1752184=IfcColumn.dat
1752226=IfcColumn.dat
1752268=IfcColumn.dat
1752310=IfcColumn.dat
1752352=IfcColumn.dat
1752394=IfcColumn.dat
1752436=IfcColumn.dat
1752478=IfcColumn.dat
1752520=IfcColumn.dat
1752562=IfcColumn.dat
1752604=IfcColumn.dat
1752646=IfcColumn.dat
1752688=IfcColumn.dat
1752730=IfcColumn.dat
1752772=IfcColumn.dat
1752814=IfcColumn.dat
1752856=IfcColumn.dat
1752898=IfcColumn.dat
1752940=IfcColumn.dat
1752982=IfcColumn.dat
1753024=IfcColumn.dat
1753066=IfcColumn.dat
1753108=IfcColumn.dat
1753172=IfcColumn.dat
1753238=IfcColumn.dat
1753302=IfcColumn.dat
1753345=IfcColumn.dat
1753387=IfcColumn.dat
1753429=IfcColumn.dat
1753471=IfcColumn.dat
1753513=IfcColumn.dat
1753555=IfcColumn.dat
1753597=IfcColumn.dat
1753639=IfcColumn.dat
1753681=IfcColumn.dat
1753723=IfcColumn.dat
1753765=IfcColumn.dat
1753807=IfcColumn.dat
1753849=IfcColumn.dat
1753891=IfcColumn.dat
1753933=IfcColumn.dat
1753975=IfcColumn.dat
1754017=IfcColumn.dat
1754059=IfcColumn.dat
1754101=IfcColumn.dat
1754143=IfcColumn.dat
1754207=IfcColumn.dat
1754250=IfcColumn.dat
1754292=IfcColumn.dat
1765243=IfcColumn.dat
1765285=IfcColumn.dat
1765458=IfcColumn.dat
1765669=IfcColumn.dat
1765875=IfcColumn.dat
1765959=IfcColumn.dat
1766064=IfcColumn.dat
1766148=IfcColumn.dat
1766233=IfcColumn.dat
1766340=IfcColumn.dat
1766423=IfcColumn.dat
1766646=IfcColumn.dat
1766688=IfcColumn.dat
1771=IfcColumn.dat
1835678=IfcColumn.dat
1836477=IfcColumn.dat
1836582=IfcColumn.dat
1836778=IfcColumn.dat
1836883=IfcColumn.dat
1836993=IfcColumn.dat
1837098=IfcColumn.dat
1837182=IfcColumn.dat
1837266=IfcColumn.dat
1837350=IfcColumn.dat
1837434=IfcColumn.dat
1837629=IfcColumn.dat
1837825=IfcColumn.dat
1838246=IfcColumn.dat
1838351=IfcColumn.dat
1838435=IfcColumn.dat
1839062=IfcColumn.dat
1876=IfcColumn.dat
21221=IfcColumn.dat
21563=IfcColumn.dat
21957=IfcColumn.dat
22281=IfcColumn.dat
22582=IfcColumn.dat
22827=IfcColumn.dat
23170=IfcColumn.dat
23475=IfcColumn.dat
23553=IfcColumn.dat
2371=IfcColumn.dat
23877=IfcColumn.dat
23955=IfcColumn.dat
24033=IfcColumn.dat
24352=IfcColumn.dat
24545=IfcColumn.dat
24766=IfcColumn.dat
25019=IfcColumn.dat
25212=IfcColumn.dat
25290=IfcColumn.dat
25529=IfcColumn.dat
25607=IfcColumn.dat
25791=IfcColumn.dat
25998=IfcColumn.dat
26180=IfcColumn.dat
26258=IfcColumn.dat
26521=IfcColumn.dat
2659570=IfcColumn.dat
26599=IfcColumn.dat
2666430=IfcColumn.dat
2666500=IfcColumn.dat
26792=IfcColumn.dat
26870=IfcColumn.dat
27091=IfcColumn.dat
27302=IfcColumn.dat
27627=IfcColumn.dat
27705=IfcColumn.dat
27783=IfcColumn.dat
28106=IfcColumn.dat
28184=IfcColumn.dat
28407=IfcColumn.dat
28724=IfcColumn.dat
28945=IfcColumn.dat
29176=IfcColumn.dat
29254=IfcColumn.dat
29475=IfcColumn.dat
29745=IfcColumn.dat
30030=IfcColumn.dat
30314=IfcColumn.dat
30592=IfcColumn.dat
30893=IfcColumn.dat
31197=IfcColumn.dat
31470=IfcColumn.dat
31709=IfcColumn.dat
31936=IfcColumn.dat
32179=IfcColumn.dat
32427=IfcColumn.dat
32798=IfcColumn.dat
33088=IfcColumn.dat
33337=IfcColumn.dat
33620=IfcColumn.dat
33881=IfcColumn.dat
34185=IfcColumn.dat
34414=IfcColumn.dat
34700=IfcColumn.dat
34921=IfcColumn.dat
35114=IfcColumn.dat
35369=IfcColumn.dat
35637=IfcColumn.dat
35882=IfcColumn.dat
36087=IfcColumn.dat
36330=IfcColumn.dat
36523=IfcColumn.dat
36838=IfcColumn.dat
37110=IfcColumn.dat
37375=IfcColumn.dat
37572=IfcColumn.dat
37801=IfcColumn.dat
38157=IfcColumn.dat
38494=IfcColumn.dat
38793=IfcColumn.dat
39086=IfcColumn.dat
391=IfcColumn.dat
469=IfcColumn.dat
61885=IfcColumn.dat
62048=IfcColumn.dat
62201=IfcColumn.dat
62336=IfcColumn.dat
62492=IfcColumn.dat
62635=IfcColumn.dat
62787=IfcColumn.dat
63400=IfcColumn.dat
63536=IfcColumn.dat
63693=IfcColumn.dat
63769=IfcColumn.dat
63852=IfcColumn.dat
63968=IfcColumn.dat
64042=IfcColumn.dat
64118=IfcColumn.dat
64202=IfcColumn.dat
64279=IfcColumn.dat
64356=IfcColumn.dat
64432=IfcColumn.dat
64508=IfcColumn.dat
64596=IfcColumn.dat
64681=IfcColumn.dat
64764=IfcColumn.dat
64847=IfcColumn.dat
64923=IfcColumn.dat
64999=IfcColumn.dat
65076=IfcColumn.dat
65152=IfcColumn.dat
65304=IfcColumn.dat
65380=IfcColumn.dat
65522=IfcColumn.dat
65599=IfcColumn.dat
65676=IfcColumn.dat
65753=IfcColumn.dat
65831=IfcColumn.dat
65909=IfcColumn.dat
65993=IfcColumn.dat
67468=IfcColumn.dat
67610=IfcColumn.dat
67687=IfcColumn.dat
67825=IfcColumn.dat
68004=IfcColumn.dat
68095=IfcColumn.dat
68266=IfcColumn.dat
68364=IfcColumn.dat
68442=IfcColumn.dat
68595=IfcColumn.dat
68748=IfcColumn.dat
68901=IfcColumn.dat
69082=IfcColumn.dat
69160=IfcColumn.dat
69238=IfcColumn.dat
69389=IfcColumn.dat
69584=IfcColumn.dat
69773=IfcColumn.dat
69960=IfcColumn.dat
70038=IfcColumn.dat
70269=IfcColumn.dat
70458=IfcColumn.dat
70873=IfcColumn.dat
70951=IfcColumn.dat
71086=IfcColumn.dat
71221=IfcColumn.dat
73576=IfcColumn.dat
73736=IfcColumn.dat
73813=IfcColumn.dat
73890=IfcColumn.dat
73967=IfcColumn.dat
74044=IfcColumn.dat
74121=IfcColumn.dat
74259=IfcColumn.dat
74336=IfcColumn.dat
74487=IfcColumn.dat
74640=IfcColumn.dat
74793=IfcColumn.dat
74870=IfcColumn.dat
75030=IfcColumn.dat
75220=IfcColumn.dat
75392=IfcColumn.dat
75544=IfcColumn.dat
75732=IfcColumn.dat
75809=IfcColumn.dat
75886=IfcColumn.dat
76054=IfcColumn.dat
76197=IfcColumn.dat
76369=IfcColumn.dat
76555=IfcColumn.dat
78912=IfcColumn.dat
79000=IfcColumn.dat
79077=IfcColumn.dat
79164=IfcColumn.dat
79315=IfcColumn.dat
79392=IfcColumn.dat
79530=IfcColumn.dat
80006=IfcColumn.dat
80093=IfcColumn.dat
80180=IfcColumn.dat
80267=IfcColumn.dat
80354=IfcColumn.dat
80445=IfcColumn.dat
80521=IfcColumn.dat
80597=IfcColumn.dat
81307=IfcColumn.dat
81383=IfcColumn.dat
81528=IfcColumn.dat
81616=IfcColumn.dat
81693=IfcColumn.dat
81781=IfcColumn.dat
81858=IfcColumn.dat
81945=IfcColumn.dat
82021=IfcColumn.dat
82104=IfcColumn.dat
82705=IfcColumn.dat
82781=IfcColumn.dat
82922=IfcColumn.dat
82998=IfcColumn.dat
83085=IfcColumn.dat
83172=IfcColumn.dat
83248=IfcColumn.dat
1002872=IfcDoor.dat
1002961=IfcDoor.dat
1003297=IfcDoor.dat
1003394=IfcDoor.dat
1008702=IfcDoor.dat
1019892=IfcDoor.dat
1019956=IfcDoor.dat
1025264=IfcDoor.dat
1025357=IfcDoor.dat
1025414=IfcDoor.dat
1041875=IfcDoor.dat
1047269=IfcDoor.dat
1064279=IfcDoor.dat
1064372=IfcDoor.dat
1103184=IfcDoor.dat
1103246=IfcDoor.dat
1103301=IfcDoor.dat
1108607=IfcDoor.dat
1108671=IfcDoor.dat
1113979=IfcDoor.dat
1114037=IfcDoor.dat
1114094=IfcDoor.dat
1114151=IfcDoor.dat
1114208=IfcDoor.dat
1114265=IfcDoor.dat
1114322=IfcDoor.dat
1153134=IfcDoor.dat
1169212=IfcDoor.dat
1191982=IfcDoor.dat
1192075=IfcDoor.dat
1224558=IfcDoor.dat
1230887=IfcDoor.dat
1230980=IfcDoor.dat
1231035=IfcDoor.dat
1269847=IfcDoor.dat
1275191=IfcDoor.dat
1275283=IfcDoor.dat
1275340=IfcDoor.dat
1275397=IfcDoor.dat
1275454=IfcDoor.dat
1275511=IfcDoor.dat
1280819=IfcDoor.dat
1280883=IfcDoor.dat
1280940=IfcDoor.dat
1280997=IfcDoor.dat
1281054=IfcDoor.dat
1281110=IfcDoor.dat
1286418=IfcDoor.dat
1286476=IfcDoor.dat
1286533=IfcDoor.dat
1286590=IfcDoor.dat
1286645=IfcDoor.dat
1286700=IfcDoor.dat
1286757=IfcDoor.dat
1286814=IfcDoor.dat
1286871=IfcDoor.dat
1286928=IfcDoor.dat
1286983=IfcDoor.dat
1287038=IfcDoor.dat
1287095=IfcDoor.dat
1325907=IfcDoor.dat
1326000=IfcDoor.dat
1326056=IfcDoor.dat
1326112=IfcDoor.dat
1326168=IfcDoor.dat
1331474=IfcDoor.dat
1331532=IfcDoor.dat
1331589=IfcDoor.dat
1331644=IfcDoor.dat
1816655=IfcDoor.dat
1914546=IfcDoor.dat
2234204=IfcDoor.dat
2240332=IfcDoor.dat
2240479=IfcDoor.dat
2241155=IfcDoor.dat
2241437=IfcDoor.dat
2242123=IfcDoor.dat
2242267=IfcDoor.dat
2242951=IfcDoor.dat
959627=IfcDoor.dat
959719=IfcDoor.dat
965027=IfcDoor.dat
970371=IfcDoor.dat
970429=IfcDoor.dat
975737=IfcDoor.dat
981080=IfcDoor.dat
981138=IfcDoor.dat
101400=IfcFlowFitting.dat
1020571=IfcFlowFitting.dat
1023306=IfcFlowFitting.dat
102570=IfcFlowFitting.dat
1045799=IfcFlowFitting.dat
106043=IfcFlowFitting.dat
108610=IfcFlowFitting.dat
111298=IfcFlowFitting.dat
111546=IfcFlowFitting.dat
1181255=IfcFlowFitting.dat
120168=IfcFlowFitting.dat
1207467=IfcFlowFitting.dat
1208753=IfcFlowFitting.dat
1212543=IfcFlowFitting.dat
1214419=IfcFlowFitting.dat
1215369=IfcFlowFitting.dat
1216034=IfcFlowFitting.dat
1221161=IfcFlowFitting.dat
123935=IfcFlowFitting.dat
1255991=IfcFlowFitting.dat
1256171=IfcFlowFitting.dat
1258715=IfcFlowFitting.dat
1258803=IfcFlowFitting.dat
1258887=IfcFlowFitting.dat
126380=IfcFlowFitting.dat
128891=IfcFlowFitting.dat
150189=IfcFlowFitting.dat
1586880=IfcFlowFitting.dat
1636923=IfcFlowFitting.dat
1647922=IfcFlowFitting.dat
166052=IfcFlowFitting.dat
1662938=IfcFlowFitting.dat
166529=IfcFlowFitting.dat
171700=IfcFlowFitting.dat
173364=IfcFlowFitting.dat
1737660=IfcFlowFitting.dat
1755275=IfcFlowFitting.dat
177597=IfcFlowFitting.dat
1807750=IfcFlowFitting.dat
180775=IfcFlowFitting.dat
1808938=IfcFlowFitting.dat
1809216=IfcFlowFitting.dat
181138=IfcFlowFitting.dat
1821120=IfcFlowFitting.dat
1831260=IfcFlowFitting.dat
1839587=IfcFlowFitting.dat
1848309=IfcFlowFitting.dat
1848587=IfcFlowFitting.dat
1848695=IfcFlowFitting.dat
1848809=IfcFlowFitting.dat
1848923=IfcFlowFitting.dat
1849743=IfcFlowFitting.dat
1850023=IfcFlowFitting.dat
1850303=IfcFlowFitting.dat
1850411=IfcFlowFitting.dat
1850525=IfcFlowFitting.dat
1854494=IfcFlowFitting.dat
1855321=IfcFlowFitting.dat
1855601=IfcFlowFitting.dat
1855709=IfcFlowFitting.dat
1855823=IfcFlowFitting.dat
1855937=IfcFlowFitting.dat
1856933=IfcFlowFitting.dat
1857213=IfcFlowFitting.dat
1857493=IfcFlowFitting.dat
1857601=IfcFlowFitting.dat
1857715=IfcFlowFitting.dat
1857829=IfcFlowFitting.dat
1857937=IfcFlowFitting.dat
1858847=IfcFlowFitting.dat
1859125=IfcFlowFitting.dat
1859405=IfcFlowFitting.dat
1859513=IfcFlowFitting.dat
1859627=IfcFlowFitting.dat
1859741=IfcFlowFitting.dat
1860473=IfcFlowFitting.dat
1860753=IfcFlowFitting.dat
1861033=IfcFlowFitting.dat
1861141=IfcFlowFitting.dat
1861255=IfcFlowFitting.dat
1861369=IfcFlowFitting.dat
1862359=IfcFlowFitting.dat
1862637=IfcFlowFitting.dat
1862917=IfcFlowFitting.dat
1863025=IfcFlowFitting.dat
1863139=IfcFlowFitting.dat
1863253=IfcFlowFitting.dat
1864021=IfcFlowFitting.dat
1864129=IfcFlowFitting.dat
1864243=IfcFlowFitting.dat
1864918=IfcFlowFitting.dat
1865026=IfcFlowFitting.dat
1865140=IfcFlowFitting.dat
1865335=IfcFlowFitting.dat
1865530=IfcFlowFitting.dat
1865902=IfcFlowFitting.dat
1866103=IfcFlowFitting.dat
1866304=IfcFlowFitting.dat
1866412=IfcFlowFitting.dat
1866614=IfcFlowFitting.dat
1866816=IfcFlowFitting.dat
1867188=IfcFlowFitting.dat
1873844=IfcFlowFitting.dat
1874070=IfcFlowFitting.dat
1874990=IfcFlowFitting.dat
1875098=IfcFlowFitting.dat
1875212=IfcFlowFitting.dat
1879081=IfcFlowFitting.dat
1879283=IfcFlowFitting.dat
1879565=IfcFlowFitting.dat
1879760=IfcFlowFitting.dat
1879955=IfcFlowFitting.dat
1880150=IfcFlowFitting.dat
1880519=IfcFlowFitting.dat
1880627=IfcFlowFitting.dat
1880735=IfcFlowFitting.dat
1884384=IfcFlowFitting.dat
1885112=IfcFlowFitting.dat
1885220=IfcFlowFitting.dat
1885328=IfcFlowFitting.dat
1885530=IfcFlowFitting.dat
1885944=IfcFlowFitting.dat
1886052=IfcFlowFitting.dat
1886334=IfcFlowFitting.dat
1886442=IfcFlowFitting.dat
192025=IfcFlowFitting.dat
1982252=IfcFlowFitting.dat
2091230=IfcFlowFitting.dat
2091433=IfcFlowFitting.dat
2091543=IfcFlowFitting.dat
2134482=IfcFlowFitting.dat
2134762=IfcFlowFitting.dat
2135044=IfcFlowFitting.dat
2161332=IfcFlowFitting.dat
2168411=IfcFlowFitting.dat
2168943=IfcFlowFitting.dat
2178449=IfcFlowFitting.dat
2179551=IfcFlowFitting.dat
2180414=IfcFlowFitting.dat
2182375=IfcFlowFitting.dat
2183681=IfcFlowFitting.dat
2184059=IfcFlowFitting.dat
2184516=IfcFlowFitting.dat
2184799=IfcFlowFitting.dat
2184970=IfcFlowFitting.dat
2185429=IfcFlowFitting.dat
2185600=IfcFlowFitting.dat
2185881=IfcFlowFitting.dat
2186883=IfcFlowFitting.dat
2187228=IfcFlowFitting.dat
2187508=IfcFlowFitting.dat
2187773=IfcFlowFitting.dat
2188055=IfcFlowFitting.dat
2188355=IfcFlowFitting.dat
2188463=IfcFlowFitting.dat
2189407=IfcFlowFitting.dat
2189752=IfcFlowFitting.dat
2190032=IfcFlowFitting.dat
2190297=IfcFlowFitting.dat
2190579=IfcFlowFitting.dat
2190861=IfcFlowFitting.dat
2190969=IfcFlowFitting.dat
2191248=IfcFlowFitting.dat
2191513=IfcFlowFitting.dat
2191623=IfcFlowFitting.dat
2191812=IfcFlowFitting.dat
2191906=IfcFlowFitting.dat
2192170=IfcFlowFitting.dat
2194719=IfcFlowFitting.dat
2195187=IfcFlowFitting.dat
2195365=IfcFlowFitting.dat
2195826=IfcFlowFitting.dat
2196171=IfcFlowFitting.dat
2196454=IfcFlowFitting.dat
2197017=IfcFlowFitting.dat
2197185=IfcFlowFitting.dat
2197352=IfcFlowFitting.dat
2198600=IfcFlowFitting.dat
2198785=IfcFlowFitting.dat
2199060=IfcFlowFitting.dat
2199213=IfcFlowFitting.dat
2199493=IfcFlowFitting.dat
2199758=IfcFlowFitting.dat
2199868=IfcFlowFitting.dat
2200020=IfcFlowFitting.dat
2200383=IfcFlowFitting.dat
2200555=IfcFlowFitting.dat
2200835=IfcFlowFitting.dat
2202352=IfcFlowFitting.dat
2202445=IfcFlowFitting.dat
2202711=IfcFlowFitting.dat
2202883=IfcFlowFitting.dat
2203132=IfcFlowFitting.dat
2203238=IfcFlowFitting.dat
2203489=IfcFlowFitting.dat
2203853=IfcFlowFitting.dat
2204023=IfcFlowFitting.dat
2204190=IfcFlowFitting.dat
2204471=IfcFlowFitting.dat
2204622=IfcFlowFitting.dat
2204789=IfcFlowFitting.dat
2205169=IfcFlowFitting.dat
2205449=IfcFlowFitting.dat
2205926=IfcFlowFitting.dat
2206191=IfcFlowFitting.dat
2206457=IfcFlowFitting.dat
2206740=IfcFlowFitting.dat
2207085=IfcFlowFitting.dat
2207556=IfcFlowFitting.dat
2207805=IfcFlowFitting.dat
2208179=IfcFlowFitting.dat
2208364=IfcFlowFitting.dat
2208548=IfcFlowFitting.dat
2208732=IfcFlowFitting.dat
2208918=IfcFlowFitting.dat
2209877=IfcFlowFitting.dat
2210061=IfcFlowFitting.dat
2210245=IfcFlowFitting.dat
2210429=IfcFlowFitting.dat
2210994=IfcFlowFitting.dat
2211373=IfcFlowFitting.dat
2211719=IfcFlowFitting.dat
2212215=IfcFlowFitting.dat
2213259=IfcFlowFitting.dat
2213824=IfcFlowFitting.dat
2214011=IfcFlowFitting.dat
2214353=IfcFlowFitting.dat
2214543=IfcFlowFitting.dat
2214732=IfcFlowFitting.dat
2241810=IfcFlowFitting.dat
2247854=IfcFlowFitting.dat
2269569=IfcFlowFitting.dat
2269660=IfcFlowFitting.dat
2269752=IfcFlowFitting.dat
2269842=IfcFlowFitting.dat
2269932=IfcFlowFitting.dat
2270022=IfcFlowFitting.dat
2270286=IfcFlowFitting.dat
2270486=IfcFlowFitting.dat
2270577=IfcFlowFitting.dat
2283535=IfcFlowFitting.dat
2293821=IfcFlowFitting.dat
2357683=IfcFlowFitting.dat
2365007=IfcFlowFitting.dat
2365668=IfcFlowFitting.dat
2378133=IfcFlowFitting.dat
2381656=IfcFlowFitting.dat
2392758=IfcFlowFitting.dat
2529828=IfcFlowFitting.dat
2770516=IfcFlowFitting.dat
2770707=IfcFlowFitting.dat
2770971=IfcFlowFitting.dat
2771373=IfcFlowFitting.dat
2771469=IfcFlowFitting.dat
2771761=IfcFlowFitting.dat
2771857=IfcFlowFitting.dat
2771950=IfcFlowFitting.dat
2772214=IfcFlowFitting.dat
2772518=IfcFlowFitting.dat
2772612=IfcFlowFitting.dat
2772768=IfcFlowFitting.dat
2772959=IfcFlowFitting.dat
2773631=IfcFlowFitting.dat
2773727=IfcFlowFitting.dat
2773892=IfcFlowFitting.dat
2774088=IfcFlowFitting.dat
2774243=IfcFlowFitting.dat
2774354=IfcFlowFitting.dat
2774446=IfcFlowFitting.dat
2774612=IfcFlowFitting.dat
2774866=IfcFlowFitting.dat
2775065=IfcFlowFitting.dat
2775248=IfcFlowFitting.dat
2775512=IfcFlowFitting.dat
2775685=IfcFlowFitting.dat
2775974=IfcFlowFitting.dat
2776241=IfcFlowFitting.dat
2776414=IfcFlowFitting.dat
2776713=IfcFlowFitting.dat
2776924=IfcFlowFitting.dat
2777012=IfcFlowFitting.dat
2777210=IfcFlowFitting.dat
2777298=IfcFlowFitting.dat
2777562=IfcFlowFitting.dat
2777845=IfcFlowFitting.dat
2777951=IfcFlowFitting.dat
2778041=IfcFlowFitting.dat
2778128=IfcFlowFitting.dat
2778218=IfcFlowFitting.dat
2778416=IfcFlowFitting.dat
2778504=IfcFlowFitting.dat
2778591=IfcFlowFitting.dat
2778678=IfcFlowFitting.dat
2866004=IfcFlowFitting.dat
2866291=IfcFlowFitting.dat
2866386=IfcFlowFitting.dat
2866481=IfcFlowFitting.dat
2867250=IfcFlowFitting.dat
2867517=IfcFlowFitting.dat
2867734=IfcFlowFitting.dat
2867999=IfcFlowFitting.dat
2868207=IfcFlowFitting.dat
2868301=IfcFlowFitting.dat
2931495=IfcFlowFitting.dat
2931579=IfcFlowFitting.dat
2931649=IfcFlowFitting.dat
2931719=IfcFlowFitting.dat
2932276=IfcFlowFitting.dat
2932347=IfcFlowFitting.dat
2932417=IfcFlowFitting.dat
2932487=IfcFlowFitting.dat
2932896=IfcFlowFitting.dat
2932966=IfcFlowFitting.dat
2933036=IfcFlowFitting.dat
2933106=IfcFlowFitting.dat
2933448=IfcFlowFitting.dat
2933518=IfcFlowFitting.dat
2933588=IfcFlowFitting.dat
2933658=IfcFlowFitting.dat
2934067=IfcFlowFitting.dat
2934137=IfcFlowFitting.dat
2934207=IfcFlowFitting.dat
2934277=IfcFlowFitting.dat
2934686=IfcFlowFitting.dat
2934756=IfcFlowFitting.dat
2934826=IfcFlowFitting.dat
2934896=IfcFlowFitting.dat
2959823=IfcFlowFitting.dat
2959904=IfcFlowFitting.dat
2960039=IfcFlowFitting.dat
2961927=IfcFlowFitting.dat
2962091=IfcFlowFitting.dat
2962251=IfcFlowFitting.dat
2962330=IfcFlowFitting.dat
2962410=IfcFlowFitting.dat
2962489=IfcFlowFitting.dat
2962568=IfcFlowFitting.dat
2964541=IfcFlowFitting.dat
2964622=IfcFlowFitting.dat
2966702=IfcFlowFitting.dat
2966862=IfcFlowFitting.dat
2969433=IfcFlowFitting.dat
2969512=IfcFlowFitting.dat
2969593=IfcFlowFitting.dat
2969672=IfcFlowFitting.dat
2970215=IfcFlowFitting.dat
2970294=IfcFlowFitting.dat
2970375=IfcFlowFitting.dat
2970454=IfcFlowFitting.dat
2970997=IfcFlowFitting.dat
2971076=IfcFlowFitting.dat
2971157=IfcFlowFitting.dat
2971236=IfcFlowFitting.dat
2971779=IfcFlowFitting.dat
2971858=IfcFlowFitting.dat
2971939=IfcFlowFitting.dat
2972018=IfcFlowFitting.dat
2972097=IfcFlowFitting.dat
2974118=IfcFlowFitting.dat
2974663=IfcFlowFitting.dat
2974742=IfcFlowFitting.dat
2974823=IfcFlowFitting.dat
2974902=IfcFlowFitting.dat
2981964=IfcFlowFitting.dat
2982124=IfcFlowFitting.dat
2982203=IfcFlowFitting.dat
2982282=IfcFlowFitting.dat
2998275=IfcFlowFitting.dat
332995=IfcFlowFitting.dat
339378=IfcFlowFitting.dat
345594=IfcFlowFitting.dat
495793=IfcFlowFitting.dat
495961=IfcFlowFitting.dat
498070=IfcFlowFitting.dat
498325=IfcFlowFitting.dat
498404=IfcFlowFitting.dat
498571=IfcFlowFitting.dat
498738=IfcFlowFitting.dat
498905=IfcFlowFitting.dat
499244=IfcFlowFitting.dat
499492=IfcFlowFitting.dat
501819=IfcFlowFitting.dat
501900=IfcFlowFitting.dat
501981=IfcFlowFitting.dat
506449=IfcFlowFitting.dat
508678=IfcFlowFitting.dat
510737=IfcFlowFitting.dat
511079=IfcFlowFitting.dat
511332=IfcFlowFitting.dat
513440=IfcFlowFitting.dat
515678=IfcFlowFitting.dat
517701=IfcFlowFitting.dat
517869=IfcFlowFitting.dat
517948=IfcFlowFitting.dat
518875=IfcFlowFitting.dat
520367=IfcFlowFitting.dat
521554=IfcFlowFitting.dat
521723=IfcFlowFitting.dat
521890=IfcFlowFitting.dat
522057=IfcFlowFitting.dat
522224=IfcFlowFitting.dat
524462=IfcFlowFitting.dat
526113=IfcFlowFitting.dat
527420=IfcFlowFitting.dat
527675=IfcFlowFitting.dat
527754=IfcFlowFitting.dat
529755=IfcFlowFitting.dat
530008=IfcFlowFitting.dat
530351=IfcFlowFitting.dat
530781=IfcFlowFitting.dat
530954=IfcFlowFitting.dat
533157=IfcFlowFitting.dat
535362=IfcFlowFitting.dat
535537=IfcFlowFitting.dat
535616=IfcFlowFitting.dat
535881=IfcFlowFitting.dat
536142=IfcFlowFitting.dat
538345=IfcFlowFitting.dat
538518=IfcFlowFitting.dat
538691=IfcFlowFitting.dat
538864=IfcFlowFitting.dat
539024=IfcFlowFitting.dat
540810=IfcFlowFitting.dat
540889=IfcFlowFitting.dat
541156=IfcFlowFitting.dat
541327=IfcFlowFitting.dat
541655=IfcFlowFitting.dat
542008=IfcFlowFitting.dat
542988=IfcFlowFitting.dat
543255=IfcFlowFitting.dat
543583=IfcFlowFitting.dat
543669=IfcFlowFitting.dat
545878=IfcFlowFitting.dat
547985=IfcFlowFitting.dat
552312=IfcFlowFitting.dat
554058=IfcFlowFitting.dat
554143=IfcFlowFitting.dat
554509=IfcFlowFitting.dat
554769=IfcFlowFitting.dat
555135=IfcFlowFitting.dat
555306=IfcFlowFitting.dat
555472=IfcFlowFitting.dat
562032=IfcFlowFitting.dat
562199=IfcFlowFitting.dat
562366=IfcFlowFitting.dat
562445=IfcFlowFitting.dat
562806=IfcFlowFitting.dat
562885=IfcFlowFitting.dat
563058=IfcFlowFitting.dat
563225=IfcFlowFitting.dat
565334=IfcFlowFitting.dat
565591=IfcFlowFitting.dat
565758=IfcFlowFitting.dat
565925=IfcFlowFitting.dat
567902=IfcFlowFitting.dat
570189=IfcFlowFitting.dat
570446=IfcFlowFitting.dat
5704=IfcFlowFitting.dat
570525=IfcFlowFitting.dat
570785=IfcFlowFitting.dat
572988=IfcFlowFitting.dat
573069=IfcFlowFitting.dat
575134=IfcFlowFitting.dat
575215=IfcFlowFitting.dat
575998=IfcFlowFitting.dat
576085=IfcFlowFitting.dat
576164=IfcFlowFitting.dat
581032=IfcFlowFitting.dat
581381=IfcFlowFitting.dat
581460=IfcFlowFitting.dat
581627=IfcFlowFitting.dat
583738=IfcFlowFitting.dat
588515=IfcFlowFitting.dat
588864=IfcFlowFitting.dat
588943=IfcFlowFitting.dat
589022=IfcFlowFitting.dat
589195=IfcFlowFitting.dat
589362=IfcFlowFitting.dat
589441=IfcFlowFitting.dat
589701=IfcFlowFitting.dat
589960=IfcFlowFitting.dat
590039=IfcFlowFitting.dat
590206=IfcFlowFitting.dat
592317=IfcFlowFitting.dat
592486=IfcFlowFitting.dat
594810=IfcFlowFitting.dat
594891=IfcFlowFitting.dat
595064=IfcFlowFitting.dat
597226=IfcFlowFitting.dat
597307=IfcFlowFitting.dat
597568=IfcFlowFitting.dat
602215=IfcFlowFitting.dat
602561=IfcFlowFitting.dat
602640=IfcFlowFitting.dat
604833=IfcFlowFitting.dat
604915=IfcFlowFitting.dat
604995=IfcFlowFitting.dat
605167=IfcFlowFitting.dat
607276=IfcFlowFitting.dat
607533=IfcFlowFitting.dat
607700=IfcFlowFitting.dat
607867=IfcFlowFitting.dat
607946=IfcFlowFitting.dat
608113=IfcFlowFitting.dat
608280=IfcFlowFitting.dat
608447=IfcFlowFitting.dat
608526=IfcFlowFitting.dat
608867=IfcFlowFitting.dat
608946=IfcFlowFitting.dat
609113=IfcFlowFitting.dat
609280=IfcFlowFitting.dat
614207=IfcFlowFitting.dat
615172=IfcFlowFitting.dat
617311=IfcFlowFitting.dat
617480=IfcFlowFitting.dat
617935=IfcFlowFitting.dat
618197=IfcFlowFitting.dat
622870=IfcFlowFitting.dat
623047=IfcFlowFitting.dat
623395=IfcFlowFitting.dat
623472=IfcFlowFitting.dat
628171=IfcFlowFitting.dat
628434=IfcFlowFitting.dat
628694=IfcFlowFitting.dat
630879=IfcFlowFitting.dat
630960=IfcFlowFitting.dat
631133=IfcFlowFitting.dat
633357=IfcFlowFitting.dat
633444=IfcFlowFitting.dat
633699=IfcFlowFitting.dat
638392=IfcFlowFitting.dat
638655=IfcFlowFitting.dat
638740=IfcFlowFitting.dat
638910=IfcFlowFitting.dat
639778=IfcFlowFitting.dat
640035=IfcFlowFitting.dat
642146=IfcFlowFitting.dat
643088=IfcFlowFitting.dat
647751=IfcFlowFitting.dat
652576=IfcFlowFitting.dat
652839=IfcFlowFitting.dat
652918=IfcFlowFitting.dat
6538=IfcFlowFitting.dat
657597=IfcFlowFitting.dat
657948=IfcFlowFitting.dat
658974=IfcFlowFitting.dat
661267=IfcFlowFitting.dat
661442=IfcFlowFitting.dat
661616=IfcFlowFitting.dat
661883=IfcFlowFitting.dat
663898=IfcFlowFitting.dat
664073=IfcFlowFitting.dat
664959=IfcFlowFitting.dat
665408=IfcFlowFitting.dat
665588=IfcFlowFitting.dat
665673=IfcFlowFitting.dat
665846=IfcFlowFitting.dat
665925=IfcFlowFitting.dat
666004=IfcFlowFitting.dat
666360=IfcFlowFitting.dat
666439=IfcFlowFitting.dat
668641=IfcFlowFitting.dat
668721=IfcFlowFitting.dat
668988=IfcFlowFitting.dat
669874=IfcFlowFitting.dat
670140=IfcFlowFitting.dat
670309=IfcFlowFitting.dat
670573=IfcFlowFitting.dat
670651=IfcFlowFitting.dat
670730=IfcFlowFitting.dat
670903=IfcFlowFitting.dat
670982=IfcFlowFitting.dat
671061=IfcFlowFitting.dat
671234=IfcFlowFitting.dat
673249=IfcFlowFitting.dat
673424=IfcFlowFitting.dat
673877=IfcFlowFitting.dat
674057=IfcFlowFitting.dat
674229=IfcFlowFitting.dat
674408=IfcFlowFitting.dat
674581=IfcFlowFitting.dat
674754=IfcFlowFitting.dat
677145=IfcFlowFitting.dat
678035=IfcFlowFitting.dat
680144=IfcFlowFitting.dat
680413=IfcFlowFitting.dat
681299=IfcFlowFitting.dat
682375=IfcFlowFitting.dat
682550=IfcFlowFitting.dat
6847=IfcFlowFitting.dat
689146=IfcFlowFitting.dat
693333=IfcFlowFitting.dat
695447=IfcFlowFitting.dat
695619=IfcFlowFitting.dat
697771=IfcFlowFitting.dat
701148=IfcFlowFitting.dat
702941=IfcFlowFitting.dat
1010=IfcFlowSegment.dat
101357=IfcFlowSegment.dat
1016632=IfcFlowSegment.dat
1019129=IfcFlowSegment.dat
1019976=IfcFlowSegment.dat
1020494=IfcFlowSegment.dat
1022427=IfcFlowSegment.dat
1022881=IfcFlowSegment.dat
1023055=IfcFlowSegment.dat
1024784=IfcFlowSegment.dat
1026532=IfcFlowSegment.dat
1027005=IfcFlowSegment.dat
102824=IfcFlowSegment.dat
1038472=IfcFlowSegment.dat
1038907=IfcFlowSegment.dat
1039255=IfcFlowSegment.dat
1039603=IfcFlowSegment.dat
1039864=IfcFlowSegment.dat
1040908=IfcFlowSegment.dat
1040995=IfcFlowSegment.dat
1041082=IfcFlowSegment.dat
1042561=IfcFlowSegment.dat
1042648=IfcFlowSegment.dat
1042996=IfcFlowSegment.dat
1049175=IfcFlowSegment.dat
1053751=IfcFlowSegment.dat
1053839=IfcFlowSegment.dat
1054631=IfcFlowSegment.dat
105963=IfcFlowSegment.dat
1063006=IfcFlowSegment.dat
1064307=IfcFlowSegment.dat
106965=IfcFlowSegment.dat
1075877=IfcFlowSegment.dat
1078=IfcFlowSegment.dat
108429=IfcFlowSegment.dat
108777=IfcFlowSegment.dat
108952=IfcFlowSegment.dat
1094479=IfcFlowSegment.dat
1103078=IfcFlowSegment.dat
1103339=IfcFlowSegment.dat
1104987=IfcFlowSegment.dat
1105074=IfcFlowSegment.dat
1105422=IfcFlowSegment.dat
1105770=IfcFlowSegment.dat
1108138=IfcFlowSegment.dat
1113085=IfcFlowSegment.dat
1113259=IfcFlowSegment.dat
111637=IfcFlowSegment.dat
111722=IfcFlowSegment.dat
111896=IfcFlowSegment.dat
112346=IfcFlowSegment.dat
1124404=IfcFlowSegment.dat
114670=IfcFlowSegment.dat
116001=IfcFlowSegment.dat
1165=IfcFlowSegment.dat
1173738=IfcFlowSegment.dat
1180832=IfcFlowSegment.dat
1180921=IfcFlowSegment.dat
1181176=IfcFlowSegment.dat
1184377=IfcFlowSegment.dat
1185676=IfcFlowSegment.dat
1193624=IfcFlowSegment.dat
1198510=IfcFlowSegment.dat
1198603=IfcFlowSegment.dat
1205504=IfcFlowSegment.dat
1205792=IfcFlowSegment.dat
1206330=IfcFlowSegment.dat
1206425=IfcFlowSegment.dat
1206873=IfcFlowSegment.dat
1207288=IfcFlowSegment.dat
1208133=IfcFlowSegment.dat
1208323=IfcFlowSegment.dat
1208848=IfcFlowSegment.dat
1208943=IfcFlowSegment.dat
1209038=IfcFlowSegment.dat
1209643=IfcFlowSegment.dat
1209738=IfcFlowSegment.dat
1210204=IfcFlowSegment.dat
1214240=IfcFlowSegment.dat
1215094=IfcFlowSegment.dat
1215190=IfcFlowSegment.dat
1216129=IfcFlowSegment.dat
1217462=IfcFlowSegment.dat
1217938=IfcFlowSegment.dat
1219786=IfcFlowSegment.dat
1219886=IfcFlowSegment.dat
1221332=IfcFlowSegment.dat
1222059=IfcFlowSegment.dat
1223211=IfcFlowSegment.dat
122454=IfcFlowSegment.dat
122541=IfcFlowSegment.dat
1225657=IfcFlowSegment.dat
122628=IfcFlowSegment.dat
1229656=IfcFlowSegment.dat
1233247=IfcFlowSegment.dat
1235797=IfcFlowSegment.dat
1241672=IfcFlowSegment.dat
124231=IfcFlowSegment.dat
1245866=IfcFlowSegment.dat
1249307=IfcFlowSegment.dat
1259077=IfcFlowSegment.dat
126559=IfcFlowSegment.dat
126617=IfcFlowSegment.dat
128006=IfcFlowSegment.dat
128170=IfcFlowSegment.dat
128498=IfcFlowSegment.dat
128762=IfcFlowSegment.dat
1289353=IfcFlowSegment.dat
129013=IfcFlowSegment.dat
129611=IfcFlowSegment.dat
129783=IfcFlowSegment.dat
1320=IfcFlowSegment.dat
1340816=IfcFlowSegment.dat
1341730=IfcFlowSegment.dat
134769=IfcFlowSegment.dat
135203=IfcFlowSegment.dat
137208=IfcFlowSegment.dat
1383869=IfcFlowSegment.dat
145714=IfcFlowSegment.dat
1497613=IfcFlowSegment.dat
1500165=IfcFlowSegment.dat
1500253=IfcFlowSegment.dat
1525894=IfcFlowSegment.dat
153492=IfcFlowSegment.dat
1539=IfcFlowSegment.dat
154183=IfcFlowSegment.dat
1545135=IfcFlowSegment.dat
1557081=IfcFlowSegment.dat
1558509=IfcFlowSegment.dat
1558593=IfcFlowSegment.dat
1558677=IfcFlowSegment.dat
1566165=IfcFlowSegment.dat
157352=IfcFlowSegment.dat
157671=IfcFlowSegment.dat
158556=IfcFlowSegment.dat
1586167=IfcFlowSegment.dat
158756=IfcFlowSegment.dat
158956=IfcFlowSegment.dat
159630=IfcFlowSegment.dat
159730=IfcFlowSegment.dat
160274=IfcFlowSegment.dat
1612477=IfcFlowSegment.dat
1616015=IfcFlowSegment.dat
1616102=IfcFlowSegment.dat
1616513=IfcFlowSegment.dat
162069=IfcFlowSegment.dat
162675=IfcFlowSegment.dat
1628241=IfcFlowSegment.dat
1641947=IfcFlowSegment.dat
164853=IfcFlowSegment.dat
164953=IfcFlowSegment.dat
165601=IfcFlowSegment.dat
1713412=IfcFlowSegment.dat
1719929=IfcFlowSegment.dat
174283=IfcFlowSegment.dat
1746263=IfcFlowSegment.dat
1750821=IfcFlowSegment.dat
175149=IfcFlowSegment.dat
175566=IfcFlowSegment.dat
1778832=IfcFlowSegment.dat
1783763=IfcFlowSegment.dat
1784620=IfcFlowSegment.dat
178559=IfcFlowSegment.dat
1785816=IfcFlowSegment.dat
179434=IfcFlowSegment.dat
179736=IfcFlowSegment.dat
1804999=IfcFlowSegment.dat
180875=IfcFlowSegment.dat
1814441=IfcFlowSegment.dat
1814664=IfcFlowSegment.dat
1815029=IfcFlowSegment.dat
1817269=IfcFlowSegment.dat
1819050=IfcFlowSegment.dat
1820126=IfcFlowSegment.dat
1821562=IfcFlowSegment.dat
1822402=IfcFlowSegment.dat
1824445=IfcFlowSegment.dat
1832296=IfcFlowSegment.dat
1832471=IfcFlowSegment.dat
183332=IfcFlowSegment.dat
1836200=IfcFlowSegment.dat
1839177=IfcFlowSegment.dat
1839249=IfcFlowSegment.dat
1841525=IfcFlowSegment.dat
1842094=IfcFlowSegment.dat
1847978=IfcFlowSegment.dat
1848061=IfcFlowSegment.dat
1848148=IfcFlowSegment.dat
1848231=IfcFlowSegment.dat
1848426=IfcFlowSegment.dat
1848509=IfcFlowSegment.dat
1849040=IfcFlowSegment.dat
1849128=IfcFlowSegment.dat
1849495=IfcFlowSegment.dat
1849582=IfcFlowSegment.dat
1849665=IfcFlowSegment.dat
1849860=IfcFlowSegment.dat
1849944=IfcFlowSegment.dat
1850140=IfcFlowSegment.dat
1850224=IfcFlowSegment.dat
1854618=IfcFlowSegment.dat
1854986=IfcFlowSegment.dat
1855070=IfcFlowSegment.dat
1855158=IfcFlowSegment.dat
1855242=IfcFlowSegment.dat
1855438=IfcFlowSegment.dat
1855522=IfcFlowSegment.dat
1856054=IfcFlowSegment.dat
1856142=IfcFlowSegment.dat
1856510=IfcFlowSegment.dat
1856598=IfcFlowSegment.dat
1856682=IfcFlowSegment.dat
1856770=IfcFlowSegment.dat
1856854=IfcFlowSegment.dat
1857050=IfcFlowSegment.dat
1857134=IfcFlowSegment.dat
1857330=IfcFlowSegment.dat
1857414=IfcFlowSegment.dat
1858060=IfcFlowSegment.dat
1858428=IfcFlowSegment.dat
1858516=IfcFlowSegment.dat
1858599=IfcFlowSegment.dat
1858686=IfcFlowSegment.dat
1858769=IfcFlowSegment.dat
1858964=IfcFlowSegment.dat
1859047=IfcFlowSegment.dat
1859242=IfcFlowSegment.dat
1859326=IfcFlowSegment.dat
1860138=IfcFlowSegment.dat
1860222=IfcFlowSegment.dat
1860310=IfcFlowSegment.dat
1860394=IfcFlowSegment.dat
1860590=IfcFlowSegment.dat
1860674=IfcFlowSegment.dat
1860870=IfcFlowSegment.dat
1860954=IfcFlowSegment.dat
1861486=IfcFlowSegment.dat
1861573=IfcFlowSegment.dat
1861941=IfcFlowSegment.dat
1862028=IfcFlowSegment.dat
1862111=IfcFlowSegment.dat
1862198=IfcFlowSegment.dat
1862281=IfcFlowSegment.dat
1862476=IfcFlowSegment.dat
1862559=IfcFlowSegment.dat
1862754=IfcFlowSegment.dat
1862838=IfcFlowSegment.dat
1863376=IfcFlowSegment.dat
1863603=IfcFlowSegment.dat
1863690=IfcFlowSegment.dat
1863773=IfcFlowSegment.dat
1863860=IfcFlowSegment.dat
1863943=IfcFlowSegment.dat
1864500=IfcFlowSegment.dat
1864587=IfcFlowSegment.dat
1864670=IfcFlowSegment.dat
1864757=IfcFlowSegment.dat
1864840=IfcFlowSegment.dat
1865257=IfcFlowSegment.dat
1865452=IfcFlowSegment.dat
1865647=IfcFlowSegment.dat
1865735=IfcFlowSegment.dat
1865823=IfcFlowSegment.dat
1866025=IfcFlowSegment.dat
1866226=IfcFlowSegment.dat
1866535=IfcFlowSegment.dat
1866737=IfcFlowSegment.dat
1866933=IfcFlowSegment.dat
1867021=IfcFlowSegment.dat
1867109=IfcFlowSegment.dat
1873991=IfcFlowSegment.dat
1874400=IfcFlowSegment.dat
1874487=IfcFlowSegment.dat
1874570=IfcFlowSegment.dat
1874657=IfcFlowSegment.dat
1874740=IfcFlowSegment.dat
1874827=IfcFlowSegment.dat
1874911=IfcFlowSegment.dat
1879205=IfcFlowSegment.dat
1879400=IfcFlowSegment.dat
1879487=IfcFlowSegment.dat
1879682=IfcFlowSegment.dat
1879877=IfcFlowSegment.dat
1880072=IfcFlowSegment.dat
1880267=IfcFlowSegment.dat
1880354=IfcFlowSegment.dat
1880441=IfcFlowSegment.dat
1884509=IfcFlowSegment.dat
1884597=IfcFlowSegment.dat
1884685=IfcFlowSegment.dat
1884773=IfcFlowSegment.dat
1884860=IfcFlowSegment.dat
1884947=IfcFlowSegment.dat
1885034=IfcFlowSegment.dat
1885451=IfcFlowSegment.dat
1885783=IfcFlowSegment.dat
1885866=IfcFlowSegment.dat
1886169=IfcFlowSegment.dat
1886256=IfcFlowSegment.dat
1886565=IfcFlowSegment.dat
1896642=IfcFlowSegment.dat
190033=IfcFlowSegment.dat
1933306=IfcFlowSegment.dat
1945676=IfcFlowSegment.dat
1958133=IfcFlowSegment.dat
1977830=IfcFlowSegment.dat
1983275=IfcFlowSegment.dat
2015764=IfcFlowSegment.dat
2050261=IfcFlowSegment.dat
2050=IfcFlowSegment.dat
2073765=IfcFlowSegment.dat
2091355=IfcFlowSegment.dat
2132089=IfcFlowSegment.dat
2134315=IfcFlowSegment.dat
2134402=IfcFlowSegment.dat
2134595=IfcFlowSegment.dat
2134682=IfcFlowSegment.dat
2134875=IfcFlowSegment.dat
2134963=IfcFlowSegment.dat
2145571=IfcFlowSegment.dat
2150644=IfcFlowSegment.dat
2151741=IfcFlowSegment.dat
2157869=IfcFlowSegment.dat
2159402=IfcFlowSegment.dat
2178269=IfcFlowSegment.dat
2180698=IfcFlowSegment.dat
2180793=IfcFlowSegment.dat
2180888=IfcFlowSegment.dat
2180983=IfcFlowSegment.dat
2181077=IfcFlowSegment.dat
2181172=IfcFlowSegment.dat
2181267=IfcFlowSegment.dat
2181362=IfcFlowSegment.dat
2181456=IfcFlowSegment.dat
2181550=IfcFlowSegment.dat
2181644=IfcFlowSegment.dat
2181738=IfcFlowSegment.dat
2181832=IfcFlowSegment.dat
2181926=IfcFlowSegment.dat
2182020=IfcFlowSegment.dat
2182114=IfcFlowSegment.dat
2182491=IfcFlowSegment.dat
2182586=IfcFlowSegment.dat
2182681=IfcFlowSegment.dat
2182776=IfcFlowSegment.dat
2182870=IfcFlowSegment.dat
2182965=IfcFlowSegment.dat
2183060=IfcFlowSegment.dat
2183154=IfcFlowSegment.dat
2183249=IfcFlowSegment.dat
2183344=IfcFlowSegment.dat
2183438=IfcFlowSegment.dat
2183532=IfcFlowSegment.dat
2183783=IfcFlowSegment.dat
2183878=IfcFlowSegment.dat
2183972=IfcFlowSegment.dat
2184160=IfcFlowSegment.dat
2184255=IfcFlowSegment.dat
2185072=IfcFlowSegment.dat
2185167=IfcFlowSegment.dat
2185702=IfcFlowSegment.dat
2185979=IfcFlowSegment.dat
2186073=IfcFlowSegment.dat
2186167=IfcFlowSegment.dat
2186261=IfcFlowSegment.dat
2186355=IfcFlowSegment.dat
2186449=IfcFlowSegment.dat
2186544=IfcFlowSegment.dat
2186638=IfcFlowSegment.dat
2186733=IfcFlowSegment.dat
2186985=IfcFlowSegment.dat
2187079=IfcFlowSegment.dat
2187330=IfcFlowSegment.dat
2188564=IfcFlowSegment.dat
2188658=IfcFlowSegment.dat
2188752=IfcFlowSegment.dat
2188846=IfcFlowSegment.dat
2188940=IfcFlowSegment.dat
2189034=IfcFlowSegment.dat
2189129=IfcFlowSegment.dat
2189224=IfcFlowSegment.dat
2189319=IfcFlowSegment.dat
2189508=IfcFlowSegment.dat
2189602=IfcFlowSegment.dat
2189854=IfcFlowSegment.dat
2191070=IfcFlowSegment.dat
2194382=IfcFlowSegment.dat
2194476=IfcFlowSegment.dat
2194570=IfcFlowSegment.dat
2194821=IfcFlowSegment.dat
2194915=IfcFlowSegment.dat
2195009=IfcFlowSegment.dat
2195489=IfcFlowSegment.dat
2195583=IfcFlowSegment.dat
2195677=IfcFlowSegment.dat
2195928=IfcFlowSegment.dat
2196022=IfcFlowSegment.dat
2196273=IfcFlowSegment.dat
2196367=IfcFlowSegment.dat
2196555=IfcFlowSegment.dat
2196649=IfcFlowSegment.dat
2196743=IfcFlowSegment.dat
2196838=IfcFlowSegment.dat
2197454=IfcFlowSegment.dat
2197549=IfcFlowSegment.dat
2197663=IfcFlowSegment.dat
2197758=IfcFlowSegment.dat
2197853=IfcFlowSegment.dat
2197948=IfcFlowSegment.dat
2198043=IfcFlowSegment.dat
2198138=IfcFlowSegment.dat
2198233=IfcFlowSegment.dat
2198328=IfcFlowSegment.dat
2198422=IfcFlowSegment.dat
2198698=IfcFlowSegment.dat
2198882=IfcFlowSegment.dat
2199315=IfcFlowSegment.dat
2200122=IfcFlowSegment.dat
2200657=IfcFlowSegment.dat
2200933=IfcFlowSegment.dat
2201028=IfcFlowSegment.dat
2201123=IfcFlowSegment.dat
2201218=IfcFlowSegment.dat
2201313=IfcFlowSegment.dat
2201407=IfcFlowSegment.dat
2201501=IfcFlowSegment.dat
2201596=IfcFlowSegment.dat
2201690=IfcFlowSegment.dat
2201785=IfcFlowSegment.dat
2201880=IfcFlowSegment.dat
2201975=IfcFlowSegment.dat
2202070=IfcFlowSegment.dat
2202165=IfcFlowSegment.dat
2202985=IfcFlowSegment.dat
2203339=IfcFlowSegment.dat
2203591=IfcFlowSegment.dat
2204292=IfcFlowSegment.dat
2204891=IfcFlowSegment.dat
2204986=IfcFlowSegment.dat
2205081=IfcFlowSegment.dat
2205266=IfcFlowSegment.dat
2205361=IfcFlowSegment.dat
2205560=IfcFlowSegment.dat
2205654=IfcFlowSegment.dat
2205748=IfcFlowSegment.dat
2206308=IfcFlowSegment.dat
2206559=IfcFlowSegment.dat
2206653=IfcFlowSegment.dat
2206841=IfcFlowSegment.dat
2206935=IfcFlowSegment.dat
2207187=IfcFlowSegment.dat
2207282=IfcFlowSegment.dat
2207376=IfcFlowSegment.dat
2207654=IfcFlowSegment.dat
2207907=IfcFlowSegment.dat
2208001=IfcFlowSegment.dat
2208277=IfcFlowSegment.dat
2208461=IfcFlowSegment.dat
2208645=IfcFlowSegment.dat
2208829=IfcFlowSegment.dat
2209016=IfcFlowSegment.dat
2209129=IfcFlowSegment.dat
2209223=IfcFlowSegment.dat
2209318=IfcFlowSegment.dat
2209412=IfcFlowSegment.dat
2209506=IfcFlowSegment.dat
2209601=IfcFlowSegment.dat
2209696=IfcFlowSegment.dat
2209790=IfcFlowSegment.dat
2209974=IfcFlowSegment.dat
2210158=IfcFlowSegment.dat
2210342=IfcFlowSegment.dat
2210621=IfcFlowSegment.dat
2210716=IfcFlowSegment.dat
2210811=IfcFlowSegment.dat
2210906=IfcFlowSegment.dat
2211091=IfcFlowSegment.dat
2211186=IfcFlowSegment.dat
2211473=IfcFlowSegment.dat
2211568=IfcFlowSegment.dat
2211838=IfcFlowSegment.dat
2211933=IfcFlowSegment.dat
2212028=IfcFlowSegment.dat
2212315=IfcFlowSegment.dat
2212410=IfcFlowSegment.dat
2212507=IfcFlowSegment.dat
2212603=IfcFlowSegment.dat
2212698=IfcFlowSegment.dat
2212793=IfcFlowSegment.dat
2212888=IfcFlowSegment.dat
2213078=IfcFlowSegment.dat
2213357=IfcFlowSegment.dat
2213451=IfcFlowSegment.dat
2213546=IfcFlowSegment.dat
2213641=IfcFlowSegment.dat
2213736=IfcFlowSegment.dat
2213889=IfcFlowSegment.dat
2213921=IfcFlowSegment.dat
2214108=IfcFlowSegment.dat
2214203=IfcFlowSegment.dat
2214455=IfcFlowSegment.dat
2214644=IfcFlowSegment.dat
2214833=IfcFlowSegment.dat
2233389=IfcFlowSegment.dat
2234047=IfcFlowSegment.dat
2234332=IfcFlowSegment.dat
2238979=IfcFlowSegment.dat
2239351=IfcFlowSegment.dat
2245393=IfcFlowSegment.dat
2245587=IfcFlowSegment.dat
2272705=IfcFlowSegment.dat
2291932=IfcFlowSegment.dat
2317885=IfcFlowSegment.dat
2323126=IfcFlowSegment.dat
2327581=IfcFlowSegment.dat
2330600=IfcFlowSegment.dat
2368581=IfcFlowSegment.dat
2646071=IfcFlowSegment.dat
2691429=IfcFlowSegment.dat
2711772=IfcFlowSegment.dat
2731904=IfcFlowSegment.dat
2734340=IfcFlowSegment.dat
2740656=IfcFlowSegment.dat
2754010=IfcFlowSegment.dat
2770390=IfcFlowSegment.dat
2770619=IfcFlowSegment.dat
2771089=IfcFlowSegment.dat
2771184=IfcFlowSegment.dat
2771571=IfcFlowSegment.dat
2772331=IfcFlowSegment.dat
2772871=IfcFlowSegment.dat
2773056=IfcFlowSegment.dat
2773153=IfcFlowSegment.dat
2773249=IfcFlowSegment.dat
2773344=IfcFlowSegment.dat
2773441=IfcFlowSegment.dat
2774717=IfcFlowSegment.dat
2775788=IfcFlowSegment.dat
2776517=IfcFlowSegment.dat
278107=IfcFlowSegment.dat
2865815=IfcFlowSegment.dat
2866105=IfcFlowSegment.dat
2866201=IfcFlowSegment.dat
2872382=IfcFlowSegment.dat
2874449=IfcFlowSegment.dat
2881665=IfcFlowSegment.dat
2931013=IfcFlowSegment.dat
2931080=IfcFlowSegment.dat
2931147=IfcFlowSegment.dat
2931216=IfcFlowSegment.dat
2931285=IfcFlowSegment.dat
2931794=IfcFlowSegment.dat
2931861=IfcFlowSegment.dat
2931928=IfcFlowSegment.dat
2931997=IfcFlowSegment.dat
2932066=IfcFlowSegment.dat
2932562=IfcFlowSegment.dat
2932629=IfcFlowSegment.dat
2932696=IfcFlowSegment.dat
2932765=IfcFlowSegment.dat
2932834=IfcFlowSegment.dat
2933181=IfcFlowSegment.dat
2933248=IfcFlowSegment.dat
2933317=IfcFlowSegment.dat
2933386=IfcFlowSegment.dat
2933733=IfcFlowSegment.dat
2933800=IfcFlowSegment.dat
2933867=IfcFlowSegment.dat
2933936=IfcFlowSegment.dat
2934005=IfcFlowSegment.dat
2934352=IfcFlowSegment.dat
2934419=IfcFlowSegment.dat
2934486=IfcFlowSegment.dat
2934555=IfcFlowSegment.dat
2934624=IfcFlowSegment.dat
2934976=IfcFlowSegment.dat
2968981=IfcFlowSegment.dat
2969075=IfcFlowSegment.dat
2969169=IfcFlowSegment.dat
2969259=IfcFlowSegment.dat
2969349=IfcFlowSegment.dat
2969763=IfcFlowSegment.dat
2969857=IfcFlowSegment.dat
2969951=IfcFlowSegment.dat
2970041=IfcFlowSegment.dat
2970131=IfcFlowSegment.dat
2970545=IfcFlowSegment.dat
2970639=IfcFlowSegment.dat
2970733=IfcFlowSegment.dat
2970823=IfcFlowSegment.dat
2970913=IfcFlowSegment.dat
2971327=IfcFlowSegment.dat
2971421=IfcFlowSegment.dat
2971515=IfcFlowSegment.dat
2971605=IfcFlowSegment.dat
2971695=IfcFlowSegment.dat
2974211=IfcFlowSegment.dat
2974305=IfcFlowSegment.dat
2974399=IfcFlowSegment.dat
2974489=IfcFlowSegment.dat
2974579=IfcFlowSegment.dat
2987123=IfcFlowSegment.dat
299358=IfcFlowSegment.dat
2996698=IfcFlowSegment.dat
3011066=IfcFlowSegment.dat
3024200=IfcFlowSegment.dat
303484=IfcFlowSegment.dat
308229=IfcFlowSegment.dat
309710=IfcFlowSegment.dat
313857=IfcFlowSegment.dat
315568=IfcFlowSegment.dat
336793=IfcFlowSegment.dat
373602=IfcFlowSegment.dat
378504=IfcFlowSegment.dat
462759=IfcFlowSegment.dat
468267=IfcFlowSegment.dat
483428=IfcFlowSegment.dat
495540=IfcFlowSegment.dat
495626=IfcFlowSegment.dat
495714=IfcFlowSegment.dat
495882=IfcFlowSegment.dat
496049=IfcFlowSegment.dat
498160=IfcFlowSegment.dat
498244=IfcFlowSegment.dat
498492=IfcFlowSegment.dat
498659=IfcFlowSegment.dat
498826=IfcFlowSegment.dat
498993=IfcFlowSegment.dat
499081=IfcFlowSegment.dat
499165=IfcFlowSegment.dat
499413=IfcFlowSegment.dat
499669=IfcFlowSegment.dat
502477=IfcFlowSegment.dat
502565=IfcFlowSegment.dat
502653=IfcFlowSegment.dat
504536=IfcFlowSegment.dat
506545=IfcFlowSegment.dat
508768=IfcFlowSegment.dat
508856=IfcFlowSegment.dat
508944=IfcFlowSegment.dat
510827=IfcFlowSegment.dat
510912=IfcFlowSegment.dat
511000=IfcFlowSegment.dat
511167=IfcFlowSegment.dat
511254=IfcFlowSegment.dat
511420=IfcFlowSegment.dat
513530=IfcFlowSegment.dat
513617=IfcFlowSegment.dat
513705=IfcFlowSegment.dat
517791=IfcFlowSegment.dat
518036=IfcFlowSegment.dat
518124=IfcFlowSegment.dat
518965=IfcFlowSegment.dat
519134=IfcFlowSegment.dat
519222=IfcFlowSegment.dat
520457=IfcFlowSegment.dat
521644=IfcFlowSegment.dat
521811=IfcFlowSegment.dat
521978=IfcFlowSegment.dat
522145=IfcFlowSegment.dat
522312=IfcFlowSegment.dat
524552=IfcFlowSegment.dat
524636=IfcFlowSegment.dat
524720=IfcFlowSegment.dat
524808=IfcFlowSegment.dat
524896=IfcFlowSegment.dat
526203=IfcFlowSegment.dat
527510=IfcFlowSegment.dat
527594=IfcFlowSegment.dat
527842=IfcFlowSegment.dat
529841=IfcFlowSegment.dat
529929=IfcFlowSegment.dat
530096=IfcFlowSegment.dat
530184=IfcFlowSegment.dat
530272=IfcFlowSegment.dat
530439=IfcFlowSegment.dat
530607=IfcFlowSegment.dat
530699=IfcFlowSegment.dat
530872=IfcFlowSegment.dat
531045=IfcFlowSegment.dat
533250=IfcFlowSegment.dat
535455=IfcFlowSegment.dat
535707=IfcFlowSegment.dat
535797=IfcFlowSegment.dat
535968=IfcFlowSegment.dat
536060=IfcFlowSegment.dat
536233=IfcFlowSegment.dat
538434=IfcFlowSegment.dat
538609=IfcFlowSegment.dat
538782=IfcFlowSegment.dat
539115=IfcFlowSegment.dat
540634=IfcFlowSegment.dat
540728=IfcFlowSegment.dat
540980=IfcFlowSegment.dat
541074=IfcFlowSegment.dat
541243=IfcFlowSegment.dat
541417=IfcFlowSegment.dat
541753=IfcFlowSegment.dat
541926=IfcFlowSegment.dat
542099=IfcFlowSegment.dat
5425=IfcFlowSegment.dat
543081=IfcFlowSegment.dat
543171=IfcFlowSegment.dat
543345=IfcFlowSegment.dat
543766=IfcFlowSegment.dat
543860=IfcFlowSegment.dat
545967=IfcFlowSegment.dat
5495=IfcFlowSegment.dat
550897=IfcFlowSegment.dat
550986=IfcFlowSegment.dat
551071=IfcFlowSegment.dat
551155=IfcFlowSegment.dat
552402=IfcFlowSegment.dat
554606=IfcFlowSegment.dat
554691=IfcFlowSegment.dat
555228=IfcFlowSegment.dat
555395=IfcFlowSegment.dat
555891=IfcFlowSegment.dat
555976=IfcFlowSegment.dat
556060=IfcFlowSegment.dat
556144=IfcFlowSegment.dat
556228=IfcFlowSegment.dat
556312=IfcFlowSegment.dat
556396=IfcFlowSegment.dat
556484=IfcFlowSegment.dat
561253=IfcFlowSegment.dat
561337=IfcFlowSegment.dat
561504=IfcFlowSegment.dat
561594=IfcFlowSegment.dat
561684=IfcFlowSegment.dat
561774=IfcFlowSegment.dat
561865=IfcFlowSegment.dat
561953=IfcFlowSegment.dat
562120=IfcFlowSegment.dat
562287=IfcFlowSegment.dat
562536=IfcFlowSegment.dat
562630=IfcFlowSegment.dat
562724=IfcFlowSegment.dat
562976=IfcFlowSegment.dat
563146=IfcFlowSegment.dat
563313=IfcFlowSegment.dat
565424=IfcFlowSegment.dat
565512=IfcFlowSegment.dat
565679=IfcFlowSegment.dat
565846=IfcFlowSegment.dat
566013=IfcFlowSegment.dat
567992=IfcFlowSegment.dat
568080=IfcFlowSegment.dat
568168=IfcFlowSegment.dat
570279=IfcFlowSegment.dat
570367=IfcFlowSegment.dat
570706=IfcFlowSegment.dat
570967=IfcFlowSegment.dat
573162=IfcFlowSegment.dat
576257=IfcFlowSegment.dat
576345=IfcFlowSegment.dat
5793=IfcFlowSegment.dat
581128=IfcFlowSegment.dat
581216=IfcFlowSegment.dat
581300=IfcFlowSegment.dat
581548=IfcFlowSegment.dat
583828=IfcFlowSegment.dat
5860=IfcFlowSegment.dat
588611=IfcFlowSegment.dat
588699=IfcFlowSegment.dat
588783=IfcFlowSegment.dat
589116=IfcFlowSegment.dat
589283=IfcFlowSegment.dat
589534=IfcFlowSegment.dat
589622=IfcFlowSegment.dat
589795=IfcFlowSegment.dat
589879=IfcFlowSegment.dat
590127=IfcFlowSegment.dat
592407=IfcFlowSegment.dat
592579=IfcFlowSegment.dat
592667=IfcFlowSegment.dat
5928=IfcFlowSegment.dat
594985=IfcFlowSegment.dat
595158=IfcFlowSegment.dat
597401=IfcFlowSegment.dat
597489=IfcFlowSegment.dat
5995=IfcFlowSegment.dat
602311=IfcFlowSegment.dat
602399=IfcFlowSegment.dat
602480=IfcFlowSegment.dat
602727=IfcFlowSegment.dat
602812=IfcFlowSegment.dat
605088=IfcFlowSegment.dat
605255=IfcFlowSegment.dat
6069=IfcFlowSegment.dat
607366=IfcFlowSegment.dat
607454=IfcFlowSegment.dat
607621=IfcFlowSegment.dat
607788=IfcFlowSegment.dat
608034=IfcFlowSegment.dat
608201=IfcFlowSegment.dat
608368=IfcFlowSegment.dat
608614=IfcFlowSegment.dat
608702=IfcFlowSegment.dat
608786=IfcFlowSegment.dat
609034=IfcFlowSegment.dat
609201=IfcFlowSegment.dat
614303=IfcFlowSegment.dat
614391=IfcFlowSegment.dat
6143=IfcFlowSegment.dat
617401=IfcFlowSegment.dat
618030=IfcFlowSegment.dat
618118=IfcFlowSegment.dat
6210=IfcFlowSegment.dat
622966=IfcFlowSegment.dat
623140=IfcFlowSegment.dat
623228=IfcFlowSegment.dat
623316=IfcFlowSegment.dat
6277=IfcFlowSegment.dat
628267=IfcFlowSegment.dat
628355=IfcFlowSegment.dat
628527=IfcFlowSegment.dat
628615=IfcFlowSegment.dat
628782=IfcFlowSegment.dat
631054=IfcFlowSegment.dat
631226=IfcFlowSegment.dat
633532=IfcFlowSegment.dat
633620=IfcFlowSegment.dat
6344=IfcFlowSegment.dat
638488=IfcFlowSegment.dat
638576=IfcFlowSegment.dat
638828=IfcFlowSegment.dat
639003=IfcFlowSegment.dat
639868=IfcFlowSegment.dat
639956=IfcFlowSegment.dat
6411=IfcFlowSegment.dat
642236=IfcFlowSegment.dat
642325=IfcFlowSegment.dat
647847=IfcFlowSegment.dat
6478=IfcFlowSegment.dat
647935=IfcFlowSegment.dat
652672=IfcFlowSegment.dat
652760=IfcFlowSegment.dat
657693=IfcFlowSegment.dat
657781=IfcFlowSegment.dat
657869=IfcFlowSegment.dat
659064=IfcFlowSegment.dat
659155=IfcFlowSegment.dat
661360=IfcFlowSegment.dat
661534=IfcFlowSegment.dat
661707=IfcFlowSegment.dat
661801=IfcFlowSegment.dat
6621=IfcFlowSegment.dat
663991=IfcFlowSegment.dat
665506=IfcFlowSegment.dat
665764=IfcFlowSegment.dat
666095=IfcFlowSegment.dat
666189=IfcFlowSegment.dat
666276=IfcFlowSegment.dat
666529=IfcFlowSegment.dat
668812=IfcFlowSegment.dat
668906=IfcFlowSegment.dat
669967=IfcFlowSegment.dat
670061=IfcFlowSegment.dat
670230=IfcFlowSegment.dat
670399=IfcFlowSegment.dat
670489=IfcFlowSegment.dat
670821=IfcFlowSegment.dat
671152=IfcFlowSegment.dat
673342=IfcFlowSegment.dat
673975=IfcFlowSegment.dat
674147=IfcFlowSegment.dat
674326=IfcFlowSegment.dat
674499=IfcFlowSegment.dat
674672=IfcFlowSegment.dat
674845=IfcFlowSegment.dat
674939=IfcFlowSegment.dat
675033=IfcFlowSegment.dat
680237=IfcFlowSegment.dat
680331=IfcFlowSegment.dat
681392=IfcFlowSegment.dat
681486=IfcFlowSegment.dat
682468=IfcFlowSegment.dat
687039=IfcFlowSegment.dat
689239=IfcFlowSegment.dat
689329=IfcFlowSegment.dat
691311=IfcFlowSegment.dat
693425=IfcFlowSegment.dat
695539=IfcFlowSegment.dat
697949=IfcFlowSegment.dat
1625701=IfcFlowTerminal.dat
1639398=IfcFlowTerminal.dat
1847689=IfcFlowTerminal.dat
1847759=IfcFlowTerminal.dat
1847829=IfcFlowTerminal.dat
1847899=IfcFlowTerminal.dat
1849206=IfcFlowTerminal.dat
1849276=IfcFlowTerminal.dat
1849346=IfcFlowTerminal.dat
1849416=IfcFlowTerminal.dat
1854697=IfcFlowTerminal.dat
1854767=IfcFlowTerminal.dat
1854837=IfcFlowTerminal.dat
1854907=IfcFlowTerminal.dat
1856221=IfcFlowTerminal.dat
1856291=IfcFlowTerminal.dat
1856361=IfcFlowTerminal.dat
1856431=IfcFlowTerminal.dat
1858139=IfcFlowTerminal.dat
1858209=IfcFlowTerminal.dat
1858279=IfcFlowTerminal.dat
1858349=IfcFlowTerminal.dat
1859849=IfcFlowTerminal.dat
1859919=IfcFlowTerminal.dat
1859989=IfcFlowTerminal.dat
1860059=IfcFlowTerminal.dat
1861652=IfcFlowTerminal.dat
1861722=IfcFlowTerminal.dat
1861792=IfcFlowTerminal.dat
1861862=IfcFlowTerminal.dat
1863454=IfcFlowTerminal.dat
1863524=IfcFlowTerminal.dat
1864351=IfcFlowTerminal.dat
1864421=IfcFlowTerminal.dat
1874181=IfcFlowTerminal.dat
1874251=IfcFlowTerminal.dat
1874321=IfcFlowTerminal.dat
1885638=IfcFlowTerminal.dat
1885708=IfcFlowTerminal.dat
1766556=IfcFooting.dat
1766559=IfcFooting.dat
1766562=IfcFooting.dat
1766565=IfcFooting.dat
1804973=IfcMember.dat
2234831=IfcMember.dat
2234866=IfcMember.dat
2240945=IfcMember.dat
2240980=IfcMember.dat
2241911=IfcMember.dat
2241944=IfcMember.dat
2242741=IfcMember.dat
2242774=IfcMember.dat
2243425=IfcMember.dat
2243458=IfcMember.dat
2306153=IfcMember.dat
2306186=IfcMember.dat
2306693=IfcMember.dat
2306726=IfcMember.dat
790022=IfcMember.dat
790213=IfcMember.dat
797069=IfcMember.dat
797260=IfcMember.dat
804180=IfcMember.dat
804371=IfcMember.dat
811323=IfcMember.dat
811514=IfcMember.dat
821093=IfcMember.dat
821126=IfcMember.dat
821157=IfcMember.dat
88372=IfcMember.dat
88407=IfcMember.dat
88440=IfcMember.dat
88462=IfcMember.dat
2413741=IfcRailing.dat
2491578=IfcRailing.dat
2496508=IfcRailing.dat
2501438=IfcRailing.dat
2506368=IfcRailing.dat
2511402=IfcRailing.dat
2516436=IfcRailing.dat
2521470=IfcRailing.dat
2526504=IfcRailing.dat
2532421=IfcRailing.dat
2537172=IfcRailing.dat
2234796=IfcStairFlight.dat
2240910=IfcStairFlight.dat
2241878=IfcStairFlight.dat
2242708=IfcStairFlight.dat
2243392=IfcStairFlight.dat
2306120=IfcStairFlight.dat
2306660=IfcStairFlight.dat
786047=IfcStairFlight.dat
788621=IfcStairFlight.dat
789567=IfcStairFlight.dat
793094=IfcStairFlight.dat
795668=IfcStairFlight.dat
796614=IfcStairFlight.dat
800109=IfcStairFlight.dat
802683=IfcStairFlight.dat
803725=IfcStairFlight.dat
807252=IfcStairFlight.dat
809826=IfcStairFlight.dat
810868=IfcStairFlight.dat
819599=IfcStairFlight.dat
820611=IfcStairFlight.dat
86920=IfcStairFlight.dat
87877=IfcStairFlight.dat
