1221261=IfcBuildingElementProxy.dat
1257786=IfcBuildingElementProxy.dat
127963=IfcBuildingElementProxy.dat
1515415=IfcBuildingElementProxy.dat
1515931=IfcBuildingElementProxy.dat
1798309=IfcBuildingElementProxy.dat
1798406=IfcBuildingElementProxy.dat
1798449=IfcBuildingElementProxy.dat
1798492=IfcBuildingElementProxy.dat
1798535=IfcBuildingElementProxy.dat
1798578=IfcBuildingElementProxy.dat
1798621=IfcBuildingElementProxy.dat
1798664=IfcBuildingElementProxy.dat
1798707=IfcBuildingElementProxy.dat
1798750=IfcBuildingElementProxy.dat
1798793=IfcBuildingElementProxy.dat
1798836=IfcBuildingElementProxy.dat
1798879=IfcBuildingElementProxy.dat
1798922=IfcBuildingElementProxy.dat
1798965=IfcBuildingElementProxy.dat
1799008=IfcBuildingElementProxy.dat
1799051=IfcBuildingElementProxy.dat
1799094=IfcBuildingElementProxy.dat
1799137=IfcBuildingElementProxy.dat
1799180=IfcBuildingElementProxy.dat
1799225=IfcBuildingElementProxy.dat
1799270=IfcBuildingElementProxy.dat
1799315=IfcBuildingElementProxy.dat
1799360=IfcBuildingElementProxy.dat
1799405=IfcBuildingElementProxy.dat
1799450=IfcBuildingElementProxy.dat
1799495=IfcBuildingElementProxy.dat
1799540=IfcBuildingElementProxy.dat
1799585=IfcBuildingElementProxy.dat
1799630=IfcBuildingElementProxy.dat
1799675=IfcBuildingElementProxy.dat
1799720=IfcBuildingElementProxy.dat
1799765=IfcBuildingElementProxy.dat
1799810=IfcBuildingElementProxy.dat
1799855=IfcBuildingElementProxy.dat
1799900=IfcBuildingElementProxy.dat
1805529=IfcBuildingElementProxy.dat
1805586=IfcBuildingElementProxy.dat
1805629=IfcBuildingElementProxy.dat
1805672=IfcBuildingElementProxy.dat
1805715=IfcBuildingElementProxy.dat
1805758=IfcBuildingElementProxy.dat
1805803=IfcBuildingElementProxy.dat
1805848=IfcBuildingElementProxy.dat
1805893=IfcBuildingElementProxy.dat
1805938=IfcBuildingElementProxy.dat
1805983=IfcBuildingElementProxy.dat
1806028=IfcBuildingElementProxy.dat
1806073=IfcBuildingElementProxy.dat
1806118=IfcBuildingElementProxy.dat
1806163=IfcBuildingElementProxy.dat
1806208=IfcBuildingElementProxy.dat
1806253=IfcBuildingElementProxy.dat
1806298=IfcBuildingElementProxy.dat
1806343=IfcBuildingElementProxy.dat
1806388=IfcBuildingElementProxy.dat
1806431=IfcBuildingElementProxy.dat
1806474=IfcBuildingElementProxy.dat
1806517=IfcBuildingElementProxy.dat
1806560=IfcBuildingElementProxy.dat
1806603=IfcBuildingElementProxy.dat
1806646=IfcBuildingElementProxy.dat
1806689=IfcBuildingElementProxy.dat
1806732=IfcBuildingElementProxy.dat
1806775=IfcBuildingElementProxy.dat
1806818=IfcBuildingElementProxy.dat
1806861=IfcBuildingElementProxy.dat
1806904=IfcBuildingElementProxy.dat
1806947=IfcBuildingElementProxy.dat
1806992=IfcBuildingElementProxy.dat
1807037=IfcBuildingElementProxy.dat
1807080=IfcBuildingElementProxy.dat
1807123=IfcBuildingElementProxy.dat
1807166=IfcBuildingElementProxy.dat
1807209=IfcBuildingElementProxy.dat
1807252=IfcBuildingElementProxy.dat
1807295=IfcBuildingElementProxy.dat
1807338=IfcBuildingElementProxy.dat
1807381=IfcBuildingElementProxy.dat
1807424=IfcBuildingElementProxy.dat
1807467=IfcBuildingElementProxy.dat
1807510=IfcBuildingElementProxy.dat
1807553=IfcBuildingElementProxy.dat
1807596=IfcBuildingElementProxy.dat
1807639=IfcBuildingElementProxy.dat
1807682=IfcBuildingElementProxy.dat
1807725=IfcBuildingElementProxy.dat
1807768=IfcBuildingElementProxy.dat
1807811=IfcBuildingElementProxy.dat
1807854=IfcBuildingElementProxy.dat
1807897=IfcBuildingElementProxy.dat
1807940=IfcBuildingElementProxy.dat
1807983=IfcBuildingElementProxy.dat
1808026=IfcBuildingElementProxy.dat
1808069=IfcBuildingElementProxy.dat
1808112=IfcBuildingElementProxy.dat
1808155=IfcBuildingElementProxy.dat
1808198=IfcBuildingElementProxy.dat
1808241=IfcBuildingElementProxy.dat
1808284=IfcBuildingElementProxy.dat
1808327=IfcBuildingElementProxy.dat
1808370=IfcBuildingElementProxy.dat
1808413=IfcBuildingElementProxy.dat
1808456=IfcBuildingElementProxy.dat
1808499=IfcBuildingElementProxy.dat
1808542=IfcBuildingElementProxy.dat
1808585=IfcBuildingElementProxy.dat
1808628=IfcBuildingElementProxy.dat
1808671=IfcBuildingElementProxy.dat
1808714=IfcBuildingElementProxy.dat
1808757=IfcBuildingElementProxy.dat
1808800=IfcBuildingElementProxy.dat
1808843=IfcBuildingElementProxy.dat
1808886=IfcBuildingElementProxy.dat
1808929=IfcBuildingElementProxy.dat
1808972=IfcBuildingElementProxy.dat
1809015=IfcBuildingElementProxy.dat
1809058=IfcBuildingElementProxy.dat
1809101=IfcBuildingElementProxy.dat
1809144=IfcBuildingElementProxy.dat
1809187=IfcBuildingElementProxy.dat
1809230=IfcBuildingElementProxy.dat
1809273=IfcBuildingElementProxy.dat
1809316=IfcBuildingElementProxy.dat
1809359=IfcBuildingElementProxy.dat
1809402=IfcBuildingElementProxy.dat
1809445=IfcBuildingElementProxy.dat
1809488=IfcBuildingElementProxy.dat
1809531=IfcBuildingElementProxy.dat
1809574=IfcBuildingElementProxy.dat
1809617=IfcBuildingElementProxy.dat
1809660=IfcBuildingElementProxy.dat
1809703=IfcBuildingElementProxy.dat
1809746=IfcBuildingElementProxy.dat
1809789=IfcBuildingElementProxy.dat
1809832=IfcBuildingElementProxy.dat
1809875=IfcBuildingElementProxy.dat
1809918=IfcBuildingElementProxy.dat
1809961=IfcBuildingElementProxy.dat
1810004=IfcBuildingElementProxy.dat
1810047=IfcBuildingElementProxy.dat
1810090=IfcBuildingElementProxy.dat
1810133=IfcBuildingElementProxy.dat
1810176=IfcBuildingElementProxy.dat
1810219=IfcBuildingElementProxy.dat
1810262=IfcBuildingElementProxy.dat
1810305=IfcBuildingElementProxy.dat
1810348=IfcBuildingElementProxy.dat
1810391=IfcBuildingElementProxy.dat
1810434=IfcBuildingElementProxy.dat
1810477=IfcBuildingElementProxy.dat
1810520=IfcBuildingElementProxy.dat
1810563=IfcBuildingElementProxy.dat
1810606=IfcBuildingElementProxy.dat
1810649=IfcBuildingElementProxy.dat
1810692=IfcBuildingElementProxy.dat
1810735=IfcBuildingElementProxy.dat
1852616=IfcBuildingElementProxy.dat
1852824=IfcBuildingElementProxy.dat
1853007=IfcBuildingElementProxy.dat
1853188=IfcBuildingElementProxy.dat
1854785=IfcBuildingElementProxy.dat
1856395=IfcBuildingElementProxy.dat
1857994=IfcBuildingElementProxy.dat
1859593=IfcBuildingElementProxy.dat
1860011=IfcBuildingElementProxy.dat
1860195=IfcBuildingElementProxy.dat
1878528=IfcBuildingElementProxy.dat
192218=IfcBuildingElementProxy.dat
1937243=IfcBuildingElementProxy.dat
1937424=IfcBuildingElementProxy.dat
1937663=IfcBuildingElementProxy.dat
1937908=IfcBuildingElementProxy.dat
1938124=IfcBuildingElementProxy.dat
1938367=IfcBuildingElementProxy.dat
1939971=IfcBuildingElementProxy.dat
1940154=IfcBuildingElementProxy.dat
1940699=IfcBuildingElementProxy.dat
1947019=IfcBuildingElementProxy.dat
1947447=IfcBuildingElementProxy.dat
1947632=IfcBuildingElementProxy.dat
1947817=IfcBuildingElementProxy.dat
1948058=IfcBuildingElementProxy.dat
1948149=IfcBuildingElementProxy.dat
1948335=IfcBuildingElementProxy.dat
1948706=IfcBuildingElementProxy.dat
1948891=IfcBuildingElementProxy.dat
1949132=IfcBuildingElementProxy.dat
1950736=IfcBuildingElementProxy.dat
1950975=IfcBuildingElementProxy.dat
1952576=IfcBuildingElementProxy.dat
1952813=IfcBuildingElementProxy.dat
1953053=IfcBuildingElementProxy.dat
1953293=IfcBuildingElementProxy.dat
1953479=IfcBuildingElementProxy.dat
1955078=IfcBuildingElementProxy.dat
1955659=IfcBuildingElementProxy.dat
1955969=IfcBuildingElementProxy.dat
1957572=IfcBuildingElementProxy.dat
1957754=IfcBuildingElementProxy.dat
1957939=IfcBuildingElementProxy.dat
1958278=IfcBuildingElementProxy.dat
197088=IfcBuildingElementProxy.dat
207093=IfcBuildingElementProxy.dat
2161346=IfcBuildingElementProxy.dat
237308=IfcBuildingElementProxy.dat
239321=IfcBuildingElementProxy.dat
239388=IfcBuildingElementProxy.dat
239443=IfcBuildingElementProxy.dat
239499=IfcBuildingElementProxy.dat
239554=IfcBuildingElementProxy.dat
239609=IfcBuildingElementProxy.dat
239664=IfcBuildingElementProxy.dat
239719=IfcBuildingElementProxy.dat
239774=IfcBuildingElementProxy.dat
239829=IfcBuildingElementProxy.dat
239884=IfcBuildingElementProxy.dat
239939=IfcBuildingElementProxy.dat
239994=IfcBuildingElementProxy.dat
240049=IfcBuildingElementProxy.dat
240104=IfcBuildingElementProxy.dat
240159=IfcBuildingElementProxy.dat
240214=IfcBuildingElementProxy.dat
240269=IfcBuildingElementProxy.dat
240324=IfcBuildingElementProxy.dat
240379=IfcBuildingElementProxy.dat
240434=IfcBuildingElementProxy.dat
240489=IfcBuildingElementProxy.dat
240532=IfcBuildingElementProxy.dat
240597=IfcBuildingElementProxy.dat
240652=IfcBuildingElementProxy.dat
240707=IfcBuildingElementProxy.dat
240762=IfcBuildingElementProxy.dat
240817=IfcBuildingElementProxy.dat
240872=IfcBuildingElementProxy.dat
240927=IfcBuildingElementProxy.dat
240982=IfcBuildingElementProxy.dat
241037=IfcBuildingElementProxy.dat
241092=IfcBuildingElementProxy.dat
241147=IfcBuildingElementProxy.dat
241212=IfcBuildingElementProxy.dat
241267=IfcBuildingElementProxy.dat
241322=IfcBuildingElementProxy.dat
241377=IfcBuildingElementProxy.dat
241432=IfcBuildingElementProxy.dat
241487=IfcBuildingElementProxy.dat
241542=IfcBuildingElementProxy.dat
241597=IfcBuildingElementProxy.dat
241652=IfcBuildingElementProxy.dat
2442732=IfcBuildingElementProxy.dat
2451584=IfcBuildingElementProxy.dat
2514794=IfcBuildingElementProxy.dat
2525628=IfcBuildingElementProxy.dat
2533229=IfcBuildingElementProxy.dat
2614525=IfcBuildingElementProxy.dat
269989=IfcBuildingElementProxy.dat
2716744=IfcBuildingElementProxy.dat
2716868=IfcBuildingElementProxy.dat
2747527=IfcBuildingElementProxy.dat
2750253=IfcBuildingElementProxy.dat
283406=IfcBuildingElementProxy.dat
283497=IfcBuildingElementProxy.dat
288242=IfcBuildingElementProxy.dat
2900334=IfcBuildingElementProxy.dat
2900390=IfcBuildingElementProxy.dat
2900446=IfcBuildingElementProxy.dat
2900502=IfcBuildingElementProxy.dat
292044=IfcBuildingElementProxy.dat
292085=IfcBuildingElementProxy.dat
292126=IfcBuildingElementProxy.dat
292167=IfcBuildingElementProxy.dat
292208=IfcBuildingElementProxy.dat
292249=IfcBuildingElementProxy.dat
292290=IfcBuildingElementProxy.dat
292331=IfcBuildingElementProxy.dat
292372=IfcBuildingElementProxy.dat
292413=IfcBuildingElementProxy.dat
292454=IfcBuildingElementProxy.dat
292495=IfcBuildingElementProxy.dat
292536=IfcBuildingElementProxy.dat
292577=IfcBuildingElementProxy.dat
292618=IfcBuildingElementProxy.dat
292659=IfcBuildingElementProxy.dat
292700=IfcBuildingElementProxy.dat
292741=IfcBuildingElementProxy.dat
292782=IfcBuildingElementProxy.dat
292823=IfcBuildingElementProxy.dat
292864=IfcBuildingElementProxy.dat
292905=IfcBuildingElementProxy.dat
292946=IfcBuildingElementProxy.dat
292987=IfcBuildingElementProxy.dat
293028=IfcBuildingElementProxy.dat
293069=IfcBuildingElementProxy.dat
293110=IfcBuildingElementProxy.dat
293151=IfcBuildingElementProxy.dat
293192=IfcBuildingElementProxy.dat
293233=IfcBuildingElementProxy.dat
293274=IfcBuildingElementProxy.dat
293315=IfcBuildingElementProxy.dat
293356=IfcBuildingElementProxy.dat
293397=IfcBuildingElementProxy.dat
293438=IfcBuildingElementProxy.dat
293479=IfcBuildingElementProxy.dat
293520=IfcBuildingElementProxy.dat
293561=IfcBuildingElementProxy.dat
362500=IfcBuildingElementProxy.dat
418428=IfcBuildingElementProxy.dat
418611=IfcBuildingElementProxy.dat
418793=IfcBuildingElementProxy.dat
418975=IfcBuildingElementProxy.dat
419136=IfcBuildingElementProxy.dat
419297=IfcBuildingElementProxy.dat
419458=IfcBuildingElementProxy.dat
419619=IfcBuildingElementProxy.dat
419780=IfcBuildingElementProxy.dat
419830=IfcBuildingElementProxy.dat
419991=IfcBuildingElementProxy.dat
420041=IfcBuildingElementProxy.dat
420202=IfcBuildingElementProxy.dat
420363=IfcBuildingElementProxy.dat
420499=IfcBuildingElementProxy.dat
420761=IfcBuildingElementProxy.dat
421974=IfcBuildingElementProxy.dat
422015=IfcBuildingElementProxy.dat
422055=IfcBuildingElementProxy.dat
422095=IfcBuildingElementProxy.dat
422224=IfcBuildingElementProxy.dat
422265=IfcBuildingElementProxy.dat
422365=IfcBuildingElementProxy.dat
422463=IfcBuildingElementProxy.dat
422576=IfcBuildingElementProxy.dat
422689=IfcBuildingElementProxy.dat
422750=IfcBuildingElementProxy.dat
422791=IfcBuildingElementProxy.dat
422832=IfcBuildingElementProxy.dat
422873=IfcBuildingElementProxy.dat
422914=IfcBuildingElementProxy.dat
422955=IfcBuildingElementProxy.dat
422996=IfcBuildingElementProxy.dat
423037=IfcBuildingElementProxy.dat
424078=IfcBuildingElementProxy.dat
424137=IfcBuildingElementProxy.dat
424179=IfcBuildingElementProxy.dat
424221=IfcBuildingElementProxy.dat
424263=IfcBuildingElementProxy.dat
424305=IfcBuildingElementProxy.dat
424347=IfcBuildingElementProxy.dat
424389=IfcBuildingElementProxy.dat
424431=IfcBuildingElementProxy.dat
424473=IfcBuildingElementProxy.dat
424515=IfcBuildingElementProxy.dat
424557=IfcBuildingElementProxy.dat
424599=IfcBuildingElementProxy.dat
424641=IfcBuildingElementProxy.dat
424683=IfcBuildingElementProxy.dat
424725=IfcBuildingElementProxy.dat
424767=IfcBuildingElementProxy.dat
424809=IfcBuildingElementProxy.dat
424851=IfcBuildingElementProxy.dat
424893=IfcBuildingElementProxy.dat
424935=IfcBuildingElementProxy.dat
42493=IfcBuildingElementProxy.dat
424977=IfcBuildingElementProxy.dat
425019=IfcBuildingElementProxy.dat
425061=IfcBuildingElementProxy.dat
425103=IfcBuildingElementProxy.dat
425145=IfcBuildingElementProxy.dat
425187=IfcBuildingElementProxy.dat
425229=IfcBuildingElementProxy.dat
425271=IfcBuildingElementProxy.dat
425313=IfcBuildingElementProxy.dat
425355=IfcBuildingElementProxy.dat
425397=IfcBuildingElementProxy.dat
425439=IfcBuildingElementProxy.dat
425481=IfcBuildingElementProxy.dat
425523=IfcBuildingElementProxy.dat
42553=IfcBuildingElementProxy.dat
425565=IfcBuildingElementProxy.dat
425607=IfcBuildingElementProxy.dat
425649=IfcBuildingElementProxy.dat
42595=IfcBuildingElementProxy.dat
426173=IfcBuildingElementProxy.dat
426231=IfcBuildingElementProxy.dat
426273=IfcBuildingElementProxy.dat
426315=IfcBuildingElementProxy.dat
426357=IfcBuildingElementProxy.dat
42637=IfcBuildingElementProxy.dat
426399=IfcBuildingElementProxy.dat
426441=IfcBuildingElementProxy.dat
426483=IfcBuildingElementProxy.dat
426528=IfcBuildingElementProxy.dat
426578=IfcBuildingElementProxy.dat
426628=IfcBuildingElementProxy.dat
426678=IfcBuildingElementProxy.dat
426728=IfcBuildingElementProxy.dat
42679=IfcBuildingElementProxy.dat
42721=IfcBuildingElementProxy.dat
42763=IfcBuildingElementProxy.dat
42805=IfcBuildingElementProxy.dat
42847=IfcBuildingElementProxy.dat
42889=IfcBuildingElementProxy.dat
42931=IfcBuildingElementProxy.dat
42973=IfcBuildingElementProxy.dat
43015=IfcBuildingElementProxy.dat
43057=IfcBuildingElementProxy.dat
43099=IfcBuildingElementProxy.dat
43141=IfcBuildingElementProxy.dat
43183=IfcBuildingElementProxy.dat
43225=IfcBuildingElementProxy.dat
43267=IfcBuildingElementProxy.dat
43309=IfcBuildingElementProxy.dat
43351=IfcBuildingElementProxy.dat
43393=IfcBuildingElementProxy.dat
43435=IfcBuildingElementProxy.dat
43477=IfcBuildingElementProxy.dat
43519=IfcBuildingElementProxy.dat
43561=IfcBuildingElementProxy.dat
43603=IfcBuildingElementProxy.dat
43645=IfcBuildingElementProxy.dat
43687=IfcBuildingElementProxy.dat
43729=IfcBuildingElementProxy.dat
43771=IfcBuildingElementProxy.dat
43813=IfcBuildingElementProxy.dat
43939=IfcBuildingElementProxy.dat
43981=IfcBuildingElementProxy.dat
44023=IfcBuildingElementProxy.dat
44065=IfcBuildingElementProxy.dat
44107=IfcBuildingElementProxy.dat
44149=IfcBuildingElementProxy.dat
44191=IfcBuildingElementProxy.dat
44233=IfcBuildingElementProxy.dat
44275=IfcBuildingElementProxy.dat
44317=IfcBuildingElementProxy.dat
44359=IfcBuildingElementProxy.dat
44401=IfcBuildingElementProxy.dat
44443=IfcBuildingElementProxy.dat
44485=IfcBuildingElementProxy.dat
44527=IfcBuildingElementProxy.dat
44569=IfcBuildingElementProxy.dat
44611=IfcBuildingElementProxy.dat
44653=IfcBuildingElementProxy.dat
44695=IfcBuildingElementProxy.dat
44737=IfcBuildingElementProxy.dat
44779=IfcBuildingElementProxy.dat
44821=IfcBuildingElementProxy.dat
44863=IfcBuildingElementProxy.dat
44905=IfcBuildingElementProxy.dat
44947=IfcBuildingElementProxy.dat
44989=IfcBuildingElementProxy.dat
45031=IfcBuildingElementProxy.dat
45073=IfcBuildingElementProxy.dat
45115=IfcBuildingElementProxy.dat
45157=IfcBuildingElementProxy.dat
45199=IfcBuildingElementProxy.dat
45241=IfcBuildingElementProxy.dat
45367=IfcBuildingElementProxy.dat
45409=IfcBuildingElementProxy.dat
45451=IfcBuildingElementProxy.dat
45493=IfcBuildingElementProxy.dat
45535=IfcBuildingElementProxy.dat
45577=IfcBuildingElementProxy.dat
45619=IfcBuildingElementProxy.dat
45661=IfcBuildingElementProxy.dat
45703=IfcBuildingElementProxy.dat
45745=IfcBuildingElementProxy.dat
45787=IfcBuildingElementProxy.dat
45829=IfcBuildingElementProxy.dat
45871=IfcBuildingElementProxy.dat
45913=IfcBuildingElementProxy.dat
45955=IfcBuildingElementProxy.dat
45997=IfcBuildingElementProxy.dat
46039=IfcBuildingElementProxy.dat
46081=IfcBuildingElementProxy.dat
46123=IfcBuildingElementProxy.dat
46165=IfcBuildingElementProxy.dat
46207=IfcBuildingElementProxy.dat
46249=IfcBuildingElementProxy.dat
46291=IfcBuildingElementProxy.dat
46333=IfcBuildingElementProxy.dat
46375=IfcBuildingElementProxy.dat
46417=IfcBuildingElementProxy.dat
46459=IfcBuildingElementProxy.dat
46501=IfcBuildingElementProxy.dat
46543=IfcBuildingElementProxy.dat
46585=IfcBuildingElementProxy.dat
46627=IfcBuildingElementProxy.dat
46669=IfcBuildingElementProxy.dat
46795=IfcBuildingElementProxy.dat
46837=IfcBuildingElementProxy.dat
46879=IfcBuildingElementProxy.dat
46921=IfcBuildingElementProxy.dat
46963=IfcBuildingElementProxy.dat
47005=IfcBuildingElementProxy.dat
47047=IfcBuildingElementProxy.dat
47089=IfcBuildingElementProxy.dat
47131=IfcBuildingElementProxy.dat
47173=IfcBuildingElementProxy.dat
47215=IfcBuildingElementProxy.dat
47257=IfcBuildingElementProxy.dat
47299=IfcBuildingElementProxy.dat
47341=IfcBuildingElementProxy.dat
47383=IfcBuildingElementProxy.dat
47425=IfcBuildingElementProxy.dat
47467=IfcBuildingElementProxy.dat
47509=IfcBuildingElementProxy.dat
47551=IfcBuildingElementProxy.dat
47593=IfcBuildingElementProxy.dat
47635=IfcBuildingElementProxy.dat
47677=IfcBuildingElementProxy.dat
47719=IfcBuildingElementProxy.dat
47761=IfcBuildingElementProxy.dat
47803=IfcBuildingElementProxy.dat
47845=IfcBuildingElementProxy.dat
47887=IfcBuildingElementProxy.dat
47929=IfcBuildingElementProxy.dat
47971=IfcBuildingElementProxy.dat
48013=IfcBuildingElementProxy.dat
48055=IfcBuildingElementProxy.dat
48097=IfcBuildingElementProxy.dat
834470=IfcBuildingElementProxy.dat
893874=IfcBuildingElementProxy.dat
993491=IfcBuildingElementProxy.dat
994727=IfcBuildingElementProxy.dat
994780=IfcBuildingElementProxy.dat
994833=IfcBuildingElementProxy.dat
994886=IfcBuildingElementProxy.dat
994939=IfcBuildingElementProxy.dat
1705623=IfcColumn.dat
1766233=IfcColumn.dat
1766340=IfcColumn.dat
1766423=IfcColumn.dat
1771=IfcColumn.dat
1795319=IfcColumn.dat
1836477=IfcColumn.dat
1836582=IfcColumn.dat
1838035=IfcColumn.dat
1838140=IfcColumn.dat
2091760=IfcColumn.dat
21221=IfcColumn.dat
21563=IfcColumn.dat
2161=IfcColumn.dat
21957=IfcColumn.dat
22582=IfcColumn.dat
2266=IfcColumn.dat
2410046=IfcColumn.dat
2659406=IfcColumn.dat
2659500=IfcColumn.dat
2659570=IfcColumn.dat
2659641=IfcColumn.dat
2659711=IfcColumn.dat
2659781=IfcColumn.dat
2659851=IfcColumn.dat
2659921=IfcColumn.dat
2659991=IfcColumn.dat
2660061=IfcColumn.dat
2660131=IfcColumn.dat
2660201=IfcColumn.dat
2660271=IfcColumn.dat
2660341=IfcColumn.dat
2660411=IfcColumn.dat
2660481=IfcColumn.dat
2660551=IfcColumn.dat
2660621=IfcColumn.dat
2660691=IfcColumn.dat
2660761=IfcColumn.dat
2660831=IfcColumn.dat
2660901=IfcColumn.dat
2660971=IfcColumn.dat
2661041=IfcColumn.dat
2661111=IfcColumn.dat
2661181=IfcColumn.dat
2661251=IfcColumn.dat
2661321=IfcColumn.dat
2661391=IfcColumn.dat
2661461=IfcColumn.dat
2661531=IfcColumn.dat
2661601=IfcColumn.dat
2661671=IfcColumn.dat
2661741=IfcColumn.dat
2661811=IfcColumn.dat
2661881=IfcColumn.dat
2661951=IfcColumn.dat
2662021=IfcColumn.dat
2662091=IfcColumn.dat
2662161=IfcColumn.dat
2662231=IfcColumn.dat
2662301=IfcColumn.dat
2662371=IfcColumn.dat
2662441=IfcColumn.dat
2662511=IfcColumn.dat
2662581=IfcColumn.dat
2662651=IfcColumn.dat
2662721=IfcColumn.dat
2662791=IfcColumn.dat
2662861=IfcColumn.dat
2662931=IfcColumn.dat
2663001=IfcColumn.dat
2663071=IfcColumn.dat
2663141=IfcColumn.dat
2663211=IfcColumn.dat
2663281=IfcColumn.dat
2663351=IfcColumn.dat
2663421=IfcColumn.dat
2663491=IfcColumn.dat
2663561=IfcColumn.dat
2663631=IfcColumn.dat
2663701=IfcColumn.dat
2663771=IfcColumn.dat
2663841=IfcColumn.dat
2663911=IfcColumn.dat
2663981=IfcColumn.dat
2664051=IfcColumn.dat
2664121=IfcColumn.dat
2664191=IfcColumn.dat
2664261=IfcColumn.dat
2664331=IfcColumn.dat
2664401=IfcColumn.dat
2664471=IfcColumn.dat
2664541=IfcColumn.dat
2664611=IfcColumn.dat
2664681=IfcColumn.dat
2664751=IfcColumn.dat
2664821=IfcColumn.dat
2664891=IfcColumn.dat
2664984=IfcColumn.dat
2665054=IfcColumn.dat
2665124=IfcColumn.dat
2665194=IfcColumn.dat
2665264=IfcColumn.dat
2665334=IfcColumn.dat
2665404=IfcColumn.dat
2665474=IfcColumn.dat
2665544=IfcColumn.dat
2665614=IfcColumn.dat
2665678=IfcColumn.dat
2665742=IfcColumn.dat
2665806=IfcColumn.dat
2665870=IfcColumn.dat
2665940=IfcColumn.dat
2666010=IfcColumn.dat
2666080=IfcColumn.dat
2666150=IfcColumn.dat
2666220=IfcColumn.dat
2666290=IfcColumn.dat
2666360=IfcColumn.dat
2666430=IfcColumn.dat
2666500=IfcColumn.dat
2666570=IfcColumn.dat
2666663=IfcColumn.dat
2666733=IfcColumn.dat
2666797=IfcColumn.dat
2666867=IfcColumn.dat
2666937=IfcColumn.dat
2667007=IfcColumn.dat
2667077=IfcColumn.dat
2675418=IfcColumn.dat
2675583=IfcColumn.dat
2675740=IfcColumn.dat
2675894=IfcColumn.dat
2711271=IfcColumn.dat
2711345=IfcColumn.dat
2711424=IfcColumn.dat
2711503=IfcColumn.dat
2718972=IfcColumn.dat
2750326=IfcColumn.dat
2750431=IfcColumn.dat
2750507=IfcColumn.dat
2750584=IfcColumn.dat
2750660=IfcColumn.dat
2750736=IfcColumn.dat
2750811=IfcColumn.dat
2750886=IfcColumn.dat
2750961=IfcColumn.dat
2751036=IfcColumn.dat
2751265=IfcColumn.dat
2751340=IfcColumn.dat
2751415=IfcColumn.dat
2751490=IfcColumn.dat
2751565=IfcColumn.dat
2751640=IfcColumn.dat
2751715=IfcColumn.dat
2751790=IfcColumn.dat
362717=IfcColumn.dat
362890=IfcColumn.dat
363021=IfcColumn.dat
363152=IfcColumn.dat
363888=IfcColumn.dat
364035=IfcColumn.dat
364620=IfcColumn.dat
364778=IfcColumn.dat
365867=IfcColumn.dat
366409=IfcColumn.dat
367543=IfcColumn.dat
367690=IfcColumn.dat
368421=IfcColumn.dat
368790=IfcColumn.dat
369253=IfcColumn.dat
36990=IfcColumn.dat
370019=IfcColumn.dat
370215=IfcColumn.dat
370348=IfcColumn.dat
370493=IfcColumn.dat
37102=IfcColumn.dat
37296=IfcColumn.dat
37553=IfcColumn.dat
37732=IfcColumn.dat
38015=IfcColumn.dat
38302=IfcColumn.dat
38485=IfcColumn.dat
38721=IfcColumn.dat
38993=IfcColumn.dat
39223=IfcColumn.dat
39512=IfcColumn.dat
39747=IfcColumn.dat
39974=IfcColumn.dat
40210=IfcColumn.dat
40289=IfcColumn.dat
40471=IfcColumn.dat
40697=IfcColumn.dat
40883=IfcColumn.dat
41103=IfcColumn.dat
41352=IfcColumn.dat
41558=IfcColumn.dat
41802=IfcColumn.dat
41988=IfcColumn.dat
42067=IfcColumn.dat
42146=IfcColumn.dat
42376=IfcColumn.dat
42516=IfcColumn.dat
42595=IfcColumn.dat
42674=IfcColumn.dat
42753=IfcColumn.dat
42832=IfcColumn.dat
42911=IfcColumn.dat
42990=IfcColumn.dat
43069=IfcColumn.dat
43148=IfcColumn.dat
43227=IfcColumn.dat
43306=IfcColumn.dat
43385=IfcColumn.dat
43464=IfcColumn.dat
43543=IfcColumn.dat
43622=IfcColumn.dat
43701=IfcColumn.dat
43780=IfcColumn.dat
43859=IfcColumn.dat
43938=IfcColumn.dat
44116=IfcColumn.dat
44294=IfcColumn.dat
44373=IfcColumn.dat
44452=IfcColumn.dat
44531=IfcColumn.dat
44610=IfcColumn.dat
44689=IfcColumn.dat
44763=IfcColumn.dat
44837=IfcColumn.dat
44911=IfcColumn.dat
44985=IfcColumn.dat
45059=IfcColumn.dat
45133=IfcColumn.dat
45298=IfcColumn.dat
45463=IfcColumn.dat
45537=IfcColumn.dat
45611=IfcColumn.dat
45685=IfcColumn.dat
45759=IfcColumn.dat
45833=IfcColumn.dat
45907=IfcColumn.dat
45981=IfcColumn.dat
46055=IfcColumn.dat
46129=IfcColumn.dat
46203=IfcColumn.dat
46277=IfcColumn.dat
46351=IfcColumn.dat
46425=IfcColumn.dat
46499=IfcColumn.dat
46600=IfcColumn.dat
46675=IfcColumn.dat
46749=IfcColumn.dat
46936=IfcColumn.dat
47106=IfcColumn.dat
47309=IfcColumn.dat
47469=IfcColumn.dat
47652=IfcColumn.dat
47847=IfcColumn.dat
48060=IfcColumn.dat
48277=IfcColumn.dat
48466=IfcColumn.dat
48635=IfcColumn.dat
48796=IfcColumn.dat
48979=IfcColumn.dat
49152=IfcColumn.dat
49232=IfcColumn.dat
49306=IfcColumn.dat
49485=IfcColumn.dat
49708=IfcColumn.dat
49899=IfcColumn.dat
50062=IfcColumn.dat
50279=IfcColumn.dat
50353=IfcColumn.dat
50916=IfcColumn.dat
70116=IfcColumn.dat
2741033=IfcCovering.dat
2741224=IfcCovering.dat
1002872=IfcDoor.dat
1025264=IfcDoor.dat
1041875=IfcDoor.dat
1064279=IfcDoor.dat
1108607=IfcDoor.dat
1153134=IfcDoor.dat
1169212=IfcDoor.dat
1224558=IfcDoor.dat
1268748=IfcDoor.dat
1295829=IfcDoor.dat
1295884=IfcDoor.dat
1295938=IfcDoor.dat
1331701=IfcDoor.dat
1331758=IfcDoor.dat
1334747=IfcDoor.dat
1334837=IfcDoor.dat
1334891=IfcDoor.dat
1337066=IfcDoor.dat
1337123=IfcDoor.dat
1337180=IfcDoor.dat
1337237=IfcDoor.dat
1337294=IfcDoor.dat
1337351=IfcDoor.dat
1337408=IfcDoor.dat
1337622=IfcDoor.dat
1337677=IfcDoor.dat
1337732=IfcDoor.dat
1340251=IfcDoor.dat
1340303=IfcDoor.dat
1340355=IfcDoor.dat
1340409=IfcDoor.dat
1379218=IfcDoor.dat
1379271=IfcDoor.dat
1418078=IfcDoor.dat
1418168=IfcDoor.dat
1418222=IfcDoor.dat
1418274=IfcDoor.dat
1423579=IfcDoor.dat
1423668=IfcDoor.dat
1423720=IfcDoor.dat
1423774=IfcDoor.dat
1462583=IfcDoor.dat
1467924=IfcDoor.dat
1468013=IfcDoor.dat
1473316=IfcDoor.dat
1473405=IfcDoor.dat
1478708=IfcDoor.dat
1484129=IfcDoor.dat
1489469=IfcDoor.dat
1489558=IfcDoor.dat
1489610=IfcDoor.dat
1489662=IfcDoor.dat
1522316=IfcDoor.dat
1528471=IfcDoor.dat
1528561=IfcDoor.dat
1528613=IfcDoor.dat
1567422=IfcDoor.dat
1611607=IfcDoor.dat
1611697=IfcDoor.dat
1611749=IfcDoor.dat
1617054=IfcDoor.dat
1622394=IfcDoor.dat
1622483=IfcDoor.dat
1622538=IfcDoor.dat
1627843=IfcDoor.dat
1633183=IfcDoor.dat
1633272=IfcDoor.dat
1816655=IfcDoor.dat
1821966=IfcDoor.dat
1822021=IfcDoor.dat
1822075=IfcDoor.dat
2402283=IfcDoor.dat
2740709=IfcDoor.dat
2748001=IfcDoor.dat
101400=IfcFlowFitting.dat
1020571=IfcFlowFitting.dat
1023306=IfcFlowFitting.dat
102570=IfcFlowFitting.dat
1045799=IfcFlowFitting.dat
105876=IfcFlowFitting.dat
106043=IfcFlowFitting.dat
106210=IfcFlowFitting.dat
106377=IfcFlowFitting.dat
106544=IfcFlowFitting.dat
106711=IfcFlowFitting.dat
106878=IfcFlowFitting.dat
107045=IfcFlowFitting.dat
107302=IfcFlowFitting.dat
107469=IfcFlowFitting.dat
107500=IfcFlowFitting.dat
107636=IfcFlowFitting.dat
108610=IfcFlowFitting.dat
108777=IfcFlowFitting.dat
108854=IfcFlowFitting.dat
110814=IfcFlowFitting.dat
111298=IfcFlowFitting.dat
111546=IfcFlowFitting.dat
111973=IfcFlowFitting.dat
112050=IfcFlowFitting.dat
112309=IfcFlowFitting.dat
114328=IfcFlowFitting.dat
114409=IfcFlowFitting.dat
115417=IfcFlowFitting.dat
115495=IfcFlowFitting.dat
115746=IfcFlowFitting.dat
115822=IfcFlowFitting.dat
1177496=IfcFlowFitting.dat
1177755=IfcFlowFitting.dat
118098=IfcFlowFitting.dat
1181255=IfcFlowFitting.dat
1185403=IfcFlowFitting.dat
1185488=IfcFlowFitting.dat
1186570=IfcFlowFitting.dat
1186655=IfcFlowFitting.dat
120168=IfcFlowFitting.dat
1207467=IfcFlowFitting.dat
1208753=IfcFlowFitting.dat
1212922=IfcFlowFitting.dat
1213583=IfcFlowFitting.dat
1214135=IfcFlowFitting.dat
1215548=IfcFlowFitting.dat
1215744=IfcFlowFitting.dat
122281=IfcFlowFitting.dat
124101=IfcFlowFitting.dat
1241237=IfcFlowFitting.dat
124358=IfcFlowFitting.dat
124805=IfcFlowFitting.dat
124889=IfcFlowFitting.dat
1255991=IfcFlowFitting.dat
1256171=IfcFlowFitting.dat
1258803=IfcFlowFitting.dat
1258887=IfcFlowFitting.dat
1259350=IfcFlowFitting.dat
126284=IfcFlowFitting.dat
126363=IfcFlowFitting.dat
126380=IfcFlowFitting.dat
126441=IfcFlowFitting.dat
126524=IfcFlowFitting.dat
126781=IfcFlowFitting.dat
126945=IfcFlowFitting.dat
127022=IfcFlowFitting.dat
127186=IfcFlowFitting.dat
127350=IfcFlowFitting.dat
127514=IfcFlowFitting.dat
127591=IfcFlowFitting.dat
127755=IfcFlowFitting.dat
127919=IfcFlowFitting.dat
128083=IfcFlowFitting.dat
128247=IfcFlowFitting.dat
128891=IfcFlowFitting.dat
130206=IfcFlowFitting.dat
130287=IfcFlowFitting.dat
132479=IfcFlowFitting.dat
134680=IfcFlowFitting.dat
134933=IfcFlowFitting.dat
139888=IfcFlowFitting.dat
140147=IfcFlowFitting.dat
1439106=IfcFlowFitting.dat
145102=IfcFlowFitting.dat
145448=IfcFlowFitting.dat
145791=IfcFlowFitting.dat
146390=IfcFlowFitting.dat
146646=IfcFlowFitting.dat
146902=IfcFlowFitting.dat
147158=IfcFlowFitting.dat
147414=IfcFlowFitting.dat
147676=IfcFlowFitting.dat
150189=IfcFlowFitting.dat
152470=IfcFlowFitting.dat
153315=IfcFlowFitting.dat
158433=IfcFlowFitting.dat
1586880=IfcFlowFitting.dat
1590565=IfcFlowFitting.dat
1591=IfcFlowFitting.dat
159223=IfcFlowFitting.dat
159411=IfcFlowFitting.dat
161118=IfcFlowFitting.dat
162828=IfcFlowFitting.dat
1636923=IfcFlowFitting.dat
164549=IfcFlowFitting.dat
1647922=IfcFlowFitting.dat
165112=IfcFlowFitting.dat
165491=IfcFlowFitting.dat
166052=IfcFlowFitting.dat
166253=IfcFlowFitting.dat
166529=IfcFlowFitting.dat
166698=IfcFlowFitting.dat
166947=IfcFlowFitting.dat
170787=IfcFlowFitting.dat
1718253=IfcFlowFitting.dat
173364=IfcFlowFitting.dat
1755275=IfcFlowFitting.dat
1803139=IfcFlowFitting.dat
1803587=IfcFlowFitting.dat
1807750=IfcFlowFitting.dat
180775=IfcFlowFitting.dat
1808201=IfcFlowFitting.dat
1808656=IfcFlowFitting.dat
1809303=IfcFlowFitting.dat
1812880=IfcFlowFitting.dat
1813035=IfcFlowFitting.dat
1813397=IfcFlowFitting.dat
1813485=IfcFlowFitting.dat
1816501=IfcFlowFitting.dat
1818367=IfcFlowFitting.dat
1819139=IfcFlowFitting.dat
1819418=IfcFlowFitting.dat
1819604=IfcFlowFitting.dat
1821120=IfcFlowFitting.dat
1822260=IfcFlowFitting.dat
182474=IfcFlowFitting.dat
1845944=IfcFlowFitting.dat
1846021=IfcFlowFitting.dat
1846954=IfcFlowFitting.dat
1847201=IfcFlowFitting.dat
1847329=IfcFlowFitting.dat
1847402=IfcFlowFitting.dat
185780=IfcFlowFitting.dat
188058=IfcFlowFitting.dat
188322=IfcFlowFitting.dat
188515=IfcFlowFitting.dat
188603=IfcFlowFitting.dat
188946=IfcFlowFitting.dat
189217=IfcFlowFitting.dat
189578=IfcFlowFitting.dat
189833=IfcFlowFitting.dat
190198=IfcFlowFitting.dat
190475=IfcFlowFitting.dat
190952=IfcFlowFitting.dat
191319=IfcFlowFitting.dat
191574=IfcFlowFitting.dat
192025=IfcFlowFitting.dat
192309=IfcFlowFitting.dat
192458=IfcFlowFitting.dat
192752=IfcFlowFitting.dat
1955415=IfcFlowFitting.dat
1981868=IfcFlowFitting.dat
2085749=IfcFlowFitting.dat
2150596=IfcFlowFitting.dat
2216682=IfcFlowFitting.dat
2241810=IfcFlowFitting.dat
2269569=IfcFlowFitting.dat
2270758=IfcFlowFitting.dat
2310445=IfcFlowFitting.dat
2356490=IfcFlowFitting.dat
2360642=IfcFlowFitting.dat
2362753=IfcFlowFitting.dat
2365288=IfcFlowFitting.dat
2365390=IfcFlowFitting.dat
2376267=IfcFlowFitting.dat
2376931=IfcFlowFitting.dat
2377097=IfcFlowFitting.dat
2377450=IfcFlowFitting.dat
2377652=IfcFlowFitting.dat
2377938=IfcFlowFitting.dat
2378123=IfcFlowFitting.dat
2378133=IfcFlowFitting.dat
2378598=IfcFlowFitting.dat
2378749=IfcFlowFitting.dat
2379143=IfcFlowFitting.dat
2379236=IfcFlowFitting.dat
2379434=IfcFlowFitting.dat
2379522=IfcFlowFitting.dat
2379903=IfcFlowFitting.dat
2380198=IfcFlowFitting.dat
2380386=IfcFlowFitting.dat
2380650=IfcFlowFitting.dat
2381332=IfcFlowFitting.dat
2381425=IfcFlowFitting.dat
2381672=IfcFlowFitting.dat
2381939=IfcFlowFitting.dat
2383566=IfcFlowFitting.dat
2383715=IfcFlowFitting.dat
2383819=IfcFlowFitting.dat
2383908=IfcFlowFitting.dat
2386213=IfcFlowFitting.dat
2386294=IfcFlowFitting.dat
2386375=IfcFlowFitting.dat
2386454=IfcFlowFitting.dat
2386535=IfcFlowFitting.dat
2386614=IfcFlowFitting.dat
2386693=IfcFlowFitting.dat
2386772=IfcFlowFitting.dat
2386851=IfcFlowFitting.dat
2386930=IfcFlowFitting.dat
2387009=IfcFlowFitting.dat
2387088=IfcFlowFitting.dat
2391658=IfcFlowFitting.dat
2392758=IfcFlowFitting.dat
2393244=IfcFlowFitting.dat
2394288=IfcFlowFitting.dat
2394554=IfcFlowFitting.dat
2400152=IfcFlowFitting.dat
2403957=IfcFlowFitting.dat
2502758=IfcFlowFitting.dat
2657979=IfcFlowFitting.dat
276702=IfcFlowFitting.dat
2900562=IfcFlowFitting.dat
2900639=IfcFlowFitting.dat
2900716=IfcFlowFitting.dat
2900793=IfcFlowFitting.dat
2900870=IfcFlowFitting.dat
2901024=IfcFlowFitting.dat
2901101=IfcFlowFitting.dat
2901178=IfcFlowFitting.dat
2901259=IfcFlowFitting.dat
2901336=IfcFlowFitting.dat
2903443=IfcFlowFitting.dat
2903522=IfcFlowFitting.dat
2903603=IfcFlowFitting.dat
2903680=IfcFlowFitting.dat
2903927=IfcFlowFitting.dat
2904091=IfcFlowFitting.dat
2904255=IfcFlowFitting.dat
2904423=IfcFlowFitting.dat
2904587=IfcFlowFitting.dat
2904755=IfcFlowFitting.dat
2904919=IfcFlowFitting.dat
2909180=IfcFlowFitting.dat
2911153=IfcFlowFitting.dat
2982045=IfcFlowFitting.dat
2984937=IfcFlowFitting.dat
3027368=IfcFlowFitting.dat
3029685=IfcFlowFitting.dat
3036340=IfcFlowFitting.dat
3036423=IfcFlowFitting.dat
3036506=IfcFlowFitting.dat
3036942=IfcFlowFitting.dat
3037025=IfcFlowFitting.dat
3037375=IfcFlowFitting.dat
3037458=IfcFlowFitting.dat
3038227=IfcFlowFitting.dat
3038320=IfcFlowFitting.dat
3038882=IfcFlowFitting.dat
3040476=IfcFlowFitting.dat
3040941=IfcFlowFitting.dat
3041006=IfcFlowFitting.dat
3041081=IfcFlowFitting.dat
3041491=IfcFlowFitting.dat
3041635=IfcFlowFitting.dat
3041845=IfcFlowFitting.dat
3042061=IfcFlowFitting.dat
3042141=IfcFlowFitting.dat
3042545=IfcFlowFitting.dat
3042608=IfcFlowFitting.dat
3042676=IfcFlowFitting.dat
3042755=IfcFlowFitting.dat
3043038=IfcFlowFitting.dat
3043119=IfcFlowFitting.dat
3043197=IfcFlowFitting.dat
3043680=IfcFlowFitting.dat
3043958=IfcFlowFitting.dat
3044088=IfcFlowFitting.dat
3044153=IfcFlowFitting.dat
3044218=IfcFlowFitting.dat
3044283=IfcFlowFitting.dat
3044490=IfcFlowFitting.dat
3044558=IfcFlowFitting.dat
3044625=IfcFlowFitting.dat
3044823=IfcFlowFitting.dat
3044896=IfcFlowFitting.dat
3044964=IfcFlowFitting.dat
3045030=IfcFlowFitting.dat
3045383=IfcFlowFitting.dat
3045450=IfcFlowFitting.dat
3045517=IfcFlowFitting.dat
3046015=IfcFlowFitting.dat
3046081=IfcFlowFitting.dat
3046343=IfcFlowFitting.dat
3046409=IfcFlowFitting.dat
3046670=IfcFlowFitting.dat
3046893=IfcFlowFitting.dat
3046961=IfcFlowFitting.dat
3047219=IfcFlowFitting.dat
3048439=IfcFlowFitting.dat
3048711=IfcFlowFitting.dat
3048925=IfcFlowFitting.dat
3049525=IfcFlowFitting.dat
3049678=IfcFlowFitting.dat
3050122=IfcFlowFitting.dat
3050385=IfcFlowFitting.dat
3051912=IfcFlowFitting.dat
3052178=IfcFlowFitting.dat
3052319=IfcFlowFitting.dat
3061016=IfcFlowFitting.dat
3061084=IfcFlowFitting.dat
3061150=IfcFlowFitting.dat
3061218=IfcFlowFitting.dat
3068651=IfcFlowFitting.dat
3068890=IfcFlowFitting.dat
3068957=IfcFlowFitting.dat
3105=IfcFlowFitting.dat
332995=IfcFlowFitting.dat
3340=IfcFlowFitting.dat
337134=IfcFlowFitting.dat
339378=IfcFlowFitting.dat
341489=IfcFlowFitting.dat
341658=IfcFlowFitting.dat
341737=IfcFlowFitting.dat
3420=IfcFlowFitting.dat
343711=IfcFlowFitting.dat
345594=IfcFlowFitting.dat
347817=IfcFlowFitting.dat
348420=IfcFlowFitting.dat
349169=IfcFlowFitting.dat
351147=IfcFlowFitting.dat
353125=IfcFlowFitting.dat
353380=IfcFlowFitting.dat
354129=IfcFlowFitting.dat
354384=IfcFlowFitting.dat
355145=IfcFlowFitting.dat
357111=IfcFlowFitting.dat
358993=IfcFlowFitting.dat
361055=IfcFlowFitting.dat
362361=IfcFlowFitting.dat
363667=IfcFlowFitting.dat
3646=IfcFlowFitting.dat
365549=IfcFlowFitting.dat
367431=IfcFlowFitting.dat
367601=IfcFlowFitting.dat
369482=IfcFlowFitting.dat
371365=IfcFlowFitting.dat
371533=IfcFlowFitting.dat
373516=IfcFlowFitting.dat
373769=IfcFlowFitting.dat
376013=IfcFlowFitting.dat
378253=IfcFlowFitting.dat
378420=IfcFlowFitting.dat
378585=IfcFlowFitting.dat
378926=IfcFlowFitting.dat
4219=IfcFlowFitting.dat
4349=IfcFlowFitting.dat
4877=IfcFlowFitting.dat
5041=IfcFlowFitting.dat
5335=IfcFlowFitting.dat
548152=IfcFlowFitting.dat
548901=IfcFlowFitting.dat
550804=IfcFlowFitting.dat
552312=IfcFlowFitting.dat
695889=IfcFlowFitting.dat
696167=IfcFlowFitting.dat
696359=IfcFlowFitting.dat
696638=IfcFlowFitting.dat
696744=IfcFlowFitting.dat
696856=IfcFlowFitting.dat
699094=IfcFlowFitting.dat
700642=IfcFlowFitting.dat
701068=IfcFlowFitting.dat
701288=IfcFlowFitting.dat
701568=IfcFlowFitting.dat
701761=IfcFlowFitting.dat
702041=IfcFlowFitting.dat
706298=IfcFlowFitting.dat
706411=IfcFlowFitting.dat
717338=IfcFlowFitting.dat
718183=IfcFlowFitting.dat
718463=IfcFlowFitting.dat
718656=IfcFlowFitting.dat
718936=IfcFlowFitting.dat
719042=IfcFlowFitting.dat
719154=IfcFlowFitting.dat
722940=IfcFlowFitting.dat
723450=IfcFlowFitting.dat
723643=IfcFlowFitting.dat
729115=IfcFlowFitting.dat
729228=IfcFlowFitting.dat
736190=IfcFlowFitting.dat
740766=IfcFlowFitting.dat
741289=IfcFlowFitting.dat
741569=IfcFlowFitting.dat
741675=IfcFlowFitting.dat
745905=IfcFlowFitting.dat
746098=IfcFlowFitting.dat
746377=IfcFlowFitting.dat
746836=IfcFlowFitting.dat
747200=IfcFlowFitting.dat
747567=IfcFlowFitting.dat
747673=IfcFlowFitting.dat
747779=IfcFlowFitting.dat
747885=IfcFlowFitting.dat
748252=IfcFlowFitting.dat
748358=IfcFlowFitting.dat
748464=IfcFlowFitting.dat
748570=IfcFlowFitting.dat
758949=IfcFlowFitting.dat
780268=IfcFlowFitting.dat
780563=IfcFlowFitting.dat
780840=IfcFlowFitting.dat
781113=IfcFlowFitting.dat
781292=IfcFlowFitting.dat
781380=IfcFlowFitting.dat
785237=IfcFlowFitting.dat
795423=IfcFlowFitting.dat
808846=IfcFlowFitting.dat
812016=IfcFlowFitting.dat
812320=IfcFlowFitting.dat
812611=IfcFlowFitting.dat
812898=IfcFlowFitting.dat
813307=IfcFlowFitting.dat
814955=IfcFlowFitting.dat
815245=IfcFlowFitting.dat
815437=IfcFlowFitting.dat
815628=IfcFlowFitting.dat
815877=IfcFlowFitting.dat
816260=IfcFlowFitting.dat
817328=IfcFlowFitting.dat
817606=IfcFlowFitting.dat
818109=IfcFlowFitting.dat
818308=IfcFlowFitting.dat
818881=IfcFlowFitting.dat
819176=IfcFlowFitting.dat
820257=IfcFlowFitting.dat
821856=IfcFlowFitting.dat
822203=IfcFlowFitting.dat
822492=IfcFlowFitting.dat
822862=IfcFlowFitting.dat
823236=IfcFlowFitting.dat
823323=IfcFlowFitting.dat
823501=IfcFlowFitting.dat
823882=IfcFlowFitting.dat
824171=IfcFlowFitting.dat
824458=IfcFlowFitting.dat
825586=IfcFlowFitting.dat
825872=IfcFlowFitting.dat
826304=IfcFlowFitting.dat
826586=IfcFlowFitting.dat
826870=IfcFlowFitting.dat
826961=IfcFlowFitting.dat
827887=IfcFlowFitting.dat
828526=IfcFlowFitting.dat
828811=IfcFlowFitting.dat
829100=IfcFlowFitting.dat
829381=IfcFlowFitting.dat
829752=IfcFlowFitting.dat
830226=IfcFlowFitting.dat
830476=IfcFlowFitting.dat
830663=IfcFlowFitting.dat
831109=IfcFlowFitting.dat
831396=IfcFlowFitting.dat
831773=IfcFlowFitting.dat
832059=IfcFlowFitting.dat
832251=IfcFlowFitting.dat
832507=IfcFlowFitting.dat
832797=IfcFlowFitting.dat
833263=IfcFlowFitting.dat
833646=IfcFlowFitting.dat
833831=IfcFlowFitting.dat
833985=IfcFlowFitting.dat
834349=IfcFlowFitting.dat
835549=IfcFlowFitting.dat
835735=IfcFlowFitting.dat
836011=IfcFlowFitting.dat
836266=IfcFlowFitting.dat
836447=IfcFlowFitting.dat
836756=IfcFlowFitting.dat
836861=IfcFlowFitting.dat
836948=IfcFlowFitting.dat
838011=IfcFlowFitting.dat
855306=IfcFlowFitting.dat
855658=IfcFlowFitting.dat
855824=IfcFlowFitting.dat
855992=IfcFlowFitting.dat
856070=IfcFlowFitting.dat
856404=IfcFlowFitting.dat
856652=IfcFlowFitting.dat
857807=IfcFlowFitting.dat
858055=IfcFlowFitting.dat
858216=IfcFlowFitting.dat
860542=IfcFlowFitting.dat
860619=IfcFlowFitting.dat
862708=IfcFlowFitting.dat
862786=IfcFlowFitting.dat
893094=IfcFlowFitting.dat
896216=IfcFlowFitting.dat
951855=IfcFlowFitting.dat
953701=IfcFlowFitting.dat
954491=IfcFlowFitting.dat
101357=IfcFlowSegment.dat
1019976=IfcFlowSegment.dat
1020407=IfcFlowSegment.dat
1021296=IfcFlowSegment.dat
1021384=IfcFlowSegment.dat
1023055=IfcFlowSegment.dat
1025586=IfcFlowSegment.dat
102735=IfcFlowSegment.dat
1027391=IfcFlowSegment.dat
102824=IfcFlowSegment.dat
1032625=IfcFlowSegment.dat
1039255=IfcFlowSegment.dat
1039516=IfcFlowSegment.dat
1040386=IfcFlowSegment.dat
1041169=IfcFlowSegment.dat
1053399=IfcFlowSegment.dat
1054631=IfcFlowSegment.dat
105706=IfcFlowSegment.dat
105796=IfcFlowSegment.dat
105963=IfcFlowSegment.dat
106130=IfcFlowSegment.dat
106297=IfcFlowSegment.dat
1063093=IfcFlowSegment.dat
1064398=IfcFlowSegment.dat
106464=IfcFlowSegment.dat
1065139=IfcFlowSegment.dat
1065315=IfcFlowSegment.dat
106631=IfcFlowSegment.dat
106798=IfcFlowSegment.dat
106965=IfcFlowSegment.dat
107132=IfcFlowSegment.dat
107222=IfcFlowSegment.dat
107389=IfcFlowSegment.dat
107556=IfcFlowSegment.dat
1075961=IfcFlowSegment.dat
1076213=IfcFlowSegment.dat
1076297=IfcFlowSegment.dat
107723=IfcFlowSegment.dat
108429=IfcFlowSegment.dat
108697=IfcFlowSegment.dat
108777=IfcFlowSegment.dat
108952=IfcFlowSegment.dat
109062=IfcFlowSegment.dat
109152=IfcFlowSegment.dat
1096733=IfcFlowSegment.dat
1103252=IfcFlowSegment.dat
1103426=IfcFlowSegment.dat
1103600=IfcFlowSegment.dat
1105770=IfcFlowSegment.dat
1106050=IfcFlowSegment.dat
1108051=IfcFlowSegment.dat
111080=IfcFlowSegment.dat
111168=IfcFlowSegment.dat
1113085=IfcFlowSegment.dat
1113259=IfcFlowSegment.dat
1113433=IfcFlowSegment.dat
1113868=IfcFlowSegment.dat
111386=IfcFlowSegment.dat
111471=IfcFlowSegment.dat
111722=IfcFlowSegment.dat
1117696=IfcFlowSegment.dat
111809=IfcFlowSegment.dat
111896=IfcFlowSegment.dat
112141=IfcFlowSegment.dat
112170=IfcFlowSegment.dat
112232=IfcFlowSegment.dat
114670=IfcFlowSegment.dat
115586=IfcFlowSegment.dat
115671=IfcFlowSegment.dat
115912=IfcFlowSegment.dat
116001=IfcFlowSegment.dat
1173470=IfcFlowSegment.dat
1173560=IfcFlowSegment.dat
1176102=IfcFlowSegment.dat
1176207=IfcFlowSegment.dat
1177585=IfcFlowSegment.dat
1180231=IfcFlowSegment.dat
1181176=IfcFlowSegment.dat
1181342=IfcFlowSegment.dat
1181597=IfcFlowSegment.dat
118190=IfcFlowSegment.dat
118280=IfcFlowSegment.dat
1184283=IfcFlowSegment.dat
1184377=IfcFlowSegment.dat
1185582=IfcFlowSegment.dat
1185676=IfcFlowSegment.dat
1186749=IfcFlowSegment.dat
1193790=IfcFlowSegment.dat
120261=IfcFlowSegment.dat
1205504=IfcFlowSegment.dat
1205792=IfcFlowSegment.dat
1206330=IfcFlowSegment.dat
1206425=IfcFlowSegment.dat
1206873=IfcFlowSegment.dat
1207288=IfcFlowSegment.dat
1208323=IfcFlowSegment.dat
1208848=IfcFlowSegment.dat
1208943=IfcFlowSegment.dat
1209038=IfcFlowSegment.dat
1209643=IfcFlowSegment.dat
1209738=IfcFlowSegment.dat
1210204=IfcFlowSegment.dat
1214240=IfcFlowSegment.dat
1214999=IfcFlowSegment.dat
1215094=IfcFlowSegment.dat
1215190=IfcFlowSegment.dat
1216129=IfcFlowSegment.dat
1217462=IfcFlowSegment.dat
1217938=IfcFlowSegment.dat
1219786=IfcFlowSegment.dat
1219886=IfcFlowSegment.dat
1219981=IfcFlowSegment.dat
1221332=IfcFlowSegment.dat
1222059=IfcFlowSegment.dat
1223120=IfcFlowSegment.dat
1223211=IfcFlowSegment.dat
122454=IfcFlowSegment.dat
122541=IfcFlowSegment.dat
122628=IfcFlowSegment.dat
122715=IfcFlowSegment.dat
122802=IfcFlowSegment.dat
122889=IfcFlowSegment.dat
122976=IfcFlowSegment.dat
123063=IfcFlowSegment.dat
123150=IfcFlowSegment.dat
123241=IfcFlowSegment.dat
123328=IfcFlowSegment.dat
123419=IfcFlowSegment.dat
123506=IfcFlowSegment.dat
123593=IfcFlowSegment.dat
1236154=IfcFlowSegment.dat
123680=IfcFlowSegment.dat
123768=IfcFlowSegment.dat
123855=IfcFlowSegment.dat
124022=IfcFlowSegment.dat
1241672=IfcFlowSegment.dat
124188=IfcFlowSegment.dat
124278=IfcFlowSegment.dat
1249501=IfcFlowSegment.dat
124975=IfcFlowSegment.dat
1250493=IfcFlowSegment.dat
1250655=IfcFlowSegment.dat
125069=IfcFlowSegment.dat
1259077=IfcFlowSegment.dat
1259144=IfcFlowSegment.dat
126617=IfcFlowSegment.dat
126704=IfcFlowSegment.dat
126868=IfcFlowSegment.dat
127109=IfcFlowSegment.dat
127273=IfcFlowSegment.dat
127437=IfcFlowSegment.dat
127678=IfcFlowSegment.dat
127842=IfcFlowSegment.dat
128006=IfcFlowSegment.dat
128170=IfcFlowSegment.dat
128498=IfcFlowSegment.dat
1289353=IfcFlowSegment.dat
128989=IfcFlowSegment.dat
130133=IfcFlowSegment.dat
1320=IfcFlowSegment.dat
132402=IfcFlowSegment.dat
132575=IfcFlowSegment.dat
1342105=IfcFlowSegment.dat
1342738=IfcFlowSegment.dat
134769=IfcFlowSegment.dat
134856=IfcFlowSegment.dat
1348669=IfcFlowSegment.dat
135025=IfcFlowSegment.dat
135116=IfcFlowSegment.dat
135203=IfcFlowSegment.dat
137208=IfcFlowSegment.dat
138327=IfcFlowSegment.dat
139983=IfcFlowSegment.dat
140070=IfcFlowSegment.dat
140239=IfcFlowSegment.dat
140330=IfcFlowSegment.dat
140417=IfcFlowSegment.dat
140689=IfcFlowSegment.dat
140946=IfcFlowSegment.dat
141030=IfcFlowSegment.dat
145197=IfcFlowSegment.dat
145284=IfcFlowSegment.dat
145371=IfcFlowSegment.dat
145540=IfcFlowSegment.dat
145627=IfcFlowSegment.dat
145714=IfcFlowSegment.dat
145883=IfcFlowSegment.dat
145970=IfcFlowSegment.dat
146139=IfcFlowSegment.dat
146226=IfcFlowSegment.dat
146313=IfcFlowSegment.dat
146482=IfcFlowSegment.dat
146569=IfcFlowSegment.dat
146738=IfcFlowSegment.dat
146825=IfcFlowSegment.dat
146994=IfcFlowSegment.dat
147081=IfcFlowSegment.dat
147250=IfcFlowSegment.dat
147337=IfcFlowSegment.dat
147506=IfcFlowSegment.dat
147597=IfcFlowSegment.dat
1490761=IfcFlowSegment.dat
149165=IfcFlowSegment.dat
1502189=IfcFlowSegment.dat
150276=IfcFlowSegment.dat
150367=IfcFlowSegment.dat
152559=IfcFlowSegment.dat
1525894=IfcFlowSegment.dat
152646=IfcFlowSegment.dat
152815=IfcFlowSegment.dat
153069=IfcFlowSegment.dat
153236=IfcFlowSegment.dat
153665=IfcFlowSegment.dat
153763=IfcFlowSegment.dat
153847=IfcFlowSegment.dat
153931=IfcFlowSegment.dat
154015=IfcFlowSegment.dat
154099=IfcFlowSegment.dat
154183=IfcFlowSegment.dat
154269=IfcFlowSegment.dat
154355=IfcFlowSegment.dat
154441=IfcFlowSegment.dat
1545135=IfcFlowSegment.dat
154527=IfcFlowSegment.dat
154613=IfcFlowSegment.dat
154699=IfcFlowSegment.dat
154785=IfcFlowSegment.dat
154871=IfcFlowSegment.dat
154957=IfcFlowSegment.dat
155043=IfcFlowSegment.dat
155129=IfcFlowSegment.dat
155215=IfcFlowSegment.dat
155301=IfcFlowSegment.dat
155387=IfcFlowSegment.dat
155473=IfcFlowSegment.dat
155559=IfcFlowSegment.dat
155645=IfcFlowSegment.dat
155731=IfcFlowSegment.dat
155815=IfcFlowSegment.dat
155899=IfcFlowSegment.dat
155987=IfcFlowSegment.dat
156073=IfcFlowSegment.dat
156161=IfcFlowSegment.dat
156247=IfcFlowSegment.dat
156335=IfcFlowSegment.dat
156421=IfcFlowSegment.dat
156509=IfcFlowSegment.dat
156595=IfcFlowSegment.dat
156679=IfcFlowSegment.dat
156763=IfcFlowSegment.dat
156847=IfcFlowSegment.dat
156931=IfcFlowSegment.dat
157267=IfcFlowSegment.dat
157352=IfcFlowSegment.dat
157574=IfcFlowSegment.dat
157671=IfcFlowSegment.dat
157767=IfcFlowSegment.dat
158656=IfcFlowSegment.dat
158756=IfcFlowSegment.dat
158956=IfcFlowSegment.dat
159630=IfcFlowSegment.dat
159730=IfcFlowSegment.dat
160274=IfcFlowSegment.dat
1612477=IfcFlowSegment.dat
162069=IfcFlowSegment.dat
162675=IfcFlowSegment.dat
164653=IfcFlowSegment.dat
164753=IfcFlowSegment.dat
164853=IfcFlowSegment.dat
164953=IfcFlowSegment.dat
165230=IfcFlowSegment.dat
165330=IfcFlowSegment.dat
165601=IfcFlowSegment.dat
165701=IfcFlowSegment.dat
165801=IfcFlowSegment.dat
165901=IfcFlowSegment.dat
166164=IfcFlowSegment.dat
166798=IfcFlowSegment.dat
1685369=IfcFlowSegment.dat
1688653=IfcFlowSegment.dat
1700248=IfcFlowSegment.dat
170912=IfcFlowSegment.dat
171011=IfcFlowSegment.dat
171110=IfcFlowSegment.dat
171688=IfcFlowSegment.dat
171788=IfcFlowSegment.dat
1718135=IfcFlowSegment.dat
1727781=IfcFlowSegment.dat
173635=IfcFlowSegment.dat
1741395=IfcFlowSegment.dat
174283=IfcFlowSegment.dat
175149=IfcFlowSegment.dat
175566=IfcFlowSegment.dat
176038=IfcFlowSegment.dat
1765572=IfcFlowSegment.dat
1784620=IfcFlowSegment.dat
178463=IfcFlowSegment.dat
179736=IfcFlowSegment.dat
180875=IfcFlowSegment.dat
1814664=IfcFlowSegment.dat
1815297=IfcFlowSegment.dat
1815565=IfcFlowSegment.dat
1815841=IfcFlowSegment.dat
1816709=IfcFlowSegment.dat
1817269=IfcFlowSegment.dat
1818559=IfcFlowSegment.dat
1818949=IfcFlowSegment.dat
1819050=IfcFlowSegment.dat
1819234=IfcFlowSegment.dat
1819330=IfcFlowSegment.dat
1819512=IfcFlowSegment.dat
1821062=IfcFlowSegment.dat
1821562=IfcFlowSegment.dat
183332=IfcFlowSegment.dat
1844231=IfcFlowSegment.dat
1845738=IfcFlowSegment.dat
1846169=IfcFlowSegment.dat
1846236=IfcFlowSegment.dat
1846748=IfcFlowSegment.dat
1847271=IfcFlowSegment.dat
1852736=IfcFlowSegment.dat
1852919=IfcFlowSegment.dat
1853100=IfcFlowSegment.dat
1853281=IfcFlowSegment.dat
1854889=IfcFlowSegment.dat
1856488=IfcFlowSegment.dat
1858087=IfcFlowSegment.dat
1859868=IfcFlowSegment.dat
1860108=IfcFlowSegment.dat
1860288=IfcFlowSegment.dat
1862754=IfcFlowSegment.dat
187314=IfcFlowSegment.dat
187408=IfcFlowSegment.dat
187502=IfcFlowSegment.dat
187600=IfcFlowSegment.dat
187695=IfcFlowSegment.dat
1877317=IfcFlowSegment.dat
187793=IfcFlowSegment.dat
188171=IfcFlowSegment.dat
188697=IfcFlowSegment.dat
188793=IfcFlowSegment.dat
189056=IfcFlowSegment.dat
189327=IfcFlowSegment.dat
189427=IfcFlowSegment.dat
1896642=IfcFlowSegment.dat
189678=IfcFlowSegment.dat
1897124=IfcFlowSegment.dat
1897305=IfcFlowSegment.dat
189933=IfcFlowSegment.dat
190033=IfcFlowSegment.dat
190589=IfcFlowSegment.dat
190685=IfcFlowSegment.dat
191068=IfcFlowSegment.dat
191168=IfcFlowSegment.dat
191419=IfcFlowSegment.dat
191674=IfcFlowSegment.dat
191774=IfcFlowSegment.dat
191874=IfcFlowSegment.dat
192125=IfcFlowSegment.dat
1937336=IfcFlowSegment.dat
1937518=IfcFlowSegment.dat
1937760=IfcFlowSegment.dat
1938222=IfcFlowSegment.dat
1938465=IfcFlowSegment.dat
1940065=IfcFlowSegment.dat
1940247=IfcFlowSegment.dat
1947117=IfcFlowSegment.dat
1947359=IfcFlowSegment.dat
1947544=IfcFlowSegment.dat
1947729=IfcFlowSegment.dat
1947914=IfcFlowSegment.dat
1948247=IfcFlowSegment.dat
1948433=IfcFlowSegment.dat
1948618=IfcFlowSegment.dat
1948803=IfcFlowSegment.dat
1948988=IfcFlowSegment.dat
1949230=IfcFlowSegment.dat
1950830=IfcFlowSegment.dat
1951072=IfcFlowSegment.dat
1952669=IfcFlowSegment.dat
1952910=IfcFlowSegment.dat
1953150=IfcFlowSegment.dat
1953391=IfcFlowSegment.dat
1953573=IfcFlowSegment.dat
1955171=IfcFlowSegment.dat
1955265=IfcFlowSegment.dat
1955515=IfcFlowSegment.dat
1955756=IfcFlowSegment.dat
1956067=IfcFlowSegment.dat
1957666=IfcFlowSegment.dat
1957851=IfcFlowSegment.dat
1958037=IfcFlowSegment.dat
1958133=IfcFlowSegment.dat
1958375=IfcFlowSegment.dat
1995432=IfcFlowSegment.dat
2073482=IfcFlowSegment.dat
2074702=IfcFlowSegment.dat
2135432=IfcFlowSegment.dat
2157869=IfcFlowSegment.dat
2168037=IfcFlowSegment.dat
2205654=IfcFlowSegment.dat
2210906=IfcFlowSegment.dat
2212410=IfcFlowSegment.dat
2216402=IfcFlowSegment.dat
2216496=IfcFlowSegment.dat
2251366=IfcFlowSegment.dat
2283267=IfcFlowSegment.dat
2311=IfcFlowSegment.dat
2377207=IfcFlowSegment.dat
2377302=IfcFlowSegment.dat
2377752=IfcFlowSegment.dat
2377=IfcFlowSegment.dat
2378036=IfcFlowSegment.dat
2378220=IfcFlowSegment.dat
2378316=IfcFlowSegment.dat
2378411=IfcFlowSegment.dat
2378858=IfcFlowSegment.dat
2378955=IfcFlowSegment.dat
2379627=IfcFlowSegment.dat
2379722=IfcFlowSegment.dat
2379816=IfcFlowSegment.dat
2380010=IfcFlowSegment.dat
2380296=IfcFlowSegment.dat
2380763=IfcFlowSegment.dat
2380858=IfcFlowSegment.dat
2380953=IfcFlowSegment.dat
2381048=IfcFlowSegment.dat
2381145=IfcFlowSegment.dat
2381522=IfcFlowSegment.dat
2383286=IfcFlowSegment.dat
2383381=IfcFlowSegment.dat
2383478=IfcFlowSegment.dat
2386490=IfcFlowSegment.dat
2399886=IfcFlowSegment.dat
2441601=IfcFlowSegment.dat
2442=IfcFlowSegment.dat
2514887=IfcFlowSegment.dat
2522433=IfcFlowSegment.dat
2614618=IfcFlowSegment.dat
2633479=IfcFlowSegment.dat
2637=IfcFlowSegment.dat
2669637=IfcFlowSegment.dat
2702=IfcFlowSegment.dat
274396=IfcFlowSegment.dat
276953=IfcFlowSegment.dat
2769=IfcFlowSegment.dat
2834=IfcFlowSegment.dat
286648=IfcFlowSegment.dat
2895509=IfcFlowSegment.dat
2903850=IfcFlowSegment.dat
2904014=IfcFlowSegment.dat
2904178=IfcFlowSegment.dat
2904342=IfcFlowSegment.dat
2904510=IfcFlowSegment.dat
2904674=IfcFlowSegment.dat
2904842=IfcFlowSegment.dat
2974211=IfcFlowSegment.dat
2983705=IfcFlowSegment.dat
2987123=IfcFlowSegment.dat
3024200=IfcFlowSegment.dat
3024682=IfcFlowSegment.dat
3036682=IfcFlowSegment.dat
3036772=IfcFlowSegment.dat
3036862=IfcFlowSegment.dat
3037118=IfcFlowSegment.dat
3037207=IfcFlowSegment.dat
3037296=IfcFlowSegment.dat
3037650=IfcFlowSegment.dat
3037745=IfcFlowSegment.dat
3037939=IfcFlowSegment.dat
3040353=IfcFlowSegment.dat
3040418=IfcFlowSegment.dat
3040556=IfcFlowSegment.dat
3040621=IfcFlowSegment.dat
3040686=IfcFlowSegment.dat
3040751=IfcFlowSegment.dat
3040816=IfcFlowSegment.dat
3040883=IfcFlowSegment.dat
3041153=IfcFlowSegment.dat
3041218=IfcFlowSegment.dat
3041285=IfcFlowSegment.dat
3041577=IfcFlowSegment.dat
3041720=IfcFlowSegment.dat
3041787=IfcFlowSegment.dat
3042214=IfcFlowSegment.dat
3042281=IfcFlowSegment.dat
3042830=IfcFlowSegment.dat
3043622=IfcFlowSegment.dat
3043833=IfcFlowSegment.dat
3043900=IfcFlowSegment.dat
3044030=IfcFlowSegment.dat
3044363=IfcFlowSegment.dat
3044432=IfcFlowSegment.dat
3044698=IfcFlowSegment.dat
3044765=IfcFlowSegment.dat
3045110=IfcFlowSegment.dat
3045177=IfcFlowSegment.dat
3045679=IfcFlowSegment.dat
3045744=IfcFlowSegment.dat
3045809=IfcFlowSegment.dat
3046153=IfcFlowSegment.dat
3046218=IfcFlowSegment.dat
3046285=IfcFlowSegment.dat
3046480=IfcFlowSegment.dat
3046545=IfcFlowSegment.dat
3046612=IfcFlowSegment.dat
3049779=IfcFlowSegment.dat
3051351=IfcFlowSegment.dat
3052053=IfcFlowSegment.dat
3052120=IfcFlowSegment.dat
3060694=IfcFlowSegment.dat
3060759=IfcFlowSegment.dat
3060824=IfcFlowSegment.dat
3060891=IfcFlowSegment.dat
3060958=IfcFlowSegment.dat
3072999=IfcFlowSegment.dat
309093=IfcFlowSegment.dat
333085=IfcFlowSegment.dat
333175=IfcFlowSegment.dat
333261=IfcFlowSegment.dat
336793=IfcFlowSegment.dat
337055=IfcFlowSegment.dat
337228=IfcFlowSegment.dat
339468=IfcFlowSegment.dat
341579=IfcFlowSegment.dat
341824=IfcFlowSegment.dat
343803=IfcFlowSegment.dat
345686=IfcFlowSegment.dat
347906=IfcFlowSegment.dat
347994=IfcFlowSegment.dat
348081=IfcFlowSegment.dat
348168=IfcFlowSegment.dat
348255=IfcFlowSegment.dat
348342=IfcFlowSegment.dat
349259=IfcFlowSegment.dat
351237=IfcFlowSegment.dat
353215=IfcFlowSegment.dat
353302=IfcFlowSegment.dat
354219=IfcFlowSegment.dat
354306=IfcFlowSegment.dat
355235=IfcFlowSegment.dat
357201=IfcFlowSegment.dat
359083=IfcFlowSegment.dat
361145=IfcFlowSegment.dat
362451=IfcFlowSegment.dat
363757=IfcFlowSegment.dat
365639=IfcFlowSegment.dat
367524=IfcFlowSegment.dat
367691=IfcFlowSegment.dat
369574=IfcFlowSegment.dat
371454=IfcFlowSegment.dat
371627=IfcFlowSegment.dat
373602=IfcFlowSegment.dat
373690=IfcFlowSegment.dat
373863=IfcFlowSegment.dat
376103=IfcFlowSegment.dat
378339=IfcFlowSegment.dat
378504=IfcFlowSegment.dat
378673=IfcFlowSegment.dat
378761=IfcFlowSegment.dat
378845=IfcFlowSegment.dat
39404=IfcFlowSegment.dat
3995=IfcFlowSegment.dat
4291=IfcFlowSegment.dat
4429=IfcFlowSegment.dat
4494=IfcFlowSegment.dat
4559=IfcFlowSegment.dat
4624=IfcFlowSegment.dat
4689=IfcFlowSegment.dat
4698=IfcFlowSegment.dat
4754=IfcFlowSegment.dat
4766=IfcFlowSegment.dat
4819=IfcFlowSegment.dat
4833=IfcFlowSegment.dat
499581=IfcFlowSegment.dat
5127=IfcFlowSegment.dat
548074=IfcFlowSegment.dat
61758=IfcFlowSegment.dat
63123=IfcFlowSegment.dat
695640=IfcFlowSegment.dat
695727=IfcFlowSegment.dat
695813=IfcFlowSegment.dat
696005=IfcFlowSegment.dat
696091=IfcFlowSegment.dat
696283=IfcFlowSegment.dat
696475=IfcFlowSegment.dat
696562=IfcFlowSegment.dat
696978=IfcFlowSegment.dat
697065=IfcFlowSegment.dat
697863=IfcFlowSegment.dat
697949=IfcFlowSegment.dat
700765=IfcFlowSegment.dat
701124=IfcFlowSegment.dat
701211=IfcFlowSegment.dat
701404=IfcFlowSegment.dat
701491=IfcFlowSegment.dat
701684=IfcFlowSegment.dat
701877=IfcFlowSegment.dat
701964=IfcFlowSegment.dat
703031=IfcFlowSegment.dat
706533=IfcFlowSegment.dat
706620=IfcFlowSegment.dat
706706=IfcFlowSegment.dat
717932=IfcFlowSegment.dat
718019=IfcFlowSegment.dat
718106=IfcFlowSegment.dat
718299=IfcFlowSegment.dat
718386=IfcFlowSegment.dat
718579=IfcFlowSegment.dat
718772=IfcFlowSegment.dat
718859=IfcFlowSegment.dat
719276=IfcFlowSegment.dat
719363=IfcFlowSegment.dat
723063=IfcFlowSegment.dat
723286=IfcFlowSegment.dat
723373=IfcFlowSegment.dat
723566=IfcFlowSegment.dat
723759=IfcFlowSegment.dat
729350=IfcFlowSegment.dat
736312=IfcFlowSegment.dat
736399=IfcFlowSegment.dat
741125=IfcFlowSegment.dat
741212=IfcFlowSegment.dat
741405=IfcFlowSegment.dat
741492=IfcFlowSegment.dat
741933=IfcFlowSegment.dat
746022=IfcFlowSegment.dat
746214=IfcFlowSegment.dat
746301=IfcFlowSegment.dat
746499=IfcFlowSegment.dat
746585=IfcFlowSegment.dat
746672=IfcFlowSegment.dat
746759=IfcFlowSegment.dat
746952=IfcFlowSegment.dat
747038=IfcFlowSegment.dat
747124=IfcFlowSegment.dat
747316=IfcFlowSegment.dat
747403=IfcFlowSegment.dat
747490=IfcFlowSegment.dat
748001=IfcFlowSegment.dat
748088=IfcFlowSegment.dat
748175=IfcFlowSegment.dat
780380=IfcFlowSegment.dat
780475=IfcFlowSegment.dat
780657=IfcFlowSegment.dat
780752=IfcFlowSegment.dat
780934=IfcFlowSegment.dat
785044=IfcFlowSegment.dat
785144=IfcFlowSegment.dat
802406=IfcFlowSegment.dat
807103=IfcFlowSegment.dat
808952=IfcFlowSegment.dat
811640=IfcFlowSegment.dat
811753=IfcFlowSegment.dat
812132=IfcFlowSegment.dat
812421=IfcFlowSegment.dat
812710=IfcFlowSegment.dat
812997=IfcFlowSegment.dat
813414=IfcFlowSegment.dat
813604=IfcFlowSegment.dat
814348=IfcFlowSegment.dat
814767=IfcFlowSegment.dat
815055=IfcFlowSegment.dat
815346=IfcFlowSegment.dat
815535=IfcFlowSegment.dat
815725=IfcFlowSegment.dat
816082=IfcFlowSegment.dat
816362=IfcFlowSegment.dat
817077=IfcFlowSegment.dat
817423=IfcFlowSegment.dat
817518=IfcFlowSegment.dat
817701=IfcFlowSegment.dat
817800=IfcFlowSegment.dat
818216=IfcFlowSegment.dat
818503=IfcFlowSegment.dat
818619=IfcFlowSegment.dat
818993=IfcFlowSegment.dat
819088=IfcFlowSegment.dat
819281=IfcFlowSegment.dat
819663=IfcFlowSegment.dat
819757=IfcFlowSegment.dat
819851=IfcFlowSegment.dat
819945=IfcFlowSegment.dat
820365=IfcFlowSegment.dat
821584=IfcFlowSegment.dat
821678=IfcFlowSegment.dat
821951=IfcFlowSegment.dat
822046=IfcFlowSegment.dat
822303=IfcFlowSegment.dat
822590=IfcFlowSegment.dat
822684=IfcFlowSegment.dat
822957=IfcFlowSegment.dat
823055=IfcFlowSegment.dat
823149=IfcFlowSegment.dat
823596=IfcFlowSegment.dat
823693=IfcFlowSegment.dat
823982=IfcFlowSegment.dat
825691=IfcFlowSegment.dat
825785=IfcFlowSegment.dat
825966=IfcFlowSegment.dat
826060=IfcFlowSegment.dat
826154=IfcFlowSegment.dat
826404=IfcFlowSegment.dat
826683=IfcFlowSegment.dat
827982=IfcFlowSegment.dat
828438=IfcFlowSegment.dat
828622=IfcFlowSegment.dat
828911=IfcFlowSegment.dat
829198=IfcFlowSegment.dat
829293=IfcFlowSegment.dat
829475=IfcFlowSegment.dat
829570=IfcFlowSegment.dat
829664=IfcFlowSegment.dat
829859=IfcFlowSegment.dat
829954=IfcFlowSegment.dat
830052=IfcFlowSegment.dat
830326=IfcFlowSegment.dat
830576=IfcFlowSegment.dat
830762=IfcFlowSegment.dat
830856=IfcFlowSegment.dat
830950=IfcFlowSegment.dat
831218=IfcFlowSegment.dat
831491=IfcFlowSegment.dat
831587=IfcFlowSegment.dat
831873=IfcFlowSegment.dat
832349=IfcFlowSegment.dat
832607=IfcFlowSegment.dat
832705=IfcFlowSegment.dat
832891=IfcFlowSegment.dat
832989=IfcFlowSegment.dat
833088=IfcFlowSegment.dat
833363=IfcFlowSegment.dat
833460=IfcFlowSegment.dat
833744=IfcFlowSegment.dat
834099=IfcFlowSegment.dat
834197=IfcFlowSegment.dat
835362=IfcFlowSegment.dat
835647=IfcFlowSegment.dat
835832=IfcFlowSegment.dat
837739=IfcFlowSegment.dat
837833=IfcFlowSegment.dat
838106=IfcFlowSegment.dat
855048=IfcFlowSegment.dat
855138=IfcFlowSegment.dat
855227=IfcFlowSegment.dat
855399=IfcFlowSegment.dat
855578=IfcFlowSegment.dat
856156=IfcFlowSegment.dat
856242=IfcFlowSegment.dat
856328=IfcFlowSegment.dat
856490=IfcFlowSegment.dat
856576=IfcFlowSegment.dat
857893=IfcFlowSegment.dat
857979=IfcFlowSegment.dat
858141=IfcFlowSegment.dat
858304=IfcFlowSegment.dat
858391=IfcFlowSegment.dat
858477=IfcFlowSegment.dat
862871=IfcFlowSegment.dat
868998=IfcFlowSegment.dat
895618=IfcFlowSegment.dat
895685=IfcFlowSegment.dat
895750=IfcFlowSegment.dat
903595=IfcFlowSegment.dat
903773=IfcFlowSegment.dat
948512=IfcFlowSegment.dat
949215=IfcFlowSegment.dat
949306=IfcFlowSegment.dat
951948=IfcFlowSegment.dat
952041=IfcFlowSegment.dat
952390=IfcFlowSegment.dat
952477=IfcFlowSegment.dat
952733=IfcFlowSegment.dat
953790=IfcFlowSegment.dat
954334=IfcFlowSegment.dat
954577=IfcFlowSegment.dat
954911=IfcFlowSegment.dat
954995=IfcFlowSegment.dat
955079=IfcFlowSegment.dat
955163=IfcFlowSegment.dat
955247=IfcFlowSegment.dat
955419=IfcFlowSegment.dat
955593=IfcFlowSegment.dat
955767=IfcFlowSegment.dat
956241=IfcFlowSegment.dat
965376=IfcFlowSegment.dat
982164=IfcFlowSegment.dat
982450=IfcFlowSegment.dat
982546=IfcFlowSegment.dat
99943=IfcFlowSegment.dat
1625701=IfcFlowTerminal.dat
1639398=IfcFlowTerminal.dat
1845434=IfcFlowTerminal.dat
1845540=IfcFlowTerminal.dat
1845595=IfcFlowTerminal.dat
1847755=IfcFlowTerminal.dat
1847860=IfcFlowTerminal.dat
1847925=IfcFlowTerminal.dat
1847990=IfcFlowTerminal.dat
1848055=IfcFlowTerminal.dat
1848120=IfcFlowTerminal.dat
1848185=IfcFlowTerminal.dat
1848250=IfcFlowTerminal.dat
1848315=IfcFlowTerminal.dat
1848380=IfcFlowTerminal.dat
1848445=IfcFlowTerminal.dat
1848510=IfcFlowTerminal.dat
1848575=IfcFlowTerminal.dat
1848640=IfcFlowTerminal.dat
1848705=IfcFlowTerminal.dat
1848770=IfcFlowTerminal.dat
1848945=IfcFlowTerminal.dat
1849064=IfcFlowTerminal.dat
1849137=IfcFlowTerminal.dat
1849210=IfcFlowTerminal.dat
1849283=IfcFlowTerminal.dat
1849356=IfcFlowTerminal.dat
1849429=IfcFlowTerminal.dat
1849502=IfcFlowTerminal.dat
1849575=IfcFlowTerminal.dat
1849648=IfcFlowTerminal.dat
1849721=IfcFlowTerminal.dat
1849794=IfcFlowTerminal.dat
1849867=IfcFlowTerminal.dat
1849940=IfcFlowTerminal.dat
1850010=IfcFlowTerminal.dat
1850075=IfcFlowTerminal.dat
1850140=IfcFlowTerminal.dat
1850205=IfcFlowTerminal.dat
1850270=IfcFlowTerminal.dat
1850335=IfcFlowTerminal.dat
1850400=IfcFlowTerminal.dat
1850465=IfcFlowTerminal.dat
1850530=IfcFlowTerminal.dat
1850595=IfcFlowTerminal.dat
1850660=IfcFlowTerminal.dat
1850725=IfcFlowTerminal.dat
1850790=IfcFlowTerminal.dat
1850855=IfcFlowTerminal.dat
1850920=IfcFlowTerminal.dat
1850985=IfcFlowTerminal.dat
1851053=IfcFlowTerminal.dat
1851126=IfcFlowTerminal.dat
1922988=IfcFlowTerminal.dat
1923640=IfcFlowTerminal.dat
1924732=IfcFlowTerminal.dat
1925601=IfcFlowTerminal.dat
1930582=IfcFlowTerminal.dat
1931530=IfcFlowTerminal.dat
1931638=IfcFlowTerminal.dat
1931711=IfcFlowTerminal.dat
1931784=IfcFlowTerminal.dat
1931857=IfcFlowTerminal.dat
1931930=IfcFlowTerminal.dat
1932003=IfcFlowTerminal.dat
1932076=IfcFlowTerminal.dat
1933312=IfcFlowTerminal.dat
1933382=IfcFlowTerminal.dat
1933452=IfcFlowTerminal.dat
1933635=IfcFlowTerminal.dat
1933737=IfcFlowTerminal.dat
1933807=IfcFlowTerminal.dat
1933880=IfcFlowTerminal.dat
1933953=IfcFlowTerminal.dat
1934023=IfcFlowTerminal.dat
1934096=IfcFlowTerminal.dat
1934169=IfcFlowTerminal.dat
1934242=IfcFlowTerminal.dat
1934315=IfcFlowTerminal.dat
1934388=IfcFlowTerminal.dat
1934461=IfcFlowTerminal.dat
1934629=IfcFlowTerminal.dat
1934738=IfcFlowTerminal.dat
1934811=IfcFlowTerminal.dat
1934884=IfcFlowTerminal.dat
1934957=IfcFlowTerminal.dat
1935030=IfcFlowTerminal.dat
1935103=IfcFlowTerminal.dat
1935176=IfcFlowTerminal.dat
1935249=IfcFlowTerminal.dat
1935435=IfcFlowTerminal.dat
1937998=IfcFlowTerminal.dat
1955843=IfcFlowTerminal.dat
242013=IfcFlowTerminal.dat
244778=IfcFlowTerminal.dat
246903=IfcFlowTerminal.dat
246970=IfcFlowTerminal.dat
247037=IfcFlowTerminal.dat
247104=IfcFlowTerminal.dat
247171=IfcFlowTerminal.dat
247238=IfcFlowTerminal.dat
247305=IfcFlowTerminal.dat
247372=IfcFlowTerminal.dat
247439=IfcFlowTerminal.dat
247506=IfcFlowTerminal.dat
247573=IfcFlowTerminal.dat
247640=IfcFlowTerminal.dat
247707=IfcFlowTerminal.dat
247774=IfcFlowTerminal.dat
247841=IfcFlowTerminal.dat
247908=IfcFlowTerminal.dat
247975=IfcFlowTerminal.dat
248042=IfcFlowTerminal.dat
248109=IfcFlowTerminal.dat
248176=IfcFlowTerminal.dat
248243=IfcFlowTerminal.dat
248310=IfcFlowTerminal.dat
248377=IfcFlowTerminal.dat
248444=IfcFlowTerminal.dat
248511=IfcFlowTerminal.dat
248578=IfcFlowTerminal.dat
248645=IfcFlowTerminal.dat
248712=IfcFlowTerminal.dat
248779=IfcFlowTerminal.dat
248846=IfcFlowTerminal.dat
248913=IfcFlowTerminal.dat
248980=IfcFlowTerminal.dat
249047=IfcFlowTerminal.dat
249114=IfcFlowTerminal.dat
249181=IfcFlowTerminal.dat
249248=IfcFlowTerminal.dat
249315=IfcFlowTerminal.dat
249382=IfcFlowTerminal.dat
249449=IfcFlowTerminal.dat
249516=IfcFlowTerminal.dat
252982=IfcFlowTerminal.dat
253049=IfcFlowTerminal.dat
3045605=IfcFlowTerminal.dat
3047317=IfcFlowTerminal.dat
695358=IfcFlowTerminal.dat
695426=IfcFlowTerminal.dat
695494=IfcFlowTerminal.dat
695562=IfcFlowTerminal.dat
700842=IfcFlowTerminal.dat
700910=IfcFlowTerminal.dat
700978=IfcFlowTerminal.dat
701046=IfcFlowTerminal.dat
717650=IfcFlowTerminal.dat
717718=IfcFlowTerminal.dat
717786=IfcFlowTerminal.dat
717854=IfcFlowTerminal.dat
723140=IfcFlowTerminal.dat
723208=IfcFlowTerminal.dat
740979=IfcFlowTerminal.dat
741047=IfcFlowTerminal.dat
741787=IfcFlowTerminal.dat
741855=IfcFlowTerminal.dat
108054=IfcMember.dat
1803455=IfcMember.dat
1803486=IfcMember.dat
1803677=IfcMember.dat
1803697=IfcMember.dat
2150237=IfcMember.dat
2150372=IfcMember.dat
2154808=IfcMember.dat
2154943=IfcMember.dat
2724079=IfcMember.dat
2724107=IfcMember.dat
2724133=IfcMember.dat
2724159=IfcMember.dat
2724185=IfcMember.dat
2724211=IfcMember.dat
2724754=IfcMember.dat
2724782=IfcMember.dat
2724808=IfcMember.dat
2724834=IfcMember.dat
2724860=IfcMember.dat
2724886=IfcMember.dat
2619621=IfcRailing.dat
2775700=IfcRailing.dat
2779080=IfcRailing.dat
2798297=IfcRailing.dat
2801530=IfcRailing.dat
2804763=IfcRailing.dat
2807996=IfcRailing.dat
2812981=IfcRailing.dat
2817992=IfcRailing.dat
2818041=IfcRailing.dat
2823530=IfcRailing.dat
2828176=IfcRailing.dat
2832284=IfcRailing.dat
1802294=IfcStairFlight.dat
1803120=IfcStairFlight.dat
1822585=IfcStairFlight.dat
1846175=IfcStairFlight.dat
1846710=IfcStairFlight.dat
1847243=IfcStairFlight.dat
2148958=IfcStairFlight.dat
2149970=IfcStairFlight.dat
2153529=IfcStairFlight.dat
2154541=IfcStairFlight.dat
2724018=IfcStairFlight.dat
2724693=IfcStairFlight.dat
