10121=IfcBeam.dat
1020=IfcBeam.dat
10332=IfcBeam.dat
10646=IfcBeam.dat
10865=IfcBeam.dat
10969=IfcBeam.dat
1102=IfcBeam.dat
11072=IfcBeam.dat
11163=IfcBeam.dat
1219=IfcBeam.dat
12338=IfcBeam.dat
12445=IfcBeam.dat
12679=IfcBeam.dat
12791=IfcBeam.dat
12895=IfcBeam.dat
1301=IfcBeam.dat
13109=IfcBeam.dat
13200=IfcBeam.dat
13303=IfcBeam.dat
13394=IfcBeam.dat
13486=IfcBeam.dat
13579=IfcBeam.dat
13682=IfcBeam.dat
13773=IfcBeam.dat
13864=IfcBeam.dat
13967=IfcBeam.dat
14070=IfcBeam.dat
14161=IfcBeam.dat
14252=IfcBeam.dat
14355=IfcBeam.dat
14456=IfcBeam.dat
14559=IfcBeam.dat
14660=IfcBeam.dat
14763=IfcBeam.dat
14854=IfcBeam.dat
14957=IfcBeam.dat
15058=IfcBeam.dat
15161=IfcBeam.dat
15262=IfcBeam.dat
1529=IfcBeam.dat
15343=IfcBeam.dat
15447=IfcBeam.dat
15548=IfcBeam.dat
15629=IfcBeam.dat
15727=IfcBeam.dat
15854=IfcBeam.dat
15954=IfcBeam.dat
16071=IfcBeam.dat
1611=IfcBeam.dat
16169=IfcBeam.dat
16317=IfcBeam.dat
16484=IfcBeam.dat
16601=IfcBeam.dat
16701=IfcBeam.dat
16780=IfcBeam.dat
16859=IfcBeam.dat
16967=IfcBeam.dat
17084=IfcBeam.dat
17215=IfcBeam.dat
1728=IfcBeam.dat
17358=IfcBeam.dat
17540=IfcBeam.dat
1762266=IfcBeam.dat
17673=IfcBeam.dat
1772726=IfcBeam.dat
1773041=IfcBeam.dat
1773125=IfcBeam.dat
1773367=IfcBeam.dat
1773594=IfcBeam.dat
1773700=IfcBeam.dat
1773880=IfcBeam.dat
1774074=IfcBeam.dat
1774274=IfcBeam.dat
1774448=IfcBeam.dat
1774551=IfcBeam.dat
1774782=IfcBeam.dat
1775133=IfcBeam.dat
1775401=IfcBeam.dat
1775549=IfcBeam.dat
1775851=IfcBeam.dat
1776183=IfcBeam.dat
17823=IfcBeam.dat
1785842=IfcBeam.dat
1789053=IfcBeam.dat
17902=IfcBeam.dat
1794306=IfcBeam.dat
1795576=IfcBeam.dat
17981=IfcBeam.dat
1800292=IfcBeam.dat
1803084=IfcBeam.dat
1805006=IfcBeam.dat
18079=IfcBeam.dat
1809113=IfcBeam.dat
1809215=IfcBeam.dat
1809308=IfcBeam.dat
1809433=IfcBeam.dat
1809716=IfcBeam.dat
1809799=IfcBeam.dat
1809892=IfcBeam.dat
1809986=IfcBeam.dat
1810185=IfcBeam.dat
1810269=IfcBeam.dat
1810353=IfcBeam.dat
1810562=IfcBeam.dat
1810646=IfcBeam.dat
1810730=IfcBeam.dat
1810=IfcBeam.dat
1811477=IfcBeam.dat
1811560=IfcBeam.dat
1811708=IfcBeam.dat
1811903=IfcBeam.dat
1811987=IfcBeam.dat
1812081=IfcBeam.dat
18210=IfcBeam.dat
18289=IfcBeam.dat
1830233=IfcBeam.dat
18368=IfcBeam.dat
1839487=IfcBeam.dat
1839589=IfcBeam.dat
1841858=IfcBeam.dat
1842985=IfcBeam.dat
18447=IfcBeam.dat
18526=IfcBeam.dat
18638=IfcBeam.dat
18755=IfcBeam.dat
18872=IfcBeam.dat
18951=IfcBeam.dat
19226=IfcBeam.dat
1927=IfcBeam.dat
19362=IfcBeam.dat
19441=IfcBeam.dat
19520=IfcBeam.dat
19599=IfcBeam.dat
19678=IfcBeam.dat
19757=IfcBeam.dat
19836=IfcBeam.dat
19915=IfcBeam.dat
19994=IfcBeam.dat
2009=IfcBeam.dat
20106=IfcBeam.dat
20218=IfcBeam.dat
20297=IfcBeam.dat
20376=IfcBeam.dat
20455=IfcBeam.dat
20534=IfcBeam.dat
20613=IfcBeam.dat
20692=IfcBeam.dat
20771=IfcBeam.dat
20909=IfcBeam.dat
2091=IfcBeam.dat
21061=IfcBeam.dat
21186=IfcBeam.dat
2127313=IfcBeam.dat
2127397=IfcBeam.dat
2127733=IfcBeam.dat
2128229=IfcBeam.dat
2128753=IfcBeam.dat
2129166=IfcBeam.dat
2129662=IfcBeam.dat
2130780=IfcBeam.dat
2130882=IfcBeam.dat
2130980=IfcBeam.dat
21309=IfcBeam.dat
2131078=IfcBeam.dat
2131195=IfcBeam.dat
2132175=IfcBeam.dat
2132652=IfcBeam.dat
2141580=IfcBeam.dat
21432=IfcBeam.dat
21555=IfcBeam.dat
21670=IfcBeam.dat
21815=IfcBeam.dat
21894=IfcBeam.dat
2193=IfcBeam.dat
21973=IfcBeam.dat
22052=IfcBeam.dat
22131=IfcBeam.dat
22210=IfcBeam.dat
22289=IfcBeam.dat
22368=IfcBeam.dat
22447=IfcBeam.dat
22564=IfcBeam.dat
22681=IfcBeam.dat
22760=IfcBeam.dat
22839=IfcBeam.dat
22918=IfcBeam.dat
22997=IfcBeam.dat
23076=IfcBeam.dat
2314=IfcBeam.dat
23175=IfcBeam.dat
23292=IfcBeam.dat
23409=IfcBeam.dat
23488=IfcBeam.dat
23605=IfcBeam.dat
23722=IfcBeam.dat
23801=IfcBeam.dat
23899=IfcBeam.dat
2412=IfcBeam.dat
24604=IfcBeam.dat
24796=IfcBeam.dat
24875=IfcBeam.dat
24974=IfcBeam.dat
25073=IfcBeam.dat
2510=IfcBeam.dat
25154=IfcBeam.dat
25233=IfcBeam.dat
25350=IfcBeam.dat
2625=IfcBeam.dat
2670603=IfcBeam.dat
2670694=IfcBeam.dat
2671183=IfcBeam.dat
2671264=IfcBeam.dat
2671345=IfcBeam.dat
2671428=IfcBeam.dat
2672001=IfcBeam.dat
2672248=IfcBeam.dat
2672640=IfcBeam.dat
2673005=IfcBeam.dat
2674217=IfcBeam.dat
2674537=IfcBeam.dat
2674776=IfcBeam.dat
2675117=IfcBeam.dat
2676094=IfcBeam.dat
2676347=IfcBeam.dat
2676799=IfcBeam.dat
2677077=IfcBeam.dat
2677500=IfcBeam.dat
2677717=IfcBeam.dat
2677923=IfcBeam.dat
2678098=IfcBeam.dat
2678338=IfcBeam.dat
2678550=IfcBeam.dat
2679166=IfcBeam.dat
2679372=IfcBeam.dat
2679624=IfcBeam.dat
2679832=IfcBeam.dat
2680433=IfcBeam.dat
2681064=IfcBeam.dat
2681308=IfcBeam.dat
2681558=IfcBeam.dat
2681766=IfcBeam.dat
2682160=IfcBeam.dat
2682368=IfcBeam.dat
2682928=IfcBeam.dat
2683146=IfcBeam.dat
2683440=IfcBeam.dat
2683704=IfcBeam.dat
2684160=IfcBeam.dat
2684241=IfcBeam.dat
2684441=IfcBeam.dat
2684532=IfcBeam.dat
2684994=IfcBeam.dat
2685359=IfcBeam.dat
2685725=IfcBeam.dat
2685825=IfcBeam.dat
2685963=IfcBeam.dat
2686061=IfcBeam.dat
2686209=IfcBeam.dat
2686376=IfcBeam.dat
2686657=IfcBeam.dat
2686757=IfcBeam.dat
2686935=IfcBeam.dat
2687014=IfcBeam.dat
2687308=IfcBeam.dat
2687669=IfcBeam.dat
2687810=IfcBeam.dat
2688137=IfcBeam.dat
2688363=IfcBeam.dat
2688477=IfcBeam.dat
2688608=IfcBeam.dat
2688687=IfcBeam.dat
2688766=IfcBeam.dat
2688864=IfcBeam.dat
2688976=IfcBeam.dat
2689055=IfcBeam.dat
2689134=IfcBeam.dat
2689213=IfcBeam.dat
2689292=IfcBeam.dat
2689414=IfcBeam.dat
2689512=IfcBeam.dat
2689610=IfcBeam.dat
2689689=IfcBeam.dat
2690008=IfcBeam.dat
2690144=IfcBeam.dat
2690223=IfcBeam.dat
2690302=IfcBeam.dat
2690381=IfcBeam.dat
2690460=IfcBeam.dat
2690539=IfcBeam.dat
2690618=IfcBeam.dat
2690697=IfcBeam.dat
2690776=IfcBeam.dat
2690976=IfcBeam.dat
2691103=IfcBeam.dat
2691182=IfcBeam.dat
2691261=IfcBeam.dat
2691340=IfcBeam.dat
2691419=IfcBeam.dat
2691498=IfcBeam.dat
2691577=IfcBeam.dat
2691656=IfcBeam.dat
2691794=IfcBeam.dat
2691978=IfcBeam.dat
2692103=IfcBeam.dat
2692226=IfcBeam.dat
2692349=IfcBeam.dat
2692472=IfcBeam.dat
2692587=IfcBeam.dat
2692754=IfcBeam.dat
2692833=IfcBeam.dat
2692912=IfcBeam.dat
2692991=IfcBeam.dat
2693070=IfcBeam.dat
2693149=IfcBeam.dat
2693228=IfcBeam.dat
2693307=IfcBeam.dat
2693386=IfcBeam.dat
2693503=IfcBeam.dat
2693658=IfcBeam.dat
2693737=IfcBeam.dat
2693816=IfcBeam.dat
2693895=IfcBeam.dat
2693974=IfcBeam.dat
2694053=IfcBeam.dat
2694231=IfcBeam.dat
2694348=IfcBeam.dat
2694465=IfcBeam.dat
2694661=IfcBeam.dat
2694759=IfcBeam.dat
2694838=IfcBeam.dat
2694936=IfcBeam.dat
2695660=IfcBeam.dat
2695852=IfcBeam.dat
2695931=IfcBeam.dat
2696030=IfcBeam.dat
2696129=IfcBeam.dat
2696297=IfcBeam.dat
2696376=IfcBeam.dat
2696493=IfcBeam.dat
2720777=IfcBeam.dat
2720857=IfcBeam.dat
2720980=IfcBeam.dat
2728714=IfcBeam.dat
2728795=IfcBeam.dat
2729151=IfcBeam.dat
2753260=IfcBeam.dat
2753344=IfcBeam.dat
2753517=IfcBeam.dat
2753662=IfcBeam.dat
2753763=IfcBeam.dat
2753844=IfcBeam.dat
2753925=IfcBeam.dat
2754006=IfcBeam.dat
2754087=IfcBeam.dat
2754168=IfcBeam.dat
2754249=IfcBeam.dat
2754330=IfcBeam.dat
2754411=IfcBeam.dat
2754492=IfcBeam.dat
2754573=IfcBeam.dat
2754654=IfcBeam.dat
2754735=IfcBeam.dat
2754816=IfcBeam.dat
2754897=IfcBeam.dat
2754978=IfcBeam.dat
2755059=IfcBeam.dat
2755140=IfcBeam.dat
2755221=IfcBeam.dat
2755302=IfcBeam.dat
2755398=IfcBeam.dat
2755479=IfcBeam.dat
2755560=IfcBeam.dat
2755641=IfcBeam.dat
2755722=IfcBeam.dat
2755803=IfcBeam.dat
2755884=IfcBeam.dat
2755965=IfcBeam.dat
2756046=IfcBeam.dat
2756127=IfcBeam.dat
2756208=IfcBeam.dat
2756289=IfcBeam.dat
2756370=IfcBeam.dat
2756451=IfcBeam.dat
2756532=IfcBeam.dat
2756613=IfcBeam.dat
2767=IfcBeam.dat
35406=IfcBeam.dat
35524=IfcBeam.dat
35604=IfcBeam.dat
38487=IfcBeam.dat
39010=IfcBeam.dat
39104=IfcBeam.dat
39188=IfcBeam.dat
39271=IfcBeam.dat
39372=IfcBeam.dat
39453=IfcBeam.dat
39534=IfcBeam.dat
39615=IfcBeam.dat
39696=IfcBeam.dat
39777=IfcBeam.dat
39858=IfcBeam.dat
39939=IfcBeam.dat
40020=IfcBeam.dat
40101=IfcBeam.dat
40182=IfcBeam.dat
40263=IfcBeam.dat
40344=IfcBeam.dat
40425=IfcBeam.dat
40506=IfcBeam.dat
40587=IfcBeam.dat
40668=IfcBeam.dat
40749=IfcBeam.dat
40830=IfcBeam.dat
40911=IfcBeam.dat
40992=IfcBeam.dat
41073=IfcBeam.dat
41154=IfcBeam.dat
41235=IfcBeam.dat
41316=IfcBeam.dat
41397=IfcBeam.dat
41478=IfcBeam.dat
41559=IfcBeam.dat
41640=IfcBeam.dat
41721=IfcBeam.dat
41802=IfcBeam.dat
41883=IfcBeam.dat
41964=IfcBeam.dat
42045=IfcBeam.dat
42126=IfcBeam.dat
42207=IfcBeam.dat
819=IfcBeam.dat
101650=IfcSlab.dat
140691=IfcSlab.dat
140920=IfcSlab.dat
142840=IfcSlab.dat
1803422=IfcSlab.dat
18909=IfcSlab.dat
19079=IfcSlab.dat
1922323=IfcSlab.dat
19261=IfcSlab.dat
1931883=IfcSlab.dat
20204=IfcSlab.dat
20355=IfcSlab.dat
2090909=IfcSlab.dat
2092009=IfcSlab.dat
2093307=IfcSlab.dat
2093555=IfcSlab.dat
2150102=IfcSlab.dat
2154673=IfcSlab.dat
2156975=IfcSlab.dat
2157090=IfcSlab.dat
2158822=IfcSlab.dat
2158890=IfcSlab.dat
2159045=IfcSlab.dat
2217807=IfcSlab.dat
2409844=IfcSlab.dat
2409970=IfcSlab.dat
25797=IfcSlab.dat
25953=IfcSlab.dat
26019=IfcSlab.dat
2622209=IfcSlab.dat
2674850=IfcSlab.dat
2674908=IfcSlab.dat
2674966=IfcSlab.dat
2709913=IfcSlab.dat
2719716=IfcSlab.dat
27235=IfcSlab.dat
2724051=IfcSlab.dat
2724726=IfcSlab.dat
27811=IfcSlab.dat
330=IfcSlab.dat
632502=IfcSlab.dat
2093701=IfcWall.dat
2111164=IfcWall.dat
2126861=IfcWall.dat
2386336=IfcWall.dat
323=IfcWall.dat
4791=IfcWall.dat
54528=IfcWall.dat
798868=IfcWall.dat
10725=IfcWallStandardCase.dat
10789=IfcWallStandardCase.dat
10916=IfcWallStandardCase.dat
11737=IfcWallStandardCase.dat
11799=IfcWallStandardCase.dat
12029=IfcWallStandardCase.dat
12059=IfcWallStandardCase.dat
12460=IfcWallStandardCase.dat
12655=IfcWallStandardCase.dat
12877=IfcWallStandardCase.dat
1337474=IfcWallStandardCase.dat
1337567=IfcWallStandardCase.dat
13655=IfcWallStandardCase.dat
13985=IfcWallStandardCase.dat
14366=IfcWallStandardCase.dat
1478826=IfcWallStandardCase.dat
1482328=IfcWallStandardCase.dat
1482393=IfcWallStandardCase.dat
14845=IfcWallStandardCase.dat
15381=IfcWallStandardCase.dat
1563270=IfcWallStandardCase.dat
1563336=IfcWallStandardCase.dat
1661392=IfcWallStandardCase.dat
1705062=IfcWallStandardCase.dat
1745498=IfcWallStandardCase.dat
1749841=IfcWallStandardCase.dat
17775=IfcWallStandardCase.dat
1795421=IfcWallStandardCase.dat
1810809=IfcWallStandardCase.dat
1810928=IfcWallStandardCase.dat
1811011=IfcWallStandardCase.dat
1811125=IfcWallStandardCase.dat
1811190=IfcWallStandardCase.dat
1811272=IfcWallStandardCase.dat
1811352=IfcWallStandardCase.dat
18153=IfcWallStandardCase.dat
1934263=IfcWallStandardCase.dat
195=IfcWallStandardCase.dat
20813=IfcWallStandardCase.dat
2090973=IfcWallStandardCase.dat
2145752=IfcWallStandardCase.dat
2145815=IfcWallStandardCase.dat
2145879=IfcWallStandardCase.dat
2145942=IfcWallStandardCase.dat
2146005=IfcWallStandardCase.dat
2146069=IfcWallStandardCase.dat
2150513=IfcWallStandardCase.dat
2150576=IfcWallStandardCase.dat
2150640=IfcWallStandardCase.dat
2155047=IfcWallStandardCase.dat
2155110=IfcWallStandardCase.dat
2155174=IfcWallStandardCase.dat
2155248=IfcWallStandardCase.dat
2155348=IfcWallStandardCase.dat
2155432=IfcWallStandardCase.dat
2155510=IfcWallStandardCase.dat
2155580=IfcWallStandardCase.dat
2155655=IfcWallStandardCase.dat
2155727=IfcWallStandardCase.dat
2155792=IfcWallStandardCase.dat
2155866=IfcWallStandardCase.dat
2155940=IfcWallStandardCase.dat
2156014=IfcWallStandardCase.dat
2156084=IfcWallStandardCase.dat
2156160=IfcWallStandardCase.dat
2156232=IfcWallStandardCase.dat
2156316=IfcWallStandardCase.dat
2156379=IfcWallStandardCase.dat
2156455=IfcWallStandardCase.dat
2156531=IfcWallStandardCase.dat
2156603=IfcWallStandardCase.dat
2156677=IfcWallStandardCase.dat
2156759=IfcWallStandardCase.dat
2156831=IfcWallStandardCase.dat
2156903=IfcWallStandardCase.dat
2160789=IfcWallStandardCase.dat
2160860=IfcWallStandardCase.dat
2160937=IfcWallStandardCase.dat
2161010=IfcWallStandardCase.dat
2161083=IfcWallStandardCase.dat
2161156=IfcWallStandardCase.dat
2161220=IfcWallStandardCase.dat
2161293=IfcWallStandardCase.dat
2216621=IfcWallStandardCase.dat
2217895=IfcWallStandardCase.dat
2218309=IfcWallStandardCase.dat
2218819=IfcWallStandardCase.dat
2218945=IfcWallStandardCase.dat
2219008=IfcWallStandardCase.dat
2221400=IfcWallStandardCase.dat
2222073=IfcWallStandardCase.dat
2224269=IfcWallStandardCase.dat
2305541=IfcWallStandardCase.dat
2306724=IfcWallStandardCase.dat
2306900=IfcWallStandardCase.dat
2307234=IfcWallStandardCase.dat
2307318=IfcWallStandardCase.dat
2309091=IfcWallStandardCase.dat
2386409=IfcWallStandardCase.dat
2386483=IfcWallStandardCase.dat
24077=IfcWallStandardCase.dat
24142=IfcWallStandardCase.dat
24207=IfcWallStandardCase.dat
24271=IfcWallStandardCase.dat
24335=IfcWallStandardCase.dat
24399=IfcWallStandardCase.dat
24470=IfcWallStandardCase.dat
24543=IfcWallStandardCase.dat
24618=IfcWallStandardCase.dat
24690=IfcWallStandardCase.dat
24754=IfcWallStandardCase.dat
24818=IfcWallStandardCase.dat
24900=IfcWallStandardCase.dat
25027=IfcWallStandardCase.dat
250683=IfcWallStandardCase.dat
252124=IfcWallStandardCase.dat
252187=IfcWallStandardCase.dat
252249=IfcWallStandardCase.dat
252311=IfcWallStandardCase.dat
252373=IfcWallStandardCase.dat
252435=IfcWallStandardCase.dat
252497=IfcWallStandardCase.dat
252559=IfcWallStandardCase.dat
252621=IfcWallStandardCase.dat
252683=IfcWallStandardCase.dat
252745=IfcWallStandardCase.dat
252807=IfcWallStandardCase.dat
252869=IfcWallStandardCase.dat
252931=IfcWallStandardCase.dat
26124=IfcWallStandardCase.dat
26188=IfcWallStandardCase.dat
2622773=IfcWallStandardCase.dat
2669357=IfcWallStandardCase.dat
2669420=IfcWallStandardCase.dat
2669483=IfcWallStandardCase.dat
2669553=IfcWallStandardCase.dat
2669633=IfcWallStandardCase.dat
2669707=IfcWallStandardCase.dat
2669783=IfcWallStandardCase.dat
2669855=IfcWallStandardCase.dat
2669918=IfcWallStandardCase.dat
2669981=IfcWallStandardCase.dat
2670044=IfcWallStandardCase.dat
2670107=IfcWallStandardCase.dat
2670171=IfcWallStandardCase.dat
2720624=IfcWallStandardCase.dat
2720712=IfcWallStandardCase.dat
2721713=IfcWallStandardCase.dat
2722530=IfcWallStandardCase.dat
2722594=IfcWallStandardCase.dat
2722658=IfcWallStandardCase.dat
2722722=IfcWallStandardCase.dat
2722786=IfcWallStandardCase.dat
2722861=IfcWallStandardCase.dat
2722934=IfcWallStandardCase.dat
2723012=IfcWallStandardCase.dat
2723078=IfcWallStandardCase.dat
2723185=IfcWallStandardCase.dat
2723249=IfcWallStandardCase.dat
2723315=IfcWallStandardCase.dat
2723381=IfcWallStandardCase.dat
2723458=IfcWallStandardCase.dat
2723521=IfcWallStandardCase.dat
2723584=IfcWallStandardCase.dat
2723647=IfcWallStandardCase.dat
2723710=IfcWallStandardCase.dat
2723773=IfcWallStandardCase.dat
2729462=IfcWallStandardCase.dat
2742746=IfcWallStandardCase.dat
2744564=IfcWallStandardCase.dat
2744627=IfcWallStandardCase.dat
2747634=IfcWallStandardCase.dat
2747759=IfcWallStandardCase.dat
2747884=IfcWallStandardCase.dat
2747948=IfcWallStandardCase.dat
2751189=IfcWallStandardCase.dat
2752457=IfcWallStandardCase.dat
2753597=IfcWallStandardCase.dat
2756713=IfcWallStandardCase.dat
2756776=IfcWallStandardCase.dat
2756839=IfcWallStandardCase.dat
2756919=IfcWallStandardCase.dat
2756982=IfcWallStandardCase.dat
27874=IfcWallStandardCase.dat
27938=IfcWallStandardCase.dat
28043=IfcWallStandardCase.dat
28124=IfcWallStandardCase.dat
28205=IfcWallStandardCase.dat
28287=IfcWallStandardCase.dat
28375=IfcWallStandardCase.dat
28438=IfcWallStandardCase.dat
28501=IfcWallStandardCase.dat
28599=IfcWallStandardCase.dat
28683=IfcWallStandardCase.dat
28767=IfcWallStandardCase.dat
28830=IfcWallStandardCase.dat
28912=IfcWallStandardCase.dat
28976=IfcWallStandardCase.dat
29040=IfcWallStandardCase.dat
29121=IfcWallStandardCase.dat
29184=IfcWallStandardCase.dat
29264=IfcWallStandardCase.dat
29344=IfcWallStandardCase.dat
29424=IfcWallStandardCase.dat
29487=IfcWallStandardCase.dat
29567=IfcWallStandardCase.dat
29630=IfcWallStandardCase.dat
29714=IfcWallStandardCase.dat
29798=IfcWallStandardCase.dat
29880=IfcWallStandardCase.dat
29962=IfcWallStandardCase.dat
30048=IfcWallStandardCase.dat
30130=IfcWallStandardCase.dat
30212=IfcWallStandardCase.dat
30294=IfcWallStandardCase.dat
30378=IfcWallStandardCase.dat
30458=IfcWallStandardCase.dat
30630=IfcWallStandardCase.dat
30962=IfcWallStandardCase.dat
31044=IfcWallStandardCase.dat
31126=IfcWallStandardCase.dat
31206=IfcWallStandardCase.dat
31292=IfcWallStandardCase.dat
31376=IfcWallStandardCase.dat
31456=IfcWallStandardCase.dat
31519=IfcWallStandardCase.dat
31599=IfcWallStandardCase.dat
31683=IfcWallStandardCase.dat
31763=IfcWallStandardCase.dat
31849=IfcWallStandardCase.dat
31935=IfcWallStandardCase.dat
32017=IfcWallStandardCase.dat
32099=IfcWallStandardCase.dat
32181=IfcWallStandardCase.dat
32261=IfcWallStandardCase.dat
32347=IfcWallStandardCase.dat
32429=IfcWallStandardCase.dat
32513=IfcWallStandardCase.dat
32597=IfcWallStandardCase.dat
32677=IfcWallStandardCase.dat
32761=IfcWallStandardCase.dat
32853=IfcWallStandardCase.dat
32933=IfcWallStandardCase.dat
32996=IfcWallStandardCase.dat
33076=IfcWallStandardCase.dat
33163=IfcWallStandardCase.dat
33247=IfcWallStandardCase.dat
33353=IfcWallStandardCase.dat
33443=IfcWallStandardCase.dat
33506=IfcWallStandardCase.dat
33592=IfcWallStandardCase.dat
33674=IfcWallStandardCase.dat
33754=IfcWallStandardCase.dat
33817=IfcWallStandardCase.dat
33880=IfcWallStandardCase.dat
33960=IfcWallStandardCase.dat
34046=IfcWallStandardCase.dat
34128=IfcWallStandardCase.dat
34210=IfcWallStandardCase.dat
34273=IfcWallStandardCase.dat
34361=IfcWallStandardCase.dat
34445=IfcWallStandardCase.dat
34525=IfcWallStandardCase.dat
34607=IfcWallStandardCase.dat
34689=IfcWallStandardCase.dat
34770=IfcWallStandardCase.dat
34851=IfcWallStandardCase.dat
34915=IfcWallStandardCase.dat
34993=IfcWallStandardCase.dat
35186=IfcWallStandardCase.dat
35260=IfcWallStandardCase.dat
35332=IfcWallStandardCase.dat
35402=IfcWallStandardCase.dat
35474=IfcWallStandardCase.dat
35552=IfcWallStandardCase.dat
35622=IfcWallStandardCase.dat
370686=IfcWallStandardCase.dat
374906=IfcWallStandardCase.dat
375310=IfcWallStandardCase.dat
52891=IfcWallStandardCase.dat
52988=IfcWallStandardCase.dat
53077=IfcWallStandardCase.dat
53175=IfcWallStandardCase.dat
53271=IfcWallStandardCase.dat
53363=IfcWallStandardCase.dat
53463=IfcWallStandardCase.dat
53581=IfcWallStandardCase.dat
53680=IfcWallStandardCase.dat
53779=IfcWallStandardCase.dat
53868=IfcWallStandardCase.dat
53966=IfcWallStandardCase.dat
54051=IfcWallStandardCase.dat
54147=IfcWallStandardCase.dat
54253=IfcWallStandardCase.dat
54619=IfcWallStandardCase.dat
54707=IfcWallStandardCase.dat
54798=IfcWallStandardCase.dat
54884=IfcWallStandardCase.dat
54981=IfcWallStandardCase.dat
55072=IfcWallStandardCase.dat
55163=IfcWallStandardCase.dat
55254=IfcWallStandardCase.dat
55345=IfcWallStandardCase.dat
55440=IfcWallStandardCase.dat
55534=IfcWallStandardCase.dat
55636=IfcWallStandardCase.dat
55728=IfcWallStandardCase.dat
55844=IfcWallStandardCase.dat
55972=IfcWallStandardCase.dat
56064=IfcWallStandardCase.dat
58173=IfcWallStandardCase.dat
632972=IfcWallStandardCase.dat
797140=IfcWallStandardCase.dat
797271=IfcWallStandardCase.dat
797348=IfcWallStandardCase.dat
797440=IfcWallStandardCase.dat
797511=IfcWallStandardCase.dat
797624=IfcWallStandardCase.dat
797695=IfcWallStandardCase.dat
797768=IfcWallStandardCase.dat
797839=IfcWallStandardCase.dat
797912=IfcWallStandardCase.dat
797985=IfcWallStandardCase.dat
798049=IfcWallStandardCase.dat
798113=IfcWallStandardCase.dat
798194=IfcWallStandardCase.dat
798258=IfcWallStandardCase.dat
798331=IfcWallStandardCase.dat
798406=IfcWallStandardCase.dat
798470=IfcWallStandardCase.dat
798534=IfcWallStandardCase.dat
798611=IfcWallStandardCase.dat
798696=IfcWallStandardCase.dat
798792=IfcWallStandardCase.dat
798951=IfcWallStandardCase.dat
799031=IfcWallStandardCase.dat
799119=IfcWallStandardCase.dat
799199=IfcWallStandardCase.dat
799287=IfcWallStandardCase.dat
799373=IfcWallStandardCase.dat
799436=IfcWallStandardCase.dat
799499=IfcWallStandardCase.dat
799562=IfcWallStandardCase.dat
799646=IfcWallStandardCase.dat
799801=IfcWallStandardCase.dat
799925=IfcWallStandardCase.dat
799989=IfcWallStandardCase.dat
800078=IfcWallStandardCase.dat
800169=IfcWallStandardCase.dat
800251=IfcWallStandardCase.dat
800314=IfcWallStandardCase.dat
800377=IfcWallStandardCase.dat
800440=IfcWallStandardCase.dat
800503=IfcWallStandardCase.dat
800566=IfcWallStandardCase.dat
800648=IfcWallStandardCase.dat
800732=IfcWallStandardCase.dat
800824=IfcWallStandardCase.dat
800908=IfcWallStandardCase.dat
800996=IfcWallStandardCase.dat
801172=IfcWallStandardCase.dat
801336=IfcWallStandardCase.dat
801399=IfcWallStandardCase.dat
801483=IfcWallStandardCase.dat
801573=IfcWallStandardCase.dat
801661=IfcWallStandardCase.dat
801743=IfcWallStandardCase.dat
801825=IfcWallStandardCase.dat
801909=IfcWallStandardCase.dat
801993=IfcWallStandardCase.dat
802087=IfcWallStandardCase.dat
802175=IfcWallStandardCase.dat
802238=IfcWallStandardCase.dat
802324=IfcWallStandardCase.dat
802406=IfcWallStandardCase.dat
802494=IfcWallStandardCase.dat
802580=IfcWallStandardCase.dat
802674=IfcWallStandardCase.dat
802756=IfcWallStandardCase.dat
802819=IfcWallStandardCase.dat
802899=IfcWallStandardCase.dat
802963=IfcWallStandardCase.dat
803034=IfcWallStandardCase.dat
803119=IfcWallStandardCase.dat
803192=IfcWallStandardCase.dat
803275=IfcWallStandardCase.dat
803340=IfcWallStandardCase.dat
803423=IfcWallStandardCase.dat
